
y content:
addr1: 0x40001aa8, content: 0xffffffff
addr2: 0x60001aa8, content: 0x00000000
Different memory content:
addr1: 0x40001ab8, content: 0xffffffff
addr2: 0x60001ab8, content: 0x00000000
Different memory content:
addr1: 0x40001ac0, content: 0xffffffff
addr2: 0x60001ac0, content: 0xffdfffff
Different memory content:
addr1: 0x40001ac4, content: 0xffffffff
addr2: 0x60001ac4, content: 0xff7fffff
Different memory content:
addr1: 0x40001ac8, content: 0xffffffff
addr2: 0x60001ac8, content: 0x00000000
Different memory content:
addr1: 0x40001acc, content: 0xffffffff
addr2: 0x60001acc, content: 0xffffff7f
Different memory content:
addr1: 0x40001ad0, content: 0xffffffff
addr2: 0x60001ad0, content: 0xffffffdf
Different memory content:
addr1: 0x40001ad8, content: 0xffffffff
addr2: 0x60001ad8, content: 0x00000000
Different memory content:
addr1: 0x40001adc, content: 0xffffffff
addr2: 0x60001adc, content: 0xfeddffff
Different memory content:
addr1: 0x40001ae8, content: 0xffffffff
addr2: 0x60001ae8, content: 0x40400000
Different memory content:
addr1: 0x40001af4, content: 0xffffffff
addr2: 0x60001af4, content: 0xffdffff7
Different memory content:
addr1: 0x40001af8, content: 0xffffffff
addr2: 0x60001af8, content: 0x00000000
Different memory content:
addr1: 0x40001b08, content: 0xffffffff
addr2: 0x60001b08, content: 0x00000000
Different memory content:
addr1: 0x40001b10, content: 0xffffffff
addr2: 0x60001b10, content: 0xfffffffd
Different memory content:
addr1: 0x40001b14, content: 0xffffffff
addr2: 0x60001b14, content: 0xffff7fff
Different memory content:
addr1: 0x40001b18, content: 0xffffffff
addr2: 0x60001b18, content: 0x00000000
Different memory content:
addr1: 0x40001b28, content: 0xffffffff
addr2: 0x60001b28, content: 0x00000000
Different memory content:
addr1: 0x40001b2c, content: 0xffffffff
addr2: 0x60001b2c, content: 0xff7fffff
Different memory content:
addr1: 0x40001b34, content: 0xffffffff
addr2: 0x60001b34, content: 0xfeffffff
Different memory content:
addr1: 0x40001b38, content: 0xffffffff
addr2: 0x60001b38, content: 0x20000000
Different memory content:
addr1: 0x40001b44, content: 0xffffffff
addr2: 0x60001b44, content: 0xfffffff7
Different memory content:
addr1: 0x40001b48, content: 0xffffffff
addr2: 0x60001b48, content: 0x00002000
Different memory content:
addr1: 0x40001b4c, content: 0xffffffff
addr2: 0x60001b4c, content: 0xfffeffbf
Different memory content:
addr1: 0x40001b50, content: 0xffffffff
addr2: 0x60001b50, content: 0xfffffdff
Different memory content:
addr1: 0x40001b58, content: 0xffffffff
addr2: 0x60001b58, content: 0x00000000
Different memory content:
addr1: 0x40001b5c, content: 0xffffffff
addr2: 0x60001b5c, content: 0x7ff7ffff
Different memory content:
addr1: 0x40001b64, content: 0xffffffff
addr2: 0x60001b64, content: 0x7fffffff
Different memory content:
addr1: 0x40001b68, content: 0xffffffff
addr2: 0x60001b68, content: 0x00000000
Different memory content:
addr1: 0x40001b6c, content: 0xffffffff
addr2: 0x60001b6c, content: 0xbfffffff
Different memory content:
addr1: 0x40001b70, content: 0xffffffff
addr2: 0x60001b70, content: 0xfffffffb
Different memory content:
addr1: 0x40001b74, content: 0xffffffff
addr2: 0x60001b74, content: 0xfffffffd
Different memory content:
addr1: 0x40001b78, content: 0xffffffff
addr2: 0x60001b78, content: 0x00000000
Different memory content:
addr1: 0x40001b7c, content: 0xffffffff
addr2: 0x60001b7c, content: 0xffff7fff
Different memory content:
addr1: 0x40001b88, content: 0xffffffff
addr2: 0x60001b88, content: 0x00400000
Different memory content:
addr1: 0x40001b90, content: 0xffffffff
addr2: 0x60001b90, content: 0xfffffdff
Different memory content:
addr1: 0x40001b94, content: 0xffffffff
addr2: 0x60001b94, content: 0xfcffffff
Different memory content:
addr1: 0x40001b98, content: 0xffffffff
addr2: 0x60001b98, content: 0x80000000
Different memory content:
addr1: 0x40001ba0, content: 0xffffffff
addr2: 0x60001ba0, content: 0xbffffffb
Different memory content:
addr1: 0x40001ba8, content: 0xffffffff
addr2: 0x60001ba8, content: 0x00000000
Different memory content:
addr1: 0x40001bb4, content: 0xffffffff
addr2: 0x60001bb4, content: 0x7fffffff
Different memory content:
addr1: 0x40001bb8, content: 0xffffffff
addr2: 0x60001bb8, content: 0x00000000
Different memory content:
addr1: 0x40001bbc, content: 0xffffffff
addr2: 0x60001bbc, content: 0x7f7fffff
Different memory content:
addr1: 0x40001bc4, content: 0xffffffff
addr2: 0x60001bc4, content: 0xf7f7ffff
Different memory content:
addr1: 0x40001bc8, content: 0xffffffff
addr2: 0x60001bc8, content: 0x00000000
Different memory content:
addr1: 0x40001bd8, content: 0xffffffff
addr2: 0x60001bd8, content: 0x00080080
Different memory content:
addr1: 0x40001bdc, content: 0xffffffff
addr2: 0x60001bdc, content: 0x7fffffff
Different memory content:
addr1: 0x40001be0, content: 0xffffffff
addr2: 0x60001be0, content: 0xdfffffff
Different memory content:
addr1: 0x40001be4, content: 0xffffffff
addr2: 0x60001be4, content: 0xfffeffff
Different memory content:
addr1: 0x40001be8, content: 0xffffffff
addr2: 0x60001be8, content: 0x00000000
Different memory content:
addr1: 0x40001bec, content: 0xffffffff
addr2: 0x60001bec, content: 0xfffffffe
Different memory content:
addr1: 0x40001bf4, content: 0xffffffff
addr2: 0x60001bf4, content: 0xfff7ffff
Different memory content:
addr1: 0x40001bf8, content: 0xffffffff
addr2: 0x60001bf8, content: 0x00000000
Different memory content:
addr1: 0x40001bfc, content: 0xffffffff
addr2: 0x60001bfc, content: 0xffffff7f
Different memory content:
addr1: 0x40001c08, content: 0xffffffff
addr2: 0x60001c08, content: 0x20000000
Different memory content:
addr1: 0x40001c18, content: 0xffffffff
addr2: 0x60001c18, content: 0x00040000
Different memory content:
addr1: 0x40001c1c, content: 0xffffffff
addr2: 0x60001c1c, content: 0xfffffeff
Different memory content:
addr1: 0x40001c20, content: 0xffffffff
addr2: 0x60001c20, content: 0xffffffdf
Different memory content:
addr1: 0x40001c28, content: 0xffffffff
addr2: 0x60001c28, content: 0x00000000
Different memory content:
addr1: 0x40001c30, content: 0xffffffff
addr2: 0x60001c30, content: 0xfffffff7
Different memory content:
addr1: 0x40001c34, content: 0xffffffff
addr2: 0x60001c34, content: 0xfffffeff
Different memory content:
addr1: 0x40001c38, content: 0xffffffff
addr2: 0x60001c38, content: 0x00000000
Different memory content:
addr1: 0x40001c3c, content: 0xffffffff
addr2: 0x60001c3c, content: 0xfbffffff
Different memory content:
addr1: 0x40001c40, content: 0xffffffff
addr2: 0x60001c40, content: 0xbffffffd
Different memory content:
addr1: 0x40001c48, content: 0xffffffff
addr2: 0x60001c48, content: 0x00000000
Different memory content:
addr1: 0x40001c4c, content: 0xffffffff
addr2: 0x60001c4c, content: 0xfeffffff
Different memory content:
addr1: 0x40001c50, content: 0xffffffff
addr2: 0x60001c50, content: 0xfffffffb
Different memory content:
addr1: 0x40001c58, content: 0xffffffff
addr2: 0x60001c58, content: 0x00040000
Different memory content:
addr1: 0x40001c60, content: 0xffffffff
addr2: 0x60001c60, content: 0xfffbffff
Different memory content:
addr1: 0x40001c64, content: 0xffffffff
addr2: 0x60001c64, content: 0xfff7ffff
Different memory content:
addr1: 0x40001c68, content: 0xffffffff
addr2: 0x60001c68, content: 0x00000000
Different memory content:
addr1: 0x40001c74, content: 0xffffffff
addr2: 0x60001c74, content: 0xffffffbf
Different memory content:
addr1: 0x40001c78, content: 0xffffffff
addr2: 0x60001c78, content: 0x00000000
Different memory content:
addr1: 0x40001c7c, content: 0xffffffff
addr2: 0x60001c7c, content: 0xffff7f7f
Different memory content:
addr1: 0x40001c80, content: 0xffffffff
addr2: 0x60001c80, content: 0xbfffffff
Different memory content:
addr1: 0x40001c88, content: 0xffffffff
addr2: 0x60001c88, content: 0x00000008
Different memory content:
addr1: 0x40001c8c, content: 0xffffffff
addr2: 0x60001c8c, content: 0x7fffffff
Different memory content:
addr1: 0x40001c94, content: 0xffffffff
addr2: 0x60001c94, content: 0xfffffffe
Different memory content:
addr1: 0x40001c98, content: 0xffffffff
addr2: 0x60001c98, content: 0x00000000
Different memory content:
addr1: 0x40001ca8, content: 0xffffffff
addr2: 0x60001ca8, content: 0x00000000
Different memory content:
addr1: 0x40001cb4, content: 0xffffffff
addr2: 0x60001cb4, content: 0xbfffffff
Different memory content:
addr1: 0x40001cb8, content: 0xffffffff
addr2: 0x60001cb8, content: 0x00000000
Different memory content:
addr1: 0x40001cbc, content: 0xffffffff
addr2: 0x60001cbc, content: 0xfffff7ff
Different memory content:
addr1: 0x40001cc8, content: 0xffffffff
addr2: 0x60001cc8, content: 0x40000000
Different memory content:
addr1: 0x40001ccc, content: 0xffffffff
addr2: 0x60001ccc, content: 0xfeffffff
Different memory content:
addr1: 0x40001cd8, content: 0xffffffff
addr2: 0x60001cd8, content: 0x00000000
Different memory content:
addr1: 0x40001ce8, content: 0xffffffff
addr2: 0x60001ce8, content: 0x00200000
Different memory content:
addr1: 0x40001cf0, content: 0xffffffff
addr2: 0x60001cf0, content: 0xffffbfff
Different memory content:
addr1: 0x40001cf8, content: 0xffffffff
addr2: 0x60001cf8, content: 0x00400000
Different memory content:
addr1: 0x40001cfc, content: 0xffffffff
addr2: 0x60001cfc, content: 0xfffffffe
Different memory content:
addr1: 0x40001d08, content: 0xffffffff
addr2: 0x60001d08, content: 0x00000000
Different memory content:
addr1: 0x40001d10, content: 0xffffffff
addr2: 0x60001d10, content: 0xbffffffb
Different memory content:
addr1: 0x40001d18, content: 0xffffffff
addr2: 0x60001d18, content: 0x00000000
Different memory content:
addr1: 0x40001d28, content: 0xffffffff
addr2: 0x60001d28, content: 0x00000000
Different memory content:
addr1: 0x40001d2c, content: 0xffffffff
addr2: 0x60001d2c, content: 0xfeffffff
Different memory content:
addr1: 0x40001d30, content: 0xffffffff
addr2: 0x60001d30, content: 0xffbfbfff
Different memory content:
addr1: 0x40001d34, content: 0xffffffff
addr2: 0x60001d34, content: 0xfeffff7f
Different memory content:
addr1: 0x40001d38, content: 0xffffffff
addr2: 0x60001d38, content: 0x00000000
Different memory content:
addr1: 0x40001d3c, content: 0xffffffff
addr2: 0x60001d3c, content: 0xfeffffff
Different memory content:
addr1: 0x40001d44, content: 0xffffffff
addr2: 0x60001d44, content: 0xfffffffe
Different memory content:
addr1: 0x40001d48, content: 0xffffffff
addr2: 0x60001d48, content: 0x00000002
Different memory content:
addr1: 0x40001d50, content: 0xffffffff
addr2: 0x60001d50, content: 0xffbfffff
Different memory content:
addr1: 0x40001d58, content: 0xffffffff
addr2: 0x60001d58, content: 0x00000000
Different memory content:
addr1: 0x40001d64, content: 0xffffffff
addr2: 0x60001d64, content: 0xbfffffff
Different memory content:
addr1: 0x40001d68, content: 0xffffffff
addr2: 0x60001d68, content: 0x00000000
Different memory content:
addr1: 0x40001d6c, content: 0xffffffff
addr2: 0x60001d6c, content: 0xffff7fff
Different memory content:
addr1: 0x40001d74, content: 0xffffffff
addr2: 0x60001d74, content: 0xfffffdff
Different memory content:
addr1: 0x40001d78, content: 0xffffffff
addr2: 0x60001d78, content: 0x00000000
Different memory content:
addr1: 0x40001d88, content: 0xffffffff
addr2: 0x60001d88, content: 0x00000000
Different memory content:
addr1: 0x40001d90, content: 0xffffffff
addr2: 0x60001d90, content: 0xfffffffb
Different memory content:
addr1: 0x40001d98, content: 0xffffffff
addr2: 0x60001d98, content: 0x00000000
Different memory content:
addr1: 0x40001da0, content: 0xffffffff
addr2: 0x60001da0, content: 0xfdffffff
Different memory content:
addr1: 0x40001da4, content: 0xffffffff
addr2: 0x60001da4, content: 0xf7ffffff
Different memory content:
addr1: 0x40001da8, content: 0xffffffff
addr2: 0x60001da8, content: 0x00000000
Different memory content:
addr1: 0x40001db4, content: 0xffffffff
addr2: 0x60001db4, content: 0xff7fffff
Different memory content:
addr1: 0x40001db8, content: 0xffffffff
addr2: 0x60001db8, content: 0x00000404
Different memory content:
addr1: 0x40001dc0, content: 0xffffffff
addr2: 0x60001dc0, content: 0xffbfffff
Different memory content:
addr1: 0x40001dc8, content: 0xffffffff
addr2: 0x60001dc8, content: 0x00000804
Different memory content:
addr1: 0x40001dd0, content: 0xffffffff
addr2: 0x60001dd0, content: 0xfffffffb
Different memory content:
addr1: 0x40001dd4, content: 0xffffffff
addr2: 0x60001dd4, content: 0xf6ffffff
Different memory cmem_write 0x40000000 0x5a5a5a5a 0x10000000 4
