[2022-12-19 18:16:00] INFO     STATE:Initial Starting State
[2022-12-19 18:16:00] INFO     STATE:Repower Board State
[2022-12-19 18:16:00] INFO     NETBOOTER:Attempt 1 to set port 5 with cycle=False
[2022-12-19 18:16:02] INFO     NETBOOTER:Setting port 5 to Off
[2022-12-19 18:16:03] INFO     NETBOOTER:Attempt 1 to set port 5 with cycle=False
[2022-12-19 18:16:05] INFO     NETBOOTER:Setting port 5 to On
[2022-12-19 18:16:06] INFO     STATE:Start Server State
[2022-12-19 18:16:06] INFO     Giving time for HW to boot before starting Litex Server (15 seconds)
[2022-12-19 18:16:21] INFO     Starting Litex Server
[2022-12-19 18:16:21] INFO     Giving time for Litex server to start without errors (15 seconds)
[2022-12-19 18:16:36] INFO     STATE:Create Client State
[2022-12-19 18:16:36] INFO     LiteX Crossover UART created: /dev/pts/13
[2022-12-19 18:16:36] INFO     Attempting to open:/dev/pts/13 at baud 1000000 with timeout=30
[2022-12-19 18:16:36] INFO     Serial port /dev/pts/13 open
[2022-12-19 18:16:36] INFO     STATE:Initial Prompt State
[2022-12-19 18:16:36] INFO     Giving time for bios to initialize (30 seconds)
[2022-12-19 18:17:07] INFO     Initial prompt attempt #1
[2022-12-19 18:17:07] INFO     Login prompt success
[2022-12-19 18:17:07] INFO     STATE:Mem Init State
[2022-12-19 18:17:07] INFO     Issuing mem_write command (may take up to 90 seconds)
[2022-12-19 18:17:07] INFO     Giving time for mem_write command (90 seconds)
[2022-12-19 18:18:37] INFO     STATE:Mem Compare State
[2022-12-19 18:18:43] INFO     mem_cmp 0x407C0000 0x607C0000 0x00010000 4
[2022-12-19 18:18:50] INFO     mem_cmp 0x40FC0000 0x60FC0000 0x00010000 4
[2022-12-19 18:18:56] INFO     mem_cmp 0x417C0000 0x617C0000 0x00010000 4
[2022-12-19 18:19:03] INFO     mem_cmp 0x41FC0000 0x61FC0000 0x00010000 4
[2022-12-19 18:19:09] INFO     mem_cmp 0x427C0000 0x627C0000 0x00010000 4
[2022-12-19 18:19:16] INFO     mem_cmp 0x42FC0000 0x62FC0000 0x00010000 4
[2022-12-19 18:19:22] INFO     mem_cmp 0x437C0000 0x637C0000 0x00010000 4
[2022-12-19 18:19:29] INFO     mem_cmp 0x43FC0000 0x63FC0000 0x00010000 4
[2022-12-19 18:19:35] INFO     mem_cmp 0x447C0000 0x647C0000 0x00010000 4
[2022-12-19 18:19:42] INFO     mem_cmp 0x44FC0000 0x64FC0000 0x00010000 4
[2022-12-19 18:19:48] INFO     mem_cmp 0x457C0000 0x657C0000 0x00010000 4
[2022-12-19 18:19:55] INFO     mem_cmp 0x45FC0000 0x65FC0000 0x00010000 4
[2022-12-19 18:20:01] INFO     mem_cmp 0x467C0000 0x667C0000 0x00010000 4
[2022-12-19 18:20:08] INFO     mem_cmp 0x46FC0000 0x66FC0000 0x00010000 4
[2022-12-19 18:20:15] INFO     mem_cmp 0x477C0000 0x677C0000 0x00010000 4
[2022-12-19 18:20:21] INFO     mem_cmp 0x47FC0000 0x67FC0000 0x00010000 4
[2022-12-19 18:20:28] INFO     mem_cmp 0x487C0000 0x687C0000 0x00010000 4
[2022-12-19 18:20:34] INFO     mem_cmp 0x48FC0000 0x68FC0000 0x00010000 4
[2022-12-19 18:20:41] INFO     mem_cmp 0x497C0000 0x697C0000 0x00010000 4
[2022-12-19 18:20:47] INFO     mem_cmp 0x49FC0000 0x69FC0000 0x00010000 4
[2022-12-19 18:20:54] INFO     mem_cmp 0x4A7C0000 0x6A7C0000 0x00010000 4
[2022-12-19 18:21:00] INFO     mem_cmp 0x4AFC0000 0x6AFC0000 0x00010000 4
[2022-12-19 18:21:07] INFO     mem_cmp 0x4B7C0000 0x6B7C0000 0x00010000 4
[2022-12-19 18:21:13] INFO     mem_cmp 0x4BFC0000 0x6BFC0000 0x00010000 4
[2022-12-19 18:21:20] INFO     mem_cmp 0x4C7C0000 0x6C7C0000 0x00010000 4
[2022-12-19 18:21:26] INFO     mem_cmp 0x4CFC0000 0x6CFC0000 0x00010000 4
[2022-12-19 18:21:33] INFO     mem_cmp 0x4D7C0000 0x6D7C0000 0x00010000 4
[2022-12-19 18:21:39] INFO     mem_cmp 0x4DFC0000 0x6DFC0000 0x00010000 4
[2022-12-19 18:21:46] INFO     mem_cmp 0x4E7C0000 0x6E7C0000 0x00010000 4
[2022-12-19 18:21:52] INFO     mem_cmp 0x4EFC0000 0x6EFC0000 0x00010000 4
[2022-12-19 18:21:59] INFO     mem_cmp 0x4F7C0000 0x6F7C0000 0x00010000 4
[2022-12-19 18:22:06] INFO     mem_cmp 0x4FFC0000 0x6FFC0000 0x00010000 4
[2022-12-19 18:22:12] INFO     mem_cmp 0x507C0000 0x707C0000 0x00010000 4
[2022-12-19 18:22:19] INFO     mem_cmp 0x50FC0000 0x70FC0000 0x00010000 4
[2022-12-19 18:22:25] INFO     mem_cmp 0x517C0000 0x717C0000 0x00010000 4
[2022-12-19 18:22:32] INFO     mem_cmp 0x51FC0000 0x71FC0000 0x00010000 4
[2022-12-19 18:22:38] INFO     mem_cmp 0x527C0000 0x727C0000 0x00010000 4
[2022-12-19 18:22:45] INFO     mem_cmp 0x52FC0000 0x72FC0000 0x00010000 4
[2022-12-19 18:22:51] INFO     mem_cmp 0x537C0000 0x737C0000 0x00010000 4
[2022-12-19 18:22:58] INFO     mem_cmp 0x53FC0000 0x73FC0000 0x00010000 4
[2022-12-19 18:23:04] INFO     mem_cmp 0x547C0000 0x747C0000 0x00010000 4
[2022-12-19 18:23:11] INFO     mem_cmp 0x54FC0000 0x74FC0000 0x00010000 4
[2022-12-19 18:23:17] INFO     mem_cmp 0x557C0000 0x757C0000 0x00010000 4
[2022-12-19 18:23:24] INFO     mem_cmp 0x55FC0000 0x75FC0000 0x00010000 4
[2022-12-19 18:23:30] INFO     mem_cmp 0x567C0000 0x767C0000 0x00010000 4
[2022-12-19 18:23:37] INFO     mem_cmp 0x56FC0000 0x76FC0000 0x00010000 4
[2022-12-19 18:23:43] INFO     mem_cmp 0x577C0000 0x777C0000 0x00010000 4
[2022-12-19 18:23:50] INFO     mem_cmp 0x57FC0000 0x77FC0000 0x00010000 4
[2022-12-19 18:23:57] INFO     mem_cmp 0x587C0000 0x787C0000 0x00010000 4
[2022-12-19 18:24:03] INFO     mem_cmp 0x58FC0000 0x78FC0000 0x00010000 4
[2022-12-19 18:24:10] INFO     mem_cmp 0x597C0000 0x797C0000 0x00010000 4
[2022-12-19 18:24:16] INFO     mem_cmp 0x59FC0000 0x79FC0000 0x00010000 4
[2022-12-19 18:24:23] INFO     mem_cmp 0x5A7C0000 0x7A7C0000 0x00010000 4
[2022-12-19 18:24:30] INFO     mem_cmp 0x5AFC0000 0x7AFC0000 0x00010000 4
[2022-12-19 18:24:37] INFO     mem_cmp 0x5B7C0000 0x7B7C0000 0x00010000 4
[2022-12-19 18:24:44] INFO     mem_cmp 0x5BFC0000 0x7BFC0000 0x00010000 4
[2022-12-19 18:24:50] INFO     mem_cmp 0x5C7C0000 0x7C7C0000 0x00010000 4
[2022-12-19 18:24:57] INFO     mem_cmp 0x5CFC0000 0x7CFC0000 0x00010000 4
[2022-12-19 18:25:03] INFO     mem_cmp 0x5D7C0000 0x7D7C0000 0x00010000 4
[2022-12-19 18:25:10] INFO     mem_cmp 0x5DFC0000 0x7DFC0000 0x00010000 4
[2022-12-19 18:25:16] INFO     mem_cmp 0x5E7C0000 0x7E7C0000 0x00010000 4
[2022-12-19 18:25:23] INFO     mem_cmp 0x5EFC0000 0x7EFC0000 0x00010000 4
[2022-12-19 18:25:29] INFO     mem_cmp 0x5F7C0000 0x7F7C0000 0x00010000 4
[2022-12-19 18:25:36] INFO     mem_cmp 0x5FFC0000 0x7FFC0000 0x00010000 4
[2022-12-19 18:25:36] INFO     STATE:Mem Compare State
[2022-12-19 18:25:42] INFO     mem_cmp 0x407C0000 0x607C0000 0x00010000 4
[2022-12-19 18:25:49] INFO     mem_cmp 0x40FC0000 0x60FC0000 0x00010000 4
[2022-12-19 18:25:55] INFO     mem_cmp 0x417C0000 0x617C0000 0x00010000 4
[2022-12-19 18:26:02] INFO     mem_cmp 0x41FC0000 0x61FC0000 0x00010000 4
[2022-12-19 18:26:08] INFO     mem_cmp 0x427C0000 0x627C0000 0x00010000 4
[2022-12-19 18:26:15] INFO     mem_cmp 0x42FC0000 0x62FC0000 0x00010000 4
[2022-12-19 18:26:21] INFO     mem_cmp 0x437C0000 0x637C0000 0x00010000 4
[2022-12-19 18:26:28] INFO     mem_cmp 0x43FC0000 0x63FC0000 0x00010000 4
[2022-12-19 18:26:34] INFO     mem_cmp 0x447C0000 0x647C0000 0x00010000 4
[2022-12-19 18:26:41] INFO     mem_cmp 0x44FC0000 0x64FC0000 0x00010000 4
[2022-12-19 18:26:48] INFO     mem_cmp 0x457C0000 0x657C0000 0x00010000 4
[2022-12-19 18:26:54] INFO     mem_cmp 0x45FC0000 0x65FC0000 0x00010000 4
[2022-12-19 18:27:01] INFO     mem_cmp 0x467C0000 0x667C0000 0x00010000 4
[2022-12-19 18:27:07] INFO     mem_cmp 0x46FC0000 0x66FC0000 0x00010000 4
[2022-12-19 18:27:14] INFO     mem_cmp 0x477C0000 0x677C0000 0x00010000 4
[2022-12-19 18:27:20] INFO     mem_cmp 0x47FC0000 0x67FC0000 0x00010000 4
[2022-12-19 18:27:26] INFO     mem_cmp 0x487C0000 0x687C0000 0x00010000 4
[2022-12-19 18:27:33] INFO     mem_cmp 0x48FC0000 0x68FC0000 0x00010000 4
[2022-12-19 18:27:40] INFO     mem_cmp 0x497C0000 0x697C0000 0x00010000 4
[2022-12-19 18:27:46] INFO     mem_cmp 0x49FC0000 0x69FC0000 0x00010000 4
[2022-12-19 18:27:53] INFO     mem_cmp 0x4A7C0000 0x6A7C0000 0x00010000 4
[2022-12-19 18:27:59] INFO     mem_cmp 0x4AFC0000 0x6AFC0000 0x00010000 4
[2022-12-19 18:28:06] INFO     mem_cmp 0x4B7C0000 0x6B7C0000 0x00010000 4
[2022-12-19 18:28:12] INFO     mem_cmp 0x4BFC0000 0x6BFC0000 0x00010000 4
[2022-12-19 18:28:19] INFO     mem_cmp 0x4C7C0000 0x6C7C0000 0x00010000 4
[2022-12-19 18:28:26] INFO     mem_cmp 0x4CFC0000 0x6CFC0000 0x00010000 4
[2022-12-19 18:28:32] INFO     mem_cmp 0x4D7C0000 0x6D7C0000 0x00010000 4
[2022-12-19 18:28:39] INFO     mem_cmp 0x4DFC0000 0x6DFC0000 0x00010000 4
[2022-12-19 18:28:45] INFO     mem_cmp 0x4E7C0000 0x6E7C0000 0x00010000 4
[2022-12-19 18:28:52] INFO     mem_cmp 0x4EFC0000 0x6EFC0000 0x00010000 4
[2022-12-19 18:28:58] INFO     mem_cmp 0x4F7C0000 0x6F7C0000 0x00010000 4
[2022-12-19 18:29:05] INFO     mem_cmp 0x4FFC0000 0x6FFC0000 0x00010000 4
[2022-12-19 18:29:11] INFO     mem_cmp 0x507C0000 0x707C0000 0x00010000 4
[2022-12-19 18:29:18] INFO     mem_cmp 0x50FC0000 0x70FC0000 0x00010000 4
[2022-12-19 18:29:24] INFO     mem_cmp 0x517C0000 0x717C0000 0x00010000 4
[2022-12-19 18:29:31] INFO     mem_cmp 0x51FC0000 0x71FC0000 0x00010000 4
[2022-12-19 18:29:37] INFO     mem_cmp 0x527C0000 0x727C0000 0x00010000 4
[2022-12-19 18:29:44] INFO     mem_cmp 0x52FC0000 0x72FC0000 0x00010000 4
[2022-12-19 18:29:50] INFO     mem_cmp 0x537C0000 0x737C0000 0x00010000 4
[2022-12-19 18:29:57] INFO     mem_cmp 0x53FC0000 0x73FC0000 0x00010000 4
[2022-12-19 18:30:03] INFO     mem_cmp 0x547C0000 0x747C0000 0x00010000 4
[2022-12-19 18:30:10] INFO     mem_cmp 0x54FC0000 0x74FC0000 0x00010000 4
[2022-12-19 18:30:16] INFO     mem_cmp 0x557C0000 0x757C0000 0x00010000 4
[2022-12-19 18:30:23] INFO     mem_cmp 0x55FC0000 0x75FC0000 0x00010000 4
[2022-12-19 18:30:29] INFO     mem_cmp 0x567C0000 0x767C0000 0x00010000 4
[2022-12-19 18:30:36] INFO     mem_cmp 0x56FC0000 0x76FC0000 0x00010000 4
[2022-12-19 18:30:42] INFO     mem_cmp 0x577C0000 0x777C0000 0x00010000 4
[2022-12-19 18:30:48] INFO     mem_cmp 0x57FC0000 0x77FC0000 0x00010000 4
[2022-12-19 18:30:55] INFO     mem_cmp 0x587C0000 0x787C0000 0x00010000 4
[2022-12-19 18:31:01] INFO     mem_cmp 0x58FC0000 0x78FC0000 0x00010000 4
[2022-12-19 18:31:08] INFO     mem_cmp 0x597C0000 0x797C0000 0x00010000 4
[2022-12-19 18:31:14] INFO     mem_cmp 0x59FC0000 0x79FC0000 0x00010000 4
[2022-12-19 18:31:20] INFO     mem_cmp 0x5A7C0000 0x7A7C0000 0x00010000 4
[2022-12-19 18:31:27] INFO     mem_cmp 0x5AFC0000 0x7AFC0000 0x00010000 4
[2022-12-19 18:31:33] INFO     mem_cmp 0x5B7C0000 0x7B7C0000 0x00010000 4
[2022-12-19 18:31:39] INFO     mem_cmp 0x5BFC0000 0x7BFC0000 0x00010000 4
[2022-12-19 18:31:46] INFO     mem_cmp 0x5C7C0000 0x7C7C0000 0x00010000 4
[2022-12-19 18:31:52] INFO     mem_cmp 0x5CFC0000 0x7CFC0000 0x00010000 4
[2022-12-19 18:31:59] INFO     mem_cmp 0x5D7C0000 0x7D7C0000 0x00010000 4
[2022-12-19 18:32:05] INFO     mem_cmp 0x5DFC0000 0x7DFC0000 0x00010000 4
[2022-12-19 18:32:12] INFO     mem_cmp 0x5E7C0000 0x7E7C0000 0x00010000 4
[2022-12-19 18:32:18] INFO     mem_cmp 0x5EFC0000 0x7EFC0000 0x00010000 4
[2022-12-19 18:32:25] INFO     mem_cmp 0x5F7C0000 0x7F7C0000 0x00010000 4
[2022-12-19 18:32:32] INFO     mem_cmp 0x5FFC0000 0x7FFC0000 0x00010000 4
[2022-12-19 18:32:32] INFO     STATE:Mem Compare State
[2022-12-19 18:32:38] INFO     mem_cmp 0x407C0000 0x607C0000 0x00010000 4
[2022-12-19 18:32:45] INFO     mem_cmp 0x40FC0000 0x60FC0000 0x00010000 4
[2022-12-19 18:32:51] INFO     mem_cmp 0x417C0000 0x617C0000 0x00010000 4
[2022-12-19 18:32:57] INFO     mem_cmp 0x41FC0000 0x61FC0000 0x00010000 4
[2022-12-19 18:33:04] INFO     mem_cmp 0x427C0000 0x627C0000 0x00010000 4
[2022-12-19 18:33:10] INFO     mem_cmp 0x42FC0000 0x62FC0000 0x00010000 4
[2022-12-19 18:33:16] INFO     mem_cmp 0x437C0000 0x637C0000 0x00010000 4
[2022-12-19 18:33:23] INFO     mem_cmp 0x43FC0000 0x63FC0000 0x00010000 4
[2022-12-19 18:33:29] INFO     mem_cmp 0x447C0000 0x647C0000 0x00010000 4
[2022-12-19 18:33:36] INFO     mem_cmp 0x44FC0000 0x64FC0000 0x00010000 4
[2022-12-19 18:33:42] INFO     mem_cmp 0x457C0000 0x657C0000 0x00010000 4
[2022-12-19 18:33:49] INFO     mem_cmp 0x45FC0000 0x65FC0000 0x00010000 4
[2022-12-19 18:33:55] INFO     mem_cmp 0x467C0000 0x667C0000 0x00010000 4
[2022-12-19 18:34:02] INFO     mem_cmp 0x46FC0000 0x66FC0000 0x00010000 4
[2022-12-19 18:34:08] INFO     mem_cmp 0x477C0000 0x677C0000 0x00010000 4
[2022-12-19 18:34:15] INFO     mem_cmp 0x47FC0000 0x67FC0000 0x00010000 4
[2022-12-19 18:34:21] INFO     mem_cmp 0x487C0000 0x687C0000 0x00010000 4
[2022-12-19 18:34:27] INFO     mem_cmp 0x48FC0000 0x68FC0000 0x00010000 4
[2022-12-19 18:34:33] INFO     mem_cmp 0x497C0000 0x697C0000 0x00010000 4
[2022-12-19 18:34:40] INFO     mem_cmp 0x49FC0000 0x69FC0000 0x00010000 4
[2022-12-19 18:34:47] INFO     mem_cmp 0x4A7C0000 0x6A7C0000 0x00010000 4
[2022-12-19 18:34:53] INFO     mem_cmp 0x4AFC0000 0x6AFC0000 0x00010000 4
[2022-12-19 18:35:00] INFO     mem_cmp 0x4B7C0000 0x6B7C0000 0x00010000 4
[2022-12-19 18:35:06] INFO     mem_cmp 0x4BFC0000 0x6BFC0000 0x00010000 4
[2022-12-19 18:35:13] INFO     mem_cmp 0x4C7C0000 0x6C7C0000 0x00010000 4
[2022-12-19 18:35:19] INFO     mem_cmp 0x4CFC0000 0x6CFC0000 0x00010000 4
[2022-12-19 18:35:26] INFO     mem_cmp 0x4D7C0000 0x6D7C0000 0x00010000 4
[2022-12-19 18:35:32] INFO     mem_cmp 0x4DFC0000 0x6DFC0000 0x00010000 4
[2022-12-19 18:35:39] INFO     mem_cmp 0x4E7C0000 0x6E7C0000 0x00010000 4
[2022-12-19 18:35:45] INFO     mem_cmp 0x4EFC0000 0x6EFC0000 0x00010000 4
[2022-12-19 18:35:52] INFO     mem_cmp 0x4F7C0000 0x6F7C0000 0x00010000 4
[2022-12-19 18:35:59] INFO     mem_cmp 0x4FFC0000 0x6FFC0000 0x00010000 4
[2022-12-19 18:36:05] INFO     mem_cmp 0x507C0000 0x707C0000 0x00010000 4
[2022-12-19 18:36:12] INFO     mem_cmp 0x50FC0000 0x70FC0000 0x00010000 4
[2022-12-19 18:36:18] INFO     mem_cmp 0x517C0000 0x717C0000 0x00010000 4
[2022-12-19 18:36:25] INFO     mem_cmp 0x51FC0000 0x71FC0000 0x00010000 4
[2022-12-19 18:36:32] INFO     mem_cmp 0x527C0000 0x727C0000 0x00010000 4
[2022-12-19 18:36:38] INFO     mem_cmp 0x52FC0000 0x72FC0000 0x00010000 4
[2022-12-19 18:36:45] INFO     mem_cmp 0x537C0000 0x737C0000 0x00010000 4
[2022-12-19 18:36:51] INFO     mem_cmp 0x53FC0000 0x73FC0000 0x00010000 4
[2022-12-19 18:36:58] INFO     mem_cmp 0x547C0000 0x747C0000 0x00010000 4
[2022-12-19 18:37:05] INFO     mem_cmp 0x54FC0000 0x74FC0000 0x00010000 4
[2022-12-19 18:37:11] INFO     mem_cmp 0x557C0000 0x757C0000 0x00010000 4
[2022-12-19 18:37:18] INFO     mem_cmp 0x55FC0000 0x75FC0000 0x00010000 4
[2022-12-19 18:37:25] INFO     mem_cmp 0x567C0000 0x767C0000 0x00010000 4
[2022-12-19 18:37:31] INFO     mem_cmp 0x56FC0000 0x76FC0000 0x00010000 4
[2022-12-19 18:37:38] INFO     mem_cmp 0x577C0000 0x777C0000 0x00010000 4
[2022-12-19 18:37:44] INFO     mem_cmp 0x57FC0000 0x77FC0000 0x00010000 4
[2022-12-19 18:37:51] INFO     mem_cmp 0x587C0000 0x787C0000 0x00010000 4
[2022-12-19 18:37:57] INFO     mem_cmp 0x58FC0000 0x78FC0000 0x00010000 4
[2022-12-19 18:38:04] INFO     mem_cmp 0x597C0000 0x797C0000 0x00010000 4
[2022-12-19 18:38:10] INFO     mem_cmp 0x59FC0000 0x79FC0000 0x00010000 4
[2022-12-19 18:38:17] INFO     mem_cmp 0x5A7C0000 0x7A7C0000 0x00010000 4
[2022-12-19 18:38:23] INFO     mem_cmp 0x5AFC0000 0x7AFC0000 0x00010000 4
[2022-12-19 18:38:30] INFO     mem_cmp 0x5B7C0000 0x7B7C0000 0x00010000 4
[2022-12-19 18:38:36] INFO     mem_cmp 0x5BFC0000 0x7BFC0000 0x00010000 4
[2022-12-19 18:38:43] INFO     mem_cmp 0x5C7C0000 0x7C7C0000 0x00010000 4
[2022-12-19 18:38:49] INFO     mem_cmp 0x5CFC0000 0x7CFC0000 0x00010000 4
[2022-12-19 18:38:56] INFO     mem_cmp 0x5D7C0000 0x7D7C0000 0x00010000 4
[2022-12-19 18:39:02] INFO     mem_cmp 0x5DFC0000 0x7DFC0000 0x00010000 4
[2022-12-19 18:39:09] INFO     mem_cmp 0x5E7C0000 0x7E7C0000 0x00010000 4
[2022-12-19 18:39:15] INFO     mem_cmp 0x5EFC0000 0x7EFC0000 0x00010000 4
[2022-12-19 18:39:22] INFO     mem_cmp 0x5F7C0000 0x7F7C0000 0x00010000 4
[2022-12-19 18:39:28] INFO     mem_cmp 0x5FFC0000 0x7FFC0000 0x00010000 4
[2022-12-19 18:39:28] INFO     STATE:Mem Compare State
[2022-12-19 18:39:35] INFO     mem_cmp 0x407C0000 0x607C0000 0x00010000 4
[2022-12-19 18:39:41] INFO     mem_cmp 0x40FC0000 0x60FC0000 0x00010000 4
[2022-12-19 18:39:48] INFO     mem_cmp 0x417C0000 0x617C0000 0x00010000 4
[2022-12-19 18:39:54] INFO     mem_cmp 0x41FC0000 0x61FC0000 0x00010000 4
[2022-12-19 18:40:01] INFO     mem_cmp 0x427C0000 0x627C0000 0x00010000 4
[2022-12-19 18:40:08] INFO     mem_cmp 0x42FC0000 0x62FC0000 0x00010000 4
[2022-12-19 18:40:14] INFO     mem_cmp 0x437C0000 0x637C0000 0x00010000 4
[2022-12-19 18:40:21] INFO     mem_cmp 0x43FC0000 0x63FC0000 0x00010000 4
[2022-12-19 18:40:27] INFO     mem_cmp 0x447C0000 0x647C0000 0x00010000 4
[2022-12-19 18:40:34] INFO     mem_cmp 0x44FC0000 0x64FC0000 0x00010000 4
[2022-12-19 18:40:41] INFO     mem_cmp 0x457C0000 0x657C0000 0x00010000 4
[2022-12-19 18:40:47] INFO     mem_cmp 0x45FC0000 0x65FC0000 0x00010000 4
[2022-12-19 18:40:53] INFO     mem_cmp 0x467C0000 0x667C0000 0x00010000 4
[2022-12-19 18:40:59] INFO     mem_cmp 0x46FC0000 0x66FC0000 0x00010000 4
[2022-12-19 18:41:06] INFO     mem_cmp 0x477C0000 0x677C0000 0x00010000 4
[2022-12-19 18:41:12] INFO     mem_cmp 0x47FC0000 0x67FC0000 0x00010000 4
[2022-12-19 18:41:19] INFO     mem_cmp 0x487C0000 0x687C0000 0x00010000 4
[2022-12-19 18:41:25] INFO     mem_cmp 0x48FC0000 0x68FC0000 0x00010000 4
[2022-12-19 18:41:31] INFO     mem_cmp 0x497C0000 0x697C0000 0x00010000 4
[2022-12-19 18:41:38] INFO     mem_cmp 0x49FC0000 0x69FC0000 0x00010000 4
[2022-12-19 18:41:45] INFO     mem_cmp 0x4A7C0000 0x6A7C0000 0x00010000 4
[2022-12-19 18:41:51] INFO     mem_cmp 0x4AFC0000 0x6AFC0000 0x00010000 4
[2022-12-19 18:41:58] INFO     mem_cmp 0x4B7C0000 0x6B7C0000 0x00010000 4
[2022-12-19 18:42:04] INFO     mem_cmp 0x4BFC0000 0x6BFC0000 0x00010000 4
[2022-12-19 18:42:10] INFO     mem_cmp 0x4C7C0000 0x6C7C0000 0x00010000 4
[2022-12-19 18:42:17] INFO     mem_cmp 0x4CFC0000 0x6CFC0000 0x00010000 4
[2022-12-19 18:42:23] INFO     mem_cmp 0x4D7C0000 0x6D7C0000 0x00010000 4
[2022-12-19 18:42:30] INFO     mem_cmp 0x4DFC0000 0x6DFC0000 0x00010000 4
[2022-12-19 18:42:36] INFO     mem_cmp 0x4E7C0000 0x6E7C0000 0x00010000 4
[2022-12-19 18:42:43] INFO     mem_cmp 0x4EFC0000 0x6EFC0000 0x00010000 4
[2022-12-19 18:42:49] INFO     mem_cmp 0x4F7C0000 0x6F7C0000 0x00010000 4
[2022-12-19 18:42:56] INFO     mem_cmp 0x4FFC0000 0x6FFC0000 0x00010000 4
[2022-12-19 18:43:02] INFO     mem_cmp 0x507C0000 0x707C0000 0x00010000 4
[2022-12-19 18:43:09] INFO     mem_cmp 0x50FC0000 0x70FC0000 0x00010000 4
[2022-12-19 18:43:15] INFO     mem_cmp 0x517C0000 0x717C0000 0x00010000 4
[2022-12-19 18:43:22] INFO     mem_cmp 0x51FC0000 0x71FC0000 0x00010000 4
[2022-12-19 18:43:28] INFO     mem_cmp 0x527C0000 0x727C0000 0x00010000 4
[2022-12-19 18:43:35] INFO     mem_cmp 0x52FC0000 0x72FC0000 0x00010000 4
[2022-12-19 18:43:41] INFO     mem_cmp 0x537C0000 0x737C0000 0x00010000 4
[2022-12-19 18:43:47] INFO     mem_cmp 0x53FC0000 0x73FC0000 0x00010000 4
[2022-12-19 18:43:54] INFO     mem_cmp 0x547C0000 0x747C0000 0x00010000 4
[2022-12-19 18:44:00] INFO     mem_cmp 0x54FC0000 0x74FC0000 0x00010000 4
[2022-12-19 18:44:06] INFO     mem_cmp 0x557C0000 0x757C0000 0x00010000 4
[2022-12-19 18:44:12] INFO     mem_cmp 0x55FC0000 0x75FC0000 0x00010000 4
[2022-12-19 18:44:18] INFO     mem_cmp 0x567C0000 0x767C0000 0x00010000 4
[2022-12-19 18:44:25] INFO     mem_cmp 0x56FC0000 0x76FC0000 0x00010000 4
[2022-12-19 18:44:31] INFO     mem_cmp 0x577C0000 0x777C0000 0x00010000 4
[2022-12-19 18:44:38] INFO     mem_cmp 0x57FC0000 0x77FC0000 0x00010000 4
[2022-12-19 18:44:44] INFO     mem_cmp 0x587C0000 0x787C0000 0x00010000 4
[2022-12-19 18:44:51] INFO     mem_cmp 0x58FC0000 0x78FC0000 0x00010000 4
[2022-12-19 18:44:58] INFO     mem_cmp 0x597C0000 0x797C0000 0x00010000 4
[2022-12-19 18:45:04] INFO     mem_cmp 0x59FC0000 0x79FC0000 0x00010000 4
[2022-12-19 18:45:11] INFO     mem_cmp 0x5A7C0000 0x7A7C0000 0x00010000 4
[2022-12-19 18:45:17] INFO     mem_cmp 0x5AFC0000 0x7AFC0000 0x00010000 4
[2022-12-19 18:45:24] INFO     mem_cmp 0x5B7C0000 0x7B7C0000 0x00010000 4
[2022-12-19 18:45:30] INFO     mem_cmp 0x5BFC0000 0x7BFC0000 0x00010000 4
[2022-12-19 18:45:37] INFO     mem_cmp 0x5C7C0000 0x7C7C0000 0x00010000 4
[2022-12-19 18:45:43] INFO     mem_cmp 0x5CFC0000 0x7CFC0000 0x00010000 4
[2022-12-19 18:45:49] INFO     mem_cmp 0x5D7C0000 0x7D7C0000 0x00010000 4
[2022-12-19 18:45:56] INFO     mem_cmp 0x5DFC0000 0x7DFC0000 0x00010000 4
[2022-12-19 18:46:02] INFO     mem_cmp 0x5E7C0000 0x7E7C0000 0x00010000 4
[2022-12-19 18:46:09] INFO     mem_cmp 0x5EFC0000 0x7EFC0000 0x00010000 4
[2022-12-19 18:46:15] INFO     mem_cmp 0x5F7C0000 0x7F7C0000 0x00010000 4
[2022-12-19 18:46:22] INFO     mem_cmp 0x5FFC0000 0x7FFC0000 0x00010000 4
[2022-12-19 18:46:22] INFO     STATE:Mem Compare State
[2022-12-19 18:46:28] INFO     mem_cmp 0x407C0000 0x607C0000 0x00010000 4
[2022-12-19 18:46:34] INFO     mem_cmp 0x40FC0000 0x60FC0000 0x00010000 4
[2022-12-19 18:46:41] INFO     mem_cmp 0x417C0000 0x617C0000 0x00010000 4
[2022-12-19 18:46:47] INFO     mem_cmp 0x41FC0000 0x61FC0000 0x00010000 4
[2022-12-19 18:46:54] INFO     mem_cmp 0x427C0000 0x627C0000 0x00010000 4
[2022-12-19 18:47:00] INFO     mem_cmp 0x42FC0000 0x62FC0000 0x00010000 4
[2022-12-19 18:47:07] INFO     mem_cmp 0x437C0000 0x637C0000 0x00010000 4
[2022-12-19 18:47:13] INFO     mem_cmp 0x43FC0000 0x63FC0000 0x00010000 4
[2022-12-19 18:47:19] INFO     mem_cmp 0x447C0000 0x647C0000 0x00010000 4
[2022-12-19 18:47:26] INFO     mem_cmp 0x44FC0000 0x64FC0000 0x00010000 4
[2022-12-19 18:47:32] INFO     mem_cmp 0x457C0000 0x657C0000 0x00010000 4
[2022-12-19 18:47:38] INFO     mem_cmp 0x45FC0000 0x65FC0000 0x00010000 4
[2022-12-19 18:47:44] INFO     mem_cmp 0x467C0000 0x667C0000 0x00010000 4
[2022-12-19 18:47:51] INFO     mem_cmp 0x46FC0000 0x66FC0000 0x00010000 4
