
[1m        __   _ __      _  __[0m
[1m       / /  (_) /____ | |/_/[0m
[1m      / /__/ / __/ -_)>  <[0m
[1m     /____/_/\__/\__/_/|_|[0m
[1m   Build your hardware, easily![0m
 (c) Copyright 2012-2022 Enjoy-Digital
 (c) Copyright 2007-2015 M-Labs
 BIOS built on Nov 29 2022 15:29:07
 BIOS CRC passed (ae8ad61a)
 LiteX git sha1: --------
--=============== [1mSoC[0m ==================--
[1mCPU[0m:		VexRiscv_Min @ 100MHz
[1mBUS[0m:		WISHBONE 32-bit @ 4GiB
[1mCSR[0m:		32-bit data
[1mROM[0m:		64KiB
[1mSRAM[0m:		8KiB
[1mL2[0m:		0KiB
[1mSDRAM[0m:		1048576KiB 64-bit @ 800MT/s (CL-9 CWL-9)
--========== [1mInitialization[0m ============--
Initializing SDRAM @0x40000000...
Switching SDRAM to software control.
Write latency calibration:
m0:6 m1:6 m2:6 m3:6 m4:6 m5:6 m6:6 m7:6 m8:6 m9:6 m10:6 m11:6 m12:6 m13:6 m14:6 m15:6 
Read leveling:
  m0, b00: |00000000000000000000000000000000| delays: -
  m0, b01: |00000000000000000000000000000000| delays: -
  m0, b02: |00000000000000000000000000000000| delays: -
  m0, b03: |11111111000000000000000000000000| delays: 04+-04
  m0, b04: |00000000001111111111111100000000| delays: 17+-06
  m0, b05: |00000000000000000000000000011111| delays: 29+-02
  m0, b06: |00000000000000000000000000000000| delays: -
  m0, b07: |00000000000000000000000000000000| delays: -
  best: m0, b04 delays: 17+-07
  m1, b00: |00000000000000000000000000000000| delays: -
  m1, b01: |00000000000000000000000000000000| delays: -
  m1, b02: |00000000000000000000000000000000| delays: -
  m1, b03: |11111111100000000000000000000000| delays: 04+-04
