[2022-12-18 17:25:21] 
[2022-12-18 17:25:51] [1m        __   _ __      _  __[0m
[2022-12-18 17:25:51] [1m       / /  (_) /____ | |/_/[0m
[2022-12-18 17:25:51] [1m      / /__/ / __/ -_)>  <[0m
[2022-12-18 17:25:51] [1m     /____/_/\__/\__/_/|_|[0m
[2022-12-18 17:25:51] [1m   Build your hardware, easily![0m
[2022-12-18 17:25:51]  (c) Copyright 2012-2022 Enjoy-Digital
[2022-12-18 17:25:51]  (c) Copyright 2007-2015 M-Labs
[2022-12-18 17:25:51]  BIOS built on Nov 29 2022 15:29:07
[2022-12-18 17:25:51]  BIOS CRC passed (ae8ad61a)
[2022-12-18 17:25:51]  LiteX git sha1: --------
[2022-12-18 17:25:51] --=============== [1mSoC[0m ==================--
[2022-12-18 17:25:51] [1mCPU[0m:		VexRiscv_Min @ 100MHz
[2022-12-18 17:25:51] [1mBUS[0m:		WISHBONE 32-bit @ 4GiB
[2022-12-18 17:25:51] [1mCSR[0m:		32-bit data
[2022-12-18 17:25:51] [1mROM[0m:		64KiB
[2022-12-18 17:25:51] [1mSRAM[0m:		8KiB
[2022-12-18 17:25:51] [1mL2[0m:		0KiB
[2022-12-18 17:25:51] [1mSDRAM[0m:		1048576KiB 64-bit @ 800MT/s (CL-9 CWL-9)
[2022-12-18 17:25:51] --========== [1mInitialization[0m ============--
[2022-12-18 17:25:51] Initializing SDRAM @0x40000000...
[2022-12-18 17:25:51] Switching SDRAM to software control.
[2022-12-18 17:25:51] Write latency calibration:
[2022-12-18 17:25:51] m0:6 m1:6 m2:6 m3:6 m4:6 m5:6 m6:6 m7:6 m8:6 m9:6 m10:6 m11:6 m12:6 m13:6 m14:6 m15:6 
[2022-12-18 17:25:51] Read leveling:
[2022-12-18 17:25:51]   m0, b00: |00000000000000000000000000000000| delays: -
[2022-12-18 17:25:51]   m0, b01: |00000000000000000000000000000000| delays: -
[2022-12-18 17:25:51]   m0, b02: |00000000000000000000000000000000| delays: -
[2022-12-18 17:25:51]   m0, b03: |11111111000000000000000000000000| delays: 04+-04
[2022-12-18 17:25:51]   m0, b04: |00000000001111111111111100000000| delays: 17+-07
[2022-12-18 17:25:51]   m0, b05: |00000000000000000000000000111111| delays: 29+-03
[2022-12-18 17:25:51]   m0, b06: |00000000000000000000000000000000| delays: -
[2022-12-18 17:25:51]   m0, b07: |00000000000000000000000000000000| delays: -
[2022-12-18 17:25:51]   best: m0, b04 delays: 16+-06
[2022-12-18 17:25:51]   m1, b00: |00000000000000000000000000000000| delays: -
[2022-12-18 17:25:51]   m1, b01: |00000000000000000000000000000000| delays: -
[2022-12-18 17:25:51]   m1, b02: |00000000000000000000000000000000| delays: -
[2022-12-18 17:25:51]   m1, b03: |11111111000000000000000000000000| delays: 04+-04
[2022-12-18 17:25:51]   m1, b04: |00000000001111111111111100000000| delays: 17+-07
[2022-12-18 17:25:51]   m1, b05: |00000000000000000000000000111111| delays: 29+-03
[2022-12-18 17:25:51]   m1, b06: |00000000000000000000000000000000| delays: -
[2022-12-18 17:25:51]   m1, b07: |00000000000000000000000000000000| delays: -
[2022-12-18 17:25:51]   best: m1, b04 delays: 17+-07
[2022-12-18 17:25:51]   m2, b00: |00000000000000000000000000000000| delays: -
[2022-12-18 17:25:51]   m2, b01: |00000000000000000000000000000000| delays: -
[2022-12-18 17:25:51]   m2, b02: |00000000000000000000000000000000| delays: -
[2022-12-18 17:25:51]   m2, b03: |11111111100000000000000000000000| delays: 04+-04
[2022-12-18 17:25:51]   m2, b04: |00000000000111111111111110000000| delays: 18+-07
[2022-12-18 17:25:51]   m2, b05: |00000000000000000000000000011111| delays: 29+-02
[2022-12-18 17:25:51]   m2, b06: |00000000000000000000000000000000| delays: -
[2022-12-18 17:25:51]   m2, b07: |00000000000000000000000000000000| delays: -
[2022-12-18 17:25:51]   best: m2, b04 delays: 18+-07
[2022-12-18 17:25:51]   m3, b00: |00000000000000000000000000000000| delays: -
[2022-12-18 17:25:51]   m3, b01: |00000000000000000000000000000000| delays: -
[2022-12-18 17:25:51]   m3, b02: |00000000000000000000000000000000| delays: -
[2022-12-18 17:25:51]   m3, b03: |11111111000000000000000000000000| delays: 04+-04
[2022-12-18 17:25:51]   m3, b04: |00000000001111111111111100000000| delays: 17+-07
[2022-12-18 17:25:51]   m3, b05: |00000000000000000000000000111111| delays: 29+-03
[2022-12-18 17:25:51]   m3, b06: |00000000000000000000000000000000| delays: -
[2022-12-18 17:25:51]   m3, b07: |00000000000000000000000000000000| delays: -
[2022-12-18 17:25:51]   best: m3, b04 delays: 17+-07
[2022-12-18 17:25:51]   m4, b00: |00000000000000000000000000000000| delays: -
[2022-12-18 17:25:51]   m4, b01: |00000000000000000000000000000000| delays: -
[2022-12-18 17:25:51]   m4, b02: |00000000000000000000000000000000| delays: -
[2022-12-18 17:25:51]   m4, b03: |11111111111100000000000000000000| delays: 06+-06
[2022-12-18 17:25:51]   m4, b04: |00000000000000111111111111110000| delays: 21+-07
[2022-12-18 17:25:51]   m4, b05: |00000000000000000000000000000011| delays: 00+-02
[2022-12-18 17:25:51]   m4, b06: |00000000000000000000000000000000| delays: -
[2022-12-18 17:25:51]   m4, b07: |00000000000000000000000000000000| delays: -
[2022-12-18 17:25:51]   best: m4, b04 delays: 20+-07
[2022-12-18 17:25:51]   m5, b00: |00000000000000000000000000000000| delays: -
[2022-12-18 17:25:51]   m5, b01: |00000000000000000000000000000000| delays: -
[2022-12-18 17:25:51]   m5, b02: |00000000000000000000000000000000| delays: -
[2022-12-18 17:25:51]   m5, b03: |11111111111100000000000000000000| delays: 06+-06
[2022-12-18 17:25:51]   m5, b04: |00000000000001111111111111110000| delays: 21+-07
[2022-12-18 17:25:51]   m5, b05: |00000000000000000000000000000011| delays: 00+-02
[2022-12-18 17:25:51]   m5, b06: |00000000000000000000000000000000| delays: -
[2022-12-18 17:25:51]   m5, b07: |00000000000000000000000000000000| delays: -
[2022-12-18 17:25:51]   best: m5, b04 delays: 21+-07
[2022-12-18 17:25:51]   m6, b00: |00000000000000000000000000000000| delays: -
[2022-12-18 17:25:51]   m6, b01: |00000000000000000000000000000000| delays: -
[2022-12-18 17:25:51]   m6, b02: |00000000000000000000000000000000| delays: -
[2022-12-18 17:25:51]   m6, b03: |11111111111111000000000000000000| delays: 07+-07
[2022-12-18 17:25:51]   m6, b04: |00000000000000011111111111111000| delays: 22+-07
[2022-12-18 17:25:51]   m6, b05: |00000000000000000000000000000001| delays: 01+-02
[2022-12-18 17:25:51]   m6, b06: |00000000000000000000000000000000| delays: -
[2022-12-18 17:25:51]   m6, b07: |00000000000000000000000000000000| delays: -
[2022-12-18 17:25:51]   best: m6, b04 delays: 22+-07
[2022-12-18 17:25:51]   m7, b00: |00000000000000000000000000000000| delays: -
[2022-12-18 17:25:51]   m7, b01: |00000000000000000000000000000000| delays: -
[2022-12-18 17:25:51]   m7, b02: |00000000000000000000000000000000| delays: -
[2022-12-18 17:25:51]   m7, b03: |11111111111111000000000000000000| delays: 07+-07
[2022-12-18 17:25:51]   m7, b04: |00000000000000001111111111111000| delays: 22+-07
[2022-12-18 17:25:51]   m7, b05: |00000000000000000000000000000000| delays: -
[2022-12-18 17:25:51]   m7, b06: |00000000000000000000000000000000| delays: -
[2022-12-18 17:25:51]   m7, b07: |00000000000000000000000000000000| delays: -
[2022-12-18 17:25:51]   best: m7, b03 delays: 07+-07
[2022-12-18 17:25:51]   m8, b00: |00000000000000000000000000000000| delays: -
[2022-12-18 17:25:51]   m8, b01: |00000000000000000000000000000000| delays: -
[2022-12-18 17:25:51]   m8, b02: |11110000000000000000000000000000| delays: 02+-02
[2022-12-18 17:25:51]   m8, b03: |00000011111111111110000000000000| delays: 13+-07
[2022-12-18 17:25:51]   m8, b04: |00000000000000000000001111111111| delays: 27+-05
[2022-12-18 17:25:51]   m8, b05: |00000000000000000000000000000000| delays: -
[2022-12-18 17:25:51]   m8, b06: |00000000000000000000000000000000| delays: -
[2022-12-18 17:25:51]   m8, b07: |00000000000000000000000000000000| delays: -
[2022-12-18 17:25:51]   best: m8, b03 delays: 13+-07
[2022-12-18 17:25:51]   m9, b00: |00000000000000000000000000000000| delays: -
[2022-12-18 17:25:51]   m9, b01: |00000000000000000000000000000000| delays: -
[2022-12-18 17:25:51]   m9, b02: |11110000000000000000000000000000| delays: 02+-02
[2022-12-18 17:25:51]   m9, b03: |00000001111111111111000000000000| delays: 12+-06
[2022-12-18 17:25:51]   m9, b04: |00000000000000000000001111111111| delays: 27+-04
[2022-12-18 17:25:51]   m9, b05: |00000000000000000000000000000000| delays: -
[2022-12-18 17:25:51]   m9, b06: |00000000000000000000000000000000| delays: -
[2022-12-18 17:25:51]   m9, b07: |00000000000000000000000000000000| delays: -
[2022-12-18 17:25:51]   best: m9, b03 delays: 13+-07
[2022-12-18 17:25:51]   m10, b00: |00000000000000000000000000000000| delays: -
[2022-12-18 17:25:51]   m10, b01: |00000000000000000000000000000000| delays: -
[2022-12-18 17:25:51]   m10, b02: |10000000000000000000000000000000| delays: 02+-02
[2022-12-18 17:25:51]   m10, b03: |00011111111111111000000000000000| delays: 10+-07
[2022-12-18 17:25:51]   m10, b04: |00000000000000000001111111111111| delays: 25+-06
[2022-12-18 17:25:51]   m10, b05: |00000000000000000000000000000000| delays: -
[2022-12-18 17:25:51]   m10, b06: |00000000000000000000000000000000| delays: -
[2022-12-18 17:25:51]   m10, b07: |00000000000000000000000000000000| delays: -
[2022-12-18 17:25:51]   best: m10, b03 delays: 10+-07
[2022-12-18 17:25:51]   m11, b00: |00000000000000000000000000000000| delays: -
[2022-12-18 17:25:51]   m11, b01: |00000000000000000000000000000000| delays: -
[2022-12-18 17:25:51]   m11, b02: |10000000000000000000000000000000| delays: 02+-02
[2022-12-18 17:25:51]   m11, b03: |00011111111111111000000000000000| delays: 10+-07
[2022-12-18 17:25:51]   m11, b04: |00000000000000000001111111111111| delays: 25+-06
[2022-12-18 17:25:51]   m11, b05: |00000000000000000000000000000000| delays: -
[2022-12-18 17:25:51]   m11, b06: |00000000000000000000000000000000| delays: -
[2022-12-18 17:25:51]   m11, b07: |00000000000000000000000000000000| delays: -
[2022-12-18 17:25:51]   best: m11, b03 delays: 10+-07
[2022-12-18 17:25:51]   m12, b00: |00000000000000000000000000000000| delays: -
[2022-12-18 17:25:51]   m12, b01: |00000000000000000000000000000000| delays: -
[2022-12-18 17:25:51]   m12, b02: |00000000000000000000000000000000| delays: -
[2022-12-18 17:25:51]   m12, b03: |11111111111111000000000000000000| delays: 07+-07
[2022-12-18 17:25:51]   m12, b04: |00000000000000001111111111111000| delays: 22+-06
[2022-12-18 17:25:51]   m12, b05: |00000000000000000000000000000000| delays: -
[2022-12-18 17:25:51]   m12, b06: |00000000000000000000000000000000| delays: -
[2022-12-18 17:25:51]   m12, b07: |00000000000000000000000000000000| delays: -
[2022-12-18 17:25:51]   best: m12, b03 delays: 07+-07
[2022-12-18 17:25:51]   m13, b00: |00000000000000000000000000000000| delays: -
[2022-12-18 17:25:51]   m13, b01: |00000000000000000000000000000000| delays: -
[2022-12-18 17:25:51]   m13, b02: |00000000000000000000000000000000| delays: -
[2022-12-18 17:25:51]   m13, b03: |11111111111111000000000000000000| delays: 07+-07
[2022-12-18 17:25:51]   m13, b04: |00000000000000001111111111111000| delays: 22+-06
[2022-12-18 17:25:51]   m13, b05: |00000000000000000000000000000000| delays: -
[2022-12-18 17:25:51]   m13, b06: |00000000000000000000000000000000| delays: -
[2022-12-18 17:25:51]   m13, b07: |00000000000000000000000000000000| delays: -
[2022-12-18 17:25:51]   best: m13, b03 delays: 07+-07
[2022-12-18 17:25:51]   m14, b00: |00000000000000000000000000000000| delays: -
[2022-12-18 17:25:51]   m14, b01: |00000000000000000000000000000000| delays: -
[2022-12-18 17:25:51]   m14, b02: |00000000000000000000000000000000| delays: -
[2022-12-18 17:25:51]   m14, b03: |11111111111000000000000000000000| delays: 05+-05
[2022-12-18 17:25:51]   m14, b04: |00000000000001111111111111100000| delays: 20+-07
[2022-12-18 17:25:51]   m14, b05: |00000000000000000000000000000011| delays: 00+-02
[2022-12-18 17:25:51]   m14, b06: |00000000000000000000000000000000| delays: -
[2022-12-18 17:25:51]   m14, b07: |00000000000000000000000000000000| delays: -
[2022-12-18 17:25:51]   best: m14, b04 delays: 20+-07
[2022-12-18 17:25:51]   m15, b00: |00000000000000000000000000000000| delays: -
[2022-12-18 17:25:51]   m15, b01: |00000000000000000000000000000000| delays: -
[2022-12-18 17:25:51]   m15, b02: |00000000000000000000000000000000| delays: -
[2022-12-18 17:25:51]   m15, b03: |11111111111000000000000000000000| delays: 05+-05
[2022-12-18 17:25:51]   m15, b04: |00000000000001111111111111100000| delays: 20+-07
[2022-12-18 17:25:51]   m15, b05: |00000000000000000000000000000111| delays: 31+-02
[2022-12-18 17:25:51]   m15, b06: |00000000000000000000000000000000| delays: -
[2022-12-18 17:25:51]   m15, b07: |00000000000000000000000000000000| delays: -
[2022-12-18 17:25:51]   best: m15, b04 delays: 20+-07
[2022-12-18 17:25:51] Switching SDRAM to hardware control.
[2022-12-18 17:25:51] Memtest at 0x40000000 (2.0MiB)...
[2022-12-18 17:25:51]   Write: 0x40000000-0x40000000 0B   
[2022-12-18 17:25:51]   Write: 0x40000000-0x40020000 128.0KiB   
[2022-12-18 17:25:51]   Write: 0x40000000-0x40040000 256.0KiB   
[2022-12-18 17:25:51]   Write: 0x40000000-0x40060000 384.0KiB   
[2022-12-18 17:25:51]   Write: 0x40000000-0x40080000 512.0KiB   
[2022-12-18 17:25:51]   Write: 0x40000000-0x400a0000 640.0KiB   
[2022-12-18 17:25:51]   Write: 0x40000000-0x400c0000 768.0KiB   
[2022-12-18 17:25:51]   Write: 0x40000000-0x400e0000 896.0KiB   
[2022-12-18 17:25:51]   Write: 0x40000000-0x40100000 1.0MiB   
[2022-12-18 17:25:51]   Write: 0x40000000-0x40120000 1.1MiB   
[2022-12-18 17:25:51]   Write: 0x40000000-0x40140000 1.2MiB   
[2022-12-18 17:25:51]   Write: 0x40000000-0x40160000 1.3MiB   
[2022-12-18 17:25:51]   Write: 0x40000000-0x40180000 1.5MiB   
[2022-12-18 17:25:51]   Write: 0x40000000-0x401a0000 1.6MiB   
[2022-12-18 17:25:51]   Write: 0x40000000-0x401c0000 1.7MiB   
[2022-12-18 17:25:51]   Write: 0x40000000-0x401e0000 1.8MiB   
[2022-12-18 17:25:51]   Write: 0x40000000-0x40200000 2.0MiB   
[2022-12-18 17:25:51]    Read: 0x40000000-0x40000000 0B   
[2022-12-18 17:25:51]    Read: 0x40000000-0x40020000 128.0KiB   
[2022-12-18 17:25:51]    Read: 0x40000000-0x40040000 256.0KiB   
[2022-12-18 17:25:51]    Read: 0x40000000-0x40060000 384.0KiB   
[2022-12-18 17:25:51]    Read: 0x40000000-0x40080000 512.0KiB   
[2022-12-18 17:25:51]    Read: 0x40000000-0x400a0000 640.0KiB   
[2022-12-18 17:25:51]    Read: 0x40000000-0x400c0000 768.0KiB   
[2022-12-18 17:25:51]    Read: 0x40000000-0x400e0000 896.0KiB   
[2022-12-18 17:25:51]    Read: 0x40000000-0x40100000 1.0MiB   
[2022-12-18 17:25:51]    Read: 0x40000000-0x40120000 1.1MiB   
[2022-12-18 17:25:51]    Read: 0x40000000-0x40140000 1.2MiB   
[2022-12-18 17:25:51]    Read: 0x40000000-0x40160000 1.3MiB   
[2022-12-18 17:25:51]    Read: 0x40000000-0x40180000 1.5MiB   
[2022-12-18 17:25:51]    Read: 0x40000000-0x401a0000 1.6MiB   
[2022-12-18 17:25:51]    Read: 0x40000000-0x401c0000 1.7MiB   
[2022-12-18 17:25:51]    Read: 0x40000000-0x401e0000 1.8MiB   
[2022-12-18 17:25:51]    Read: 0x40000000-0x40200000 2.0MiB   
[2022-12-18 17:25:51] Memtest OK
[2022-12-18 17:25:51] Memspeed at 0x40000000 (Sequential, 2.0MiB)...
[2022-12-18 17:25:51]   Write speed: 45.4MiB/s
[2022-12-18 17:25:51]    Read speed: 46.6MiB/s
[2022-12-18 17:25:51] --============== [1mBoot[0m ==================--
[2022-12-18 17:25:51] Booting from serial...
[2022-12-18 17:25:51] Press Q or ESC to abort boot completely.
[2022-12-18 17:25:51] sL5DdSMmkekro
[2022-12-18 17:25:51] Timeout
[2022-12-18 17:25:51] No boot medium found
[2022-12-18 17:25:51] --============= [1mConsole[0m ================--
[2022-12-18 17:25:51] [92;1mlitex[0m> mem_write 0x40000000 0x5a5a5a5a 0x10000000 4
[2022-12-18 17:27:21] [92;1mlitex[0m> 
[2022-12-18 17:27:21] [92;1mlitex[0m> 
[2022-12-18 17:27:21] [92;1mlitex[0m> 
[2022-12-18 17:27:21] [92;1mlitex[0m> mem_write 0x40000000 0x5a5a5a5a 0x10000000 4
[2022-12-18 17:27:21] [92;1mlitex[0m> mem_cmp 0x40000000 0x60000000 0x00010000 4
[2022-12-18 17:27:22] [92;1mlitex[0m> 
[2022-12-18 17:27:22] [92;1mlitex[0m> 
[2022-12-18 17:27:22] [92;1mlitex[0m> 
[2022-12-18 17:27:22] [92;1mlitex[0m> mem_cmp 0x40000000 0x60000000 0x00010000 4
[2022-12-18 17:27:22] mem_cmp finished, same content.
[2022-12-18 17:27:22] [92;1mlitex[0m> mem_cmp 0x40040000 0x60040000 0x00010000 4
[2022-12-18 17:27:23] [92;1mlitex[0m> 
[2022-12-18 17:27:23] [92;1mlitex[0m> mem_cmp 0x40040000 0x60040000 0x00010000 4
[2022-12-18 17:27:23] mem_cmp finished, same content.
[2022-12-18 17:27:23] [92;1mlitex[0m> mem_cmp 0x40080000 0x60080000 0x00010000 4
[2022-12-18 17:27:24] [92;1mlitex[0m> 
[2022-12-18 17:27:24] [92;1mlitex[0m> mem_cmp 0x40080000 0x60080000 0x00010000 4
[2022-12-18 17:27:24] mem_cmp finished, same content.
[2022-12-18 17:27:24] [92;1mlitex[0m> mem_cmp 0x400C0000 0x600C0000 0x00010000 4
[2022-12-18 17:27:25] [92;1mlitex[0m> 
[2022-12-18 17:27:25] [92;1mlitex[0m> mem_cmp 0x400C0000 0x600C0000 0x00010000 4
[2022-12-18 17:27:25] mem_cmp finished, same content.
[2022-12-18 17:27:25] [92;1mlitex[0m> mem_cmp 0x40100000 0x60100000 0x00010000 4
[2022-12-18 17:27:26] [92;1mlitex[0m> 
[2022-12-18 17:27:26] [92;1mlitex[0m> mem_cmp 0x40100000 0x60100000 0x00010000 4
[2022-12-18 17:27:26] mem_cmp finished, same content.
[2022-12-18 17:27:26] [92;1mlitex[0m> mem_cmp 0x40140000 0x60140000 0x00010000 4
[2022-12-18 17:27:27] [92;1mlitex[0m> 
[2022-12-18 17:27:27] [92;1mlitex[0m> mem_cmp 0x40140000 0x60140000 0x00010000 4
[2022-12-18 17:27:27] mem_cmp finished, same content.
[2022-12-18 17:27:27] [92;1mlitex[0m> mem_cmp 0x40180000 0x60180000 0x00010000 4
[2022-12-18 17:27:28] [92;1mlitex[0m> 
[2022-12-18 17:27:28] [92;1mlitex[0m> mem_cmp 0x40180000 0x60180000 0x00010000 4
[2022-12-18 17:27:28] mem_cmp finished, same content.
[2022-12-18 17:27:28] [92;1mlitex[0m> mem_cmp 0x401C0000 0x601C0000 0x00010000 4
[2022-12-18 17:27:29] [92;1mlitex[0m> 
[2022-12-18 17:27:29] [92;1mlitex[0m> mem_cmp 0x401C0000 0x601C0000 0x00010000 4
[2022-12-18 17:27:29] mem_cmp finished, same content.
[2022-12-18 17:27:29] [92;1mlitex[0m> mem_cmp 0x40200000 0x60200000 0x00010000 4
[2022-12-18 17:27:30] [92;1mlitex[0m> 
[2022-12-18 17:27:30] [92;1mlitex[0m> mem_cmp 0x40200000 0x60200000 0x00010000 4
[2022-12-18 17:27:30] mem_cmp finished, same content.
[2022-12-18 17:27:30] [92;1mlitex[0m> mem_cmp 0x40240000 0x60240000 0x00010000 4
[2022-12-18 17:27:31] [92;1mlitex[0m> 
[2022-12-18 17:27:31] [92;1mlitex[0m> mem_cmp 0x40240000 0x60240000 0x00010000 4
[2022-12-18 17:27:31] mem_cmp finished, same content.
[2022-12-18 17:27:31] [92;1mlitex[0m> mem_cmp 0x40280000 0x60280000 0x00010000 4
[2022-12-18 17:27:32] [92;1mlitex[0m> 
[2022-12-18 17:27:32] [92;1mlitex[0m> mem_cmp 0x40280000 0x60280000 0x00010000 4
[2022-12-18 17:27:32] mem_cmp finished, same content.
[2022-12-18 17:27:32] [92;1mlitex[0m> mem_cmp 0x402C0000 0x602C0000 0x00010000 4
[2022-12-18 17:27:33] [92;1mlitex[0m> 
[2022-12-18 17:27:33] [92;1mlitex[0m> mem_cmp 0x402C0000 0x602C0000 0x00010000 4
[2022-12-18 17:27:33] mem_cmp finished, same content.
[2022-12-18 17:27:33] [92;1mlitex[0m> mem_cmp 0x40300000 0x60300000 0x00010000 4
[2022-12-18 17:27:34] [92;1mlitex[0m> 
[2022-12-18 17:27:34] [92;1mlitex[0m> mem_cmp 0x40300000 0x60300000 0x00010000 4
[2022-12-18 17:27:34] mem_cmp finished, same content.
[2022-12-18 17:27:34] [92;1mlitex[0m> mem_cmp 0x40340000 0x60340000 0x00010000 4
[2022-12-18 17:27:35] [92;1mlitex[0m> 
[2022-12-18 17:27:35] [92;1mlitex[0m> mem_cmp 0x40340000 0x60340000 0x00010000 4
[2022-12-18 17:27:35] mem_cmp finished, same content.
[2022-12-18 17:27:35] [92;1mlitex[0m> mem_cmp 0x40380000 0x60380000 0x00010000 4
[2022-12-18 17:27:36] [92;1mlitex[0m> 
[2022-12-18 17:27:36] [92;1mlitex[0m> mem_cmp 0x40380000 0x60380000 0x00010000 4
[2022-12-18 17:27:36] mem_cmp finished, same content.
[2022-12-18 17:27:36] [92;1mlitex[0m> mem_cmp 0x403C0000 0x603C0000 0x00010000 4
[2022-12-18 17:27:37] [92;1mlitex[0m> 
[2022-12-18 17:27:37] [92;1mlitex[0m> mem_cmp 0x403C0000 0x603C0000 0x00010000 4
[2022-12-18 17:27:37] mem_cmp finished, same content.
[2022-12-18 17:27:37] [92;1mlitex[0m> mem_cmp 0x40400000 0x60400000 0x00010000 4
[2022-12-18 17:27:38] [92;1mlitex[0m> 
[2022-12-18 17:27:38] [92;1mlitex[0m> mem_cmp 0x40400000 0x60400000 0x00010000 4
[2022-12-18 17:27:38] mem_cmp finished, same content.
[2022-12-18 17:27:38] [92;1mlitex[0m> mem_cmp 0x40440000 0x60440000 0x00010000 4
[2022-12-18 17:27:39] [92;1mlitex[0m> 
[2022-12-18 17:27:39] [92;1mlitex[0m> mem_cmp 0x40440000 0x60440000 0x00010000 4
[2022-12-18 17:27:39] mem_cmp finished, same content.
[2022-12-18 17:27:39] [92;1mlitex[0m> mem_cmp 0x40480000 0x60480000 0x00010000 4
[2022-12-18 17:27:40] [92;1mlitex[0m> 
[2022-12-18 17:27:40] [92;1mlitex[0m> mem_cmp 0x40480000 0x60480000 0x00010000 4
[2022-12-18 17:27:40] mem_cmp finished, same content.
[2022-12-18 17:27:40] [92;1mlitex[0m> mem_cmp 0x404C0000 0x604C0000 0x00010000 4
[2022-12-18 17:27:41] [92;1mlitex[0m> 
[2022-12-18 17:27:41] [92;1mlitex[0m> mem_cmp 0x404C0000 0x604C0000 0x00010000 4
[2022-12-18 17:27:41] mem_cmp finished, same content.
[2022-12-18 17:27:41] [92;1mlitex[0m> mem_cmp 0x40500000 0x60500000 0x00010000 4
[2022-12-18 17:27:42] [92;1mlitex[0m> 
[2022-12-18 17:27:42] [92;1mlitex[0m> mem_cmp 0x40500000 0x60500000 0x00010000 4
[2022-12-18 17:27:42] mem_cmp finished, same content.
[2022-12-18 17:27:42] [92;1mlitex[0m> mem_cmp 0x40540000 0x60540000 0x00010000 4
[2022-12-18 17:27:43] [92;1mlitex[0m> 
[2022-12-18 17:27:43] [92;1mlitex[0m> mem_cmp 0x40540000 0x60540000 0x00010000 4
[2022-12-18 17:27:43] mem_cmp finished, same content.
[2022-12-18 17:27:43] [92;1mlitex[0m> mem_cmp 0x40580000 0x60580000 0x00010000 4
[2022-12-18 17:27:44] [92;1mlitex[0m> 
[2022-12-18 17:27:44] [92;1mlitex[0m> mem_cmp 0x40580000 0x60580000 0x00010000 4
[2022-12-18 17:27:44] mem_cmp finished, same content.
[2022-12-18 17:27:44] [92;1mlitex[0m> mem_cmp 0x405C0000 0x605C0000 0x00010000 4
[2022-12-18 17:27:45] [92;1mlitex[0m> 
[2022-12-18 17:27:45] [92;1mlitex[0m> mem_cmp 0x405C0000 0x605C0000 0x00010000 4
[2022-12-18 17:27:45] mem_cmp finished, same content.
[2022-12-18 17:27:45] [92;1mlitex[0m> mem_cmp 0x40600000 0x60600000 0x00010000 4
[2022-12-18 17:27:46] [92;1mlitex[0m> 
[2022-12-18 17:27:46] [92;1mlitex[0m> mem_cmp 0x40600000 0x60600000 0x00010000 4
[2022-12-18 17:27:46] mem_cmp finished, same content.
[2022-12-18 17:27:46] [92;1mlitex[0m> mem_cmp 0x40640000 0x60640000 0x00010000 4
[2022-12-18 17:27:47] [92;1mlitex[0m> 
[2022-12-18 17:27:47] [92;1mlitex[0m> mem_cmp 0x40640000 0x60640000 0x00010000 4
[2022-12-18 17:27:47] mem_cmp finished, same content.
[2022-12-18 17:27:47] [92;1mlitex[0m> mem_cmp 0x40680000 0x60680000 0x00010000 4
[2022-12-18 17:27:48] [92;1mlitex[0m> 
[2022-12-18 17:27:48] [92;1mlitex[0m> mem_cmp 0x40680000 0x60680000 0x00010000 4
[2022-12-18 17:27:48] mem_cmp finished, same content.
[2022-12-18 17:27:48] [92;1mlitex[0m> mem_cmp 0x406C0000 0x606C0000 0x00010000 4
[2022-12-18 17:27:49] [92;1mlitex[0m> 
[2022-12-18 17:27:49] [92;1mlitex[0m> mem_cmp 0x406C0000 0x606C0000 0x00010000 4
[2022-12-18 17:27:49] mem_cmp finished, same content.
[2022-12-18 17:27:49] [92;1mlitex[0m> mem_cmp 0x40700000 0x60700000 0x00010000 4
[2022-12-18 17:27:50] [92;1mlitex[0m> 
[2022-12-18 17:27:50] [92;1mlitex[0m> mem_cmp 0x40700000 0x60700000 0x00010000 4
[2022-12-18 17:27:50] mem_cmp finished, same content.
[2022-12-18 17:27:50] [92;1mlitex[0m> mem_cmp 0x40740000 0x60740000 0x00010000 4
[2022-12-18 17:27:51] [92;1mlitex[0m> 
[2022-12-18 17:27:51] [92;1mlitex[0m> mem_cmp 0x40740000 0x60740000 0x00010000 4
[2022-12-18 17:27:51] mem_cmp finished, same content.
[2022-12-18 17:27:51] [92;1mlitex[0m> mem_cmp 0x40780000 0x60780000 0x00010000 4
[2022-12-18 17:27:52] [92;1mlitex[0m> 
[2022-12-18 17:27:52] [92;1mlitex[0m> mem_cmp 0x40780000 0x60780000 0x00010000 4
[2022-12-18 17:27:52] mem_cmp finished, same content.
[2022-12-18 17:27:52] [92;1mlitex[0m> mem_cmp 0x407C0000 0x607C0000 0x00010000 4
[2022-12-18 17:27:53] [92;1mlitex[0m> 
[2022-12-18 17:27:53] [92;1mlitex[0m> mem_cmp 0x407C0000 0x607C0000 0x00010000 4
[2022-12-18 17:27:53] mem_cmp finished, same content.
[2022-12-18 17:27:53] [92;1mlitex[0m> mem_cmp 0x40800000 0x60800000 0x00010000 4
[2022-12-18 17:27:54] [92;1mlitex[0m> 
[2022-12-18 17:27:54] [92;1mlitex[0m> mem_cmp 0x40800000 0x60800000 0x00010000 4
[2022-12-18 17:27:54] mem_cmp finished, same content.
[2022-12-18 17:27:54] [92;1mlitex[0m> mem_cmp 0x40840000 0x60840000 0x00010000 4
[2022-12-18 17:27:55] [92;1mlitex[0m> 
[2022-12-18 17:27:55] [92;1mlitex[0m> mem_cmp 0x40840000 0x60840000 0x00010000 4
[2022-12-18 17:27:55] mem_cmp finished, same content.
[2022-12-18 17:27:55] [92;1mlitex[0m> mem_cmp 0x40880000 0x60880000 0x00010000 4
[2022-12-18 17:27:56] [92;1mlitex[0m> 
[2022-12-18 17:27:56] [92;1mlitex[0m> mem_cmp 0x40880000 0x60880000 0x00010000 4
[2022-12-18 17:27:56] mem_cmp finished, same content.
[2022-12-18 17:27:56] [92;1mlitex[0m> mem_cmp 0x408C0000 0x608C0000 0x00010000 4
[2022-12-18 17:27:57] [92;1mlitex[0m> 
[2022-12-18 17:27:57] [92;1mlitex[0m> mem_cmp 0x408C0000 0x608C0000 0x00010000 4
[2022-12-18 17:27:57] mem_cmp finished, same content.
[2022-12-18 17:27:57] [92;1mlitex[0m> mem_cmp 0x40900000 0x60900000 0x00010000 4
[2022-12-18 17:27:58] [92;1mlitex[0m> 
[2022-12-18 17:27:58] [92;1mlitex[0m> mem_cmp 0x40900000 0x60900000 0x00010000 4
[2022-12-18 17:27:58] mem_cmp finished, same content.
[2022-12-18 17:27:58] [92;1mlitex[0m> mem_cmp 0x40940000 0x60940000 0x00010000 4
[2022-12-18 17:27:59] [92;1mlitex[0m> 
[2022-12-18 17:27:59] [92;1mlitex[0m> mem_cmp 0x40940000 0x60940000 0x00010000 4
[2022-12-18 17:27:59] mem_cmp finished, same content.
[2022-12-18 17:27:59] [92;1mlitex[0m> mem_cmp 0x40980000 0x60980000 0x00010000 4
[2022-12-18 17:28:00] [92;1mlitex[0m> 
[2022-12-18 17:28:00] [92;1mlitex[0m> mem_cmp 0x40980000 0x60980000 0x00010000 4
[2022-12-18 17:28:00] mem_cmp finished, same content.
[2022-12-18 17:28:00] [92;1mlitex[0m> mem_cmp 0x409C0000 0x609C0000 0x00010000 4
[2022-12-18 17:28:01] [92;1mlitex[0m> 
[2022-12-18 17:28:01] [92;1mlitex[0m> mem_cmp 0x409C0000 0x609C0000 0x00010000 4
[2022-12-18 17:28:01] mem_cmp finished, same content.
[2022-12-18 17:28:01] [92;1mlitex[0m> mem_cmp 0x40A00000 0x60A00000 0x00010000 4
[2022-12-18 17:28:02] [92;1mlitex[0m> 
[2022-12-18 17:28:02] [92;1mlitex[0m> mem_cmp 0x40A00000 0x60A00000 0x00010000 4
[2022-12-18 17:28:02] mem_cmp finished, same content.
[2022-12-18 17:28:02] [92;1mlitex[0m> mem_cmp 0x40A40000 0x60A40000 0x00010000 4
[2022-12-18 17:28:03] [92;1mlitex[0m> 
[2022-12-18 17:28:03] [92;1mlitex[0m> mem_cmp 0x40A40000 0x60A40000 0x00010000 4
[2022-12-18 17:28:03] mem_cmp finished, same content.
[2022-12-18 17:28:03] [92;1mlitex[0m> mem_cmp 0x40A80000 0x60A80000 0x00010000 4
[2022-12-18 17:28:04] [92;1mlitex[0m> 
[2022-12-18 17:28:04] [92;1mlitex[0m> mem_cmp 0x40A80000 0x60A80000 0x00010000 4
[2022-12-18 17:28:04] mem_cmp finished, same content.
[2022-12-18 17:28:04] [92;1mlitex[0m> mem_cmp 0x40AC0000 0x60AC0000 0x00010000 4
[2022-12-18 17:28:05] [92;1mlitex[0m> 
[2022-12-18 17:28:05] [92;1mlitex[0m> mem_cmp 0x40AC0000 0x60AC0000 0x00010000 4
[2022-12-18 17:28:05] mem_cmp finished, same content.
[2022-12-18 17:28:05] [92;1mlitex[0m> mem_cmp 0x40B00000 0x60B00000 0x00010000 4
[2022-12-18 17:28:06] [92;1mlitex[0m> 
[2022-12-18 17:28:06] [92;1mlitex[0m> mem_cmp 0x40B00000 0x60B00000 0x00010000 4
[2022-12-18 17:28:06] mem_cmp finished, same content.
[2022-12-18 17:28:06] [92;1mlitex[0m> mem_cmp 0x40B40000 0x60B40000 0x00010000 4
[2022-12-18 17:28:07] [92;1mlitex[0m> 
[2022-12-18 17:28:07] [92;1mlitex[0m> mem_cmp 0x40B40000 0x60B40000 0x00010000 4
[2022-12-18 17:28:07] mem_cmp finished, same content.
[2022-12-18 17:28:07] [92;1mlitex[0m> mem_cmp 0x40B80000 0x60B80000 0x00010000 4
[2022-12-18 17:28:08] [92;1mlitex[0m> 
[2022-12-18 17:28:08] [92;1mlitex[0m> mem_cmp 0x40B80000 0x60B80000 0x00010000 4
[2022-12-18 17:28:08] mem_cmp finished, same content.
[2022-12-18 17:28:08] [92;1mlitex[0m> mem_cmp 0x40BC0000 0x60BC0000 0x00010000 4
[2022-12-18 17:28:09] [92;1mlitex[0m> 
[2022-12-18 17:28:09] [92;1mlitex[0m> mem_cmp 0x40BC0000 0x60BC0000 0x00010000 4
[2022-12-18 17:28:09] mem_cmp finished, same content.
[2022-12-18 17:28:09] [92;1mlitex[0m> mem_cmp 0x40C00000 0x60C00000 0x00010000 4
[2022-12-18 17:28:10] [92;1mlitex[0m> 
[2022-12-18 17:28:10] [92;1mlitex[0m> mem_cmp 0x40C00000 0x60C00000 0x00010000 4
[2022-12-18 17:28:10] mem_cmp finished, same content.
[2022-12-18 17:28:10] [92;1mlitex[0m> mem_cmp 0x40C40000 0x60C40000 0x00010000 4
[2022-12-18 17:28:11] [92;1mlitex[0m> 
[2022-12-18 17:28:11] [92;1mlitex[0m> mem_cmp 0x40C40000 0x60C40000 0x00010000 4
[2022-12-18 17:28:11] mem_cmp finished, same content.
[2022-12-18 17:28:11] [92;1mlitex[0m> mem_cmp 0x40C80000 0x60C80000 0x00010000 4
[2022-12-18 17:28:12] [92;1mlitex[0m> 
[2022-12-18 17:28:12] [92;1mlitex[0m> mem_cmp 0x40C80000 0x60C80000 0x00010000 4
[2022-12-18 17:28:12] mem_cmp finished, same content.
[2022-12-18 17:28:12] [92;1mlitex[0m> mem_cmp 0x40CC0000 0x60CC0000 0x00010000 4
[2022-12-18 17:28:13] [92;1mlitex[0m> 
[2022-12-18 17:28:13] [92;1mlitex[0m> mem_cmp 0x40CC0000 0x60CC0000 0x00010000 4
[2022-12-18 17:28:13] mem_cmp finished, same content.
[2022-12-18 17:28:13] [92;1mlitex[0m> mem_cmp 0x40D00000 0x60D00000 0x00010000 4
[2022-12-18 17:28:14] [92;1mlitex[0m> 
[2022-12-18 17:28:14] [92;1mlitex[0m> mem_cmp 0x40D00000 0x60D00000 0x00010000 4
[2022-12-18 17:28:14] mem_cmp finished, same content.
[2022-12-18 17:28:14] [92;1mlitex[0m> mem_cmp 0x40D40000 0x60D40000 0x00010000 4
[2022-12-18 17:28:15] [92;1mlitex[0m> 
[2022-12-18 17:28:15] [92;1mlitex[0m> mem_cmp 0x40D40000 0x60D40000 0x00010000 4
[2022-12-18 17:28:15] mem_cmp finished, same content.
[2022-12-18 17:28:15] [92;1mlitex[0m> mem_cmp 0x40D80000 0x60D80000 0x00010000 4
[2022-12-18 17:28:16] [92;1mlitex[0m> 
[2022-12-18 17:28:16] [92;1mlitex[0m> mem_cmp 0x40D80000 0x60D80000 0x00010000 4
[2022-12-18 17:28:16] mem_cmp finished, same content.
[2022-12-18 17:28:16] [92;1mlitex[0m> mem_cmp 0x40DC0000 0x60DC0000 0x00010000 4
[2022-12-18 17:28:17] [92;1mlitex[0m> 
[2022-12-18 17:28:17] [92;1mlitex[0m> mem_cmp 0x40DC0000 0x60DC0000 0x00010000 4
[2022-12-18 17:28:17] mem_cmp finished, same content.
[2022-12-18 17:28:17] [92;1mlitex[0m> mem_cmp 0x40E00000 0x60E00000 0x00010000 4
[2022-12-18 17:28:18] [92;1mlitex[0m> 
[2022-12-18 17:28:18] [92;1mlitex[0m> mem_cmp 0x40E00000 0x60E00000 0x00010000 4
[2022-12-18 17:28:18] mem_cmp finished, same content.
[2022-12-18 17:28:18] [92;1mlitex[0m> mem_cmp 0x40E40000 0x60E40000 0x00010000 4
[2022-12-18 17:28:19] [92;1mlitex[0m> 
[2022-12-18 17:28:19] [92;1mlitex[0m> mem_cmp 0x40E40000 0x60E40000 0x00010000 4
[2022-12-18 17:28:19] mem_cmp finished, same content.
[2022-12-18 17:28:19] [92;1mlitex[0m> mem_cmp 0x40E80000 0x60E80000 0x00010000 4
[2022-12-18 17:28:20] [92;1mlitex[0m> 
[2022-12-18 17:28:20] [92;1mlitex[0m> mem_cmp 0x40E80000 0x60E80000 0x00010000 4
[2022-12-18 17:28:20] mem_cmp finished, same content.
[2022-12-18 17:28:20] [92;1mlitex[0m> mem_cmp 0x40EC0000 0x60EC0000 0x00010000 4
[2022-12-18 17:28:21] [92;1mlitex[0m> 
[2022-12-18 17:28:21] [92;1mlitex[0m> mem_cmp 0x40EC0000 0x60EC0000 0x00010000 4
[2022-12-18 17:28:21] mem_cmp finished, same content.
[2022-12-18 17:28:21] [92;1mlitex[0m> mem_cmp 0x40F00000 0x60F00000 0x00010000 4
[2022-12-18 17:28:22] [92;1mlitex[0m> 
[2022-12-18 17:28:22] [92;1mlitex[0m> mem_cmp 0x40F00000 0x60F00000 0x00010000 4
[2022-12-18 17:28:22] mem_cmp finished, same content.
[2022-12-18 17:28:22] [92;1mlitex[0m> mem_cmp 0x40F40000 0x60F40000 0x00010000 4
[2022-12-18 17:28:23] [92;1mlitex[0m> 
[2022-12-18 17:28:23] [92;1mlitex[0m> mem_cmp 0x40F40000 0x60F40000 0x00010000 4
[2022-12-18 17:28:23] mem_cmp finished, same content.
[2022-12-18 17:28:23] [92;1mlitex[0m> mem_cmp 0x40F80000 0x60F80000 0x00010000 4
