[2022-12-18 17:24:45] INFO     STATE:Initial Starting State
[2022-12-18 17:24:45] INFO     STATE:Repower Board State
[2022-12-18 17:24:45] INFO     NETBOOTER:Attempt 1 to set port 5 with cycle=False
[2022-12-18 17:24:47] INFO     NETBOOTER:Setting port 5 to Off
[2022-12-18 17:24:48] INFO     NETBOOTER:Attempt 1 to set port 5 with cycle=False
[2022-12-18 17:24:50] INFO     NETBOOTER:Setting port 5 to On
[2022-12-18 17:24:51] INFO     STATE:Start Server State
[2022-12-18 17:24:51] INFO     Giving time for system to boot (15 seconds)
[2022-12-18 17:25:06] INFO     Starting Litex Server
[2022-12-18 17:25:06] INFO     Giving time for server to start (15 seconds)
[2022-12-18 17:25:21] INFO     STATE:Create Client State
[2022-12-18 17:25:21] INFO     LiteX Crossover UART created: /dev/pts/14
[2022-12-18 17:25:21] INFO     Attempting to open:/dev/pts/14 at baud 1000000 with timeout=30
[2022-12-18 17:25:21] INFO     Serial port /dev/pts/14 open
[2022-12-18 17:25:21] INFO     STATE:Initial Prompt State
[2022-12-18 17:25:21] INFO     Giving time for bios to initialize (30 seconds)
[2022-12-18 17:25:51] INFO     Initial prompt attempt #1
[2022-12-18 17:25:51] INFO     Login prompt success
[2022-12-18 17:25:51] INFO     STATE:Mem Init State
[2022-12-18 17:25:51] INFO     Giving time for mem_write command (90 seconds)
[2022-12-18 17:27:21] INFO     STATE:Mem Compare State
[2022-12-18 17:27:52] INFO     mem_cmp 0x407C0000 0x607C0000 0x00010000 4
