[2022-12-20 17:48:09] INFO     STATE:Initial Starting State
[2022-12-20 17:48:09] INFO     STATE:Repower Board State
[2022-12-20 17:48:09] INFO     NETBOOTER:Attempt 1 to set port 5 with cycle=False
[2022-12-20 17:48:12] ERROR    NETBOOTER:Error opening telnettimed out
[2022-12-20 17:48:12] INFO     NETBOOTER:Attempt 2 to set port 5 with cycle=False
[2022-12-20 17:48:17] INFO     NETBOOTER:Setting port 5 to Off
[2022-12-20 17:48:18] INFO     NETBOOTER:Attempt 1 to set port 5 with cycle=False
[2022-12-20 17:48:20] INFO     NETBOOTER:Setting port 5 to On
[2022-12-20 17:48:21] INFO     STATE:Start Server State
[2022-12-20 17:48:21] INFO     Giving time for HW to boot before starting Litex Server (15 seconds)
[2022-12-20 17:48:26] INFO     Giving time for HW to boot before starting Litex Server (10 seconds)
[2022-12-20 17:48:31] INFO     Giving time for HW to boot before starting Litex Server (5 seconds)
[2022-12-20 17:48:36] INFO     Starting Litex Server
[2022-12-20 17:48:36] INFO     Giving time for Litex server to start without errors (15 seconds)
[2022-12-20 17:48:41] INFO     Giving time for Litex server to start without errors (10 seconds)
[2022-12-20 17:48:46] INFO     Giving time for Litex server to start without errors (5 seconds)
[2022-12-20 17:48:51] INFO     STATE:Create Client State
[2022-12-20 17:48:51] INFO     LiteX Crossover UART created: /dev/pts/13
[2022-12-20 17:48:51] INFO     Attempting to open:/dev/pts/13 at baud 1000000 with timeout=30
[2022-12-20 17:48:51] INFO     Serial port /dev/pts/13 open
[2022-12-20 17:48:51] INFO     STATE:Initial Prompt State
[2022-12-20 17:48:51] INFO     Giving time for bios to initialize memory (30 seconds)
[2022-12-20 17:49:01] INFO     Giving time for bios to initialize memory (20 seconds)
[2022-12-20 17:49:11] INFO     Giving time for bios to initialize memory (10 seconds)
[2022-12-20 17:49:21] INFO     Initial prompt attempt #1
[2022-12-20 17:49:21] INFO     Login prompt success
[2022-12-20 17:49:21] INFO     STATE:Mem Init State
[2022-12-20 17:49:21] INFO     Issuing mem_write command
[2022-12-20 17:49:21] INFO     Giving time for mem_write command (90 seconds)
[2022-12-20 17:49:31] INFO     Giving time for mem_write command (80 seconds)
[2022-12-20 17:49:41] INFO     Giving time for mem_write command (70 seconds)
[2022-12-20 17:49:51] INFO     Giving time for mem_write command (60 seconds)
[2022-12-20 17:50:01] INFO     Giving time for mem_write command (50 seconds)
[2022-12-20 17:50:11] INFO     Giving time for mem_write command (40 seconds)
[2022-12-20 17:50:21] INFO     Giving time for mem_write command (30 seconds)
[2022-12-20 17:50:31] INFO     Giving time for mem_write command (20 seconds)
[2022-12-20 17:50:41] INFO     Giving time for mem_write command (10 seconds)
[2022-12-20 17:50:51] INFO     STATE:Mem Compare State
[2022-12-20 17:50:58] INFO     mem_cmp 0x407C0000 0x607C0000 0x00010000 4
[2022-12-20 17:51:04] INFO     mem_cmp 0x40FC0000 0x60FC0000 0x00010000 4
[2022-12-20 17:51:10] INFO     mem_cmp 0x417C0000 0x617C0000 0x00010000 4
[2022-12-20 17:51:17] INFO     mem_cmp 0x41FC0000 0x61FC0000 0x00010000 4
[2022-12-20 17:51:23] INFO     mem_cmp 0x427C0000 0x627C0000 0x00010000 4
[2022-12-20 17:51:30] INFO     mem_cmp 0x42FC0000 0x62FC0000 0x00010000 4
[2022-12-20 17:51:36] INFO     mem_cmp 0x437C0000 0x637C0000 0x00010000 4
[2022-12-20 17:51:43] INFO     mem_cmp 0x43FC0000 0x63FC0000 0x00010000 4
[2022-12-20 17:51:49] INFO     mem_cmp 0x447C0000 0x647C0000 0x00010000 4
[2022-12-20 17:51:56] INFO     mem_cmp 0x44FC0000 0x64FC0000 0x00010000 4
[2022-12-20 17:52:03] INFO     mem_cmp 0x457C0000 0x657C0000 0x00010000 4
[2022-12-20 17:52:09] INFO     mem_cmp 0x45FC0000 0x65FC0000 0x00010000 4
[2022-12-20 17:52:16] INFO     mem_cmp 0x467C0000 0x667C0000 0x00010000 4
[2022-12-20 17:52:22] INFO     mem_cmp 0x46FC0000 0x66FC0000 0x00010000 4
[2022-12-20 17:52:29] INFO     mem_cmp 0x477C0000 0x677C0000 0x00010000 4
[2022-12-20 17:52:36] INFO     mem_cmp 0x47FC0000 0x67FC0000 0x00010000 4
[2022-12-20 17:52:42] INFO     mem_cmp 0x487C0000 0x687C0000 0x00010000 4
[2022-12-20 17:52:49] INFO     mem_cmp 0x48FC0000 0x68FC0000 0x00010000 4
[2022-12-20 17:52:55] INFO     mem_cmp 0x497C0000 0x697C0000 0x00010000 4
[2022-12-20 17:53:02] INFO     mem_cmp 0x49FC0000 0x69FC0000 0x00010000 4
[2022-12-20 17:53:08] INFO     mem_cmp 0x4A7C0000 0x6A7C0000 0x00010000 4
[2022-12-20 17:53:15] INFO     mem_cmp 0x4AFC0000 0x6AFC0000 0x00010000 4
[2022-12-20 17:53:21] INFO     mem_cmp 0x4B7C0000 0x6B7C0000 0x00010000 4
[2022-12-20 17:53:28] INFO     mem_cmp 0x4BFC0000 0x6BFC0000 0x00010000 4
[2022-12-20 17:53:34] INFO     mem_cmp 0x4C7C0000 0x6C7C0000 0x00010000 4
[2022-12-20 17:53:40] INFO     mem_cmp 0x4CFC0000 0x6CFC0000 0x00010000 4
[2022-12-20 17:53:46] INFO     mem_cmp 0x4D7C0000 0x6D7C0000 0x00010000 4
[2022-12-20 17:53:52] INFO     mem_cmp 0x4DFC0000 0x6DFC0000 0x00010000 4
[2022-12-20 17:53:57] INFO     mem_cmp 0x4E7C0000 0x6E7C0000 0x00010000 4
[2022-12-20 17:54:03] INFO     mem_cmp 0x4EFC0000 0x6EFC0000 0x00010000 4
[2022-12-20 17:54:09] INFO     mem_cmp 0x4F7C0000 0x6F7C0000 0x00010000 4
[2022-12-20 17:54:15] INFO     mem_cmp 0x4FFC0000 0x6FFC0000 0x00010000 4
[2022-12-20 17:54:22] INFO     mem_cmp 0x507C0000 0x707C0000 0x00010000 4
[2022-12-20 17:54:28] INFO     mem_cmp 0x50FC0000 0x70FC0000 0x00010000 4
[2022-12-20 17:54:35] INFO     mem_cmp 0x517C0000 0x717C0000 0x00010000 4
[2022-12-20 17:54:41] INFO     mem_cmp 0x51FC0000 0x71FC0000 0x00010000 4
[2022-12-20 17:54:48] INFO     mem_cmp 0x527C0000 0x727C0000 0x00010000 4
[2022-12-20 17:54:55] INFO     mem_cmp 0x52FC0000 0x72FC0000 0x00010000 4
[2022-12-20 17:55:01] INFO     mem_cmp 0x537C0000 0x737C0000 0x00010000 4
[2022-12-20 17:55:08] INFO     mem_cmp 0x53FC0000 0x73FC0000 0x00010000 4
[2022-12-20 17:55:14] INFO     mem_cmp 0x547C0000 0x747C0000 0x00010000 4
[2022-12-20 17:55:20] INFO     mem_cmp 0x54FC0000 0x74FC0000 0x00010000 4
[2022-12-20 17:55:27] INFO     mem_cmp 0x557C0000 0x757C0000 0x00010000 4
[2022-12-20 17:55:33] INFO     mem_cmp 0x55FC0000 0x75FC0000 0x00010000 4
[2022-12-20 17:55:40] INFO     mem_cmp 0x567C0000 0x767C0000 0x00010000 4
[2022-12-20 17:55:46] INFO     mem_cmp 0x56FC0000 0x76FC0000 0x00010000 4
[2022-12-20 17:55:53] INFO     mem_cmp 0x577C0000 0x777C0000 0x00010000 4
[2022-12-20 17:56:00] INFO     mem_cmp 0x57FC0000 0x77FC0000 0x00010000 4
[2022-12-20 17:56:06] INFO     mem_cmp 0x587C0000 0x787C0000 0x00010000 4
[2022-12-20 17:56:12] INFO     mem_cmp 0x58FC0000 0x78FC0000 0x00010000 4
[2022-12-20 17:56:19] INFO     mem_cmp 0x597C0000 0x797C0000 0x00010000 4
[2022-12-20 17:56:26] INFO     mem_cmp 0x59FC0000 0x79FC0000 0x00010000 4
[2022-12-20 17:56:32] INFO     mem_cmp 0x5A7C0000 0x7A7C0000 0x00010000 4
[2022-12-20 17:56:39] INFO     mem_cmp 0x5AFC0000 0x7AFC0000 0x00010000 4
[2022-12-20 17:56:45] INFO     mem_cmp 0x5B7C0000 0x7B7C0000 0x00010000 4
[2022-12-20 17:56:52] INFO     mem_cmp 0x5BFC0000 0x7BFC0000 0x00010000 4
[2022-12-20 17:56:58] INFO     mem_cmp 0x5C7C0000 0x7C7C0000 0x00010000 4
[2022-12-20 17:57:05] INFO     mem_cmp 0x5CFC0000 0x7CFC0000 0x00010000 4
[2022-12-20 17:57:11] INFO     mem_cmp 0x5D7C0000 0x7D7C0000 0x00010000 4
[2022-12-20 17:57:17] INFO     mem_cmp 0x5DFC0000 0x7DFC0000 0x00010000 4
[2022-12-20 17:57:24] INFO     mem_cmp 0x5E7C0000 0x7E7C0000 0x00010000 4
[2022-12-20 17:57:30] INFO     mem_cmp 0x5EFC0000 0x7EFC0000 0x00010000 4
[2022-12-20 17:57:36] INFO     mem_cmp 0x5F7C0000 0x7F7C0000 0x00010000 4
[2022-12-20 17:57:43] INFO     mem_cmp 0x5FFC0000 0x7FFC0000 0x00010000 4
[2022-12-20 17:57:43] INFO     STATE:Mem Compare State
[2022-12-20 17:57:49] INFO     mem_cmp 0x407C0000 0x607C0000 0x00010000 4
[2022-12-20 17:57:56] INFO     mem_cmp 0x40FC0000 0x60FC0000 0x00010000 4
[2022-12-20 17:58:02] INFO     mem_cmp 0x417C0000 0x617C0000 0x00010000 4
[2022-12-20 17:58:09] INFO     mem_cmp 0x41FC0000 0x61FC0000 0x00010000 4
[2022-12-20 17:58:15] INFO     mem_cmp 0x427C0000 0x627C0000 0x00010000 4
[2022-12-20 17:58:22] INFO     mem_cmp 0x42FC0000 0x62FC0000 0x00010000 4
[2022-12-20 17:58:28] INFO     mem_cmp 0x437C0000 0x637C0000 0x00010000 4
[2022-12-20 17:58:35] INFO     mem_cmp 0x43FC0000 0x63FC0000 0x00010000 4
[2022-12-20 17:58:41] INFO     mem_cmp 0x447C0000 0x647C0000 0x00010000 4
[2022-12-20 17:58:48] INFO     mem_cmp 0x44FC0000 0x64FC0000 0x00010000 4
[2022-12-20 17:58:54] INFO     mem_cmp 0x457C0000 0x657C0000 0x00010000 4
[2022-12-20 17:59:01] INFO     mem_cmp 0x45FC0000 0x65FC0000 0x00010000 4
[2022-12-20 17:59:07] INFO     mem_cmp 0x467C0000 0x667C0000 0x00010000 4
[2022-12-20 17:59:14] INFO     mem_cmp 0x46FC0000 0x66FC0000 0x00010000 4
[2022-12-20 17:59:21] INFO     mem_cmp 0x477C0000 0x677C0000 0x00010000 4
[2022-12-20 17:59:27] INFO     mem_cmp 0x47FC0000 0x67FC0000 0x00010000 4
[2022-12-20 17:59:34] INFO     mem_cmp 0x487C0000 0x687C0000 0x00010000 4
[2022-12-20 17:59:40] INFO     mem_cmp 0x48FC0000 0x68FC0000 0x00010000 4
[2022-12-20 17:59:47] INFO     mem_cmp 0x497C0000 0x697C0000 0x00010000 4
[2022-12-20 17:59:53] INFO     mem_cmp 0x49FC0000 0x69FC0000 0x00010000 4
[2022-12-20 18:00:00] INFO     mem_cmp 0x4A7C0000 0x6A7C0000 0x00010000 4
[2022-12-20 18:00:06] INFO     mem_cmp 0x4AFC0000 0x6AFC0000 0x00010000 4
[2022-12-20 18:00:13] INFO     mem_cmp 0x4B7C0000 0x6B7C0000 0x00010000 4
[2022-12-20 18:00:19] INFO     mem_cmp 0x4BFC0000 0x6BFC0000 0x00010000 4
[2022-12-20 18:00:26] INFO     mem_cmp 0x4C7C0000 0x6C7C0000 0x00010000 4
[2022-12-20 18:00:33] INFO     mem_cmp 0x4CFC0000 0x6CFC0000 0x00010000 4
[2022-12-20 18:00:39] INFO     mem_cmp 0x4D7C0000 0x6D7C0000 0x00010000 4
[2022-12-20 18:00:46] INFO     mem_cmp 0x4DFC0000 0x6DFC0000 0x00010000 4
[2022-12-20 18:00:52] INFO     mem_cmp 0x4E7C0000 0x6E7C0000 0x00010000 4
[2022-12-20 18:00:57] INFO     mem_cmp 0x4EFC0000 0x6EFC0000 0x00010000 4
[2022-12-20 18:01:03] INFO     mem_cmp 0x4F7C0000 0x6F7C0000 0x00010000 4
[2022-12-20 18:01:09] INFO     mem_cmp 0x4FFC0000 0x6FFC0000 0x00010000 4
[2022-12-20 18:01:15] INFO     mem_cmp 0x507C0000 0x707C0000 0x00010000 4
