[2022-12-17 16:08:01] INFO     STATE:Initial Starting State
[2022-12-17 16:08:01] INFO     STATE:Initial Prompt State
[2022-12-17 16:08:01] INFO     Initial prompt attempt #1
[2022-12-17 16:08:01] INFO     Login prompt success
[2022-12-17 16:08:01] INFO     STATE:Mem Init State
[2022-12-17 16:09:31] INFO     STATE:Mem Compare State
[2022-12-17 16:09:32] INFO     mem_cmp 0x400C0000 0x600C0000 0x00010000 4
[2022-12-17 16:09:32] INFO     mem_cmp 0x401C0000 0x601C0000 0x00010000 4
[2022-12-17 16:09:33] INFO     mem_cmp 0x402C0000 0x602C0000 0x00010000 4
[2022-12-17 16:09:33] INFO     mem_cmp 0x403C0000 0x603C0000 0x00010000 4
[2022-12-17 16:09:34] INFO     mem_cmp 0x404C0000 0x604C0000 0x00010000 4
[2022-12-17 16:09:34] INFO     mem_cmp 0x405C0000 0x605C0000 0x00010000 4
[2022-12-17 16:09:35] INFO     mem_cmp 0x406C0000 0x606C0000 0x00010000 4
[2022-12-17 16:09:35] INFO     mem_cmp 0x407C0000 0x607C0000 0x00010000 4
[2022-12-17 16:09:36] INFO     mem_cmp 0x408C0000 0x608C0000 0x00010000 4
[2022-12-17 16:09:37] INFO     mem_cmp 0x409C0000 0x609C0000 0x00010000 4
[2022-12-17 16:09:37] INFO     mem_cmp 0x40AC0000 0x60AC0000 0x00010000 4
[2022-12-17 16:09:38] INFO     mem_cmp 0x40BC0000 0x60BC0000 0x00010000 4
[2022-12-17 16:09:39] INFO     mem_cmp 0x40CC0000 0x60CC0000 0x00010000 4
[2022-12-17 16:09:39] INFO     mem_cmp 0x40DC0000 0x60DC0000 0x00010000 4
[2022-12-17 16:09:40] INFO     mem_cmp 0x40EC0000 0x60EC0000 0x00010000 4
[2022-12-17 16:09:40] INFO     mem_cmp 0x40FC0000 0x60FC0000 0x00010000 4
[2022-12-17 16:09:41] INFO     mem_cmp 0x410C0000 0x610C0000 0x00010000 4
[2022-12-17 16:09:41] INFO     mem_cmp 0x411C0000 0x611C0000 0x00010000 4
[2022-12-17 16:09:42] INFO     mem_cmp 0x412C0000 0x612C0000 0x00010000 4
[2022-12-17 16:09:43] INFO     mem_cmp 0x413C0000 0x613C0000 0x00010000 4
[2022-12-17 16:09:43] INFO     mem_cmp 0x414C0000 0x614C0000 0x00010000 4
[2022-12-17 16:09:44] INFO     mem_cmp 0x415C0000 0x615C0000 0x00010000 4
[2022-12-17 16:09:44] INFO     mem_cmp 0x416C0000 0x616C0000 0x00010000 4
[2022-12-17 16:09:45] INFO     mem_cmp 0x417C0000 0x617C0000 0x00010000 4
[2022-12-17 16:09:45] INFO     mem_cmp 0x418C0000 0x618C0000 0x00010000 4
[2022-12-17 16:09:46] INFO     mem_cmp 0x419C0000 0x619C0000 0x00010000 4
[2022-12-17 16:09:47] INFO     mem_cmp 0x41AC0000 0x61AC0000 0x00010000 4
[2022-12-17 16:09:47] INFO     mem_cmp 0x41BC0000 0x61BC0000 0x00010000 4
[2022-12-17 16:09:48] INFO     mem_cmp 0x41CC0000 0x61CC0000 0x00010000 4
[2022-12-17 16:09:48] INFO     mem_cmp 0x41DC0000 0x61DC0000 0x00010000 4
[2022-12-17 16:09:49] INFO     mem_cmp 0x41EC0000 0x61EC0000 0x00010000 4
[2022-12-17 16:09:49] INFO     mem_cmp 0x41FC0000 0x61FC0000 0x00010000 4
[2022-12-17 16:09:50] INFO     mem_cmp 0x420C0000 0x620C0000 0x00010000 4
[2022-12-17 16:09:51] INFO     mem_cmp 0x421C0000 0x621C0000 0x00010000 4
[2022-12-17 16:09:51] INFO     mem_cmp 0x422C0000 0x622C0000 0x00010000 4
[2022-12-17 16:09:52] INFO     mem_cmp 0x423C0000 0x623C0000 0x00010000 4
[2022-12-17 16:09:52] INFO     mem_cmp 0x424C0000 0x624C0000 0x00010000 4
[2022-12-17 16:09:53] INFO     mem_cmp 0x425C0000 0x625C0000 0x00010000 4
[2022-12-17 16:09:54] INFO     mem_cmp 0x426C0000 0x626C0000 0x00010000 4
[2022-12-17 16:09:54] INFO     mem_cmp 0x427C0000 0x627C0000 0x00010000 4
[2022-12-17 16:09:55] INFO     mem_cmp 0x428C0000 0x628C0000 0x00010000 4
[2022-12-17 16:09:55] INFO     mem_cmp 0x429C0000 0x629C0000 0x00010000 4
[2022-12-17 16:09:56] INFO     mem_cmp 0x42AC0000 0x62AC0000 0x00010000 4
[2022-12-17 16:09:56] INFO     mem_cmp 0x42BC0000 0x62BC0000 0x00010000 4
[2022-12-17 16:09:57] INFO     mem_cmp 0x42CC0000 0x62CC0000 0x00010000 4
[2022-12-17 16:09:58] INFO     mem_cmp 0x42DC0000 0x62DC0000 0x00010000 4
[2022-12-17 16:09:58] INFO     mem_cmp 0x42EC0000 0x62EC0000 0x00010000 4
[2022-12-17 16:09:59] INFO     mem_cmp 0x42FC0000 0x62FC0000 0x00010000 4
[2022-12-17 16:09:59] INFO     mem_cmp 0x430C0000 0x630C0000 0x00010000 4
[2022-12-17 16:10:00] INFO     mem_cmp 0x431C0000 0x631C0000 0x00010000 4
[2022-12-17 16:10:00] INFO     mem_cmp 0x432C0000 0x632C0000 0x00010000 4
[2022-12-17 16:10:01] INFO     mem_cmp 0x433C0000 0x633C0000 0x00010000 4
[2022-12-17 16:10:01] INFO     mem_cmp 0x434C0000 0x634C0000 0x00010000 4
[2022-12-17 16:10:02] INFO     mem_cmp 0x435C0000 0x635C0000 0x00010000 4
[2022-12-17 16:10:03] INFO     mem_cmp 0x436C0000 0x636C0000 0x00010000 4
[2022-12-17 16:10:03] INFO     mem_cmp 0x437C0000 0x637C0000 0x00010000 4
[2022-12-17 16:10:04] INFO     mem_cmp 0x438C0000 0x638C0000 0x00010000 4
[2022-12-17 16:10:04] INFO     mem_cmp 0x439C0000 0x639C0000 0x00010000 4
[2022-12-17 16:10:05] INFO     mem_cmp 0x43AC0000 0x63AC0000 0x00010000 4
[2022-12-17 16:10:05] INFO     mem_cmp 0x43BC0000 0x63BC0000 0x00010000 4
[2022-12-17 16:10:06] INFO     mem_cmp 0x43CC0000 0x63CC0000 0x00010000 4
