[2022-12-17 16:10:17] INFO     STATE:Initial Starting State
[2022-12-17 16:10:17] INFO     STATE:Initial Prompt State
[2022-12-17 16:10:17] INFO     Initial prompt attempt #1
[2022-12-17 16:10:17] INFO     Login prompt success
[2022-12-17 16:10:17] INFO     STATE:Mem Init State
[2022-12-17 16:11:47] INFO     STATE:Mem Compare State
[2022-12-17 16:11:51] INFO     mem_cmp 0x407C0000 0x607C0000 0x00010000 4
[2022-12-17 16:11:56] INFO     mem_cmp 0x40FC0000 0x60FC0000 0x00010000 4
[2022-12-17 16:12:00] INFO     mem_cmp 0x417C0000 0x617C0000 0x00010000 4
[2022-12-17 16:12:05] INFO     mem_cmp 0x41FC0000 0x61FC0000 0x00010000 4
[2022-12-17 16:12:09] INFO     mem_cmp 0x427C0000 0x627C0000 0x00010000 4
[2022-12-17 16:12:14] INFO     mem_cmp 0x42FC0000 0x62FC0000 0x00010000 4
[2022-12-17 16:12:18] INFO     mem_cmp 0x437C0000 0x637C0000 0x00010000 4
[2022-12-17 16:12:23] INFO     mem_cmp 0x43FC0000 0x63FC0000 0x00010000 4
[2022-12-17 16:12:28] INFO     mem_cmp 0x447C0000 0x647C0000 0x00010000 4
[2022-12-17 16:12:32] INFO     mem_cmp 0x44FC0000 0x64FC0000 0x00010000 4
[2022-12-17 16:12:37] INFO     mem_cmp 0x457C0000 0x657C0000 0x00010000 4
[2022-12-17 16:12:41] INFO     mem_cmp 0x45FC0000 0x65FC0000 0x00010000 4
[2022-12-17 16:12:46] INFO     mem_cmp 0x467C0000 0x667C0000 0x00010000 4
[2022-12-17 16:12:50] INFO     mem_cmp 0x46FC0000 0x66FC0000 0x00010000 4
[2022-12-17 16:12:55] INFO     mem_cmp 0x477C0000 0x677C0000 0x00010000 4
[2022-12-17 16:13:00] INFO     mem_cmp 0x47FC0000 0x67FC0000 0x00010000 4
[2022-12-17 16:13:04] INFO     mem_cmp 0x487C0000 0x687C0000 0x00010000 4
[2022-12-17 16:13:09] INFO     mem_cmp 0x48FC0000 0x68FC0000 0x00010000 4
[2022-12-17 16:13:13] INFO     mem_cmp 0x497C0000 0x697C0000 0x00010000 4
[2022-12-17 16:13:18] INFO     mem_cmp 0x49FC0000 0x69FC0000 0x00010000 4
[2022-12-17 16:13:22] INFO     mem_cmp 0x4A7C0000 0x6A7C0000 0x00010000 4
[2022-12-17 16:13:27] INFO     mem_cmp 0x4AFC0000 0x6AFC0000 0x00010000 4
[2022-12-17 16:13:31] INFO     mem_cmp 0x4B7C0000 0x6B7C0000 0x00010000 4
[2022-12-17 16:13:36] INFO     mem_cmp 0x4BFC0000 0x6BFC0000 0x00010000 4
[2022-12-17 16:13:40] INFO     mem_cmp 0x4C7C0000 0x6C7C0000 0x00010000 4
[2022-12-17 16:13:45] INFO     mem_cmp 0x4CFC0000 0x6CFC0000 0x00010000 4
[2022-12-17 16:13:49] INFO     mem_cmp 0x4D7C0000 0x6D7C0000 0x00010000 4
[2022-12-17 16:13:54] INFO     mem_cmp 0x4DFC0000 0x6DFC0000 0x00010000 4
[2022-12-17 16:13:58] INFO     mem_cmp 0x4E7C0000 0x6E7C0000 0x00010000 4
[2022-12-17 16:14:03] INFO     mem_cmp 0x4EFC0000 0x6EFC0000 0x00010000 4
[2022-12-17 16:14:07] INFO     mem_cmp 0x4F7C0000 0x6F7C0000 0x00010000 4
[2022-12-17 16:14:12] INFO     mem_cmp 0x4FFC0000 0x6FFC0000 0x00010000 4
[2022-12-17 16:14:16] INFO     mem_cmp 0x507C0000 0x707C0000 0x00010000 4
[2022-12-17 16:14:21] INFO     mem_cmp 0x50FC0000 0x70FC0000 0x00010000 4
[2022-12-17 16:14:25] INFO     mem_cmp 0x517C0000 0x717C0000 0x00010000 4
[2022-12-17 16:14:30] INFO     mem_cmp 0x51FC0000 0x71FC0000 0x00010000 4
[2022-12-17 16:14:34] INFO     mem_cmp 0x527C0000 0x727C0000 0x00010000 4
[2022-12-17 16:14:38] INFO     mem_cmp 0x52FC0000 0x72FC0000 0x00010000 4
[2022-12-17 16:14:43] INFO     mem_cmp 0x537C0000 0x737C0000 0x00010000 4
[2022-12-17 16:14:47] INFO     mem_cmp 0x53FC0000 0x73FC0000 0x00010000 4
[2022-12-17 16:14:51] INFO     mem_cmp 0x547C0000 0x747C0000 0x00010000 4
[2022-12-17 16:14:56] INFO     mem_cmp 0x54FC0000 0x74FC0000 0x00010000 4
[2022-12-17 16:15:00] INFO     mem_cmp 0x557C0000 0x757C0000 0x00010000 4
[2022-12-17 16:15:05] INFO     mem_cmp 0x55FC0000 0x75FC0000 0x00010000 4
[2022-12-17 16:15:10] INFO     mem_cmp 0x567C0000 0x767C0000 0x00010000 4
[2022-12-17 16:15:14] INFO     mem_cmp 0x56FC0000 0x76FC0000 0x00010000 4
