[2022-12-16 15:54:15] INFO     git commit information
[2022-12-16 15:54:15] INFO     	git commit:15a23c6 More notes on the rowhammer test.
[2022-12-16 15:54:15] INFO     	git commit date:Wed Dec 14 12:36:53 2022
[2022-12-16 15:54:15] INFO     	git status:Wed Dec 14 12:36:53 2022
[2022-12-16 15:54:15] INFO     		M beam-test/test_scripts/readme.md
[2022-12-16 15:54:15] INFO     		M beam-test/test_scripts/rowhammer_test.py
[2022-12-16 15:54:15] INFO     		?? beam-test/test_scripts/lansce2022/
[2022-12-16 15:54:15] INFO     Command line information
[2022-12-16 15:54:15] INFO     	Command line:['rowhammer_test.py', '--log_dir', './lansce2022', '--continuous']
[2022-12-16 15:54:15] INFO     	arg:dbg=False
[2022-12-16 15:54:15] INFO     	arg:pattern=None
[2022-12-16 15:54:15] INFO     	arg:continuous=True
[2022-12-16 15:54:15] INFO     	arg:iterations=None
[2022-12-16 15:54:15] INFO     	arg:log_dir=./lansce2022
[2022-12-16 15:54:15] INFO     Iteration 1
[2022-12-16 15:54:16] INFO     Test pattern OK!
[2022-12-16 15:54:16] INFO     Iteration 2
[2022-12-16 15:54:17] INFO     Test pattern OK!
[2022-12-16 15:54:17] INFO     Iteration 3
[2022-12-16 15:54:18] INFO     Test pattern OK!
[2022-12-16 15:54:18] INFO     Iteration 4
[2022-12-16 15:54:18] INFO     Test pattern OK!
[2022-12-16 15:54:18] INFO     Iteration 5
[2022-12-16 15:54:19] INFO     Test pattern OK!
[2022-12-16 15:54:19] INFO     Iteration 6
[2022-12-16 15:54:20] INFO     Test pattern OK!
[2022-12-16 15:54:20] INFO     Iteration 7
[2022-12-16 15:54:21] INFO     Test pattern OK!
[2022-12-16 15:54:21] INFO     Iteration 8
[2022-12-16 15:54:22] INFO     Test pattern OK!
[2022-12-16 15:54:22] INFO     Iteration 9
[2022-12-16 15:54:22] INFO     Test pattern OK!
[2022-12-16 15:54:22] INFO     Iteration 10
[2022-12-16 15:54:23] INFO     Test pattern OK!
[2022-12-16 15:54:23] INFO     Iteration 11
[2022-12-16 15:54:24] INFO     Test pattern OK!
[2022-12-16 15:54:24] INFO     Iteration 12
[2022-12-16 15:54:25] INFO     Test pattern OK!
[2022-12-16 15:54:25] INFO     Iteration 13
[2022-12-16 15:54:26] INFO     Test pattern OK!
[2022-12-16 15:54:26] INFO     Iteration 14
[2022-12-16 15:54:27] INFO     Test pattern OK!
[2022-12-16 15:54:27] INFO     Iteration 15
[2022-12-16 15:54:27] INFO     Test pattern OK!
[2022-12-16 15:54:27] INFO     Iteration 16
[2022-12-16 15:54:28] INFO     Test pattern OK!
[2022-12-16 15:54:28] INFO     Iteration 17
[2022-12-16 15:54:29] INFO     Test pattern OK!
[2022-12-16 15:54:29] INFO     Iteration 18
[2022-12-16 15:54:30] INFO     Test pattern OK!
[2022-12-16 15:54:30] INFO     Iteration 19
[2022-12-16 15:54:31] INFO     Test pattern OK!
[2022-12-16 15:54:31] INFO     Iteration 20
[2022-12-16 15:54:31] INFO     Test pattern OK!
[2022-12-16 15:54:31] INFO     Iteration 21
[2022-12-16 15:54:32] INFO     Test pattern OK!
[2022-12-16 15:54:32] INFO     Iteration 22
[2022-12-16 15:54:33] INFO     Test pattern OK!
[2022-12-16 15:54:33] INFO     Iteration 23
[2022-12-16 15:54:34] INFO     Test pattern OK!
[2022-12-16 15:54:34] INFO     Iteration 24
[2022-12-16 15:54:35] INFO     Test pattern OK!
[2022-12-16 15:54:35] INFO     Iteration 25
[2022-12-16 15:54:35] INFO     Test pattern OK!
[2022-12-16 15:54:35] INFO     Iteration 26
[2022-12-16 15:54:36] INFO     Test pattern OK!
[2022-12-16 15:54:36] INFO     Iteration 27
[2022-12-16 15:54:37] INFO     Test pattern OK!
[2022-12-16 15:54:37] INFO     Iteration 28
[2022-12-16 15:54:38] INFO     Test pattern OK!
[2022-12-16 15:54:38] INFO     Iteration 29
[2022-12-16 15:54:39] INFO     Test pattern OK!
[2022-12-16 15:54:39] INFO     Iteration 30
[2022-12-16 15:54:39] INFO     Test pattern OK!
[2022-12-16 15:54:39] INFO     Iteration 31
[2022-12-16 15:54:40] INFO     Test pattern OK!
[2022-12-16 15:54:40] INFO     Iteration 32
[2022-12-16 15:54:41] INFO     Test pattern OK!
[2022-12-16 15:54:41] INFO     Iteration 33
[2022-12-16 15:54:42] INFO     Test pattern OK!
[2022-12-16 15:54:42] INFO     Iteration 34
[2022-12-16 15:54:43] INFO     Test pattern OK!
[2022-12-16 15:54:43] INFO     Iteration 35
[2022-12-16 15:54:43] INFO     Test pattern OK!
[2022-12-16 15:54:43] INFO     Iteration 36
[2022-12-16 15:54:44] INFO     Test pattern OK!
[2022-12-16 15:54:44] INFO     Iteration 37
[2022-12-16 15:54:45] INFO     Test pattern OK!
[2022-12-16 15:54:45] INFO     Iteration 38
[2022-12-16 15:54:46] INFO     Test pattern OK!
[2022-12-16 15:54:46] INFO     Iteration 39
[2022-12-16 15:54:47] INFO     Test pattern OK!
[2022-12-16 15:54:47] INFO     Iteration 40
[2022-12-16 15:54:48] INFO     Test pattern OK!
[2022-12-16 15:54:48] INFO     Iteration 41
[2022-12-16 15:54:48] INFO     Test pattern OK!
[2022-12-16 15:54:48] INFO     Iteration 42
[2022-12-16 15:54:49] INFO     Test pattern OK!
[2022-12-16 15:54:49] INFO     Iteration 43
[2022-12-16 15:54:50] INFO     Test pattern OK!
[2022-12-16 15:54:50] INFO     Iteration 44
[2022-12-16 15:54:51] INFO     Test pattern OK!
[2022-12-16 15:54:51] INFO     Iteration 45
[2022-12-16 15:54:52] INFO     Test pattern OK!
[2022-12-16 15:54:52] INFO     Iteration 46
[2022-12-16 15:54:52] INFO     Test pattern OK!
[2022-12-16 15:54:52] INFO     Iteration 47
[2022-12-16 15:54:53] INFO     Test pattern OK!
[2022-12-16 15:54:53] INFO     Iteration 48
