[2022-12-18 07:28:50] INFO     STATE:Initial Starting State
[2022-12-18 07:28:50] INFO     STATE:Initial Prompt State
[2022-12-18 07:28:50] INFO     Initial prompt attempt #1
[2022-12-18 07:28:50] INFO     Login prompt success
[2022-12-18 07:28:50] INFO     STATE:Mem Init State
[2022-12-18 07:30:20] INFO     STATE:Mem Compare State
[2022-12-18 07:30:24] INFO     mem_cmp 0x407C0000 0x607C0000 0x00010000 4
[2022-12-18 07:30:29] INFO     mem_cmp 0x40FC0000 0x60FC0000 0x00010000 4
[2022-12-18 07:30:33] INFO     mem_cmp 0x417C0000 0x617C0000 0x00010000 4
[2022-12-18 07:30:38] INFO     mem_cmp 0x41FC0000 0x61FC0000 0x00010000 4
[2022-12-18 07:30:42] INFO     mem_cmp 0x427C0000 0x627C0000 0x00010000 4
[2022-12-18 07:30:47] INFO     mem_cmp 0x42FC0000 0x62FC0000 0x00010000 4
[2022-12-18 07:30:51] INFO     mem_cmp 0x437C0000 0x637C0000 0x00010000 4
[2022-12-18 07:30:56] INFO     mem_cmp 0x43FC0000 0x63FC0000 0x00010000 4
[2022-12-18 07:31:00] INFO     mem_cmp 0x447C0000 0x647C0000 0x00010000 4
[2022-12-18 07:31:05] INFO     mem_cmp 0x44FC0000 0x64FC0000 0x00010000 4
[2022-12-18 07:31:09] INFO     mem_cmp 0x457C0000 0x657C0000 0x00010000 4
[2022-12-18 07:31:14] INFO     mem_cmp 0x45FC0000 0x65FC0000 0x00010000 4
[2022-12-18 07:31:18] INFO     mem_cmp 0x467C0000 0x667C0000 0x00010000 4
[2022-12-18 07:31:22] INFO     mem_cmp 0x46FC0000 0x66FC0000 0x00010000 4
[2022-12-18 07:31:27] INFO     mem_cmp 0x477C0000 0x677C0000 0x00010000 4
[2022-12-18 07:31:31] INFO     mem_cmp 0x47FC0000 0x67FC0000 0x00010000 4
[2022-12-18 07:31:36] INFO     mem_cmp 0x487C0000 0x687C0000 0x00010000 4
