[2022-12-18 10:49:29] INFO     STATE:Initial Starting State
[2022-12-18 10:49:29] INFO     STATE:Repower Board State
[2022-12-18 10:49:29] INFO     NETBOOTER:Attempt 1 to set port 5 with cycle=False
[2022-12-18 10:49:31] INFO     NETBOOTER:Setting port 5 to Off
[2022-12-18 10:49:32] INFO     NETBOOTER:Attempt 1 to set port 5 with cycle=False
[2022-12-18 10:49:34] INFO     NETBOOTER:Setting port 5 to On
[2022-12-18 10:49:35] INFO     STATE:Start Server State
[2022-12-18 10:49:35] INFO     Giving time for system to boot (15 seconds)
[2022-12-18 10:49:50] INFO     Starting Litex Server
[2022-12-18 10:49:50] INFO     Giving time for server to start (15 seconds)
[2022-12-18 10:50:05] INFO     STATE:Create Client State
[2022-12-18 10:50:05] INFO     LiteX Crossover UART created: /dev/pts/14
[2022-12-18 10:50:05] INFO     Attempting to open:/dev/pts/14 at baud 1000000 with timeout=30
[2022-12-18 10:50:05] INFO     Serial port /dev/pts/14 open
[2022-12-18 10:50:05] INFO     STATE:Initial Prompt State
[2022-12-18 10:50:05] INFO     Giving time for bios to initialize (30 seconds)
[2022-12-18 10:50:35] INFO     Initial prompt attempt #1
[2022-12-18 10:50:35] INFO     Login prompt success
[2022-12-18 10:50:35] INFO     STATE:Mem Init State
[2022-12-18 10:50:35] INFO     Giving time for mem_write command (90 seconds)
[2022-12-18 10:52:05] INFO     STATE:Mem Compare State
[2022-12-18 10:52:36] INFO     mem_cmp 0x407C0000 0x607C0000 0x00010000 4
[2022-12-18 10:53:08] INFO     mem_cmp 0x40FC0000 0x60FC0000 0x00010000 4
[2022-12-18 10:53:40] INFO     mem_cmp 0x417C0000 0x617C0000 0x00010000 4
[2022-12-18 10:54:12] INFO     mem_cmp 0x41FC0000 0x61FC0000 0x00010000 4
[2022-12-18 10:54:44] INFO     mem_cmp 0x427C0000 0x627C0000 0x00010000 4
[2022-12-18 10:55:16] INFO     mem_cmp 0x42FC0000 0x62FC0000 0x00010000 4
[2022-12-18 10:55:48] INFO     mem_cmp 0x437C0000 0x637C0000 0x00010000 4
[2022-12-18 10:56:20] INFO     mem_cmp 0x43FC0000 0x63FC0000 0x00010000 4
[2022-12-18 10:56:53] INFO     mem_cmp 0x447C0000 0x647C0000 0x00010000 4
[2022-12-18 10:57:25] INFO     mem_cmp 0x44FC0000 0x64FC0000 0x00010000 4
[2022-12-18 10:57:57] INFO     mem_cmp 0x457C0000 0x657C0000 0x00010000 4
[2022-12-18 10:58:29] INFO     mem_cmp 0x45FC0000 0x65FC0000 0x00010000 4
[2022-12-18 10:59:01] INFO     mem_cmp 0x467C0000 0x667C0000 0x00010000 4
[2022-12-18 10:59:33] INFO     mem_cmp 0x46FC0000 0x66FC0000 0x00010000 4
[2022-12-18 11:00:05] INFO     mem_cmp 0x477C0000 0x677C0000 0x00010000 4
[2022-12-18 11:00:37] INFO     mem_cmp 0x47FC0000 0x67FC0000 0x00010000 4
[2022-12-18 11:01:09] INFO     mem_cmp 0x487C0000 0x687C0000 0x00010000 4
[2022-12-18 11:01:41] INFO     mem_cmp 0x48FC0000 0x68FC0000 0x00010000 4
[2022-12-18 11:02:13] INFO     mem_cmp 0x497C0000 0x697C0000 0x00010000 4
[2022-12-18 11:02:45] INFO     mem_cmp 0x49FC0000 0x69FC0000 0x00010000 4
[2022-12-18 11:03:17] INFO     mem_cmp 0x4A7C0000 0x6A7C0000 0x00010000 4
[2022-12-18 11:03:50] INFO     mem_cmp 0x4AFC0000 0x6AFC0000 0x00010000 4
[2022-12-18 11:04:22] INFO     mem_cmp 0x4B7C0000 0x6B7C0000 0x00010000 4
[2022-12-18 11:04:54] INFO     mem_cmp 0x4BFC0000 0x6BFC0000 0x00010000 4
[2022-12-18 11:05:26] INFO     mem_cmp 0x4C7C0000 0x6C7C0000 0x00010000 4
[2022-12-18 11:05:58] INFO     mem_cmp 0x4CFC0000 0x6CFC0000 0x00010000 4
[2022-12-18 11:06:30] INFO     mem_cmp 0x4D7C0000 0x6D7C0000 0x00010000 4
[2022-12-18 11:07:02] INFO     mem_cmp 0x4DFC0000 0x6DFC0000 0x00010000 4
[2022-12-18 11:07:34] INFO     mem_cmp 0x4E7C0000 0x6E7C0000 0x00010000 4
[2022-12-18 11:08:06] INFO     mem_cmp 0x4EFC0000 0x6EFC0000 0x00010000 4
[2022-12-18 11:08:38] INFO     mem_cmp 0x4F7C0000 0x6F7C0000 0x00010000 4
[2022-12-18 11:09:10] INFO     mem_cmp 0x4FFC0000 0x6FFC0000 0x00010000 4
[2022-12-18 11:09:42] INFO     mem_cmp 0x507C0000 0x707C0000 0x00010000 4
[2022-12-18 11:10:14] INFO     mem_cmp 0x50FC0000 0x70FC0000 0x00010000 4
[2022-12-18 11:10:47] INFO     mem_cmp 0x517C0000 0x717C0000 0x00010000 4
[2022-12-18 11:11:19] INFO     mem_cmp 0x51FC0000 0x71FC0000 0x00010000 4
[2022-12-18 11:11:51] INFO     mem_cmp 0x527C0000 0x727C0000 0x00010000 4
[2022-12-18 11:12:23] INFO     mem_cmp 0x52FC0000 0x72FC0000 0x00010000 4
[2022-12-18 11:12:55] INFO     mem_cmp 0x537C0000 0x737C0000 0x00010000 4
[2022-12-18 11:13:27] INFO     mem_cmp 0x53FC0000 0x73FC0000 0x00010000 4
[2022-12-18 11:13:59] INFO     mem_cmp 0x547C0000 0x747C0000 0x00010000 4
[2022-12-18 11:14:31] INFO     mem_cmp 0x54FC0000 0x74FC0000 0x00010000 4
[2022-12-18 11:15:03] INFO     mem_cmp 0x557C0000 0x757C0000 0x00010000 4
[2022-12-18 11:15:35] INFO     mem_cmp 0x55FC0000 0x75FC0000 0x00010000 4
[2022-12-18 11:16:07] INFO     mem_cmp 0x567C0000 0x767C0000 0x00010000 4
[2022-12-18 11:16:39] INFO     mem_cmp 0x56FC0000 0x76FC0000 0x00010000 4
[2022-12-18 11:17:11] INFO     mem_cmp 0x577C0000 0x777C0000 0x00010000 4
[2022-12-18 11:17:44] INFO     mem_cmp 0x57FC0000 0x77FC0000 0x00010000 4
[2022-12-18 11:18:16] INFO     mem_cmp 0x587C0000 0x787C0000 0x00010000 4
[2022-12-18 11:18:48] INFO     mem_cmp 0x58FC0000 0x78FC0000 0x00010000 4
[2022-12-18 11:19:20] INFO     mem_cmp 0x597C0000 0x797C0000 0x00010000 4
[2022-12-18 11:19:52] INFO     mem_cmp 0x59FC0000 0x79FC0000 0x00010000 4
[2022-12-18 11:20:24] INFO     mem_cmp 0x5A7C0000 0x7A7C0000 0x00010000 4
[2022-12-18 11:20:56] INFO     mem_cmp 0x5AFC0000 0x7AFC0000 0x00010000 4
[2022-12-18 11:21:28] INFO     mem_cmp 0x5B7C0000 0x7B7C0000 0x00010000 4
[2022-12-18 11:22:00] INFO     mem_cmp 0x5BFC0000 0x7BFC0000 0x00010000 4
[2022-12-18 11:22:32] INFO     mem_cmp 0x5C7C0000 0x7C7C0000 0x00010000 4
[2022-12-18 11:23:04] INFO     mem_cmp 0x5CFC0000 0x7CFC0000 0x00010000 4
[2022-12-18 11:23:36] INFO     mem_cmp 0x5D7C0000 0x7D7C0000 0x00010000 4
[2022-12-18 11:24:08] INFO     mem_cmp 0x5DFC0000 0x7DFC0000 0x00010000 4
[2022-12-18 11:24:40] INFO     mem_cmp 0x5E7C0000 0x7E7C0000 0x00010000 4
[2022-12-18 11:25:12] INFO     mem_cmp 0x5EFC0000 0x7EFC0000 0x00010000 4
[2022-12-18 11:25:45] INFO     mem_cmp 0x5F7C0000 0x7F7C0000 0x00010000 4
[2022-12-18 11:26:17] INFO     mem_cmp 0x5FFC0000 0x7FFC0000 0x00010000 4
[2022-12-18 11:26:18] INFO     STATE:Mem Compare State
[2022-12-18 11:26:49] INFO     mem_cmp 0x407C0000 0x607C0000 0x00010000 4
[2022-12-18 11:27:21] INFO     mem_cmp 0x40FC0000 0x60FC0000 0x00010000 4
[2022-12-18 11:27:53] INFO     mem_cmp 0x417C0000 0x617C0000 0x00010000 4
[2022-12-18 11:28:25] INFO     mem_cmp 0x41FC0000 0x61FC0000 0x00010000 4
[2022-12-18 11:28:57] INFO     mem_cmp 0x427C0000 0x627C0000 0x00010000 4
[2022-12-18 11:29:29] INFO     mem_cmp 0x42FC0000 0x62FC0000 0x00010000 4
[2022-12-18 11:30:01] INFO     mem_cmp 0x437C0000 0x637C0000 0x00010000 4
[2022-12-18 11:30:33] INFO     mem_cmp 0x43FC0000 0x63FC0000 0x00010000 4
[2022-12-18 11:31:05] INFO     mem_cmp 0x447C0000 0x647C0000 0x00010000 4
[2022-12-18 11:31:38] INFO     mem_cmp 0x44FC0000 0x64FC0000 0x00010000 4
[2022-12-18 11:32:10] INFO     mem_cmp 0x457C0000 0x657C0000 0x00010000 4
[2022-12-18 11:32:42] INFO     mem_cmp 0x45FC0000 0x65FC0000 0x00010000 4
[2022-12-18 11:33:14] INFO     mem_cmp 0x467C0000 0x667C0000 0x00010000 4
[2022-12-18 11:33:46] INFO     mem_cmp 0x46FC0000 0x66FC0000 0x00010000 4
[2022-12-18 11:34:18] INFO     mem_cmp 0x477C0000 0x677C0000 0x00010000 4
[2022-12-18 11:34:50] INFO     mem_cmp 0x47FC0000 0x67FC0000 0x00010000 4
[2022-12-18 11:35:22] INFO     mem_cmp 0x487C0000 0x687C0000 0x00010000 4
[2022-12-18 11:35:54] INFO     mem_cmp 0x48FC0000 0x68FC0000 0x00010000 4
[2022-12-18 11:36:26] INFO     mem_cmp 0x497C0000 0x697C0000 0x00010000 4
[2022-12-18 11:36:58] INFO     mem_cmp 0x49FC0000 0x69FC0000 0x00010000 4
[2022-12-18 11:37:31] INFO     mem_cmp 0x4A7C0000 0x6A7C0000 0x00010000 4
[2022-12-18 11:38:03] INFO     mem_cmp 0x4AFC0000 0x6AFC0000 0x00010000 4
[2022-12-18 11:38:35] INFO     mem_cmp 0x4B7C0000 0x6B7C0000 0x00010000 4
[2022-12-18 11:39:07] INFO     mem_cmp 0x4BFC0000 0x6BFC0000 0x00010000 4
[2022-12-18 11:39:39] INFO     mem_cmp 0x4C7C0000 0x6C7C0000 0x00010000 4
[2022-12-18 11:40:11] INFO     mem_cmp 0x4CFC0000 0x6CFC0000 0x00010000 4
[2022-12-18 11:40:43] INFO     mem_cmp 0x4D7C0000 0x6D7C0000 0x00010000 4
[2022-12-18 11:41:15] INFO     mem_cmp 0x4DFC0000 0x6DFC0000 0x00010000 4
[2022-12-18 11:41:47] INFO     mem_cmp 0x4E7C0000 0x6E7C0000 0x00010000 4
[2022-12-18 11:42:19] INFO     mem_cmp 0x4EFC0000 0x6EFC0000 0x00010000 4
[2022-12-18 11:42:52] INFO     mem_cmp 0x4F7C0000 0x6F7C0000 0x00010000 4
[2022-12-18 11:43:24] INFO     mem_cmp 0x4FFC0000 0x6FFC0000 0x00010000 4
[2022-12-18 11:43:56] INFO     mem_cmp 0x507C0000 0x707C0000 0x00010000 4
[2022-12-18 11:44:28] INFO     mem_cmp 0x50FC0000 0x70FC0000 0x00010000 4
[2022-12-18 11:45:00] INFO     mem_cmp 0x517C0000 0x717C0000 0x00010000 4
[2022-12-18 11:45:32] INFO     mem_cmp 0x51FC0000 0x71FC0000 0x00010000 4
[2022-12-18 11:46:04] INFO     mem_cmp 0x527C0000 0x727C0000 0x00010000 4
[2022-12-18 11:46:36] INFO     mem_cmp 0x52FC0000 0x72FC0000 0x00010000 4
[2022-12-18 11:47:08] INFO     mem_cmp 0x537C0000 0x737C0000 0x00010000 4
[2022-12-18 11:47:40] INFO     mem_cmp 0x53FC0000 0x73FC0000 0x00010000 4
[2022-12-18 11:48:12] INFO     mem_cmp 0x547C0000 0x747C0000 0x00010000 4
[2022-12-18 11:48:45] INFO     mem_cmp 0x54FC0000 0x74FC0000 0x00010000 4
[2022-12-18 11:49:17] INFO     mem_cmp 0x557C0000 0x757C0000 0x00010000 4
[2022-12-18 11:49:49] INFO     mem_cmp 0x55FC0000 0x75FC0000 0x00010000 4
[2022-12-18 11:50:21] INFO     mem_cmp 0x567C0000 0x767C0000 0x00010000 4
[2022-12-18 11:50:53] INFO     mem_cmp 0x56FC0000 0x76FC0000 0x00010000 4
[2022-12-18 11:51:25] INFO     mem_cmp 0x577C0000 0x777C0000 0x00010000 4
[2022-12-18 11:51:57] INFO     mem_cmp 0x57FC0000 0x77FC0000 0x00010000 4
[2022-12-18 11:52:29] INFO     mem_cmp 0x587C0000 0x787C0000 0x00010000 4
[2022-12-18 11:53:01] INFO     mem_cmp 0x58FC0000 0x78FC0000 0x00010000 4
[2022-12-18 11:53:33] INFO     mem_cmp 0x597C0000 0x797C0000 0x00010000 4
[2022-12-18 11:54:05] INFO     mem_cmp 0x59FC0000 0x79FC0000 0x00010000 4
[2022-12-18 11:54:37] INFO     mem_cmp 0x5A7C0000 0x7A7C0000 0x00010000 4
[2022-12-18 11:55:09] INFO     mem_cmp 0x5AFC0000 0x7AFC0000 0x00010000 4
[2022-12-18 11:55:42] INFO     mem_cmp 0x5B7C0000 0x7B7C0000 0x00010000 4
[2022-12-18 11:56:14] INFO     mem_cmp 0x5BFC0000 0x7BFC0000 0x00010000 4
[2022-12-18 11:56:46] INFO     mem_cmp 0x5C7C0000 0x7C7C0000 0x00010000 4
[2022-12-18 11:57:18] INFO     mem_cmp 0x5CFC0000 0x7CFC0000 0x00010000 4
[2022-12-18 11:57:50] INFO     mem_cmp 0x5D7C0000 0x7D7C0000 0x00010000 4
[2022-12-18 11:58:22] INFO     mem_cmp 0x5DFC0000 0x7DFC0000 0x00010000 4
[2022-12-18 11:58:54] INFO     mem_cmp 0x5E7C0000 0x7E7C0000 0x00010000 4
[2022-12-18 11:59:26] INFO     mem_cmp 0x5EFC0000 0x7EFC0000 0x00010000 4
[2022-12-18 11:59:58] INFO     mem_cmp 0x5F7C0000 0x7F7C0000 0x00010000 4
[2022-12-18 12:00:30] INFO     mem_cmp 0x5FFC0000 0x7FFC0000 0x00010000 4
[2022-12-18 12:00:31] INFO     STATE:Mem Compare State
[2022-12-18 12:01:02] INFO     mem_cmp 0x407C0000 0x607C0000 0x00010000 4
[2022-12-18 12:01:34] INFO     mem_cmp 0x40FC0000 0x60FC0000 0x00010000 4
[2022-12-18 12:02:06] INFO     mem_cmp 0x417C0000 0x617C0000 0x00010000 4
[2022-12-18 12:02:38] INFO     mem_cmp 0x41FC0000 0x61FC0000 0x00010000 4
[2022-12-18 12:03:11] INFO     mem_cmp 0x427C0000 0x627C0000 0x00010000 4
[2022-12-18 12:03:43] INFO     mem_cmp 0x42FC0000 0x62FC0000 0x00010000 4
[2022-12-18 12:04:15] INFO     mem_cmp 0x437C0000 0x637C0000 0x00010000 4
[2022-12-18 12:04:47] INFO     mem_cmp 0x43FC0000 0x63FC0000 0x00010000 4
[2022-12-18 12:05:19] INFO     mem_cmp 0x447C0000 0x647C0000 0x00010000 4
[2022-12-18 12:05:51] INFO     mem_cmp 0x44FC0000 0x64FC0000 0x00010000 4
[2022-12-18 12:06:23] INFO     mem_cmp 0x457C0000 0x657C0000 0x00010000 4
[2022-12-18 12:06:55] INFO     mem_cmp 0x45FC0000 0x65FC0000 0x00010000 4
[2022-12-18 12:07:27] INFO     mem_cmp 0x467C0000 0x667C0000 0x00010000 4
[2022-12-18 12:07:59] INFO     mem_cmp 0x46FC0000 0x66FC0000 0x00010000 4
[2022-12-18 12:08:31] INFO     mem_cmp 0x477C0000 0x677C0000 0x00010000 4
[2022-12-18 12:09:03] INFO     mem_cmp 0x47FC0000 0x67FC0000 0x00010000 4
[2022-12-18 12:09:35] INFO     mem_cmp 0x487C0000 0x687C0000 0x00010000 4
[2022-12-18 12:10:07] INFO     mem_cmp 0x48FC0000 0x68FC0000 0x00010000 4
[2022-12-18 12:10:40] INFO     mem_cmp 0x497C0000 0x697C0000 0x00010000 4
[2022-12-18 12:11:12] INFO     mem_cmp 0x49FC0000 0x69FC0000 0x00010000 4
[2022-12-18 12:11:44] INFO     mem_cmp 0x4A7C0000 0x6A7C0000 0x00010000 4
[2022-12-18 12:12:16] INFO     mem_cmp 0x4AFC0000 0x6AFC0000 0x00010000 4
[2022-12-18 12:12:48] INFO     mem_cmp 0x4B7C0000 0x6B7C0000 0x00010000 4
[2022-12-18 12:13:20] INFO     mem_cmp 0x4BFC0000 0x6BFC0000 0x00010000 4
[2022-12-18 12:13:52] INFO     mem_cmp 0x4C7C0000 0x6C7C0000 0x00010000 4
[2022-12-18 12:14:24] INFO     mem_cmp 0x4CFC0000 0x6CFC0000 0x00010000 4
[2022-12-18 12:14:56] INFO     mem_cmp 0x4D7C0000 0x6D7C0000 0x00010000 4
[2022-12-18 12:15:28] INFO     mem_cmp 0x4DFC0000 0x6DFC0000 0x00010000 4
[2022-12-18 12:16:00] INFO     mem_cmp 0x4E7C0000 0x6E7C0000 0x00010000 4
[2022-12-18 12:16:32] INFO     mem_cmp 0x4EFC0000 0x6EFC0000 0x00010000 4
[2022-12-18 12:17:05] INFO     mem_cmp 0x4F7C0000 0x6F7C0000 0x00010000 4
[2022-12-18 12:17:37] INFO     mem_cmp 0x4FFC0000 0x6FFC0000 0x00010000 4
[2022-12-18 12:18:09] INFO     mem_cmp 0x507C0000 0x707C0000 0x00010000 4
[2022-12-18 12:18:41] INFO     mem_cmp 0x50FC0000 0x70FC0000 0x00010000 4
[2022-12-18 12:19:13] INFO     mem_cmp 0x517C0000 0x717C0000 0x00010000 4
[2022-12-18 12:19:45] INFO     mem_cmp 0x51FC0000 0x71FC0000 0x00010000 4
[2022-12-18 12:20:17] INFO     mem_cmp 0x527C0000 0x727C0000 0x00010000 4
[2022-12-18 12:20:49] INFO     mem_cmp 0x52FC0000 0x72FC0000 0x00010000 4
[2022-12-18 12:21:21] INFO     mem_cmp 0x537C0000 0x737C0000 0x00010000 4
[2022-12-18 12:21:53] INFO     mem_cmp 0x53FC0000 0x73FC0000 0x00010000 4
[2022-12-18 12:22:25] INFO     mem_cmp 0x547C0000 0x747C0000 0x00010000 4
[2022-12-18 12:22:57] INFO     mem_cmp 0x54FC0000 0x74FC0000 0x00010000 4
[2022-12-18 12:23:29] INFO     mem_cmp 0x557C0000 0x757C0000 0x00010000 4
[2022-12-18 12:24:02] INFO     mem_cmp 0x55FC0000 0x75FC0000 0x00010000 4
[2022-12-18 12:24:34] INFO     mem_cmp 0x567C0000 0x767C0000 0x00010000 4
[2022-12-18 12:25:06] INFO     mem_cmp 0x56FC0000 0x76FC0000 0x00010000 4
[2022-12-18 12:25:38] INFO     mem_cmp 0x577C0000 0x777C0000 0x00010000 4
[2022-12-18 12:26:10] INFO     mem_cmp 0x57FC0000 0x77FC0000 0x00010000 4
[2022-12-18 12:26:42] INFO     mem_cmp 0x587C0000 0x787C0000 0x00010000 4
[2022-12-18 12:27:14] INFO     mem_cmp 0x58FC0000 0x78FC0000 0x00010000 4
[2022-12-18 12:27:46] INFO     mem_cmp 0x597C0000 0x797C0000 0x00010000 4
[2022-12-18 12:28:18] INFO     mem_cmp 0x59FC0000 0x79FC0000 0x00010000 4
[2022-12-18 12:28:50] INFO     mem_cmp 0x5A7C0000 0x7A7C0000 0x00010000 4
[2022-12-18 12:29:23] INFO     mem_cmp 0x5AFC0000 0x7AFC0000 0x00010000 4
[2022-12-18 12:29:55] INFO     mem_cmp 0x5B7C0000 0x7B7C0000 0x00010000 4
[2022-12-18 12:30:27] INFO     mem_cmp 0x5BFC0000 0x7BFC0000 0x00010000 4
[2022-12-18 12:30:59] INFO     mem_cmp 0x5C7C0000 0x7C7C0000 0x00010000 4
[2022-12-18 12:31:31] INFO     mem_cmp 0x5CFC0000 0x7CFC0000 0x00010000 4
[2022-12-18 12:32:03] INFO     mem_cmp 0x5D7C0000 0x7D7C0000 0x00010000 4
[2022-12-18 12:32:35] INFO     mem_cmp 0x5DFC0000 0x7DFC0000 0x00010000 4
[2022-12-18 12:33:07] INFO     mem_cmp 0x5E7C0000 0x7E7C0000 0x00010000 4
[2022-12-18 12:33:39] INFO     mem_cmp 0x5EFC0000 0x7EFC0000 0x00010000 4
[2022-12-18 12:34:11] INFO     mem_cmp 0x5F7C0000 0x7F7C0000 0x00010000 4
[2022-12-18 12:34:43] INFO     mem_cmp 0x5FFC0000 0x7FFC0000 0x00010000 4
[2022-12-18 12:34:44] INFO     STATE:Mem Compare State
[2022-12-18 12:35:15] INFO     mem_cmp 0x407C0000 0x607C0000 0x00010000 4
[2022-12-18 12:35:47] INFO     mem_cmp 0x40FC0000 0x60FC0000 0x00010000 4
[2022-12-18 12:36:20] INFO     mem_cmp 0x417C0000 0x617C0000 0x00010000 4
[2022-12-18 12:36:52] INFO     mem_cmp 0x41FC0000 0x61FC0000 0x00010000 4
[2022-12-18 12:37:24] INFO     mem_cmp 0x427C0000 0x627C0000 0x00010000 4
[2022-12-18 12:37:56] INFO     mem_cmp 0x42FC0000 0x62FC0000 0x00010000 4
[2022-12-18 12:38:28] INFO     mem_cmp 0x437C0000 0x637C0000 0x00010000 4
[2022-12-18 12:39:00] INFO     mem_cmp 0x43FC0000 0x63FC0000 0x00010000 4
[2022-12-18 12:39:32] INFO     mem_cmp 0x447C0000 0x647C0000 0x00010000 4
[2022-12-18 12:40:04] INFO     mem_cmp 0x44FC0000 0x64FC0000 0x00010000 4
[2022-12-18 12:40:36] INFO     mem_cmp 0x457C0000 0x657C0000 0x00010000 4
[2022-12-18 12:41:08] INFO     mem_cmp 0x45FC0000 0x65FC0000 0x00010000 4
[2022-12-18 12:41:41] INFO     mem_cmp 0x467C0000 0x667C0000 0x00010000 4
[2022-12-18 12:42:13] INFO     mem_cmp 0x46FC0000 0x66FC0000 0x00010000 4
[2022-12-18 12:42:45] INFO     mem_cmp 0x477C0000 0x677C0000 0x00010000 4
[2022-12-18 12:43:17] INFO     mem_cmp 0x47FC0000 0x67FC0000 0x00010000 4
[2022-12-18 12:43:49] INFO     mem_cmp 0x487C0000 0x687C0000 0x00010000 4
[2022-12-18 12:44:21] INFO     mem_cmp 0x48FC0000 0x68FC0000 0x00010000 4
[2022-12-18 12:44:53] INFO     mem_cmp 0x497C0000 0x697C0000 0x00010000 4
[2022-12-18 12:45:25] INFO     mem_cmp 0x49FC0000 0x69FC0000 0x00010000 4
[2022-12-18 12:45:57] INFO     mem_cmp 0x4A7C0000 0x6A7C0000 0x00010000 4
[2022-12-18 12:46:29] INFO     mem_cmp 0x4AFC0000 0x6AFC0000 0x00010000 4
[2022-12-18 12:47:01] INFO     mem_cmp 0x4B7C0000 0x6B7C0000 0x00010000 4
[2022-12-18 12:47:33] INFO     mem_cmp 0x4BFC0000 0x6BFC0000 0x00010000 4
[2022-12-18 12:48:05] INFO     mem_cmp 0x4C7C0000 0x6C7C0000 0x00010000 4
[2022-12-18 12:48:37] INFO     mem_cmp 0x4CFC0000 0x6CFC0000 0x00010000 4
[2022-12-18 12:49:10] INFO     mem_cmp 0x4D7C0000 0x6D7C0000 0x00010000 4
[2022-12-18 12:49:42] INFO     mem_cmp 0x4DFC0000 0x6DFC0000 0x00010000 4
[2022-12-18 12:50:14] INFO     mem_cmp 0x4E7C0000 0x6E7C0000 0x00010000 4
[2022-12-18 12:50:46] INFO     mem_cmp 0x4EFC0000 0x6EFC0000 0x00010000 4
[2022-12-18 12:51:18] INFO     mem_cmp 0x4F7C0000 0x6F7C0000 0x00010000 4
[2022-12-18 12:51:50] INFO     mem_cmp 0x4FFC0000 0x6FFC0000 0x00010000 4
[2022-12-18 12:52:22] INFO     mem_cmp 0x507C0000 0x707C0000 0x00010000 4
[2022-12-18 12:52:54] INFO     mem_cmp 0x50FC0000 0x70FC0000 0x00010000 4
[2022-12-18 12:53:26] INFO     mem_cmp 0x517C0000 0x717C0000 0x00010000 4
[2022-12-18 12:53:58] INFO     mem_cmp 0x51FC0000 0x71FC0000 0x00010000 4
[2022-12-18 12:54:30] INFO     mem_cmp 0x527C0000 0x727C0000 0x00010000 4
[2022-12-18 12:55:02] INFO     mem_cmp 0x52FC0000 0x72FC0000 0x00010000 4
[2022-12-18 12:55:34] INFO     mem_cmp 0x537C0000 0x737C0000 0x00010000 4
[2022-12-18 12:56:07] INFO     mem_cmp 0x53FC0000 0x73FC0000 0x00010000 4
[2022-12-18 12:56:39] INFO     mem_cmp 0x547C0000 0x747C0000 0x00010000 4
[2022-12-18 12:57:11] INFO     mem_cmp 0x54FC0000 0x74FC0000 0x00010000 4
[2022-12-18 12:57:43] INFO     mem_cmp 0x557C0000 0x757C0000 0x00010000 4
[2022-12-18 12:58:15] INFO     mem_cmp 0x55FC0000 0x75FC0000 0x00010000 4
[2022-12-18 12:58:47] INFO     mem_cmp 0x567C0000 0x767C0000 0x00010000 4
[2022-12-18 12:59:19] INFO     mem_cmp 0x56FC0000 0x76FC0000 0x00010000 4
[2022-12-18 12:59:51] INFO     mem_cmp 0x577C0000 0x777C0000 0x00010000 4
[2022-12-18 13:00:23] INFO     mem_cmp 0x57FC0000 0x77FC0000 0x00010000 4
[2022-12-18 13:00:55] INFO     mem_cmp 0x587C0000 0x787C0000 0x00010000 4
[2022-12-18 13:01:27] INFO     mem_cmp 0x58FC0000 0x78FC0000 0x00010000 4
[2022-12-18 13:01:59] INFO     mem_cmp 0x597C0000 0x797C0000 0x00010000 4
[2022-12-18 13:02:31] INFO     mem_cmp 0x59FC0000 0x79FC0000 0x00010000 4
[2022-12-18 13:03:03] INFO     mem_cmp 0x5A7C0000 0x7A7C0000 0x00010000 4
[2022-12-18 13:03:36] INFO     mem_cmp 0x5AFC0000 0x7AFC0000 0x00010000 4
[2022-12-18 13:04:08] INFO     mem_cmp 0x5B7C0000 0x7B7C0000 0x00010000 4
[2022-12-18 13:04:40] INFO     mem_cmp 0x5BFC0000 0x7BFC0000 0x00010000 4
[2022-12-18 13:05:12] INFO     mem_cmp 0x5C7C0000 0x7C7C0000 0x00010000 4
[2022-12-18 13:05:44] INFO     mem_cmp 0x5CFC0000 0x7CFC0000 0x00010000 4
[2022-12-18 13:06:16] INFO     mem_cmp 0x5D7C0000 0x7D7C0000 0x00010000 4
[2022-12-18 13:06:48] INFO     mem_cmp 0x5DFC0000 0x7DFC0000 0x00010000 4
[2022-12-18 13:07:20] INFO     mem_cmp 0x5E7C0000 0x7E7C0000 0x00010000 4
[2022-12-18 13:07:52] INFO     mem_cmp 0x5EFC0000 0x7EFC0000 0x00010000 4
[2022-12-18 13:08:25] INFO     mem_cmp 0x5F7C0000 0x7F7C0000 0x00010000 4
[2022-12-18 13:08:57] INFO     mem_cmp 0x5FFC0000 0x7FFC0000 0x00010000 4
[2022-12-18 13:08:58] INFO     STATE:Mem Compare State
[2022-12-18 13:09:29] INFO     mem_cmp 0x407C0000 0x607C0000 0x00010000 4
[2022-12-18 13:10:01] INFO     mem_cmp 0x40FC0000 0x60FC0000 0x00010000 4
[2022-12-18 13:10:33] INFO     mem_cmp 0x417C0000 0x617C0000 0x00010000 4
[2022-12-18 13:11:05] INFO     mem_cmp 0x41FC0000 0x61FC0000 0x00010000 4
[2022-12-18 13:11:37] INFO     mem_cmp 0x427C0000 0x627C0000 0x00010000 4
[2022-12-18 13:12:09] INFO     mem_cmp 0x42FC0000 0x62FC0000 0x00010000 4
[2022-12-18 13:12:41] INFO     mem_cmp 0x437C0000 0x637C0000 0x00010000 4
[2022-12-18 13:13:13] INFO     mem_cmp 0x43FC0000 0x63FC0000 0x00010000 4
[2022-12-18 13:13:45] INFO     mem_cmp 0x447C0000 0x647C0000 0x00010000 4
[2022-12-18 13:14:17] INFO     mem_cmp 0x44FC0000 0x64FC0000 0x00010000 4
[2022-12-18 13:14:50] INFO     mem_cmp 0x457C0000 0x657C0000 0x00010000 4
[2022-12-18 13:15:22] INFO     mem_cmp 0x45FC0000 0x65FC0000 0x00010000 4
[2022-12-18 13:15:54] INFO     mem_cmp 0x467C0000 0x667C0000 0x00010000 4
[2022-12-18 13:16:26] INFO     mem_cmp 0x46FC0000 0x66FC0000 0x00010000 4
[2022-12-18 13:16:58] INFO     mem_cmp 0x477C0000 0x677C0000 0x00010000 4
[2022-12-18 13:17:30] INFO     mem_cmp 0x47FC0000 0x67FC0000 0x00010000 4
[2022-12-18 13:18:02] INFO     mem_cmp 0x487C0000 0x687C0000 0x00010000 4
[2022-12-18 13:18:34] INFO     mem_cmp 0x48FC0000 0x68FC0000 0x00010000 4
[2022-12-18 13:19:06] INFO     mem_cmp 0x497C0000 0x697C0000 0x00010000 4
[2022-12-18 13:19:38] INFO     mem_cmp 0x49FC0000 0x69FC0000 0x00010000 4
[2022-12-18 13:20:10] INFO     mem_cmp 0x4A7C0000 0x6A7C0000 0x00010000 4
[2022-12-18 13:20:42] INFO     mem_cmp 0x4AFC0000 0x6AFC0000 0x00010000 4
[2022-12-18 13:21:14] INFO     mem_cmp 0x4B7C0000 0x6B7C0000 0x00010000 4
[2022-12-18 13:21:47] INFO     mem_cmp 0x4BFC0000 0x6BFC0000 0x00010000 4
[2022-12-18 13:22:19] INFO     mem_cmp 0x4C7C0000 0x6C7C0000 0x00010000 4
[2022-12-18 13:22:51] INFO     mem_cmp 0x4CFC0000 0x6CFC0000 0x00010000 4
[2022-12-18 13:23:23] INFO     mem_cmp 0x4D7C0000 0x6D7C0000 0x00010000 4
[2022-12-18 13:23:55] INFO     mem_cmp 0x4DFC0000 0x6DFC0000 0x00010000 4
[2022-12-18 13:24:27] INFO     mem_cmp 0x4E7C0000 0x6E7C0000 0x00010000 4
[2022-12-18 13:24:59] INFO     mem_cmp 0x4EFC0000 0x6EFC0000 0x00010000 4
[2022-12-18 13:25:31] INFO     mem_cmp 0x4F7C0000 0x6F7C0000 0x00010000 4
[2022-12-18 13:26:03] INFO     mem_cmp 0x4FFC0000 0x6FFC0000 0x00010000 4
[2022-12-18 13:26:35] INFO     mem_cmp 0x507C0000 0x707C0000 0x00010000 4
[2022-12-18 13:27:07] INFO     mem_cmp 0x50FC0000 0x70FC0000 0x00010000 4
[2022-12-18 13:27:39] INFO     mem_cmp 0x517C0000 0x717C0000 0x00010000 4
[2022-12-18 13:28:11] INFO     mem_cmp 0x51FC0000 0x71FC0000 0x00010000 4
[2022-12-18 13:28:43] INFO     mem_cmp 0x527C0000 0x727C0000 0x00010000 4
[2022-12-18 13:29:16] INFO     mem_cmp 0x52FC0000 0x72FC0000 0x00010000 4
[2022-12-18 13:29:48] INFO     mem_cmp 0x537C0000 0x737C0000 0x00010000 4
[2022-12-18 13:30:20] INFO     mem_cmp 0x53FC0000 0x73FC0000 0x00010000 4
[2022-12-18 13:30:52] INFO     mem_cmp 0x547C0000 0x747C0000 0x00010000 4
[2022-12-18 13:31:24] INFO     mem_cmp 0x54FC0000 0x74FC0000 0x00010000 4
[2022-12-18 13:31:56] INFO     mem_cmp 0x557C0000 0x757C0000 0x00010000 4
[2022-12-18 13:32:28] INFO     mem_cmp 0x55FC0000 0x75FC0000 0x00010000 4
[2022-12-18 13:33:00] INFO     mem_cmp 0x567C0000 0x767C0000 0x00010000 4
[2022-12-18 13:33:32] INFO     mem_cmp 0x56FC0000 0x76FC0000 0x00010000 4
[2022-12-18 13:34:04] INFO     mem_cmp 0x577C0000 0x777C0000 0x00010000 4
[2022-12-18 13:34:36] INFO     mem_cmp 0x57FC0000 0x77FC0000 0x00010000 4
[2022-12-18 13:35:09] INFO     mem_cmp 0x587C0000 0x787C0000 0x00010000 4
[2022-12-18 13:35:41] INFO     mem_cmp 0x58FC0000 0x78FC0000 0x00010000 4
[2022-12-18 13:36:13] INFO     mem_cmp 0x597C0000 0x797C0000 0x00010000 4
[2022-12-18 13:36:45] INFO     mem_cmp 0x59FC0000 0x79FC0000 0x00010000 4
[2022-12-18 13:37:17] INFO     mem_cmp 0x5A7C0000 0x7A7C0000 0x00010000 4
[2022-12-18 13:37:49] INFO     mem_cmp 0x5AFC0000 0x7AFC0000 0x00010000 4
[2022-12-18 13:38:21] INFO     mem_cmp 0x5B7C0000 0x7B7C0000 0x00010000 4
[2022-12-18 13:38:53] INFO     mem_cmp 0x5BFC0000 0x7BFC0000 0x00010000 4
[2022-12-18 13:39:25] INFO     mem_cmp 0x5C7C0000 0x7C7C0000 0x00010000 4
[2022-12-18 13:39:57] INFO     mem_cmp 0x5CFC0000 0x7CFC0000 0x00010000 4
[2022-12-18 13:40:29] INFO     mem_cmp 0x5D7C0000 0x7D7C0000 0x00010000 4
[2022-12-18 13:41:01] INFO     mem_cmp 0x5DFC0000 0x7DFC0000 0x00010000 4
[2022-12-18 13:41:33] INFO     mem_cmp 0x5E7C0000 0x7E7C0000 0x00010000 4
[2022-12-18 13:42:06] INFO     mem_cmp 0x5EFC0000 0x7EFC0000 0x00010000 4
[2022-12-18 13:42:38] INFO     mem_cmp 0x5F7C0000 0x7F7C0000 0x00010000 4
[2022-12-18 13:43:10] INFO     mem_cmp 0x5FFC0000 0x7FFC0000 0x00010000 4
[2022-12-18 13:43:11] INFO     STATE:Mem Compare State
[2022-12-18 13:43:42] INFO     mem_cmp 0x407C0000 0x607C0000 0x00010000 4
[2022-12-18 13:44:14] INFO     mem_cmp 0x40FC0000 0x60FC0000 0x00010000 4
[2022-12-18 13:44:46] INFO     mem_cmp 0x417C0000 0x617C0000 0x00010000 4
[2022-12-18 13:45:18] INFO     mem_cmp 0x41FC0000 0x61FC0000 0x00010000 4
[2022-12-18 13:45:50] INFO     mem_cmp 0x427C0000 0x627C0000 0x00010000 4
[2022-12-18 13:46:22] INFO     mem_cmp 0x42FC0000 0x62FC0000 0x00010000 4
[2022-12-18 13:46:54] INFO     mem_cmp 0x437C0000 0x637C0000 0x00010000 4
[2022-12-18 13:47:26] INFO     mem_cmp 0x43FC0000 0x63FC0000 0x00010000 4
[2022-12-18 13:47:58] INFO     mem_cmp 0x447C0000 0x647C0000 0x00010000 4
[2022-12-18 13:48:31] INFO     mem_cmp 0x44FC0000 0x64FC0000 0x00010000 4
[2022-12-18 13:49:03] INFO     mem_cmp 0x457C0000 0x657C0000 0x00010000 4
[2022-12-18 13:49:35] INFO     mem_cmp 0x45FC0000 0x65FC0000 0x00010000 4
[2022-12-18 13:50:07] INFO     mem_cmp 0x467C0000 0x667C0000 0x00010000 4
[2022-12-18 13:50:39] INFO     mem_cmp 0x46FC0000 0x66FC0000 0x00010000 4
[2022-12-18 13:51:11] INFO     mem_cmp 0x477C0000 0x677C0000 0x00010000 4
[2022-12-18 13:51:43] INFO     mem_cmp 0x47FC0000 0x67FC0000 0x00010000 4
[2022-12-18 13:52:15] INFO     mem_cmp 0x487C0000 0x687C0000 0x00010000 4
[2022-12-18 13:52:47] INFO     mem_cmp 0x48FC0000 0x68FC0000 0x00010000 4
[2022-12-18 13:53:19] INFO     mem_cmp 0x497C0000 0x697C0000 0x00010000 4
[2022-12-18 13:53:51] INFO     mem_cmp 0x49FC0000 0x69FC0000 0x00010000 4
[2022-12-18 13:54:23] INFO     mem_cmp 0x4A7C0000 0x6A7C0000 0x00010000 4
[2022-12-18 13:54:56] INFO     mem_cmp 0x4AFC0000 0x6AFC0000 0x00010000 4
[2022-12-18 13:55:28] INFO     mem_cmp 0x4B7C0000 0x6B7C0000 0x00010000 4
[2022-12-18 13:56:00] INFO     mem_cmp 0x4BFC0000 0x6BFC0000 0x00010000 4
[2022-12-18 13:56:32] INFO     mem_cmp 0x4C7C0000 0x6C7C0000 0x00010000 4
[2022-12-18 13:57:04] INFO     mem_cmp 0x4CFC0000 0x6CFC0000 0x00010000 4
[2022-12-18 13:57:36] INFO     mem_cmp 0x4D7C0000 0x6D7C0000 0x00010000 4
[2022-12-18 13:58:08] INFO     mem_cmp 0x4DFC0000 0x6DFC0000 0x00010000 4
[2022-12-18 13:58:40] INFO     mem_cmp 0x4E7C0000 0x6E7C0000 0x00010000 4
[2022-12-18 13:59:12] INFO     mem_cmp 0x4EFC0000 0x6EFC0000 0x00010000 4
[2022-12-18 13:59:44] INFO     mem_cmp 0x4F7C0000 0x6F7C0000 0x00010000 4
[2022-12-18 14:00:17] INFO     mem_cmp 0x4FFC0000 0x6FFC0000 0x00010000 4
[2022-12-18 14:00:49] INFO     mem_cmp 0x507C0000 0x707C0000 0x00010000 4
[2022-12-18 14:01:21] INFO     mem_cmp 0x50FC0000 0x70FC0000 0x00010000 4
[2022-12-18 14:01:53] INFO     mem_cmp 0x517C0000 0x717C0000 0x00010000 4
[2022-12-18 14:02:25] INFO     mem_cmp 0x51FC0000 0x71FC0000 0x00010000 4
[2022-12-18 14:02:57] INFO     mem_cmp 0x527C0000 0x727C0000 0x00010000 4
[2022-12-18 14:03:29] INFO     mem_cmp 0x52FC0000 0x72FC0000 0x00010000 4
[2022-12-18 14:04:01] INFO     mem_cmp 0x537C0000 0x737C0000 0x00010000 4
[2022-12-18 14:04:33] INFO     mem_cmp 0x53FC0000 0x73FC0000 0x00010000 4
[2022-12-18 14:05:05] INFO     mem_cmp 0x547C0000 0x747C0000 0x00010000 4
[2022-12-18 14:05:37] INFO     mem_cmp 0x54FC0000 0x74FC0000 0x00010000 4
[2022-12-18 14:06:09] INFO     mem_cmp 0x557C0000 0x757C0000 0x00010000 4
[2022-12-18 14:06:42] INFO     mem_cmp 0x55FC0000 0x75FC0000 0x00010000 4
[2022-12-18 14:07:14] INFO     mem_cmp 0x567C0000 0x767C0000 0x00010000 4
[2022-12-18 14:07:46] INFO     mem_cmp 0x56FC0000 0x76FC0000 0x00010000 4
[2022-12-18 14:08:18] INFO     mem_cmp 0x577C0000 0x777C0000 0x00010000 4
[2022-12-18 14:08:50] INFO     mem_cmp 0x57FC0000 0x77FC0000 0x00010000 4
[2022-12-18 14:09:22] INFO     mem_cmp 0x587C0000 0x787C0000 0x00010000 4
[2022-12-18 14:09:54] INFO     mem_cmp 0x58FC0000 0x78FC0000 0x00010000 4
[2022-12-18 14:10:26] INFO     mem_cmp 0x597C0000 0x797C0000 0x00010000 4
[2022-12-18 14:10:58] INFO     mem_cmp 0x59FC0000 0x79FC0000 0x00010000 4
[2022-12-18 14:11:30] INFO     mem_cmp 0x5A7C0000 0x7A7C0000 0x00010000 4
[2022-12-18 14:12:02] INFO     mem_cmp 0x5AFC0000 0x7AFC0000 0x00010000 4
[2022-12-18 14:12:34] INFO     mem_cmp 0x5B7C0000 0x7B7C0000 0x00010000 4
[2022-12-18 14:13:06] INFO     mem_cmp 0x5BFC0000 0x7BFC0000 0x00010000 4
[2022-12-18 14:13:39] INFO     mem_cmp 0x5C7C0000 0x7C7C0000 0x00010000 4
[2022-12-18 14:14:11] INFO     mem_cmp 0x5CFC0000 0x7CFC0000 0x00010000 4
[2022-12-18 14:14:43] INFO     mem_cmp 0x5D7C0000 0x7D7C0000 0x00010000 4
[2022-12-18 14:15:15] INFO     mem_cmp 0x5DFC0000 0x7DFC0000 0x00010000 4
[2022-12-18 14:15:47] INFO     mem_cmp 0x5E7C0000 0x7E7C0000 0x00010000 4
[2022-12-18 14:16:19] INFO     mem_cmp 0x5EFC0000 0x7EFC0000 0x00010000 4
[2022-12-18 14:16:51] INFO     mem_cmp 0x5F7C0000 0x7F7C0000 0x00010000 4
[2022-12-18 14:17:23] INFO     mem_cmp 0x5FFC0000 0x7FFC0000 0x00010000 4
[2022-12-18 14:17:24] INFO     STATE:Mem Compare State
[2022-12-18 14:17:55] INFO     mem_cmp 0x407C0000 0x607C0000 0x00010000 4
[2022-12-18 14:18:27] INFO     mem_cmp 0x40FC0000 0x60FC0000 0x00010000 4
[2022-12-18 14:18:59] INFO     mem_cmp 0x417C0000 0x617C0000 0x00010000 4
[2022-12-18 14:19:31] INFO     mem_cmp 0x41FC0000 0x61FC0000 0x00010000 4
[2022-12-18 14:20:03] INFO     mem_cmp 0x427C0000 0x627C0000 0x00010000 4
[2022-12-18 14:20:35] INFO     mem_cmp 0x42FC0000 0x62FC0000 0x00010000 4
[2022-12-18 14:21:07] INFO     mem_cmp 0x437C0000 0x637C0000 0x00010000 4
[2022-12-18 14:21:40] INFO     mem_cmp 0x43FC0000 0x63FC0000 0x00010000 4
[2022-12-18 14:22:12] INFO     mem_cmp 0x447C0000 0x647C0000 0x00010000 4
[2022-12-18 14:22:44] INFO     mem_cmp 0x44FC0000 0x64FC0000 0x00010000 4
[2022-12-18 14:23:16] INFO     mem_cmp 0x457C0000 0x657C0000 0x00010000 4
[2022-12-18 14:23:48] INFO     mem_cmp 0x45FC0000 0x65FC0000 0x00010000 4
[2022-12-18 14:24:20] INFO     mem_cmp 0x467C0000 0x667C0000 0x00010000 4
[2022-12-18 14:24:52] INFO     mem_cmp 0x46FC0000 0x66FC0000 0x00010000 4
[2022-12-18 14:25:24] INFO     mem_cmp 0x477C0000 0x677C0000 0x00010000 4
[2022-12-18 14:25:56] INFO     mem_cmp 0x47FC0000 0x67FC0000 0x00010000 4
[2022-12-18 14:26:28] INFO     mem_cmp 0x487C0000 0x687C0000 0x00010000 4
[2022-12-18 14:27:00] INFO     mem_cmp 0x48FC0000 0x68FC0000 0x00010000 4
[2022-12-18 14:27:32] INFO     mem_cmp 0x497C0000 0x697C0000 0x00010000 4
[2022-12-18 14:28:04] INFO     mem_cmp 0x49FC0000 0x69FC0000 0x00010000 4
[2022-12-18 14:28:37] INFO     mem_cmp 0x4A7C0000 0x6A7C0000 0x00010000 4
[2022-12-18 14:29:09] INFO     mem_cmp 0x4AFC0000 0x6AFC0000 0x00010000 4
[2022-12-18 14:29:41] INFO     mem_cmp 0x4B7C0000 0x6B7C0000 0x00010000 4
[2022-12-18 14:30:13] INFO     mem_cmp 0x4BFC0000 0x6BFC0000 0x00010000 4
[2022-12-18 14:30:45] INFO     mem_cmp 0x4C7C0000 0x6C7C0000 0x00010000 4
[2022-12-18 14:31:17] INFO     mem_cmp 0x4CFC0000 0x6CFC0000 0x00010000 4
[2022-12-18 14:31:49] INFO     mem_cmp 0x4D7C0000 0x6D7C0000 0x00010000 4
[2022-12-18 14:32:21] INFO     mem_cmp 0x4DFC0000 0x6DFC0000 0x00010000 4
[2022-12-18 14:32:53] INFO     mem_cmp 0x4E7C0000 0x6E7C0000 0x00010000 4
[2022-12-18 14:33:25] INFO     mem_cmp 0x4EFC0000 0x6EFC0000 0x00010000 4
[2022-12-18 14:33:57] INFO     mem_cmp 0x4F7C0000 0x6F7C0000 0x00010000 4
[2022-12-18 14:34:30] INFO     mem_cmp 0x4FFC0000 0x6FFC0000 0x00010000 4
[2022-12-18 14:35:02] INFO     mem_cmp 0x507C0000 0x707C0000 0x00010000 4
[2022-12-18 14:35:34] INFO     mem_cmp 0x50FC0000 0x70FC0000 0x00010000 4
[2022-12-18 14:36:06] INFO     mem_cmp 0x517C0000 0x717C0000 0x00010000 4
[2022-12-18 14:36:38] INFO     mem_cmp 0x51FC0000 0x71FC0000 0x00010000 4
[2022-12-18 14:37:10] INFO     mem_cmp 0x527C0000 0x727C0000 0x00010000 4
[2022-12-18 14:37:42] INFO     mem_cmp 0x52FC0000 0x72FC0000 0x00010000 4
[2022-12-18 14:38:14] INFO     mem_cmp 0x537C0000 0x737C0000 0x00010000 4
[2022-12-18 14:38:46] INFO     mem_cmp 0x53FC0000 0x73FC0000 0x00010000 4
[2022-12-18 14:39:18] INFO     mem_cmp 0x547C0000 0x747C0000 0x00010000 4
[2022-12-18 14:39:51] INFO     mem_cmp 0x54FC0000 0x74FC0000 0x00010000 4
[2022-12-18 14:40:23] INFO     mem_cmp 0x557C0000 0x757C0000 0x00010000 4
[2022-12-18 14:40:55] INFO     mem_cmp 0x55FC0000 0x75FC0000 0x00010000 4
[2022-12-18 14:41:27] INFO     mem_cmp 0x567C0000 0x767C0000 0x00010000 4
[2022-12-18 14:41:59] INFO     mem_cmp 0x56FC0000 0x76FC0000 0x00010000 4
[2022-12-18 14:42:31] INFO     mem_cmp 0x577C0000 0x777C0000 0x00010000 4
[2022-12-18 14:43:03] INFO     mem_cmp 0x57FC0000 0x77FC0000 0x00010000 4
[2022-12-18 14:43:35] INFO     mem_cmp 0x587C0000 0x787C0000 0x00010000 4
[2022-12-18 14:44:07] INFO     mem_cmp 0x58FC0000 0x78FC0000 0x00010000 4
[2022-12-18 14:44:39] INFO     mem_cmp 0x597C0000 0x797C0000 0x00010000 4
[2022-12-18 14:45:12] INFO     mem_cmp 0x59FC0000 0x79FC0000 0x00010000 4
[2022-12-18 14:45:44] INFO     mem_cmp 0x5A7C0000 0x7A7C0000 0x00010000 4
[2022-12-18 14:46:16] INFO     mem_cmp 0x5AFC0000 0x7AFC0000 0x00010000 4
[2022-12-18 14:46:48] INFO     mem_cmp 0x5B7C0000 0x7B7C0000 0x00010000 4
[2022-12-18 14:47:20] INFO     mem_cmp 0x5BFC0000 0x7BFC0000 0x00010000 4
[2022-12-18 14:47:52] INFO     mem_cmp 0x5C7C0000 0x7C7C0000 0x00010000 4
[2022-12-18 14:48:24] INFO     mem_cmp 0x5CFC0000 0x7CFC0000 0x00010000 4
[2022-12-18 14:48:56] INFO     mem_cmp 0x5D7C0000 0x7D7C0000 0x00010000 4
[2022-12-18 14:49:28] INFO     mem_cmp 0x5DFC0000 0x7DFC0000 0x00010000 4
[2022-12-18 14:50:00] INFO     mem_cmp 0x5E7C0000 0x7E7C0000 0x00010000 4
[2022-12-18 14:50:33] INFO     mem_cmp 0x5EFC0000 0x7EFC0000 0x00010000 4
[2022-12-18 14:51:05] INFO     mem_cmp 0x5F7C0000 0x7F7C0000 0x00010000 4
[2022-12-18 14:51:37] INFO     mem_cmp 0x5FFC0000 0x7FFC0000 0x00010000 4
[2022-12-18 14:51:38] INFO     STATE:Mem Compare State
[2022-12-18 14:52:09] INFO     mem_cmp 0x407C0000 0x607C0000 0x00010000 4
[2022-12-18 14:52:41] INFO     mem_cmp 0x40FC0000 0x60FC0000 0x00010000 4
[2022-12-18 14:53:13] INFO     mem_cmp 0x417C0000 0x617C0000 0x00010000 4
[2022-12-18 14:53:45] INFO     mem_cmp 0x41FC0000 0x61FC0000 0x00010000 4
[2022-12-18 14:54:17] INFO     mem_cmp 0x427C0000 0x627C0000 0x00010000 4
[2022-12-18 14:54:50] INFO     mem_cmp 0x42FC0000 0x62FC0000 0x00010000 4
[2022-12-18 14:55:22] INFO     mem_cmp 0x437C0000 0x637C0000 0x00010000 4
[2022-12-18 14:55:54] INFO     mem_cmp 0x43FC0000 0x63FC0000 0x00010000 4
[2022-12-18 14:56:26] INFO     mem_cmp 0x447C0000 0x647C0000 0x00010000 4
[2022-12-18 14:56:58] INFO     mem_cmp 0x44FC0000 0x64FC0000 0x00010000 4
[2022-12-18 14:57:30] INFO     mem_cmp 0x457C0000 0x657C0000 0x00010000 4
[2022-12-18 14:58:02] INFO     mem_cmp 0x45FC0000 0x65FC0000 0x00010000 4
[2022-12-18 14:58:34] INFO     mem_cmp 0x467C0000 0x667C0000 0x00010000 4
[2022-12-18 14:59:06] INFO     mem_cmp 0x46FC0000 0x66FC0000 0x00010000 4
[2022-12-18 14:59:39] INFO     mem_cmp 0x477C0000 0x677C0000 0x00010000 4
[2022-12-18 15:00:11] INFO     mem_cmp 0x47FC0000 0x67FC0000 0x00010000 4
[2022-12-18 15:00:43] INFO     mem_cmp 0x487C0000 0x687C0000 0x00010000 4
[2022-12-18 15:01:15] INFO     mem_cmp 0x48FC0000 0x68FC0000 0x00010000 4
[2022-12-18 15:01:47] INFO     mem_cmp 0x497C0000 0x697C0000 0x00010000 4
[2022-12-18 15:02:19] INFO     mem_cmp 0x49FC0000 0x69FC0000 0x00010000 4
[2022-12-18 15:02:51] INFO     mem_cmp 0x4A7C0000 0x6A7C0000 0x00010000 4
[2022-12-18 15:03:23] INFO     mem_cmp 0x4AFC0000 0x6AFC0000 0x00010000 4
[2022-12-18 15:03:55] INFO     mem_cmp 0x4B7C0000 0x6B7C0000 0x00010000 4
[2022-12-18 15:04:27] INFO     mem_cmp 0x4BFC0000 0x6BFC0000 0x00010000 4
[2022-12-18 15:05:00] INFO     mem_cmp 0x4C7C0000 0x6C7C0000 0x00010000 4
[2022-12-18 15:05:32] INFO     mem_cmp 0x4CFC0000 0x6CFC0000 0x00010000 4
[2022-12-18 15:06:04] INFO     mem_cmp 0x4D7C0000 0x6D7C0000 0x00010000 4
[2022-12-18 15:06:36] INFO     mem_cmp 0x4DFC0000 0x6DFC0000 0x00010000 4
[2022-12-18 15:07:08] INFO     mem_cmp 0x4E7C0000 0x6E7C0000 0x00010000 4
[2022-12-18 15:07:40] INFO     mem_cmp 0x4EFC0000 0x6EFC0000 0x00010000 4
[2022-12-18 15:08:12] INFO     mem_cmp 0x4F7C0000 0x6F7C0000 0x00010000 4
[2022-12-18 15:08:44] INFO     mem_cmp 0x4FFC0000 0x6FFC0000 0x00010000 4
[2022-12-18 15:09:16] INFO     mem_cmp 0x507C0000 0x707C0000 0x00010000 4
[2022-12-18 15:09:49] INFO     mem_cmp 0x50FC0000 0x70FC0000 0x00010000 4
[2022-12-18 15:10:21] INFO     mem_cmp 0x517C0000 0x717C0000 0x00010000 4
[2022-12-18 15:10:53] INFO     mem_cmp 0x51FC0000 0x71FC0000 0x00010000 4
[2022-12-18 15:11:25] INFO     mem_cmp 0x527C0000 0x727C0000 0x00010000 4
[2022-12-18 15:11:57] INFO     mem_cmp 0x52FC0000 0x72FC0000 0x00010000 4
[2022-12-18 15:12:29] INFO     mem_cmp 0x537C0000 0x737C0000 0x00010000 4
[2022-12-18 15:13:01] INFO     mem_cmp 0x53FC0000 0x73FC0000 0x00010000 4
[2022-12-18 15:13:33] INFO     mem_cmp 0x547C0000 0x747C0000 0x00010000 4
[2022-12-18 15:14:05] INFO     mem_cmp 0x54FC0000 0x74FC0000 0x00010000 4
[2022-12-18 15:14:37] INFO     mem_cmp 0x557C0000 0x757C0000 0x00010000 4
[2022-12-18 15:15:10] INFO     mem_cmp 0x55FC0000 0x75FC0000 0x00010000 4
[2022-12-18 15:15:42] INFO     mem_cmp 0x567C0000 0x767C0000 0x00010000 4
[2022-12-18 15:16:14] INFO     mem_cmp 0x56FC0000 0x76FC0000 0x00010000 4
[2022-12-18 15:16:46] INFO     mem_cmp 0x577C0000 0x777C0000 0x00010000 4
[2022-12-18 15:17:18] INFO     mem_cmp 0x57FC0000 0x77FC0000 0x00010000 4
[2022-12-18 15:17:50] INFO     mem_cmp 0x587C0000 0x787C0000 0x00010000 4
[2022-12-18 15:18:22] INFO     mem_cmp 0x58FC0000 0x78FC0000 0x00010000 4
[2022-12-18 15:18:54] INFO     mem_cmp 0x597C0000 0x797C0000 0x00010000 4
[2022-12-18 15:19:26] INFO     mem_cmp 0x59FC0000 0x79FC0000 0x00010000 4
[2022-12-18 15:19:59] INFO     mem_cmp 0x5A7C0000 0x7A7C0000 0x00010000 4
[2022-12-18 15:20:31] INFO     mem_cmp 0x5AFC0000 0x7AFC0000 0x00010000 4
[2022-12-18 15:21:03] INFO     mem_cmp 0x5B7C0000 0x7B7C0000 0x00010000 4
[2022-12-18 15:21:35] INFO     mem_cmp 0x5BFC0000 0x7BFC0000 0x00010000 4
[2022-12-18 15:22:07] INFO     mem_cmp 0x5C7C0000 0x7C7C0000 0x00010000 4
[2022-12-18 15:22:39] INFO     mem_cmp 0x5CFC0000 0x7CFC0000 0x00010000 4
[2022-12-18 15:23:11] INFO     mem_cmp 0x5D7C0000 0x7D7C0000 0x00010000 4
[2022-12-18 15:23:43] INFO     mem_cmp 0x5DFC0000 0x7DFC0000 0x00010000 4
[2022-12-18 15:24:15] INFO     mem_cmp 0x5E7C0000 0x7E7C0000 0x00010000 4
[2022-12-18 15:24:48] INFO     mem_cmp 0x5EFC0000 0x7EFC0000 0x00010000 4
[2022-12-18 15:25:20] INFO     mem_cmp 0x5F7C0000 0x7F7C0000 0x00010000 4
[2022-12-18 15:25:52] INFO     mem_cmp 0x5FFC0000 0x7FFC0000 0x00010000 4
[2022-12-18 15:25:53] INFO     STATE:Mem Compare State
[2022-12-18 15:26:24] INFO     mem_cmp 0x407C0000 0x607C0000 0x00010000 4
[2022-12-18 15:26:56] INFO     mem_cmp 0x40FC0000 0x60FC0000 0x00010000 4
[2022-12-18 15:27:28] INFO     mem_cmp 0x417C0000 0x617C0000 0x00010000 4
[2022-12-18 15:28:00] INFO     mem_cmp 0x41FC0000 0x61FC0000 0x00010000 4
[2022-12-18 15:28:32] INFO     mem_cmp 0x427C0000 0x627C0000 0x00010000 4
[2022-12-18 15:29:04] INFO     mem_cmp 0x42FC0000 0x62FC0000 0x00010000 4
[2022-12-18 15:29:36] INFO     mem_cmp 0x437C0000 0x637C0000 0x00010000 4
[2022-12-18 15:30:08] INFO     mem_cmp 0x43FC0000 0x63FC0000 0x00010000 4
[2022-12-18 15:30:41] INFO     mem_cmp 0x447C0000 0x647C0000 0x00010000 4
[2022-12-18 15:31:13] INFO     mem_cmp 0x44FC0000 0x64FC0000 0x00010000 4
[2022-12-18 15:31:45] INFO     mem_cmp 0x457C0000 0x657C0000 0x00010000 4
[2022-12-18 15:32:17] INFO     mem_cmp 0x45FC0000 0x65FC0000 0x00010000 4
[2022-12-18 15:32:49] INFO     mem_cmp 0x467C0000 0x667C0000 0x00010000 4
[2022-12-18 15:33:21] INFO     mem_cmp 0x46FC0000 0x66FC0000 0x00010000 4
[2022-12-18 15:33:53] INFO     mem_cmp 0x477C0000 0x677C0000 0x00010000 4
[2022-12-18 15:34:25] INFO     mem_cmp 0x47FC0000 0x67FC0000 0x00010000 4
[2022-12-18 15:34:58] INFO     mem_cmp 0x487C0000 0x687C0000 0x00010000 4
[2022-12-18 15:35:30] INFO     mem_cmp 0x48FC0000 0x68FC0000 0x00010000 4
[2022-12-18 15:36:02] INFO     mem_cmp 0x497C0000 0x697C0000 0x00010000 4
[2022-12-18 15:36:34] INFO     mem_cmp 0x49FC0000 0x69FC0000 0x00010000 4
[2022-12-18 15:37:06] INFO     mem_cmp 0x4A7C0000 0x6A7C0000 0x00010000 4
[2022-12-18 15:37:38] INFO     mem_cmp 0x4AFC0000 0x6AFC0000 0x00010000 4
[2022-12-18 15:38:10] INFO     mem_cmp 0x4B7C0000 0x6B7C0000 0x00010000 4
[2022-12-18 15:38:42] INFO     mem_cmp 0x4BFC0000 0x6BFC0000 0x00010000 4
[2022-12-18 15:39:14] INFO     mem_cmp 0x4C7C0000 0x6C7C0000 0x00010000 4
[2022-12-18 15:39:46] INFO     mem_cmp 0x4CFC0000 0x6CFC0000 0x00010000 4
[2022-12-18 15:40:19] INFO     mem_cmp 0x4D7C0000 0x6D7C0000 0x00010000 4
[2022-12-18 15:40:51] INFO     mem_cmp 0x4DFC0000 0x6DFC0000 0x00010000 4
[2022-12-18 15:41:23] INFO     mem_cmp 0x4E7C0000 0x6E7C0000 0x00010000 4
[2022-12-18 15:41:55] INFO     mem_cmp 0x4EFC0000 0x6EFC0000 0x00010000 4
[2022-12-18 15:42:27] INFO     mem_cmp 0x4F7C0000 0x6F7C0000 0x00010000 4
[2022-12-18 15:42:59] INFO     mem_cmp 0x4FFC0000 0x6FFC0000 0x00010000 4
[2022-12-18 15:43:31] INFO     mem_cmp 0x507C0000 0x707C0000 0x00010000 4
[2022-12-18 15:44:03] INFO     mem_cmp 0x50FC0000 0x70FC0000 0x00010000 4
[2022-12-18 15:44:35] INFO     mem_cmp 0x517C0000 0x717C0000 0x00010000 4
[2022-12-18 15:45:08] INFO     mem_cmp 0x51FC0000 0x71FC0000 0x00010000 4
[2022-12-18 15:45:40] INFO     mem_cmp 0x527C0000 0x727C0000 0x00010000 4
[2022-12-18 15:46:12] INFO     mem_cmp 0x52FC0000 0x72FC0000 0x00010000 4
[2022-12-18 15:46:44] INFO     mem_cmp 0x537C0000 0x737C0000 0x00010000 4
[2022-12-18 15:47:16] INFO     mem_cmp 0x53FC0000 0x73FC0000 0x00010000 4
[2022-12-18 15:47:48] INFO     mem_cmp 0x547C0000 0x747C0000 0x00010000 4
[2022-12-18 15:48:20] INFO     mem_cmp 0x54FC0000 0x74FC0000 0x00010000 4
[2022-12-18 15:48:52] INFO     mem_cmp 0x557C0000 0x757C0000 0x00010000 4
[2022-12-18 15:49:24] INFO     mem_cmp 0x55FC0000 0x75FC0000 0x00010000 4
[2022-12-18 15:49:56] INFO     mem_cmp 0x567C0000 0x767C0000 0x00010000 4
[2022-12-18 15:50:29] INFO     mem_cmp 0x56FC0000 0x76FC0000 0x00010000 4
[2022-12-18 15:51:01] INFO     mem_cmp 0x577C0000 0x777C0000 0x00010000 4
[2022-12-18 15:51:33] INFO     mem_cmp 0x57FC0000 0x77FC0000 0x00010000 4
[2022-12-18 15:52:05] INFO     mem_cmp 0x587C0000 0x787C0000 0x00010000 4
[2022-12-18 15:52:37] INFO     mem_cmp 0x58FC0000 0x78FC0000 0x00010000 4
[2022-12-18 15:53:09] INFO     mem_cmp 0x597C0000 0x797C0000 0x00010000 4
[2022-12-18 15:53:41] INFO     mem_cmp 0x59FC0000 0x79FC0000 0x00010000 4
[2022-12-18 15:54:13] INFO     mem_cmp 0x5A7C0000 0x7A7C0000 0x00010000 4
[2022-12-18 15:54:45] INFO     mem_cmp 0x5AFC0000 0x7AFC0000 0x00010000 4
[2022-12-18 15:55:18] INFO     mem_cmp 0x5B7C0000 0x7B7C0000 0x00010000 4
[2022-12-18 15:55:50] INFO     mem_cmp 0x5BFC0000 0x7BFC0000 0x00010000 4
[2022-12-18 15:56:22] INFO     mem_cmp 0x5C7C0000 0x7C7C0000 0x00010000 4
[2022-12-18 15:56:54] INFO     mem_cmp 0x5CFC0000 0x7CFC0000 0x00010000 4
[2022-12-18 15:57:26] INFO     mem_cmp 0x5D7C0000 0x7D7C0000 0x00010000 4
[2022-12-18 15:57:58] INFO     mem_cmp 0x5DFC0000 0x7DFC0000 0x00010000 4
[2022-12-18 15:58:30] INFO     mem_cmp 0x5E7C0000 0x7E7C0000 0x00010000 4
[2022-12-18 15:59:02] INFO     mem_cmp 0x5EFC0000 0x7EFC0000 0x00010000 4
[2022-12-18 15:59:34] INFO     mem_cmp 0x5F7C0000 0x7F7C0000 0x00010000 4
[2022-12-18 16:00:07] INFO     mem_cmp 0x5FFC0000 0x7FFC0000 0x00010000 4
[2022-12-18 16:00:08] INFO     STATE:Mem Compare State
[2022-12-18 16:00:39] INFO     mem_cmp 0x407C0000 0x607C0000 0x00010000 4
[2022-12-18 16:01:11] INFO     mem_cmp 0x40FC0000 0x60FC0000 0x00010000 4
[2022-12-18 16:01:43] INFO     mem_cmp 0x417C0000 0x617C0000 0x00010000 4
[2022-12-18 16:02:15] INFO     mem_cmp 0x41FC0000 0x61FC0000 0x00010000 4
[2022-12-18 16:02:47] INFO     mem_cmp 0x427C0000 0x627C0000 0x00010000 4
[2022-12-18 16:03:19] INFO     mem_cmp 0x42FC0000 0x62FC0000 0x00010000 4
[2022-12-18 16:03:51] INFO     mem_cmp 0x437C0000 0x637C0000 0x00010000 4
[2022-12-18 16:04:23] INFO     mem_cmp 0x43FC0000 0x63FC0000 0x00010000 4
[2022-12-18 16:04:55] INFO     mem_cmp 0x447C0000 0x647C0000 0x00010000 4
[2022-12-18 16:05:27] INFO     mem_cmp 0x44FC0000 0x64FC0000 0x00010000 4
[2022-12-18 16:06:00] INFO     mem_cmp 0x457C0000 0x657C0000 0x00010000 4
[2022-12-18 16:06:32] INFO     mem_cmp 0x45FC0000 0x65FC0000 0x00010000 4
[2022-12-18 16:07:04] INFO     mem_cmp 0x467C0000 0x667C0000 0x00010000 4
[2022-12-18 16:07:36] INFO     mem_cmp 0x46FC0000 0x66FC0000 0x00010000 4
[2022-12-18 16:08:08] INFO     mem_cmp 0x477C0000 0x677C0000 0x00010000 4
[2022-12-18 16:08:40] INFO     mem_cmp 0x47FC0000 0x67FC0000 0x00010000 4
[2022-12-18 16:09:12] INFO     mem_cmp 0x487C0000 0x687C0000 0x00010000 4
[2022-12-18 16:09:44] INFO     mem_cmp 0x48FC0000 0x68FC0000 0x00010000 4
[2022-12-18 16:10:16] INFO     mem_cmp 0x497C0000 0x697C0000 0x00010000 4
[2022-12-18 16:10:48] INFO     mem_cmp 0x49FC0000 0x69FC0000 0x00010000 4
[2022-12-18 16:11:20] INFO     mem_cmp 0x4A7C0000 0x6A7C0000 0x00010000 4
[2022-12-18 16:11:53] INFO     mem_cmp 0x4AFC0000 0x6AFC0000 0x00010000 4
[2022-12-18 16:12:25] INFO     mem_cmp 0x4B7C0000 0x6B7C0000 0x00010000 4
[2022-12-18 16:12:57] INFO     mem_cmp 0x4BFC0000 0x6BFC0000 0x00010000 4
[2022-12-18 16:13:29] INFO     mem_cmp 0x4C7C0000 0x6C7C0000 0x00010000 4
[2022-12-18 16:14:01] INFO     mem_cmp 0x4CFC0000 0x6CFC0000 0x00010000 4
[2022-12-18 16:14:33] INFO     mem_cmp 0x4D7C0000 0x6D7C0000 0x00010000 4
[2022-12-18 16:15:05] INFO     mem_cmp 0x4DFC0000 0x6DFC0000 0x00010000 4
[2022-12-18 16:15:37] INFO     mem_cmp 0x4E7C0000 0x6E7C0000 0x00010000 4
[2022-12-18 16:16:09] INFO     mem_cmp 0x4EFC0000 0x6EFC0000 0x00010000 4
[2022-12-18 16:16:42] INFO     mem_cmp 0x4F7C0000 0x6F7C0000 0x00010000 4
[2022-12-18 16:17:14] INFO     mem_cmp 0x4FFC0000 0x6FFC0000 0x00010000 4
[2022-12-18 16:17:46] INFO     mem_cmp 0x507C0000 0x707C0000 0x00010000 4
[2022-12-18 16:18:18] INFO     mem_cmp 0x50FC0000 0x70FC0000 0x00010000 4
[2022-12-18 16:18:50] INFO     mem_cmp 0x517C0000 0x717C0000 0x00010000 4
[2022-12-18 16:19:22] INFO     mem_cmp 0x51FC0000 0x71FC0000 0x00010000 4
[2022-12-18 16:19:54] INFO     mem_cmp 0x527C0000 0x727C0000 0x00010000 4
[2022-12-18 16:20:26] INFO     mem_cmp 0x52FC0000 0x72FC0000 0x00010000 4
[2022-12-18 16:20:58] INFO     mem_cmp 0x537C0000 0x737C0000 0x00010000 4
[2022-12-18 16:21:31] INFO     mem_cmp 0x53FC0000 0x73FC0000 0x00010000 4
[2022-12-18 16:22:03] INFO     mem_cmp 0x547C0000 0x747C0000 0x00010000 4
[2022-12-18 16:22:35] INFO     mem_cmp 0x54FC0000 0x74FC0000 0x00010000 4
[2022-12-18 16:23:07] INFO     mem_cmp 0x557C0000 0x757C0000 0x00010000 4
[2022-12-18 16:23:39] INFO     mem_cmp 0x55FC0000 0x75FC0000 0x00010000 4
[2022-12-18 16:24:11] INFO     mem_cmp 0x567C0000 0x767C0000 0x00010000 4
[2022-12-18 16:24:43] INFO     mem_cmp 0x56FC0000 0x76FC0000 0x00010000 4
[2022-12-18 16:25:15] INFO     mem_cmp 0x577C0000 0x777C0000 0x00010000 4
[2022-12-18 16:25:47] INFO     mem_cmp 0x57FC0000 0x77FC0000 0x00010000 4
[2022-12-18 16:26:20] INFO     mem_cmp 0x587C0000 0x787C0000 0x00010000 4
[2022-12-18 16:26:52] INFO     mem_cmp 0x58FC0000 0x78FC0000 0x00010000 4
[2022-12-18 16:27:24] INFO     mem_cmp 0x597C0000 0x797C0000 0x00010000 4
[2022-12-18 16:27:56] INFO     mem_cmp 0x59FC0000 0x79FC0000 0x00010000 4
[2022-12-18 16:28:28] INFO     mem_cmp 0x5A7C0000 0x7A7C0000 0x00010000 4
[2022-12-18 16:29:00] INFO     mem_cmp 0x5AFC0000 0x7AFC0000 0x00010000 4
[2022-12-18 16:29:32] INFO     mem_cmp 0x5B7C0000 0x7B7C0000 0x00010000 4
[2022-12-18 16:30:04] INFO     mem_cmp 0x5BFC0000 0x7BFC0000 0x00010000 4
[2022-12-18 16:30:36] INFO     mem_cmp 0x5C7C0000 0x7C7C0000 0x00010000 4
[2022-12-18 16:31:08] INFO     mem_cmp 0x5CFC0000 0x7CFC0000 0x00010000 4
[2022-12-18 16:31:40] INFO     mem_cmp 0x5D7C0000 0x7D7C0000 0x00010000 4
[2022-12-18 16:32:12] INFO     mem_cmp 0x5DFC0000 0x7DFC0000 0x00010000 4
[2022-12-18 16:32:45] INFO     mem_cmp 0x5E7C0000 0x7E7C0000 0x00010000 4
[2022-12-18 16:33:17] INFO     mem_cmp 0x5EFC0000 0x7EFC0000 0x00010000 4
[2022-12-18 16:33:49] INFO     mem_cmp 0x5F7C0000 0x7F7C0000 0x00010000 4
[2022-12-18 16:34:21] INFO     mem_cmp 0x5FFC0000 0x7FFC0000 0x00010000 4
[2022-12-18 16:34:22] INFO     STATE:Mem Compare State
[2022-12-18 16:34:53] INFO     mem_cmp 0x407C0000 0x607C0000 0x00010000 4
[2022-12-18 16:35:25] INFO     mem_cmp 0x40FC0000 0x60FC0000 0x00010000 4
[2022-12-18 16:35:57] INFO     mem_cmp 0x417C0000 0x617C0000 0x00010000 4
[2022-12-18 16:36:29] INFO     mem_cmp 0x41FC0000 0x61FC0000 0x00010000 4
[2022-12-18 16:37:01] INFO     mem_cmp 0x427C0000 0x627C0000 0x00010000 4
[2022-12-18 16:37:34] INFO     mem_cmp 0x42FC0000 0x62FC0000 0x00010000 4
[2022-12-18 16:38:06] INFO     mem_cmp 0x437C0000 0x637C0000 0x00010000 4
[2022-12-18 16:38:38] INFO     mem_cmp 0x43FC0000 0x63FC0000 0x00010000 4
[2022-12-18 16:39:10] INFO     mem_cmp 0x447C0000 0x647C0000 0x00010000 4
[2022-12-18 16:39:42] INFO     mem_cmp 0x44FC0000 0x64FC0000 0x00010000 4
[2022-12-18 16:40:14] INFO     mem_cmp 0x457C0000 0x657C0000 0x00010000 4
[2022-12-18 16:40:46] INFO     mem_cmp 0x45FC0000 0x65FC0000 0x00010000 4
[2022-12-18 16:41:18] INFO     mem_cmp 0x467C0000 0x667C0000 0x00010000 4
[2022-12-18 16:41:50] INFO     mem_cmp 0x46FC0000 0x66FC0000 0x00010000 4
[2022-12-18 16:42:22] INFO     mem_cmp 0x477C0000 0x677C0000 0x00010000 4
[2022-12-18 16:42:54] INFO     mem_cmp 0x47FC0000 0x67FC0000 0x00010000 4
[2022-12-18 16:43:27] INFO     mem_cmp 0x487C0000 0x687C0000 0x00010000 4
[2022-12-18 16:43:59] INFO     mem_cmp 0x48FC0000 0x68FC0000 0x00010000 4
[2022-12-18 16:44:31] INFO     mem_cmp 0x497C0000 0x697C0000 0x00010000 4
[2022-12-18 16:45:03] INFO     mem_cmp 0x49FC0000 0x69FC0000 0x00010000 4
[2022-12-18 16:45:35] INFO     mem_cmp 0x4A7C0000 0x6A7C0000 0x00010000 4
[2022-12-18 16:46:07] INFO     mem_cmp 0x4AFC0000 0x6AFC0000 0x00010000 4
[2022-12-18 16:46:39] INFO     mem_cmp 0x4B7C0000 0x6B7C0000 0x00010000 4
[2022-12-18 16:47:11] INFO     mem_cmp 0x4BFC0000 0x6BFC0000 0x00010000 4
[2022-12-18 16:47:43] INFO     mem_cmp 0x4C7C0000 0x6C7C0000 0x00010000 4
[2022-12-18 16:48:16] INFO     mem_cmp 0x4CFC0000 0x6CFC0000 0x00010000 4
[2022-12-18 16:48:48] INFO     mem_cmp 0x4D7C0000 0x6D7C0000 0x00010000 4
[2022-12-18 16:49:20] INFO     mem_cmp 0x4DFC0000 0x6DFC0000 0x00010000 4
[2022-12-18 16:49:52] INFO     mem_cmp 0x4E7C0000 0x6E7C0000 0x00010000 4
[2022-12-18 16:50:24] INFO     mem_cmp 0x4EFC0000 0x6EFC0000 0x00010000 4
[2022-12-18 16:50:56] INFO     mem_cmp 0x4F7C0000 0x6F7C0000 0x00010000 4
[2022-12-18 16:51:28] INFO     mem_cmp 0x4FFC0000 0x6FFC0000 0x00010000 4
[2022-12-18 16:52:00] INFO     mem_cmp 0x507C0000 0x707C0000 0x00010000 4
[2022-12-18 16:52:32] INFO     mem_cmp 0x50FC0000 0x70FC0000 0x00010000 4
[2022-12-18 16:53:05] INFO     mem_cmp 0x517C0000 0x717C0000 0x00010000 4
[2022-12-18 16:53:37] INFO     mem_cmp 0x51FC0000 0x71FC0000 0x00010000 4
[2022-12-18 16:54:09] INFO     mem_cmp 0x527C0000 0x727C0000 0x00010000 4
[2022-12-18 16:54:41] INFO     mem_cmp 0x52FC0000 0x72FC0000 0x00010000 4
[2022-12-18 16:55:13] INFO     mem_cmp 0x537C0000 0x737C0000 0x00010000 4
[2022-12-18 16:55:45] INFO     mem_cmp 0x53FC0000 0x73FC0000 0x00010000 4
[2022-12-18 16:56:17] INFO     mem_cmp 0x547C0000 0x747C0000 0x00010000 4
[2022-12-18 16:56:49] INFO     mem_cmp 0x54FC0000 0x74FC0000 0x00010000 4
[2022-12-18 16:57:21] INFO     mem_cmp 0x557C0000 0x757C0000 0x00010000 4
[2022-12-18 16:57:53] INFO     mem_cmp 0x55FC0000 0x75FC0000 0x00010000 4
[2022-12-18 16:58:25] INFO     mem_cmp 0x567C0000 0x767C0000 0x00010000 4
[2022-12-18 16:58:58] INFO     mem_cmp 0x56FC0000 0x76FC0000 0x00010000 4
[2022-12-18 16:59:30] INFO     mem_cmp 0x577C0000 0x777C0000 0x00010000 4
[2022-12-18 17:00:02] INFO     mem_cmp 0x57FC0000 0x77FC0000 0x00010000 4
[2022-12-18 17:00:34] INFO     mem_cmp 0x587C0000 0x787C0000 0x00010000 4
[2022-12-18 17:01:06] INFO     mem_cmp 0x58FC0000 0x78FC0000 0x00010000 4
[2022-12-18 17:01:38] INFO     mem_cmp 0x597C0000 0x797C0000 0x00010000 4
[2022-12-18 17:02:10] INFO     mem_cmp 0x59FC0000 0x79FC0000 0x00010000 4
[2022-12-18 17:02:42] INFO     mem_cmp 0x5A7C0000 0x7A7C0000 0x00010000 4
[2022-12-18 17:03:15] INFO     mem_cmp 0x5AFC0000 0x7AFC0000 0x00010000 4
[2022-12-18 17:03:47] INFO     mem_cmp 0x5B7C0000 0x7B7C0000 0x00010000 4
[2022-12-18 17:04:19] INFO     mem_cmp 0x5BFC0000 0x7BFC0000 0x00010000 4
[2022-12-18 17:04:51] INFO     mem_cmp 0x5C7C0000 0x7C7C0000 0x00010000 4
[2022-12-18 17:05:23] INFO     mem_cmp 0x5CFC0000 0x7CFC0000 0x00010000 4
[2022-12-18 17:05:55] INFO     mem_cmp 0x5D7C0000 0x7D7C0000 0x00010000 4
[2022-12-18 17:06:27] INFO     mem_cmp 0x5DFC0000 0x7DFC0000 0x00010000 4
[2022-12-18 17:06:59] INFO     mem_cmp 0x5E7C0000 0x7E7C0000 0x00010000 4
[2022-12-18 17:07:31] INFO     mem_cmp 0x5EFC0000 0x7EFC0000 0x00010000 4
[2022-12-18 17:08:03] INFO     mem_cmp 0x5F7C0000 0x7F7C0000 0x00010000 4
[2022-12-18 17:08:35] INFO     mem_cmp 0x5FFC0000 0x7FFC0000 0x00010000 4
[2022-12-18 17:08:36] INFO     STATE:Mem Compare State
[2022-12-18 17:09:07] INFO     mem_cmp 0x407C0000 0x607C0000 0x00010000 4
[2022-12-18 17:09:40] INFO     mem_cmp 0x40FC0000 0x60FC0000 0x00010000 4
[2022-12-18 17:10:12] INFO     mem_cmp 0x417C0000 0x617C0000 0x00010000 4
[2022-12-18 17:10:44] INFO     mem_cmp 0x41FC0000 0x61FC0000 0x00010000 4
[2022-12-18 17:11:16] INFO     mem_cmp 0x427C0000 0x627C0000 0x00010000 4
[2022-12-18 17:11:48] INFO     mem_cmp 0x42FC0000 0x62FC0000 0x00010000 4
[2022-12-18 17:12:20] INFO     mem_cmp 0x437C0000 0x637C0000 0x00010000 4
[2022-12-18 17:12:52] INFO     mem_cmp 0x43FC0000 0x63FC0000 0x00010000 4
[2022-12-18 17:13:24] INFO     mem_cmp 0x447C0000 0x647C0000 0x00010000 4
[2022-12-18 17:13:56] INFO     mem_cmp 0x44FC0000 0x64FC0000 0x00010000 4
[2022-12-18 17:14:29] INFO     mem_cmp 0x457C0000 0x657C0000 0x00010000 4
[2022-12-18 17:15:01] INFO     mem_cmp 0x45FC0000 0x65FC0000 0x00010000 4
[2022-12-18 17:15:33] INFO     mem_cmp 0x467C0000 0x667C0000 0x00010000 4
[2022-12-18 17:16:05] INFO     mem_cmp 0x46FC0000 0x66FC0000 0x00010000 4
[2022-12-18 17:16:37] INFO     mem_cmp 0x477C0000 0x677C0000 0x00010000 4
[2022-12-18 17:17:09] INFO     mem_cmp 0x47FC0000 0x67FC0000 0x00010000 4
[2022-12-18 17:17:41] INFO     mem_cmp 0x487C0000 0x687C0000 0x00010000 4
[2022-12-18 17:18:13] INFO     mem_cmp 0x48FC0000 0x68FC0000 0x00010000 4
[2022-12-18 17:18:45] INFO     mem_cmp 0x497C0000 0x697C0000 0x00010000 4
[2022-12-18 17:19:17] INFO     mem_cmp 0x49FC0000 0x69FC0000 0x00010000 4
[2022-12-18 17:19:49] INFO     mem_cmp 0x4A7C0000 0x6A7C0000 0x00010000 4
[2022-12-18 17:20:21] INFO     mem_cmp 0x4AFC0000 0x6AFC0000 0x00010000 4
[2022-12-18 17:20:54] INFO     mem_cmp 0x4B7C0000 0x6B7C0000 0x00010000 4
[2022-12-18 17:21:26] INFO     mem_cmp 0x4BFC0000 0x6BFC0000 0x00010000 4
[2022-12-18 17:21:58] INFO     mem_cmp 0x4C7C0000 0x6C7C0000 0x00010000 4
[2022-12-18 17:22:30] INFO     mem_cmp 0x4CFC0000 0x6CFC0000 0x00010000 4
[2022-12-18 17:23:02] INFO     mem_cmp 0x4D7C0000 0x6D7C0000 0x00010000 4
[2022-12-18 17:23:34] INFO     mem_cmp 0x4DFC0000 0x6DFC0000 0x00010000 4
[2022-12-18 17:24:06] INFO     mem_cmp 0x4E7C0000 0x6E7C0000 0x00010000 4
[2022-12-18 17:24:38] INFO     mem_cmp 0x4EFC0000 0x6EFC0000 0x00010000 4
