
[1m        __   _ __      _  __[0m
[1m       / /  (_) /____ | |/_/[0m
[1m      / /__/ / __/ -_)>  <[0m
[1m     /____/_/\__/\__/_/|_|[0m
[1m   Build your hardware, easily![0m
 (c) Copyright 2012-2022 Enjoy-Digital
 (c) Copyright 2007-2015 M-Labs
 BIOS built on Nov 29 2022 15:29:07
 BIOS CRC passed (ae8ad61a)
 LiteX git sha1: --------
--=============== [1mSoC[0m ==================--
[1mCPU[0m:		VexRiscv_Min @ 100MHz
[1mBUS[0m:		WISHBONE 32-bit @ 4GiB
[1mCSR[0m:		32-bit data
[1mROM[0m:		64KiB
[1mSRAM[0m:		8KiB
[1mL2[0m:		0KiB
[1mSDRAM[0m:		1048576KiB 64-bit @ 800MT/s (CL-9 CWL-9)
--========== [1mInitialization[0m ============--
Initializing SDRAM @0x40000000...
Switching SDRAM to software control.
Write latency calibration:
m0:6 m1:6 m2:6 m3:6 m4:6 m5:6 m6:6 m7:6 m8:6 m9:6 m10:6 m11:6 m12:6 m13:6 m14:6 m15:6 
Read leveling:
  m0, b00: |00000000000000000000000000000000| delays: -
  m0, b01: |00000000000000000000000000000000| delays: -
  m0, b02: |00000000000000000000000000000000| delays: -
  m0, b03: |11111111000000000000000000000000| delays: 04+-04
  m0, b04: |00000000001111111111111100000000| delays: 17+-07
  m0, b05: |00000000000000000000000000011111| delays: 29+-02
  m0, b06: |00000000000000000000000000000000| delays: -
  m0, b07: |00000000000000000000000000000000| delays: -
  best: m0, b04 delays: 17+-07
  m1, b00: |00000000000000000000000000000000| delays: -
  m1, b01: |00000000000000000000000000000000| delays: -
  m1, b02: |00000000000000000000000000000000| delays: -
  m1, b03: |11111111000000000000000000000000| delays: 04+-04
  m1, b04: |00000000001111111111111100000000| delays: 17+-07
  m1, b05: |00000000000000000000000000111111| delays: 29+-03
  m1, b06: |00000000000000000000000000000000| delays: -
  m1, b07: |00000000000000000000000000000000| delays: -
  best: m1, b04 delays: 17+-07
  m2, b00: |00000000000000000000000000000000| delays: -
  m2, b01: |00000000000000000000000000000000| delays: -
  m2, b02: |00000000000000000000000000000000| delays: -
  m2, b03: |11111111100000000000000000000000| delays: 05+-05
  m2, b04: |00000000000111111111111110000000| delays: 18+-07
  m2, b05: |00000000000000000000000000001111| delays: 29+-02
  m2, b06: |00000000000000000000000000000000| delays: -
  m2, b07: |00000000000000000000000000000000| delays: -
  best: m2, b04 delays: 18+-07
  m3, b00: |00000000000000000000000000000000| delays: -
  m3, b01: |00000000000000000000000000000000| delays: -
  m3, b02: |00000000000000000000000000000000| delays: -
  m3, b03: |11111111100000000000000000000000| delays: 04+-04
  m3, b04: |00000000001111111111111100000000| delays: 17+-07
  m3, b05: |00000000000000000000000000111111| delays: 29+-03
  m3, b06: |00000000000000000000000000000000| delays: -
  m3, b07: |00000000000000000000000000000000| delays: -
  best: m3, b04 delays: 17+-07
  m4, b00: |00000000000000000000000000000000| delays: -
  m4, b01: |00000000000000000000000000000000| delays: -
  m4, b02: |00000000000000000000000000000000| delays: -
  m4, b03: |11111111111100000000000000000000| delays: 06+-06
  m4, b04: |00000000000000111111111111110000| delays: 21+-07
  m4, b05: |00000000000000000000000000000011| delays: 00+-02
  m4, b06: |00000000000000000000000000000000| delays: -
  m4, b07: |00000000000000000000000000000000| delays: -
  best: m4, b04 delays: 21+-07
  m5, b00: |00000000000000000000000000000000| delays: -
  m5, b01: |00000000000000000000000000000000| delays: -
  m5, b02: |00000000000000000000000000000000| delays: -
  m5, b03: |11111111111110000000000000000000| delays: 06+-06
  m5, b04: |00000000000000111111111111110000| delays: 21+-07
  m5, b05: |00000000000000000000000000000011| delays: 00+-02
  m5, b06: |00000000000000000000000000000000| delays: -
  m5, b07: |00000000000000000000000000000000| delays: -
  best: m5, b04 delays: 21+-07
  m6, b00: |00000000000000000000000000000000| delays: -
  m6, b01: |00000000000000000000000000000000| delays: -
  m6, b02: |00000000000000000000000000000000| delays: -
  m6, b03: |11111111111111000000000000000000| delays: 07+-07
  m6, b04: |00000000000000001111111111111100| delays: 23+-07
  m6, b05: |00000000000000000000000000000000| delays: -
  m6, b06: |00000000000000000000000000000000| delays: -
  m6, b07: |00000000000000000000000000000000| delays: -
  best: m6, b04 delays: 23+-07
  m7, b00: |00000000000000000000000000000000| delays: -
  m7, b01: |00000000000000000000000000000000| delays: -
  m7, b02: |00000000000000000000000000000000| delays: -
  m7, b03: |11111111111111000000000000000000| delays: 07+-07
  m7, b04: |00000000000000001111111111111000| delays: 22+-06
  m7, b05: |00000000000000000000000000000000| delays: -
  m7, b06: |00000000000000000000000000000000| delays: -
  m7, b07: |00000000000000000000000000000000| delays: -
  best: m7, b03 delays: 07+-07
  m8, b00: |00000000000000000000000000000000| delays: -
  m8, b01: |00000000000000000000000000000000| delays: -
  m8, b02: |11110000000000000000000000000000| delays: 02+-02
  m8, b03: |00000001111111111111000000000000| delays: 13+-06
  m8, b04: |00000000000000000000001111111111| delays: 27+-04
  m8, b05: |00000000000000000000000000000000| delays: -
  m8, b06: |00000000000000000000000000000000| delays: -
  m8, b07: |00000000000000000000000000000000| delays: -
  best: m8, b03 delays: 13+-07
  m9, b00: |00000000000000000000000000000000| delays: -
  m9, b01: |00000000000000000000000000000000| delays: -
  m9, b02: |11111000000000000000000000000000| delays: 02+-02
  m9, b03: |00000001111111111111000000000000| delays: 12+-06
  m9, b04: |00000000000000000000000111111111| delays: 27+-04
  m9, b05: |00000000000000000000000000000000| delays: -
  m9, b06: |00000000000000000000000000000000| delays: -
  m9, b07: |00000000000000000000000000000000| delays: -
  best: m9, b03 delays: 13+-07
  m10, b00: |00000000000000000000000000000000| delays: -
  m10, b01: |00000000000000000000000000000000| delays: -
  m10, b02: |11000000000000000000000000000000| delays: 02+-02
  m10, b03: |00011111111111111100000000000000| delays: 10+-07
  m10, b04: |00000000000000000001111111111111| delays: 25+-06
  m10, b05: |00000000000000000000000000000000| delays: -
  m10, b06: |00000000000000000000000000000000| delays: -
  m10, b07: |00000000000000000000000000000000| delays: -
  best: m10, b03 delays: 10+-07
  m11, b00: |00000000000000000000000000000000| delays: -
  m11, b01: |00000000000000000000000000000000| delays: -
  m11, b02: |11000000000000000000000000000000| delays: 02+-02
  m11, b03: |00011111111111111000000000000000| delays: 10+-07
  m11, b04: |00000000000000000001111111111111| delays: 25+-06
  m11, b05: |00000000000000000000000000000000| delays: -
  m11, b06: |00000000000000000000000000000000| delays: -
  m11, b07: |00000000000000000000000000000000| delays: -
  best: m11, b03 delays: 10+-07
  m12, b00: |00000000000000000000000000000000| delays: -
  m12, b01: |00000000000000000000000000000000| delays: -
  m12, b02: |00000000000000000000000000000000| delays: -
  m12, b03: |01111111111111000000000000000000| delays: 07+-06
  m12, b04: |00000000000000000111111111111000| delays: 23+-07
  m12, b05: |00000000000000000000000000000000| delays: -
  m12, b06: |00000000000000000000000000000000| delays: -
  m12, b07: |00000000000000000000000000000000| delays: -
  best: m12, b03 delays: 07+-07
  m13, b00: |00000000000000000000000000000000| delays: -
  m13, b01: |00000000000000000000000000000000| delays: -
  m13, b02: |00000000000000000000000000000000| delays: -
  m13, b03: |11111111111111000000000000000000| delays: 07+-07
  m13, b04: |00000000000000001111111111111100| delays: 23+-07
  m13, b05: |00000000000000000000000000000000| delays: -
  m13, b06: |00000000000000000000000000000000| delays: -
  m13, b07: |00000000000000000000000000000000| delays: -
  best: m13, b04 delays: 22+-06
  m14, b00: |00000000000000000000000000000000| delays: -
  m14, b01: |00000000000000000000000000000000| delays: -
  m14, b02: |00000000000000000000000000000000| delays: -
  m14, b03: |11111111111000000000000000000000| delays: 06+-06
  m14, b04: |00000000000001111111111111100000| delays: 20+-07
  m14, b05: |00000000000000000000000000000011| delays: 00+-02
  m14, b06: |00000000000000000000000000000000| delays: -
  m14, b07: |00000000000000000000000000000000| delays: -
  best: m14, b04 delays: 20+-07
  m15, b00: |00000000000000000000000000000000| delays: -
  m15, b01: |00000000000000000000000000000000| delays: -
  m15, b02: |00000000000000000000000000000000| delays: -
