[2022-12-19 07:57:23] INFO     STATE:Initial Starting State
[2022-12-19 07:57:23] INFO     STATE:Repower Board State
[2022-12-19 07:57:23] INFO     NETBOOTER:Attempt 1 to set port 5 with cycle=False
[2022-12-19 07:57:27] INFO     NETBOOTER:Setting port 5 to Off
[2022-12-19 07:57:28] INFO     NETBOOTER:Attempt 1 to set port 5 with cycle=False
[2022-12-19 07:57:30] INFO     NETBOOTER:Setting port 5 to On
[2022-12-19 07:57:31] INFO     STATE:Start Server State
[2022-12-19 07:57:31] INFO     Giving time for system to boot (15 seconds)
[2022-12-19 07:57:46] INFO     Starting Litex Server
[2022-12-19 07:57:46] INFO     Giving time for server to start (15 seconds)
[2022-12-19 07:58:01] INFO     STATE:Create Client State
[2022-12-19 07:58:01] INFO     LiteX Crossover UART created: /dev/pts/13
[2022-12-19 07:58:01] INFO     Attempting to open:/dev/pts/13 at baud 1000000 with timeout=30
[2022-12-19 07:58:01] INFO     Serial port /dev/pts/13 open
[2022-12-19 07:58:01] INFO     STATE:Initial Prompt State
[2022-12-19 07:58:01] INFO     Giving time for bios to initialize (30 seconds)
[2022-12-19 07:58:32] INFO     Initial prompt attempt #1
[2022-12-19 07:58:32] INFO     Login prompt success
[2022-12-19 07:58:32] INFO     STATE:Mem Init State
[2022-12-19 07:58:32] INFO     Giving time for mem_write command (90 seconds)
[2022-12-19 08:00:02] INFO     STATE:Mem Compare State
[2022-12-19 08:00:33] INFO     mem_cmp 0x407C0000 0x607C0000 0x00010000 4
[2022-12-19 08:01:05] INFO     mem_cmp 0x40FC0000 0x60FC0000 0x00010000 4
[2022-12-19 08:01:37] INFO     mem_cmp 0x417C0000 0x617C0000 0x00010000 4
[2022-12-19 08:02:09] INFO     mem_cmp 0x41FC0000 0x61FC0000 0x00010000 4
[2022-12-19 08:02:41] INFO     mem_cmp 0x427C0000 0x627C0000 0x00010000 4
[2022-12-19 08:03:13] INFO     mem_cmp 0x42FC0000 0x62FC0000 0x00010000 4
[2022-12-19 08:03:45] INFO     mem_cmp 0x437C0000 0x637C0000 0x00010000 4
[2022-12-19 08:04:17] INFO     mem_cmp 0x43FC0000 0x63FC0000 0x00010000 4
[2022-12-19 08:04:49] INFO     mem_cmp 0x447C0000 0x647C0000 0x00010000 4
[2022-12-19 08:05:21] INFO     mem_cmp 0x44FC0000 0x64FC0000 0x00010000 4
[2022-12-19 08:05:54] INFO     mem_cmp 0x457C0000 0x657C0000 0x00010000 4
[2022-12-19 08:06:26] INFO     mem_cmp 0x45FC0000 0x65FC0000 0x00010000 4
[2022-12-19 08:06:58] INFO     mem_cmp 0x467C0000 0x667C0000 0x00010000 4
[2022-12-19 08:07:30] INFO     mem_cmp 0x46FC0000 0x66FC0000 0x00010000 4
[2022-12-19 08:08:02] INFO     mem_cmp 0x477C0000 0x677C0000 0x00010000 4
[2022-12-19 08:08:34] INFO     mem_cmp 0x47FC0000 0x67FC0000 0x00010000 4
[2022-12-19 08:09:06] INFO     mem_cmp 0x487C0000 0x687C0000 0x00010000 4
[2022-12-19 08:09:38] INFO     mem_cmp 0x48FC0000 0x68FC0000 0x00010000 4
[2022-12-19 08:10:10] INFO     mem_cmp 0x497C0000 0x697C0000 0x00010000 4
[2022-12-19 08:10:42] INFO     mem_cmp 0x49FC0000 0x69FC0000 0x00010000 4
[2022-12-19 08:11:14] INFO     mem_cmp 0x4A7C0000 0x6A7C0000 0x00010000 4
[2022-12-19 08:11:46] INFO     mem_cmp 0x4AFC0000 0x6AFC0000 0x00010000 4
[2022-12-19 08:12:18] INFO     mem_cmp 0x4B7C0000 0x6B7C0000 0x00010000 4
[2022-12-19 08:12:50] INFO     mem_cmp 0x4BFC0000 0x6BFC0000 0x00010000 4
[2022-12-19 08:13:23] INFO     mem_cmp 0x4C7C0000 0x6C7C0000 0x00010000 4
[2022-12-19 08:13:55] INFO     mem_cmp 0x4CFC0000 0x6CFC0000 0x00010000 4
[2022-12-19 08:14:27] INFO     mem_cmp 0x4D7C0000 0x6D7C0000 0x00010000 4
[2022-12-19 08:14:59] INFO     mem_cmp 0x4DFC0000 0x6DFC0000 0x00010000 4
[2022-12-19 08:15:31] INFO     mem_cmp 0x4E7C0000 0x6E7C0000 0x00010000 4
[2022-12-19 08:16:03] INFO     mem_cmp 0x4EFC0000 0x6EFC0000 0x00010000 4
[2022-12-19 08:16:35] INFO     mem_cmp 0x4F7C0000 0x6F7C0000 0x00010000 4
[2022-12-19 08:17:07] INFO     mem_cmp 0x4FFC0000 0x6FFC0000 0x00010000 4
[2022-12-19 08:17:39] INFO     mem_cmp 0x507C0000 0x707C0000 0x00010000 4
[2022-12-19 08:18:11] INFO     mem_cmp 0x50FC0000 0x70FC0000 0x00010000 4
[2022-12-19 08:18:43] INFO     mem_cmp 0x517C0000 0x717C0000 0x00010000 4
[2022-12-19 08:19:15] INFO     mem_cmp 0x51FC0000 0x71FC0000 0x00010000 4
[2022-12-19 08:19:47] INFO     mem_cmp 0x527C0000 0x727C0000 0x00010000 4
[2022-12-19 08:20:20] INFO     mem_cmp 0x52FC0000 0x72FC0000 0x00010000 4
[2022-12-19 08:20:52] INFO     mem_cmp 0x537C0000 0x737C0000 0x00010000 4
[2022-12-19 08:21:24] INFO     mem_cmp 0x53FC0000 0x73FC0000 0x00010000 4
[2022-12-19 08:21:56] INFO     mem_cmp 0x547C0000 0x747C0000 0x00010000 4
[2022-12-19 08:22:28] INFO     mem_cmp 0x54FC0000 0x74FC0000 0x00010000 4
[2022-12-19 08:23:00] INFO     mem_cmp 0x557C0000 0x757C0000 0x00010000 4
[2022-12-19 08:23:32] INFO     mem_cmp 0x55FC0000 0x75FC0000 0x00010000 4
[2022-12-19 08:24:04] INFO     mem_cmp 0x567C0000 0x767C0000 0x00010000 4
[2022-12-19 08:24:36] INFO     mem_cmp 0x56FC0000 0x76FC0000 0x00010000 4
[2022-12-19 08:25:08] INFO     mem_cmp 0x577C0000 0x777C0000 0x00010000 4
[2022-12-19 08:25:40] INFO     mem_cmp 0x57FC0000 0x77FC0000 0x00010000 4
[2022-12-19 08:26:13] INFO     mem_cmp 0x587C0000 0x787C0000 0x00010000 4
[2022-12-19 08:26:45] INFO     mem_cmp 0x58FC0000 0x78FC0000 0x00010000 4
[2022-12-19 08:27:17] INFO     mem_cmp 0x597C0000 0x797C0000 0x00010000 4
[2022-12-19 08:27:49] INFO     mem_cmp 0x59FC0000 0x79FC0000 0x00010000 4
[2022-12-19 08:28:21] INFO     mem_cmp 0x5A7C0000 0x7A7C0000 0x00010000 4
[2022-12-19 08:28:53] INFO     mem_cmp 0x5AFC0000 0x7AFC0000 0x00010000 4
[2022-12-19 08:29:25] INFO     mem_cmp 0x5B7C0000 0x7B7C0000 0x00010000 4
[2022-12-19 08:29:57] INFO     mem_cmp 0x5BFC0000 0x7BFC0000 0x00010000 4
[2022-12-19 08:30:29] INFO     mem_cmp 0x5C7C0000 0x7C7C0000 0x00010000 4
[2022-12-19 08:31:01] INFO     mem_cmp 0x5CFC0000 0x7CFC0000 0x00010000 4
[2022-12-19 08:31:33] INFO     mem_cmp 0x5D7C0000 0x7D7C0000 0x00010000 4
[2022-12-19 08:32:05] INFO     mem_cmp 0x5DFC0000 0x7DFC0000 0x00010000 4
[2022-12-19 08:32:37] INFO     mem_cmp 0x5E7C0000 0x7E7C0000 0x00010000 4
[2022-12-19 08:33:09] INFO     mem_cmp 0x5EFC0000 0x7EFC0000 0x00010000 4
[2022-12-19 08:33:42] INFO     mem_cmp 0x5F7C0000 0x7F7C0000 0x00010000 4
[2022-12-19 08:34:14] INFO     mem_cmp 0x5FFC0000 0x7FFC0000 0x00010000 4
[2022-12-19 08:34:15] INFO     STATE:Mem Compare State
[2022-12-19 08:34:46] INFO     mem_cmp 0x407C0000 0x607C0000 0x00010000 4
[2022-12-19 08:35:18] INFO     mem_cmp 0x40FC0000 0x60FC0000 0x00010000 4
[2022-12-19 08:35:50] INFO     mem_cmp 0x417C0000 0x617C0000 0x00010000 4
[2022-12-19 08:36:22] INFO     mem_cmp 0x41FC0000 0x61FC0000 0x00010000 4
[2022-12-19 08:36:54] INFO     mem_cmp 0x427C0000 0x627C0000 0x00010000 4
[2022-12-19 08:37:26] INFO     mem_cmp 0x42FC0000 0x62FC0000 0x00010000 4
[2022-12-19 08:37:58] INFO     mem_cmp 0x437C0000 0x637C0000 0x00010000 4
[2022-12-19 08:38:30] INFO     mem_cmp 0x43FC0000 0x63FC0000 0x00010000 4
[2022-12-19 08:39:02] INFO     mem_cmp 0x447C0000 0x647C0000 0x00010000 4
[2022-12-19 08:39:35] INFO     mem_cmp 0x44FC0000 0x64FC0000 0x00010000 4
[2022-12-19 08:40:07] INFO     mem_cmp 0x457C0000 0x657C0000 0x00010000 4
[2022-12-19 08:40:39] INFO     mem_cmp 0x45FC0000 0x65FC0000 0x00010000 4
[2022-12-19 08:41:11] INFO     mem_cmp 0x467C0000 0x667C0000 0x00010000 4
[2022-12-19 08:41:43] INFO     mem_cmp 0x46FC0000 0x66FC0000 0x00010000 4
[2022-12-19 08:42:15] INFO     mem_cmp 0x477C0000 0x677C0000 0x00010000 4
[2022-12-19 08:42:47] INFO     mem_cmp 0x47FC0000 0x67FC0000 0x00010000 4
[2022-12-19 08:43:19] INFO     mem_cmp 0x487C0000 0x687C0000 0x00010000 4
[2022-12-19 08:43:51] INFO     mem_cmp 0x48FC0000 0x68FC0000 0x00010000 4
[2022-12-19 08:44:23] INFO     mem_cmp 0x497C0000 0x697C0000 0x00010000 4
[2022-12-19 08:44:55] INFO     mem_cmp 0x49FC0000 0x69FC0000 0x00010000 4
[2022-12-19 08:45:27] INFO     mem_cmp 0x4A7C0000 0x6A7C0000 0x00010000 4
[2022-12-19 08:46:00] INFO     mem_cmp 0x4AFC0000 0x6AFC0000 0x00010000 4
[2022-12-19 08:46:32] INFO     mem_cmp 0x4B7C0000 0x6B7C0000 0x00010000 4
[2022-12-19 08:47:04] INFO     mem_cmp 0x4BFC0000 0x6BFC0000 0x00010000 4
[2022-12-19 08:47:36] INFO     mem_cmp 0x4C7C0000 0x6C7C0000 0x00010000 4
[2022-12-19 08:48:08] INFO     mem_cmp 0x4CFC0000 0x6CFC0000 0x00010000 4
[2022-12-19 08:48:40] INFO     mem_cmp 0x4D7C0000 0x6D7C0000 0x00010000 4
[2022-12-19 08:49:12] INFO     mem_cmp 0x4DFC0000 0x6DFC0000 0x00010000 4
[2022-12-19 08:49:44] INFO     mem_cmp 0x4E7C0000 0x6E7C0000 0x00010000 4
[2022-12-19 08:50:16] INFO     mem_cmp 0x4EFC0000 0x6EFC0000 0x00010000 4
[2022-12-19 08:50:48] INFO     mem_cmp 0x4F7C0000 0x6F7C0000 0x00010000 4
[2022-12-19 08:51:20] INFO     mem_cmp 0x4FFC0000 0x6FFC0000 0x00010000 4
[2022-12-19 08:51:52] INFO     mem_cmp 0x507C0000 0x707C0000 0x00010000 4
[2022-12-19 08:52:24] INFO     mem_cmp 0x50FC0000 0x70FC0000 0x00010000 4
[2022-12-19 08:52:56] INFO     mem_cmp 0x517C0000 0x717C0000 0x00010000 4
[2022-12-19 08:53:29] INFO     mem_cmp 0x51FC0000 0x71FC0000 0x00010000 4
[2022-12-19 08:54:01] INFO     mem_cmp 0x527C0000 0x727C0000 0x00010000 4
[2022-12-19 08:54:33] INFO     mem_cmp 0x52FC0000 0x72FC0000 0x00010000 4
[2022-12-19 08:55:05] INFO     mem_cmp 0x537C0000 0x737C0000 0x00010000 4
[2022-12-19 08:55:37] INFO     mem_cmp 0x53FC0000 0x73FC0000 0x00010000 4
[2022-12-19 08:56:09] INFO     mem_cmp 0x547C0000 0x747C0000 0x00010000 4
[2022-12-19 08:56:41] INFO     mem_cmp 0x54FC0000 0x74FC0000 0x00010000 4
[2022-12-19 08:57:13] INFO     mem_cmp 0x557C0000 0x757C0000 0x00010000 4
[2022-12-19 08:57:45] INFO     mem_cmp 0x55FC0000 0x75FC0000 0x00010000 4
[2022-12-19 08:58:17] INFO     mem_cmp 0x567C0000 0x767C0000 0x00010000 4
[2022-12-19 08:58:49] INFO     mem_cmp 0x56FC0000 0x76FC0000 0x00010000 4
[2022-12-19 08:59:21] INFO     mem_cmp 0x577C0000 0x777C0000 0x00010000 4
[2022-12-19 08:59:53] INFO     mem_cmp 0x57FC0000 0x77FC0000 0x00010000 4
[2022-12-19 09:00:26] INFO     mem_cmp 0x587C0000 0x787C0000 0x00010000 4
[2022-12-19 09:00:58] INFO     mem_cmp 0x58FC0000 0x78FC0000 0x00010000 4
[2022-12-19 09:01:30] INFO     mem_cmp 0x597C0000 0x797C0000 0x00010000 4
[2022-12-19 09:02:02] INFO     mem_cmp 0x59FC0000 0x79FC0000 0x00010000 4
[2022-12-19 09:02:34] INFO     mem_cmp 0x5A7C0000 0x7A7C0000 0x00010000 4
[2022-12-19 09:03:06] INFO     mem_cmp 0x5AFC0000 0x7AFC0000 0x00010000 4
[2022-12-19 09:03:38] INFO     mem_cmp 0x5B7C0000 0x7B7C0000 0x00010000 4
[2022-12-19 09:04:10] INFO     mem_cmp 0x5BFC0000 0x7BFC0000 0x00010000 4
[2022-12-19 09:04:42] INFO     mem_cmp 0x5C7C0000 0x7C7C0000 0x00010000 4
[2022-12-19 09:05:14] INFO     mem_cmp 0x5CFC0000 0x7CFC0000 0x00010000 4
[2022-12-19 09:05:46] INFO     mem_cmp 0x5D7C0000 0x7D7C0000 0x00010000 4
[2022-12-19 09:06:19] INFO     mem_cmp 0x5DFC0000 0x7DFC0000 0x00010000 4
[2022-12-19 09:06:51] INFO     mem_cmp 0x5E7C0000 0x7E7C0000 0x00010000 4
[2022-12-19 09:07:23] INFO     mem_cmp 0x5EFC0000 0x7EFC0000 0x00010000 4
[2022-12-19 09:07:55] INFO     mem_cmp 0x5F7C0000 0x7F7C0000 0x00010000 4
[2022-12-19 09:08:27] INFO     mem_cmp 0x5FFC0000 0x7FFC0000 0x00010000 4
[2022-12-19 09:08:28] INFO     STATE:Mem Compare State
[2022-12-19 09:08:59] INFO     mem_cmp 0x407C0000 0x607C0000 0x00010000 4
[2022-12-19 09:09:31] INFO     mem_cmp 0x40FC0000 0x60FC0000 0x00010000 4
[2022-12-19 09:10:03] INFO     mem_cmp 0x417C0000 0x617C0000 0x00010000 4
[2022-12-19 09:10:35] INFO     mem_cmp 0x41FC0000 0x61FC0000 0x00010000 4
[2022-12-19 09:11:07] INFO     mem_cmp 0x427C0000 0x627C0000 0x00010000 4
[2022-12-19 09:11:39] INFO     mem_cmp 0x42FC0000 0x62FC0000 0x00010000 4
[2022-12-19 09:12:11] INFO     mem_cmp 0x437C0000 0x637C0000 0x00010000 4
[2022-12-19 09:12:43] INFO     mem_cmp 0x43FC0000 0x63FC0000 0x00010000 4
[2022-12-19 09:13:16] INFO     mem_cmp 0x447C0000 0x647C0000 0x00010000 4
[2022-12-19 09:13:48] INFO     mem_cmp 0x44FC0000 0x64FC0000 0x00010000 4
[2022-12-19 09:14:20] INFO     mem_cmp 0x457C0000 0x657C0000 0x00010000 4
[2022-12-19 09:14:52] INFO     mem_cmp 0x45FC0000 0x65FC0000 0x00010000 4
[2022-12-19 09:15:24] INFO     mem_cmp 0x467C0000 0x667C0000 0x00010000 4
[2022-12-19 09:15:56] INFO     mem_cmp 0x46FC0000 0x66FC0000 0x00010000 4
[2022-12-19 09:16:28] INFO     mem_cmp 0x477C0000 0x677C0000 0x00010000 4
[2022-12-19 09:17:00] INFO     mem_cmp 0x47FC0000 0x67FC0000 0x00010000 4
[2022-12-19 09:17:32] INFO     mem_cmp 0x487C0000 0x687C0000 0x00010000 4
[2022-12-19 09:18:04] INFO     mem_cmp 0x48FC0000 0x68FC0000 0x00010000 4
[2022-12-19 09:18:36] INFO     mem_cmp 0x497C0000 0x697C0000 0x00010000 4
[2022-12-19 09:19:08] INFO     mem_cmp 0x49FC0000 0x69FC0000 0x00010000 4
[2022-12-19 09:19:41] INFO     mem_cmp 0x4A7C0000 0x6A7C0000 0x00010000 4
[2022-12-19 09:20:13] INFO     mem_cmp 0x4AFC0000 0x6AFC0000 0x00010000 4
[2022-12-19 09:20:45] INFO     mem_cmp 0x4B7C0000 0x6B7C0000 0x00010000 4
[2022-12-19 09:21:17] INFO     mem_cmp 0x4BFC0000 0x6BFC0000 0x00010000 4
[2022-12-19 09:21:49] INFO     mem_cmp 0x4C7C0000 0x6C7C0000 0x00010000 4
[2022-12-19 09:22:21] INFO     mem_cmp 0x4CFC0000 0x6CFC0000 0x00010000 4
[2022-12-19 09:22:53] INFO     mem_cmp 0x4D7C0000 0x6D7C0000 0x00010000 4
[2022-12-19 09:23:25] INFO     mem_cmp 0x4DFC0000 0x6DFC0000 0x00010000 4
[2022-12-19 09:23:57] INFO     mem_cmp 0x4E7C0000 0x6E7C0000 0x00010000 4
[2022-12-19 09:24:29] INFO     mem_cmp 0x4EFC0000 0x6EFC0000 0x00010000 4
[2022-12-19 09:25:01] INFO     mem_cmp 0x4F7C0000 0x6F7C0000 0x00010000 4
[2022-12-19 09:25:33] INFO     mem_cmp 0x4FFC0000 0x6FFC0000 0x00010000 4
[2022-12-19 09:26:05] INFO     mem_cmp 0x507C0000 0x707C0000 0x00010000 4
[2022-12-19 09:26:37] INFO     mem_cmp 0x50FC0000 0x70FC0000 0x00010000 4
[2022-12-19 09:27:09] INFO     mem_cmp 0x517C0000 0x717C0000 0x00010000 4
[2022-12-19 09:27:42] INFO     mem_cmp 0x51FC0000 0x71FC0000 0x00010000 4
[2022-12-19 09:28:14] INFO     mem_cmp 0x527C0000 0x727C0000 0x00010000 4
[2022-12-19 09:28:46] INFO     mem_cmp 0x52FC0000 0x72FC0000 0x00010000 4
[2022-12-19 09:29:18] INFO     mem_cmp 0x537C0000 0x737C0000 0x00010000 4
