
000000000| delays: 06+-06
  m15, b04: |00000000000000111111111111110000| delays: 21+-07
  m15, b05: |00000000000000000000000000000011| delays: 00+-02
  m15, b06: |00000000000000000000000000000000| delays: -
  m15, b07: |00000000000000000000000000000000| delays: -
  best: m15, b04 delays: 20+-07
Switching SDRAM to hardware control.
Memtest at 0x40000000 (2.0MiB)...
  Write: 0x40000000-0x40000000 0B   
  Write: 0x40000000-0x40020000 128.0KiB   
  Write: 0x40000000-0x40040000 256.0KiB   
  Write: 0x40000000-0x40060000 384.0KiB   
  Write: 0x40000000-0x40080000 512.0KiB   
  Write: 0x40000000-0x400a0000 640.0KiB   
  Write: 0x40000000-0x400c0000 768.0KiB   
  Write: 0x40000000-0x400e0000 896.0KiB   
  Write: 0x40000000-0x40100000 1.0MiB   
  Write: 0x40000000-0x40120000 1.1MiB   
  Write: 0x40000000-0x40140000 1.2MiB   
  Write: 0x40000000-0x40160000 1.3MiB   
  Write: 0x40000000-0x40180000 1.5MiB   
  Write: 0x40000000-0x401a0000 1.6MiB   
  Write: 0x40000000-0x401c0000 1.7MiB   
  Write: 0x40000000-0x401e0000 1.8MiB   
  Write: 0x40000000-0x40200000 2.0MiB   
   Read: 0x40000000-0x40000000 0B   
   Read: 0x40000000-0x40020000 128.0KiB   
   Read: 0x40000000-0x40040000 256.0KiB   
   Read: 0x40000000-0x40060000 384.0KiB   
   Read: 0x40000000-0x40080000 512.0KiB   
   Read: 0x40000000-0x400a0000 640.0KiB   
   Read: 0x40000000-0x400c0000 768.0KiB   
   Read: 0x40000000-0x400e0000 896.0KiB   
   Read: 0x40000000-0x40100000 1.0MiB   
   Read: 0x40000000-0x40120000 1.1MiB   
   Read: 0x40000000-0x40140000 1.2MiB   
   Read: 0x40000000-0x40160000 1.3MiB   
   Read: 0x40000000-0x40180000 1.5MiB   
   Read: 0x40000000-0x401a0000 1.6MiB   
   Read: 0x40000000-0x401c0000 1.7MiB   
   Read: 0x40000000-0x401e0000 1.8MiB   
   Read: 0x40000000-0x40200000 2.0MiB   
Memtest OK
Memspeed at 0x40000000 (Sequential, 2.0MiB)...
  Write speed: 45.4MiB/s
   Read speed: 46.7MiB/s
--============== [1mBoot[0m ==================--
Booting from serial...
Press Q or ESC to abort boot completely.
sL5DdSMmkekro
Timeout
No boot medium found
--============= [1mConsole[0m ================--
[92;1mlitex[0m> mem_write 0x40000000 0x5a5a5a5a 0x10000000 4
