[2022-12-16 15:56:27] INFO     git commit information
[2022-12-16 15:56:27] INFO     	git commit:15a23c6 More notes on the rowhammer test.
[2022-12-16 15:56:27] INFO     	git commit date:Wed Dec 14 12:36:53 2022
[2022-12-16 15:56:27] INFO     	git status:Wed Dec 14 12:36:53 2022
[2022-12-16 15:56:27] INFO     		M beam-test/test_scripts/readme.md
[2022-12-16 15:56:27] INFO     		M beam-test/test_scripts/rowhammer_test.py
[2022-12-16 15:56:27] INFO     		?? beam-test/test_scripts/lansce2022/
[2022-12-16 15:56:27] INFO     Command line information
[2022-12-16 15:56:27] INFO     	Command line:['rowhammer_test.py', '--log_dir', './lansce2022', '--continuous']
[2022-12-16 15:56:27] INFO     	arg:dbg=False
[2022-12-16 15:56:27] INFO     	arg:pattern=None
[2022-12-16 15:56:27] INFO     	arg:continuous=True
[2022-12-16 15:56:27] INFO     	arg:iterations=None
[2022-12-16 15:56:27] INFO     	arg:log_dir=./lansce2022
[2022-12-16 15:56:28] INFO     Iteration 1
[2022-12-16 15:56:29] INFO     Test pattern OK!
[2022-12-16 15:56:29] INFO     Iteration 2
[2022-12-16 15:56:30] INFO     Test pattern OK!
[2022-12-16 15:56:30] INFO     Iteration 3
[2022-12-16 15:56:30] INFO     Test pattern OK!
[2022-12-16 15:56:30] INFO     Iteration 4
[2022-12-16 15:56:31] INFO     Test pattern OK!
[2022-12-16 15:56:31] INFO     Iteration 5
[2022-12-16 15:56:32] INFO     Test pattern OK!
[2022-12-16 15:56:32] INFO     Iteration 6
[2022-12-16 15:56:33] INFO     Test pattern OK!
[2022-12-16 15:56:33] INFO     Iteration 7
[2022-12-16 15:56:34] INFO     Test pattern OK!
[2022-12-16 15:56:34] INFO     Iteration 8
[2022-12-16 15:56:34] INFO     Test pattern OK!
[2022-12-16 15:56:34] INFO     Iteration 9
[2022-12-16 15:56:35] INFO     Test pattern OK!
[2022-12-16 15:56:35] INFO     Iteration 10
[2022-12-16 15:56:36] INFO     Test pattern OK!
[2022-12-16 15:56:36] INFO     Iteration 11
[2022-12-16 15:56:37] INFO     Test pattern OK!
[2022-12-16 15:56:37] INFO     Iteration 12
[2022-12-16 15:56:38] INFO     Test pattern OK!
[2022-12-16 15:56:38] INFO     Iteration 13
[2022-12-16 15:56:39] INFO     Test pattern OK!
[2022-12-16 15:56:39] INFO     Iteration 14
[2022-12-16 15:56:39] INFO     Test pattern OK!
[2022-12-16 15:56:39] INFO     Iteration 15
[2022-12-16 15:56:40] INFO     Test pattern OK!
[2022-12-16 15:56:40] INFO     Iteration 16
[2022-12-16 15:56:41] INFO     Test pattern OK!
[2022-12-16 15:56:41] INFO     Iteration 17
[2022-12-16 15:56:42] INFO     Test pattern OK!
[2022-12-16 15:56:42] INFO     Iteration 18
[2022-12-16 15:56:43] INFO     Test pattern OK!
[2022-12-16 15:56:43] INFO     Iteration 19
[2022-12-16 15:56:43] INFO     Test pattern OK!
[2022-12-16 15:56:43] INFO     Iteration 20
[2022-12-16 15:56:44] INFO     Test pattern OK!
[2022-12-16 15:56:44] INFO     Iteration 21
[2022-12-16 15:56:45] INFO     Test pattern OK!
[2022-12-16 15:56:45] INFO     Iteration 22
[2022-12-16 15:56:46] INFO     Test pattern OK!
[2022-12-16 15:56:46] INFO     Iteration 23
[2022-12-16 15:56:47] INFO     Test pattern OK!
[2022-12-16 15:56:47] INFO     Iteration 24
[2022-12-16 15:56:47] INFO     Test pattern OK!
[2022-12-16 15:56:47] INFO     Iteration 25
[2022-12-16 15:56:48] INFO     Test pattern OK!
[2022-12-16 15:56:48] INFO     Iteration 26
[2022-12-16 15:56:49] INFO     Test pattern OK!
[2022-12-16 15:56:49] INFO     Iteration 27
[2022-12-16 15:56:50] INFO     Test pattern OK!
[2022-12-16 15:56:50] INFO     Iteration 28
[2022-12-16 15:56:51] INFO     Test pattern OK!
[2022-12-16 15:56:51] INFO     Iteration 29
[2022-12-16 15:56:51] INFO     Test pattern OK!
[2022-12-16 15:56:51] INFO     Iteration 30
[2022-12-16 15:56:52] INFO     Test pattern OK!
[2022-12-16 15:56:52] INFO     Iteration 31
[2022-12-16 15:56:53] INFO     Test pattern OK!
[2022-12-16 15:56:53] INFO     Iteration 32
[2022-12-16 15:56:54] INFO     Test pattern OK!
[2022-12-16 15:56:54] INFO     Iteration 33
[2022-12-16 15:56:55] INFO     Test pattern OK!
[2022-12-16 15:56:55] INFO     Iteration 34
[2022-12-16 15:56:55] INFO     Test pattern OK!
[2022-12-16 15:56:55] INFO     Iteration 35
[2022-12-16 15:56:56] INFO     Test pattern OK!
[2022-12-16 15:56:56] INFO     Iteration 36
[2022-12-16 15:56:57] INFO     Test pattern OK!
[2022-12-16 15:56:57] INFO     Iteration 37
[2022-12-16 15:56:58] INFO     Test pattern OK!
[2022-12-16 15:56:58] INFO     Iteration 38
[2022-12-16 15:56:59] INFO     Test pattern OK!
[2022-12-16 15:56:59] INFO     Iteration 39
[2022-12-16 15:56:59] INFO     Test pattern OK!
[2022-12-16 15:56:59] INFO     Iteration 40
[2022-12-16 15:57:00] INFO     Test pattern OK!
[2022-12-16 15:57:00] INFO     Iteration 41
[2022-12-16 15:57:01] INFO     Test pattern OK!
[2022-12-16 15:57:01] INFO     Iteration 42
[2022-12-16 15:57:02] INFO     Test pattern OK!
[2022-12-16 15:57:02] INFO     Iteration 43
[2022-12-16 15:57:03] INFO     Test pattern OK!
[2022-12-16 15:57:03] INFO     Iteration 44
[2022-12-16 15:57:04] INFO     Test pattern OK!
[2022-12-16 15:57:04] INFO     Iteration 45
[2022-12-16 15:57:04] INFO     Test pattern OK!
[2022-12-16 15:57:04] INFO     Iteration 46
[2022-12-16 15:57:05] INFO     Test pattern OK!
[2022-12-16 15:57:05] INFO     Iteration 47
[2022-12-16 15:57:06] INFO     Test pattern OK!
[2022-12-16 15:57:06] INFO     Iteration 48
[2022-12-16 15:57:07] INFO     Test pattern OK!
[2022-12-16 15:57:07] INFO     Iteration 49
[2022-12-16 15:57:08] INFO     Test pattern OK!
[2022-12-16 15:57:08] INFO     Iteration 50
[2022-12-16 15:57:08] INFO     Test pattern OK!
[2022-12-16 15:57:08] INFO     Iteration 51
[2022-12-16 15:57:09] INFO     Test pattern OK!
[2022-12-16 15:57:09] INFO     Iteration 52
[2022-12-16 15:57:10] INFO     Test pattern OK!
[2022-12-16 15:57:10] INFO     Iteration 53
[2022-12-16 15:57:11] INFO     Test pattern OK!
[2022-12-16 15:57:11] INFO     Iteration 54
[2022-12-16 15:57:12] INFO     Test pattern OK!
[2022-12-16 15:57:12] INFO     Iteration 55
[2022-12-16 15:57:12] INFO     Test pattern OK!
[2022-12-16 15:57:12] INFO     Iteration 56
[2022-12-16 15:57:13] INFO     Test pattern OK!
[2022-12-16 15:57:13] INFO     Iteration 57
[2022-12-16 15:57:14] INFO     Test pattern OK!
[2022-12-16 15:57:14] INFO     Iteration 58
[2022-12-16 15:57:15] INFO     Test pattern OK!
[2022-12-16 15:57:15] INFO     Iteration 59
[2022-12-16 15:57:16] INFO     Test pattern OK!
[2022-12-16 15:57:16] INFO     Iteration 60
[2022-12-16 15:57:16] INFO     Test pattern OK!
[2022-12-16 15:57:16] INFO     Iteration 61
[2022-12-16 15:57:17] INFO     Test pattern OK!
[2022-12-16 15:57:17] INFO     Iteration 62
[2022-12-16 15:57:18] INFO     Test pattern OK!
[2022-12-16 15:57:18] INFO     Iteration 63
[2022-12-16 15:57:19] INFO     Test pattern OK!
[2022-12-16 15:57:19] INFO     Iteration 64
[2022-12-16 15:57:20] INFO     Test pattern OK!
[2022-12-16 15:57:20] INFO     Iteration 65
[2022-12-16 15:57:20] INFO     Test pattern OK!
[2022-12-16 15:57:20] INFO     Iteration 66
[2022-12-16 15:57:21] INFO     Test pattern OK!
[2022-12-16 15:57:21] INFO     Iteration 67
[2022-12-16 15:57:22] INFO     Test pattern OK!
[2022-12-16 15:57:22] INFO     Iteration 68
[2022-12-16 15:57:23] INFO     Test pattern OK!
[2022-12-16 15:57:23] INFO     Iteration 69
[2022-12-16 15:57:24] INFO     Test pattern OK!
[2022-12-16 15:57:24] INFO     Iteration 70
[2022-12-16 15:57:25] INFO     Test pattern OK!
[2022-12-16 15:57:25] INFO     Iteration 71
[2022-12-16 15:57:25] INFO     Test pattern OK!
[2022-12-16 15:57:25] INFO     Iteration 72
[2022-12-16 15:57:26] INFO     Test pattern OK!
[2022-12-16 15:57:26] INFO     Iteration 73
[2022-12-16 15:57:27] INFO     Test pattern OK!
[2022-12-16 15:57:27] INFO     Iteration 74
[2022-12-16 15:57:28] INFO     Test pattern OK!
[2022-12-16 15:57:28] INFO     Iteration 75
[2022-12-16 15:57:29] INFO     Test pattern OK!
[2022-12-16 15:57:29] INFO     Iteration 76
[2022-12-16 15:57:29] INFO     Test pattern OK!
[2022-12-16 15:57:29] INFO     Iteration 77
[2022-12-16 15:57:30] INFO     Test pattern OK!
[2022-12-16 15:57:30] INFO     Iteration 78
[2022-12-16 15:57:31] INFO     Test pattern OK!
[2022-12-16 15:57:31] INFO     Iteration 79
[2022-12-16 15:57:32] INFO     Test pattern OK!
[2022-12-16 15:57:32] INFO     Iteration 80
[2022-12-16 15:57:33] INFO     Test pattern OK!
[2022-12-16 15:57:33] INFO     Iteration 81
[2022-12-16 15:57:33] INFO     Test pattern OK!
[2022-12-16 15:57:33] INFO     Iteration 82
[2022-12-16 15:57:34] INFO     Test pattern OK!
[2022-12-16 15:57:34] INFO     Iteration 83
[2022-12-16 15:57:35] INFO     Test pattern OK!
[2022-12-16 15:57:35] INFO     Iteration 84
[2022-12-16 15:57:36] INFO     Test pattern OK!
[2022-12-16 15:57:36] INFO     Iteration 85
[2022-12-16 15:57:37] INFO     Test pattern OK!
[2022-12-16 15:57:37] INFO     Iteration 86
[2022-12-16 15:57:37] INFO     Test pattern OK!
[2022-12-16 15:57:37] INFO     Iteration 87
[2022-12-16 15:57:38] INFO     Test pattern OK!
[2022-12-16 15:57:38] INFO     Iteration 88
[2022-12-16 15:57:39] INFO     Test pattern OK!
[2022-12-16 15:57:39] INFO     Iteration 89
[2022-12-16 15:57:40] INFO     Test pattern OK!
[2022-12-16 15:57:40] INFO     Iteration 90
[2022-12-16 15:57:41] INFO     Test pattern OK!
[2022-12-16 15:57:41] INFO     Iteration 91
[2022-12-16 15:57:42] INFO     Test pattern OK!
[2022-12-16 15:57:42] INFO     Iteration 92
[2022-12-16 15:57:42] INFO     Test pattern OK!
[2022-12-16 15:57:42] INFO     Iteration 93
[2022-12-16 15:57:43] INFO     Test pattern OK!
[2022-12-16 15:57:43] INFO     Iteration 94
[2022-12-16 15:57:44] INFO     Test pattern OK!
[2022-12-16 15:57:44] INFO     Iteration 95
[2022-12-16 15:57:45] INFO     Test pattern OK!
[2022-12-16 15:57:45] INFO     Iteration 96
[2022-12-16 15:57:46] INFO     Test pattern OK!
[2022-12-16 15:57:46] INFO     Iteration 97
[2022-12-16 15:57:46] INFO     Test pattern OK!
[2022-12-16 15:57:46] INFO     Iteration 98
[2022-12-16 15:57:47] INFO     Test pattern OK!
[2022-12-16 15:57:47] INFO     Iteration 99
[2022-12-16 15:57:48] INFO     Test pattern OK!
[2022-12-16 15:57:48] INFO     Iteration 100
[2022-12-16 15:57:49] INFO     Test pattern OK!
[2022-12-16 15:57:49] INFO     Iteration 101
[2022-12-16 15:57:50] INFO     Test pattern OK!
[2022-12-16 15:57:50] INFO     Iteration 102
[2022-12-16 15:57:50] INFO     Test pattern OK!
[2022-12-16 15:57:50] INFO     Iteration 103
[2022-12-16 15:57:51] INFO     Test pattern OK!
[2022-12-16 15:57:51] INFO     Iteration 104
[2022-12-16 15:57:52] INFO     Test pattern OK!
[2022-12-16 15:57:52] INFO     Iteration 105
[2022-12-16 15:57:53] INFO     Test pattern OK!
[2022-12-16 15:57:53] INFO     Iteration 106
[2022-12-16 15:57:54] INFO     Test pattern OK!
[2022-12-16 15:57:54] INFO     Iteration 107
[2022-12-16 15:57:55] INFO     Test pattern OK!
[2022-12-16 15:57:55] INFO     Iteration 108
[2022-12-16 15:57:55] INFO     Test pattern OK!
[2022-12-16 15:57:55] INFO     Iteration 109
[2022-12-16 15:57:56] INFO     Test pattern OK!
[2022-12-16 15:57:56] INFO     Iteration 110
[2022-12-16 15:57:57] INFO     Test pattern OK!
[2022-12-16 15:57:57] INFO     Iteration 111
[2022-12-16 15:57:58] INFO     Test pattern OK!
[2022-12-16 15:57:58] INFO     Iteration 112
[2022-12-16 15:57:59] INFO     Test pattern OK!
[2022-12-16 15:57:59] INFO     Iteration 113
[2022-12-16 15:57:59] INFO     Test pattern OK!
[2022-12-16 15:57:59] INFO     Iteration 114
[2022-12-16 15:58:00] INFO     Test pattern OK!
[2022-12-16 15:58:00] INFO     Iteration 115
[2022-12-16 15:58:01] INFO     Test pattern OK!
[2022-12-16 15:58:01] INFO     Iteration 116
[2022-12-16 15:58:02] INFO     Test pattern OK!
[2022-12-16 15:58:02] INFO     Iteration 117
[2022-12-16 15:58:03] INFO     Test pattern OK!
[2022-12-16 15:58:03] INFO     Iteration 118
[2022-12-16 15:58:04] INFO     Test pattern OK!
[2022-12-16 15:58:04] INFO     Iteration 119
[2022-12-16 15:58:04] INFO     Test pattern OK!
[2022-12-16 15:58:04] INFO     Iteration 120
[2022-12-16 15:58:05] INFO     Test pattern OK!
[2022-12-16 15:58:05] INFO     Iteration 121
[2022-12-16 15:58:06] INFO     Test pattern OK!
[2022-12-16 15:58:06] INFO     Iteration 122
[2022-12-16 15:58:07] INFO     Test pattern OK!
[2022-12-16 15:58:07] INFO     Iteration 123
[2022-12-16 15:58:08] INFO     Test pattern OK!
[2022-12-16 15:58:08] INFO     Iteration 124
[2022-12-16 15:58:08] INFO     Test pattern OK!
[2022-12-16 15:58:08] INFO     Iteration 125
[2022-12-16 15:58:09] INFO     Test pattern OK!
[2022-12-16 15:58:09] INFO     Iteration 126
[2022-12-16 15:58:10] INFO     Test pattern OK!
[2022-12-16 15:58:10] INFO     Iteration 127
[2022-12-16 15:58:11] INFO     Test pattern OK!
[2022-12-16 15:58:11] INFO     Iteration 128
[2022-12-16 15:58:12] INFO     Test pattern OK!
[2022-12-16 15:58:12] INFO     Iteration 129
[2022-12-16 15:58:12] INFO     Test pattern OK!
[2022-12-16 15:58:12] INFO     Iteration 130
[2022-12-16 15:58:13] INFO     Test pattern OK!
[2022-12-16 15:58:13] INFO     Iteration 131
[2022-12-16 15:58:14] INFO     Test pattern OK!
[2022-12-16 15:58:14] INFO     Iteration 132
[2022-12-16 15:58:15] INFO     Test pattern OK!
[2022-12-16 15:58:15] INFO     Iteration 133
[2022-12-16 15:58:16] INFO     Test pattern OK!
[2022-12-16 15:58:16] INFO     Iteration 134
[2022-12-16 15:58:16] INFO     Test pattern OK!
[2022-12-16 15:58:16] INFO     Iteration 135
[2022-12-16 15:58:17] INFO     Test pattern OK!
[2022-12-16 15:58:17] INFO     Iteration 136
[2022-12-16 15:58:18] INFO     Test pattern OK!
[2022-12-16 15:58:18] INFO     Iteration 137
[2022-12-16 15:58:19] INFO     Test pattern OK!
[2022-12-16 15:58:19] INFO     Iteration 138
[2022-12-16 15:58:20] INFO     Test pattern OK!
[2022-12-16 15:58:20] INFO     Iteration 139
[2022-12-16 15:58:21] INFO     Test pattern OK!
[2022-12-16 15:58:21] INFO     Iteration 140
[2022-12-16 15:58:21] INFO     Test pattern OK!
[2022-12-16 15:58:21] INFO     Iteration 141
[2022-12-16 15:58:22] INFO     Test pattern OK!
[2022-12-16 15:58:22] INFO     Iteration 142
[2022-12-16 15:58:23] INFO     Test pattern OK!
[2022-12-16 15:58:23] INFO     Iteration 143
[2022-12-16 15:58:24] INFO     Test pattern OK!
[2022-12-16 15:58:24] INFO     Iteration 144
[2022-12-16 15:58:25] INFO     Test pattern OK!
[2022-12-16 15:58:25] INFO     Iteration 145
[2022-12-16 15:58:25] INFO     Test pattern OK!
[2022-12-16 15:58:25] INFO     Iteration 146
[2022-12-16 15:58:26] INFO     Test pattern OK!
[2022-12-16 15:58:26] INFO     Iteration 147
[2022-12-16 15:58:27] INFO     Test pattern OK!
[2022-12-16 15:58:27] INFO     Iteration 148
[2022-12-16 15:58:28] INFO     Test pattern OK!
[2022-12-16 15:58:28] INFO     Iteration 149
[2022-12-16 15:58:29] INFO     Test pattern OK!
[2022-12-16 15:58:29] INFO     Iteration 150
[2022-12-16 15:58:29] INFO     Test pattern OK!
[2022-12-16 15:58:29] INFO     Iteration 151
[2022-12-16 15:58:30] INFO     Test pattern OK!
[2022-12-16 15:58:30] INFO     Iteration 152
[2022-12-16 15:58:31] INFO     Test pattern OK!
[2022-12-16 15:58:31] INFO     Iteration 153
[2022-12-16 15:58:32] INFO     Test pattern OK!
[2022-12-16 15:58:32] INFO     Iteration 154
[2022-12-16 15:58:33] INFO     Test pattern OK!
[2022-12-16 15:58:33] INFO     Iteration 155
[2022-12-16 15:58:33] INFO     Test pattern OK!
[2022-12-16 15:58:33] INFO     Iteration 156
[2022-12-16 15:58:34] INFO     Test pattern OK!
[2022-12-16 15:58:34] INFO     Iteration 157
[2022-12-16 15:58:35] INFO     Test pattern OK!
[2022-12-16 15:58:35] INFO     Iteration 158
[2022-12-16 15:58:36] INFO     Test pattern OK!
[2022-12-16 15:58:36] INFO     Iteration 159
[2022-12-16 15:58:37] INFO     Test pattern OK!
[2022-12-16 15:58:37] INFO     Iteration 160
[2022-12-16 15:58:38] INFO     Test pattern OK!
[2022-12-16 15:58:38] INFO     Iteration 161
[2022-12-16 15:58:38] INFO     Test pattern OK!
[2022-12-16 15:58:38] INFO     Iteration 162
[2022-12-16 15:58:39] INFO     Test pattern OK!
[2022-12-16 15:58:39] INFO     Iteration 163
[2022-12-16 15:58:40] INFO     Test pattern OK!
[2022-12-16 15:58:40] INFO     Iteration 164
[2022-12-16 15:58:41] INFO     Test pattern OK!
[2022-12-16 15:58:41] INFO     Iteration 165
[2022-12-16 15:58:42] INFO     Test pattern OK!
[2022-12-16 15:58:42] INFO     Iteration 166
[2022-12-16 15:58:42] INFO     Test pattern OK!
[2022-12-16 15:58:42] INFO     Iteration 167
[2022-12-16 15:58:43] INFO     Test pattern OK!
[2022-12-16 15:58:43] INFO     Iteration 168
[2022-12-16 15:58:44] INFO     Test pattern OK!
[2022-12-16 15:58:44] INFO     Iteration 169
[2022-12-16 15:58:45] INFO     Test pattern OK!
[2022-12-16 15:58:45] INFO     Iteration 170
[2022-12-16 15:58:46] INFO     Test pattern OK!
[2022-12-16 15:58:46] INFO     Iteration 171
[2022-12-16 15:58:46] INFO     Test pattern OK!
[2022-12-16 15:58:46] INFO     Iteration 172
[2022-12-16 15:58:47] INFO     Test pattern OK!
[2022-12-16 15:58:47] INFO     Iteration 173
[2022-12-16 15:58:48] INFO     Test pattern OK!
[2022-12-16 15:58:48] INFO     Iteration 174
[2022-12-16 15:58:49] INFO     Test pattern OK!
[2022-12-16 15:58:49] INFO     Iteration 175
[2022-12-16 15:58:50] INFO     Test pattern OK!
[2022-12-16 15:58:50] INFO     Iteration 176
[2022-12-16 15:58:50] INFO     Test pattern OK!
[2022-12-16 15:58:50] INFO     Iteration 177
[2022-12-16 15:58:51] INFO     Test pattern OK!
[2022-12-16 15:58:51] INFO     Iteration 178
[2022-12-16 15:58:52] INFO     Test pattern OK!
[2022-12-16 15:58:52] INFO     Iteration 179
[2022-12-16 15:58:53] INFO     Test pattern OK!
[2022-12-16 15:58:53] INFO     Iteration 180
[2022-12-16 15:58:54] INFO     Test pattern OK!
[2022-12-16 15:58:54] INFO     Iteration 181
[2022-12-16 15:58:54] INFO     Test pattern OK!
[2022-12-16 15:58:54] INFO     Iteration 182
[2022-12-16 15:58:55] INFO     Test pattern OK!
[2022-12-16 15:58:55] INFO     Iteration 183
[2022-12-16 15:58:56] INFO     Test pattern OK!
[2022-12-16 15:58:56] INFO     Iteration 184
[2022-12-16 15:58:57] INFO     Test pattern OK!
[2022-12-16 15:58:57] INFO     Iteration 185
[2022-12-16 15:58:58] INFO     Test pattern OK!
[2022-12-16 15:58:58] INFO     Iteration 186
[2022-12-16 15:58:59] INFO     Test pattern OK!
[2022-12-16 15:58:59] INFO     Iteration 187
[2022-12-16 15:58:59] INFO     Test pattern OK!
[2022-12-16 15:58:59] INFO     Iteration 188
[2022-12-16 15:59:00] INFO     Test pattern OK!
[2022-12-16 15:59:00] INFO     Iteration 189
[2022-12-16 15:59:01] INFO     Test pattern OK!
[2022-12-16 15:59:01] INFO     Iteration 190
[2022-12-16 15:59:02] INFO     Test pattern OK!
[2022-12-16 15:59:02] INFO     Iteration 191
[2022-12-16 15:59:03] INFO     Test pattern OK!
[2022-12-16 15:59:03] INFO     Iteration 192
[2022-12-16 15:59:03] INFO     Test pattern OK!
[2022-12-16 15:59:03] INFO     Iteration 193
[2022-12-16 15:59:04] INFO     Test pattern OK!
[2022-12-16 15:59:04] INFO     Iteration 194
[2022-12-16 15:59:05] INFO     Test pattern OK!
[2022-12-16 15:59:05] INFO     Iteration 195
[2022-12-16 15:59:06] INFO     Test pattern OK!
[2022-12-16 15:59:06] INFO     Iteration 196
[2022-12-16 15:59:07] INFO     Test pattern OK!
[2022-12-16 15:59:07] INFO     Iteration 197
[2022-12-16 15:59:07] INFO     Test pattern OK!
[2022-12-16 15:59:07] INFO     Iteration 198
[2022-12-16 15:59:08] INFO     Test pattern OK!
[2022-12-16 15:59:08] INFO     Iteration 199
[2022-12-16 15:59:09] INFO     Test pattern OK!
[2022-12-16 15:59:09] INFO     Iteration 200
[2022-12-16 15:59:10] INFO     Test pattern OK!
[2022-12-16 15:59:10] INFO     Iteration 201
[2022-12-16 15:59:11] INFO     Test pattern OK!
[2022-12-16 15:59:11] INFO     Iteration 202
[2022-12-16 15:59:11] INFO     Test pattern OK!
[2022-12-16 15:59:11] INFO     Iteration 203
[2022-12-16 15:59:12] INFO     Test pattern OK!
[2022-12-16 15:59:12] INFO     Iteration 204
[2022-12-16 15:59:13] INFO     Test pattern OK!
[2022-12-16 15:59:13] INFO     Iteration 205
[2022-12-16 15:59:14] INFO     Test pattern OK!
[2022-12-16 15:59:14] INFO     Iteration 206
[2022-12-16 15:59:15] INFO     Test pattern OK!
[2022-12-16 15:59:15] INFO     Iteration 207
[2022-12-16 15:59:16] INFO     Test pattern OK!
[2022-12-16 15:59:16] INFO     Iteration 208
[2022-12-16 15:59:16] INFO     Test pattern OK!
[2022-12-16 15:59:16] INFO     Iteration 209
[2022-12-16 15:59:17] INFO     Test pattern OK!
[2022-12-16 15:59:17] INFO     Iteration 210
[2022-12-16 15:59:18] INFO     Test pattern OK!
[2022-12-16 15:59:18] INFO     Iteration 211
[2022-12-16 15:59:19] INFO     Test pattern OK!
[2022-12-16 15:59:19] INFO     Iteration 212
[2022-12-16 15:59:20] INFO     Test pattern OK!
[2022-12-16 15:59:20] INFO     Iteration 213
[2022-12-16 15:59:20] INFO     Test pattern OK!
[2022-12-16 15:59:20] INFO     Iteration 214
[2022-12-16 15:59:21] INFO     Test pattern OK!
[2022-12-16 15:59:21] INFO     Iteration 215
[2022-12-16 15:59:22] INFO     Test pattern OK!
[2022-12-16 15:59:22] INFO     Iteration 216
[2022-12-16 15:59:23] INFO     Test pattern OK!
[2022-12-16 15:59:23] INFO     Iteration 217
[2022-12-16 15:59:24] INFO     Test pattern OK!
[2022-12-16 15:59:24] INFO     Iteration 218
[2022-12-16 15:59:24] INFO     Test pattern OK!
[2022-12-16 15:59:24] INFO     Iteration 219
[2022-12-16 15:59:25] INFO     Test pattern OK!
[2022-12-16 15:59:25] INFO     Iteration 220
[2022-12-16 15:59:26] INFO     Test pattern OK!
[2022-12-16 15:59:26] INFO     Iteration 221
[2022-12-16 15:59:27] INFO     Test pattern OK!
[2022-12-16 15:59:27] INFO     Iteration 222
[2022-12-16 15:59:28] INFO     Test pattern OK!
[2022-12-16 15:59:28] INFO     Iteration 223
[2022-12-16 15:59:28] INFO     Test pattern OK!
[2022-12-16 15:59:28] INFO     Iteration 224
[2022-12-16 15:59:29] INFO     Test pattern OK!
[2022-12-16 15:59:29] INFO     Iteration 225
[2022-12-16 15:59:30] INFO     Test pattern OK!
[2022-12-16 15:59:30] INFO     Iteration 226
[2022-12-16 15:59:31] INFO     Test pattern OK!
[2022-12-16 15:59:31] INFO     Iteration 227
[2022-12-16 15:59:32] INFO     Test pattern OK!
[2022-12-16 15:59:32] INFO     Iteration 228
[2022-12-16 15:59:32] INFO     Test pattern OK!
[2022-12-16 15:59:32] INFO     Iteration 229
[2022-12-16 15:59:33] INFO     Test pattern OK!
[2022-12-16 15:59:33] INFO     Iteration 230
[2022-12-16 15:59:34] INFO     Test pattern OK!
[2022-12-16 15:59:34] INFO     Iteration 231
[2022-12-16 15:59:35] INFO     Test pattern OK!
[2022-12-16 15:59:35] INFO     Iteration 232
[2022-12-16 15:59:36] INFO     Test pattern OK!
[2022-12-16 15:59:36] INFO     Iteration 233
[2022-12-16 15:59:37] INFO     Test pattern OK!
[2022-12-16 15:59:37] INFO     Iteration 234
[2022-12-16 15:59:37] INFO     Test pattern OK!
[2022-12-16 15:59:37] INFO     Iteration 235
[2022-12-16 15:59:38] INFO     Test pattern OK!
[2022-12-16 15:59:38] INFO     Iteration 236
[2022-12-16 15:59:39] INFO     Test pattern OK!
[2022-12-16 15:59:39] INFO     Iteration 237
[2022-12-16 15:59:40] INFO     Test pattern OK!
[2022-12-16 15:59:40] INFO     Iteration 238
[2022-12-16 15:59:41] INFO     Test pattern OK!
[2022-12-16 15:59:41] INFO     Iteration 239
[2022-12-16 15:59:41] INFO     Test pattern OK!
[2022-12-16 15:59:41] INFO     Iteration 240
[2022-12-16 15:59:42] INFO     Test pattern OK!
[2022-12-16 15:59:42] INFO     Iteration 241
[2022-12-16 15:59:43] INFO     Test pattern OK!
[2022-12-16 15:59:43] INFO     Iteration 242
[2022-12-16 15:59:44] INFO     Test pattern OK!
[2022-12-16 15:59:44] INFO     Iteration 243
[2022-12-16 15:59:45] INFO     Test pattern OK!
[2022-12-16 15:59:45] INFO     Iteration 244
[2022-12-16 15:59:45] INFO     Test pattern OK!
[2022-12-16 15:59:45] INFO     Iteration 245
[2022-12-16 15:59:46] INFO     Test pattern OK!
[2022-12-16 15:59:46] INFO     Iteration 246
[2022-12-16 15:59:47] INFO     Test pattern OK!
[2022-12-16 15:59:47] INFO     Iteration 247
[2022-12-16 15:59:48] INFO     Test pattern OK!
[2022-12-16 15:59:48] INFO     Iteration 248
[2022-12-16 15:59:49] INFO     Test pattern OK!
[2022-12-16 15:59:49] INFO     Iteration 249
[2022-12-16 15:59:49] INFO     Test pattern OK!
[2022-12-16 15:59:49] INFO     Iteration 250
[2022-12-16 15:59:50] INFO     Test pattern OK!
[2022-12-16 15:59:50] INFO     Iteration 251
[2022-12-16 15:59:51] INFO     Test pattern OK!
[2022-12-16 15:59:51] INFO     Iteration 252
[2022-12-16 15:59:52] INFO     Test pattern OK!
[2022-12-16 15:59:52] INFO     Iteration 253
[2022-12-16 15:59:53] INFO     Test pattern OK!
[2022-12-16 15:59:53] INFO     Iteration 254
[2022-12-16 15:59:54] INFO     Test pattern OK!
[2022-12-16 15:59:54] INFO     Iteration 255
[2022-12-16 15:59:54] INFO     Test pattern OK!
[2022-12-16 15:59:54] INFO     Iteration 256
[2022-12-16 15:59:55] INFO     Test pattern OK!
[2022-12-16 15:59:55] INFO     Iteration 257
[2022-12-16 15:59:56] INFO     Test pattern OK!
[2022-12-16 15:59:56] INFO     Iteration 258
[2022-12-16 15:59:57] INFO     Test pattern OK!
[2022-12-16 15:59:57] INFO     Iteration 259
[2022-12-16 15:59:58] INFO     Test pattern OK!
[2022-12-16 15:59:58] INFO     Iteration 260
[2022-12-16 15:59:58] INFO     Test pattern OK!
[2022-12-16 15:59:58] INFO     Iteration 261
[2022-12-16 15:59:59] INFO     Test pattern OK!
[2022-12-16 15:59:59] INFO     Iteration 262
[2022-12-16 16:00:00] INFO     Test pattern OK!
[2022-12-16 16:00:00] INFO     Iteration 263
[2022-12-16 16:00:01] INFO     Test pattern OK!
[2022-12-16 16:00:01] INFO     Iteration 264
[2022-12-16 16:00:02] INFO     Test pattern OK!
[2022-12-16 16:00:02] INFO     Iteration 265
[2022-12-16 16:00:02] INFO     Test pattern OK!
[2022-12-16 16:00:02] INFO     Iteration 266
[2022-12-16 16:00:03] INFO     Test pattern OK!
[2022-12-16 16:00:03] INFO     Iteration 267
[2022-12-16 16:00:04] INFO     Test pattern OK!
[2022-12-16 16:00:04] INFO     Iteration 268
[2022-12-16 16:00:05] INFO     Test pattern OK!
[2022-12-16 16:00:05] INFO     Iteration 269
[2022-12-16 16:00:06] INFO     Test pattern OK!
[2022-12-16 16:00:06] INFO     Iteration 270
[2022-12-16 16:00:06] INFO     Test pattern OK!
[2022-12-16 16:00:06] INFO     Iteration 271
[2022-12-16 16:00:07] INFO     Test pattern OK!
[2022-12-16 16:00:07] INFO     Iteration 272
[2022-12-16 16:00:08] INFO     Test pattern OK!
[2022-12-16 16:00:08] INFO     Iteration 273
[2022-12-16 16:00:09] INFO     Test pattern OK!
[2022-12-16 16:00:09] INFO     Iteration 274
[2022-12-16 16:00:10] INFO     Test pattern OK!
[2022-12-16 16:00:10] INFO     Iteration 275
[2022-12-16 16:00:10] INFO     Test pattern OK!
[2022-12-16 16:00:10] INFO     Iteration 276
[2022-12-16 16:00:11] INFO     Test pattern OK!
[2022-12-16 16:00:11] INFO     Iteration 277
[2022-12-16 16:00:12] INFO     Test pattern OK!
[2022-12-16 16:00:12] INFO     Iteration 278
[2022-12-16 16:00:13] INFO     Test pattern OK!
[2022-12-16 16:00:13] INFO     Iteration 279
[2022-12-16 16:00:14] INFO     Test pattern OK!
[2022-12-16 16:00:14] INFO     Iteration 280
[2022-12-16 16:00:14] INFO     Test pattern OK!
[2022-12-16 16:00:14] INFO     Iteration 281
[2022-12-16 16:00:15] INFO     Test pattern OK!
[2022-12-16 16:00:15] INFO     Iteration 282
[2022-12-16 16:00:16] INFO     Test pattern OK!
[2022-12-16 16:00:16] INFO     Iteration 283
[2022-12-16 16:00:17] INFO     Test pattern OK!
[2022-12-16 16:00:17] INFO     Iteration 284
[2022-12-16 16:00:18] INFO     Test pattern OK!
[2022-12-16 16:00:18] INFO     Iteration 285
[2022-12-16 16:00:19] INFO     Test pattern OK!
[2022-12-16 16:00:19] INFO     Iteration 286
[2022-12-16 16:00:19] INFO     Test pattern OK!
[2022-12-16 16:00:19] INFO     Iteration 287
[2022-12-16 16:00:20] INFO     Test pattern OK!
[2022-12-16 16:00:20] INFO     Iteration 288
[2022-12-16 16:00:21] INFO     Test pattern OK!
[2022-12-16 16:00:21] INFO     Iteration 289
[2022-12-16 16:00:22] INFO     Test pattern OK!
[2022-12-16 16:00:22] INFO     Iteration 290
[2022-12-16 16:00:23] INFO     Test pattern OK!
[2022-12-16 16:00:23] INFO     Iteration 291
[2022-12-16 16:00:23] INFO     Test pattern OK!
[2022-12-16 16:00:23] INFO     Iteration 292
[2022-12-16 16:00:24] INFO     Test pattern OK!
[2022-12-16 16:00:24] INFO     Iteration 293
[2022-12-16 16:00:25] INFO     Test pattern OK!
[2022-12-16 16:00:25] INFO     Iteration 294
[2022-12-16 16:00:26] INFO     Test pattern OK!
[2022-12-16 16:00:26] INFO     Iteration 295
[2022-12-16 16:00:27] INFO     Test pattern OK!
[2022-12-16 16:00:27] INFO     Iteration 296
[2022-12-16 16:00:27] INFO     Test pattern OK!
[2022-12-16 16:00:27] INFO     Iteration 297
[2022-12-16 16:00:28] INFO     Test pattern OK!
[2022-12-16 16:00:28] INFO     Iteration 298
[2022-12-16 16:00:29] INFO     Test pattern OK!
[2022-12-16 16:00:29] INFO     Iteration 299
[2022-12-16 16:00:30] INFO     Test pattern OK!
[2022-12-16 16:00:30] INFO     Iteration 300
[2022-12-16 16:00:31] INFO     Test pattern OK!
[2022-12-16 16:00:31] INFO     Iteration 301
[2022-12-16 16:00:31] INFO     Test pattern OK!
[2022-12-16 16:00:31] INFO     Iteration 302
[2022-12-16 16:00:32] INFO     Test pattern OK!
[2022-12-16 16:00:32] INFO     Iteration 303
[2022-12-16 16:00:33] INFO     Test pattern OK!
[2022-12-16 16:00:33] INFO     Iteration 304
[2022-12-16 16:00:34] INFO     Test pattern OK!
[2022-12-16 16:00:34] INFO     Iteration 305
[2022-12-16 16:00:35] INFO     Test pattern OK!
[2022-12-16 16:00:35] INFO     Iteration 306
[2022-12-16 16:00:36] INFO     Test pattern OK!
[2022-12-16 16:00:36] INFO     Iteration 307
[2022-12-16 16:00:36] INFO     Test pattern OK!
[2022-12-16 16:00:36] INFO     Iteration 308
[2022-12-16 16:00:37] INFO     Test pattern OK!
[2022-12-16 16:00:37] INFO     Iteration 309
[2022-12-16 16:00:38] INFO     Test pattern OK!
[2022-12-16 16:00:38] INFO     Iteration 310
[2022-12-16 16:00:39] INFO     Test pattern OK!
[2022-12-16 16:00:39] INFO     Iteration 311
[2022-12-16 16:00:40] INFO     Test pattern OK!
[2022-12-16 16:00:40] INFO     Iteration 312
[2022-12-16 16:00:40] INFO     Test pattern OK!
[2022-12-16 16:00:40] INFO     Iteration 313
[2022-12-16 16:00:41] INFO     Test pattern OK!
[2022-12-16 16:00:41] INFO     Iteration 314
[2022-12-16 16:00:42] INFO     Test pattern OK!
[2022-12-16 16:00:42] INFO     Iteration 315
[2022-12-16 16:00:43] INFO     Test pattern OK!
[2022-12-16 16:00:43] INFO     Iteration 316
[2022-12-16 16:00:44] INFO     Test pattern OK!
[2022-12-16 16:00:44] INFO     Iteration 317
[2022-12-16 16:00:44] INFO     Test pattern OK!
[2022-12-16 16:00:44] INFO     Iteration 318
[2022-12-16 16:00:45] INFO     Test pattern OK!
[2022-12-16 16:00:45] INFO     Iteration 319
[2022-12-16 16:00:46] INFO     Test pattern OK!
[2022-12-16 16:00:46] INFO     Iteration 320
[2022-12-16 16:00:47] INFO     Test pattern OK!
[2022-12-16 16:00:47] INFO     Iteration 321
[2022-12-16 16:00:48] INFO     Test pattern OK!
[2022-12-16 16:00:48] INFO     Iteration 322
[2022-12-16 16:00:48] INFO     Test pattern OK!
[2022-12-16 16:00:48] INFO     Iteration 323
[2022-12-16 16:00:49] INFO     Test pattern OK!
[2022-12-16 16:00:49] INFO     Iteration 324
[2022-12-16 16:00:50] INFO     Test pattern OK!
[2022-12-16 16:00:50] INFO     Iteration 325
[2022-12-16 16:00:51] INFO     Test pattern OK!
[2022-12-16 16:00:51] INFO     Iteration 326
[2022-12-16 16:00:52] INFO     Test pattern OK!
[2022-12-16 16:00:52] INFO     Iteration 327
[2022-12-16 16:00:53] INFO     Test pattern OK!
[2022-12-16 16:00:53] INFO     Iteration 328
[2022-12-16 16:00:53] INFO     Test pattern OK!
[2022-12-16 16:00:53] INFO     Iteration 329
[2022-12-16 16:00:54] INFO     Test pattern OK!
[2022-12-16 16:00:54] INFO     Iteration 330
[2022-12-16 16:00:55] INFO     Test pattern OK!
[2022-12-16 16:00:55] INFO     Iteration 331
[2022-12-16 16:00:56] INFO     Test pattern OK!
[2022-12-16 16:00:56] INFO     Iteration 332
[2022-12-16 16:00:57] INFO     Test pattern OK!
[2022-12-16 16:00:57] INFO     Iteration 333
[2022-12-16 16:00:57] INFO     Test pattern OK!
[2022-12-16 16:00:57] INFO     Iteration 334
[2022-12-16 16:00:58] INFO     Test pattern OK!
[2022-12-16 16:00:58] INFO     Iteration 335
[2022-12-16 16:00:59] INFO     Test pattern OK!
[2022-12-16 16:00:59] INFO     Iteration 336
[2022-12-16 16:01:00] INFO     Test pattern OK!
[2022-12-16 16:01:00] INFO     Iteration 337
[2022-12-16 16:01:01] INFO     Test pattern OK!
[2022-12-16 16:01:01] INFO     Iteration 338
[2022-12-16 16:01:01] INFO     Test pattern OK!
[2022-12-16 16:01:01] INFO     Iteration 339
[2022-12-16 16:01:02] INFO     Test pattern OK!
[2022-12-16 16:01:02] INFO     Iteration 340
[2022-12-16 16:01:03] INFO     Test pattern OK!
[2022-12-16 16:01:03] INFO     Iteration 341
[2022-12-16 16:01:04] INFO     Test pattern OK!
[2022-12-16 16:01:04] INFO     Iteration 342
[2022-12-16 16:01:05] INFO     Test pattern OK!
[2022-12-16 16:01:05] INFO     Iteration 343
[2022-12-16 16:01:05] INFO     Test pattern OK!
[2022-12-16 16:01:05] INFO     Iteration 344
[2022-12-16 16:01:06] INFO     Test pattern OK!
[2022-12-16 16:01:06] INFO     Iteration 345
[2022-12-16 16:01:07] INFO     Test pattern OK!
[2022-12-16 16:01:07] INFO     Iteration 346
[2022-12-16 16:01:08] INFO     Test pattern OK!
[2022-12-16 16:01:08] INFO     Iteration 347
[2022-12-16 16:01:09] INFO     Test pattern OK!
[2022-12-16 16:01:09] INFO     Iteration 348
[2022-12-16 16:01:10] INFO     Test pattern OK!
[2022-12-16 16:01:10] INFO     Iteration 349
[2022-12-16 16:01:10] INFO     Test pattern OK!
[2022-12-16 16:01:10] INFO     Iteration 350
[2022-12-16 16:01:11] INFO     Test pattern OK!
[2022-12-16 16:01:11] INFO     Iteration 351
[2022-12-16 16:01:12] INFO     Test pattern OK!
[2022-12-16 16:01:12] INFO     Iteration 352
[2022-12-16 16:01:13] INFO     Test pattern OK!
[2022-12-16 16:01:13] INFO     Iteration 353
[2022-12-16 16:01:14] INFO     Test pattern OK!
[2022-12-16 16:01:14] INFO     Iteration 354
[2022-12-16 16:01:14] INFO     Test pattern OK!
[2022-12-16 16:01:14] INFO     Iteration 355
[2022-12-16 16:01:15] INFO     Test pattern OK!
[2022-12-16 16:01:15] INFO     Iteration 356
[2022-12-16 16:01:16] INFO     Test pattern OK!
[2022-12-16 16:01:16] INFO     Iteration 357
[2022-12-16 16:01:17] INFO     Test pattern OK!
[2022-12-16 16:01:17] INFO     Iteration 358
[2022-12-16 16:01:18] INFO     Test pattern OK!
[2022-12-16 16:01:18] INFO     Iteration 359
[2022-12-16 16:01:18] INFO     Test pattern OK!
[2022-12-16 16:01:18] INFO     Iteration 360
[2022-12-16 16:01:19] INFO     Test pattern OK!
[2022-12-16 16:01:19] INFO     Iteration 361
[2022-12-16 16:01:20] INFO     Test pattern OK!
[2022-12-16 16:01:20] INFO     Iteration 362
[2022-12-16 16:01:21] INFO     Test pattern OK!
[2022-12-16 16:01:21] INFO     Iteration 363
[2022-12-16 16:01:22] INFO     Test pattern OK!
[2022-12-16 16:01:22] INFO     Iteration 364
[2022-12-16 16:01:22] INFO     Test pattern OK!
[2022-12-16 16:01:22] INFO     Iteration 365
[2022-12-16 16:01:23] INFO     Test pattern OK!
[2022-12-16 16:01:23] INFO     Iteration 366
[2022-12-16 16:01:24] INFO     Test pattern OK!
[2022-12-16 16:01:24] INFO     Iteration 367
[2022-12-16 16:01:25] INFO     Test pattern OK!
[2022-12-16 16:01:25] INFO     Iteration 368
[2022-12-16 16:01:26] INFO     Test pattern OK!
[2022-12-16 16:01:26] INFO     Iteration 369
[2022-12-16 16:01:27] INFO     Test pattern OK!
[2022-12-16 16:01:27] INFO     Iteration 370
[2022-12-16 16:01:27] INFO     Test pattern OK!
[2022-12-16 16:01:27] INFO     Iteration 371
[2022-12-16 16:01:28] INFO     Test pattern OK!
[2022-12-16 16:01:28] INFO     Iteration 372
[2022-12-16 16:01:29] INFO     Test pattern OK!
[2022-12-16 16:01:29] INFO     Iteration 373
[2022-12-16 16:01:30] INFO     Test pattern OK!
[2022-12-16 16:01:30] INFO     Iteration 374
[2022-12-16 16:01:31] INFO     Test pattern OK!
[2022-12-16 16:01:31] INFO     Iteration 375
[2022-12-16 16:01:31] INFO     Test pattern OK!
[2022-12-16 16:01:31] INFO     Iteration 376
[2022-12-16 16:01:32] INFO     Test pattern OK!
[2022-12-16 16:01:32] INFO     Iteration 377
[2022-12-16 16:01:33] INFO     Test pattern OK!
[2022-12-16 16:01:33] INFO     Iteration 378
[2022-12-16 16:01:34] INFO     Test pattern OK!
[2022-12-16 16:01:34] INFO     Iteration 379
[2022-12-16 16:01:35] INFO     Test pattern OK!
[2022-12-16 16:01:35] INFO     Iteration 380
[2022-12-16 16:01:35] INFO     Test pattern OK!
[2022-12-16 16:01:35] INFO     Iteration 381
[2022-12-16 16:01:36] INFO     Test pattern OK!
[2022-12-16 16:01:36] INFO     Iteration 382
[2022-12-16 16:01:37] INFO     Test pattern OK!
[2022-12-16 16:01:37] INFO     Iteration 383
[2022-12-16 16:01:38] INFO     Test pattern OK!
[2022-12-16 16:01:38] INFO     Iteration 384
[2022-12-16 16:01:39] INFO     Test pattern OK!
[2022-12-16 16:01:39] INFO     Iteration 385
[2022-12-16 16:01:39] INFO     Test pattern OK!
[2022-12-16 16:01:39] INFO     Iteration 386
[2022-12-16 16:01:40] INFO     Test pattern OK!
[2022-12-16 16:01:40] INFO     Iteration 387
[2022-12-16 16:01:41] INFO     Test pattern OK!
[2022-12-16 16:01:41] INFO     Iteration 388
[2022-12-16 16:01:42] INFO     Test pattern OK!
[2022-12-16 16:01:42] INFO     Iteration 389
[2022-12-16 16:01:43] INFO     Test pattern OK!
[2022-12-16 16:01:43] INFO     Iteration 390
[2022-12-16 16:01:43] INFO     Test pattern OK!
[2022-12-16 16:01:43] INFO     Iteration 391
[2022-12-16 16:01:44] INFO     Test pattern OK!
[2022-12-16 16:01:44] INFO     Iteration 392
[2022-12-16 16:01:45] INFO     Test pattern OK!
[2022-12-16 16:01:45] INFO     Iteration 393
[2022-12-16 16:01:46] INFO     Test pattern OK!
[2022-12-16 16:01:46] INFO     Iteration 394
[2022-12-16 16:01:47] INFO     Test pattern OK!
[2022-12-16 16:01:47] INFO     Iteration 395
[2022-12-16 16:01:48] INFO     Test pattern OK!
[2022-12-16 16:01:48] INFO     Iteration 396
[2022-12-16 16:01:48] INFO     Test pattern OK!
[2022-12-16 16:01:48] INFO     Iteration 397
[2022-12-16 16:01:49] INFO     Test pattern OK!
[2022-12-16 16:01:49] INFO     Iteration 398
[2022-12-16 16:01:50] INFO     Test pattern OK!
[2022-12-16 16:01:50] INFO     Iteration 399
[2022-12-16 16:01:51] INFO     Test pattern OK!
[2022-12-16 16:01:51] INFO     Iteration 400
[2022-12-16 16:01:52] INFO     Test pattern OK!
[2022-12-16 16:01:52] INFO     Iteration 401
[2022-12-16 16:01:52] INFO     Test pattern OK!
[2022-12-16 16:01:52] INFO     Iteration 402
[2022-12-16 16:01:53] INFO     Test pattern OK!
[2022-12-16 16:01:53] INFO     Iteration 403
[2022-12-16 16:01:54] INFO     Test pattern OK!
[2022-12-16 16:01:54] INFO     Iteration 404
[2022-12-16 16:01:55] INFO     Test pattern OK!
[2022-12-16 16:01:55] INFO     Iteration 405
[2022-12-16 16:01:56] INFO     Test pattern OK!
[2022-12-16 16:01:56] INFO     Iteration 406
[2022-12-16 16:01:56] INFO     Test pattern OK!
[2022-12-16 16:01:56] INFO     Iteration 407
[2022-12-16 16:01:57] INFO     Test pattern OK!
[2022-12-16 16:01:57] INFO     Iteration 408
[2022-12-16 16:01:58] INFO     Test pattern OK!
[2022-12-16 16:01:58] INFO     Iteration 409
[2022-12-16 16:01:59] INFO     Test pattern OK!
[2022-12-16 16:01:59] INFO     Iteration 410
[2022-12-16 16:02:00] INFO     Test pattern OK!
[2022-12-16 16:02:00] INFO     Iteration 411
[2022-12-16 16:02:00] INFO     Test pattern OK!
[2022-12-16 16:02:00] INFO     Iteration 412
[2022-12-16 16:02:01] INFO     Test pattern OK!
[2022-12-16 16:02:01] INFO     Iteration 413
[2022-12-16 16:02:02] INFO     Test pattern OK!
[2022-12-16 16:02:02] INFO     Iteration 414
[2022-12-16 16:02:03] INFO     Test pattern OK!
[2022-12-16 16:02:03] INFO     Iteration 415
[2022-12-16 16:02:04] INFO     Test pattern OK!
[2022-12-16 16:02:04] INFO     Iteration 416
[2022-12-16 16:02:05] INFO     Test pattern OK!
[2022-12-16 16:02:05] INFO     Iteration 417
[2022-12-16 16:02:05] INFO     Test pattern OK!
[2022-12-16 16:02:05] INFO     Iteration 418
[2022-12-16 16:02:06] INFO     Test pattern OK!
[2022-12-16 16:02:06] INFO     Iteration 419
[2022-12-16 16:02:07] INFO     Test pattern OK!
[2022-12-16 16:02:07] INFO     Iteration 420
[2022-12-16 16:02:08] INFO     Test pattern OK!
[2022-12-16 16:02:08] INFO     Iteration 421
[2022-12-16 16:02:09] INFO     Test pattern OK!
[2022-12-16 16:02:09] INFO     Iteration 422
[2022-12-16 16:02:09] INFO     Test pattern OK!
[2022-12-16 16:02:09] INFO     Iteration 423
[2022-12-16 16:02:10] INFO     Test pattern OK!
[2022-12-16 16:02:10] INFO     Iteration 424
[2022-12-16 16:02:11] INFO     Test pattern OK!
[2022-12-16 16:02:11] INFO     Iteration 425
[2022-12-16 16:02:12] INFO     Test pattern OK!
[2022-12-16 16:02:12] INFO     Iteration 426
[2022-12-16 16:02:13] INFO     Test pattern OK!
[2022-12-16 16:02:13] INFO     Iteration 427
[2022-12-16 16:02:13] INFO     Test pattern OK!
[2022-12-16 16:02:13] INFO     Iteration 428
[2022-12-16 16:02:14] INFO     Test pattern OK!
[2022-12-16 16:02:14] INFO     Iteration 429
[2022-12-16 16:02:15] INFO     Test pattern OK!
[2022-12-16 16:02:15] INFO     Iteration 430
[2022-12-16 16:02:16] INFO     Test pattern OK!
[2022-12-16 16:02:16] INFO     Iteration 431
[2022-12-16 16:02:17] INFO     Test pattern OK!
[2022-12-16 16:02:17] INFO     Iteration 432
[2022-12-16 16:02:17] INFO     Test pattern OK!
[2022-12-16 16:02:17] INFO     Iteration 433
[2022-12-16 16:02:18] INFO     Test pattern OK!
[2022-12-16 16:02:18] INFO     Iteration 434
[2022-12-16 16:02:19] INFO     Test pattern OK!
[2022-12-16 16:02:19] INFO     Iteration 435
[2022-12-16 16:02:20] INFO     Test pattern OK!
[2022-12-16 16:02:20] INFO     Iteration 436
[2022-12-16 16:02:21] INFO     Test pattern OK!
[2022-12-16 16:02:21] INFO     Iteration 437
[2022-12-16 16:02:21] INFO     Test pattern OK!
[2022-12-16 16:02:21] INFO     Iteration 438
[2022-12-16 16:02:22] INFO     Test pattern OK!
[2022-12-16 16:02:22] INFO     Iteration 439
[2022-12-16 16:02:23] INFO     Test pattern OK!
[2022-12-16 16:02:23] INFO     Iteration 440
[2022-12-16 16:02:24] INFO     Test pattern OK!
[2022-12-16 16:02:24] INFO     Iteration 441
[2022-12-16 16:02:25] INFO     Test pattern OK!
[2022-12-16 16:02:25] INFO     Iteration 442
[2022-12-16 16:02:26] INFO     Test pattern OK!
[2022-12-16 16:02:26] INFO     Iteration 443
[2022-12-16 16:02:26] INFO     Test pattern OK!
[2022-12-16 16:02:26] INFO     Iteration 444
[2022-12-16 16:02:27] INFO     Test pattern OK!
[2022-12-16 16:02:27] INFO     Iteration 445
[2022-12-16 16:02:28] INFO     Test pattern OK!
[2022-12-16 16:02:28] INFO     Iteration 446
[2022-12-16 16:02:29] INFO     Test pattern OK!
[2022-12-16 16:02:29] INFO     Iteration 447
[2022-12-16 16:02:30] INFO     Test pattern OK!
[2022-12-16 16:02:30] INFO     Iteration 448
[2022-12-16 16:02:30] INFO     Test pattern OK!
[2022-12-16 16:02:30] INFO     Iteration 449
[2022-12-16 16:02:31] INFO     Test pattern OK!
[2022-12-16 16:02:31] INFO     Iteration 450
[2022-12-16 16:02:32] INFO     Test pattern OK!
[2022-12-16 16:02:32] INFO     Iteration 451
[2022-12-16 16:02:33] INFO     Test pattern OK!
[2022-12-16 16:02:33] INFO     Iteration 452
[2022-12-16 16:02:34] INFO     Test pattern OK!
[2022-12-16 16:02:34] INFO     Iteration 453
[2022-12-16 16:02:34] INFO     Test pattern OK!
[2022-12-16 16:02:34] INFO     Iteration 454
[2022-12-16 16:02:35] INFO     Test pattern OK!
[2022-12-16 16:02:35] INFO     Iteration 455
[2022-12-16 16:02:36] INFO     Test pattern OK!
[2022-12-16 16:02:36] INFO     Iteration 456
[2022-12-16 16:02:37] INFO     Test pattern OK!
[2022-12-16 16:02:37] INFO     Iteration 457
[2022-12-16 16:02:38] INFO     Test pattern OK!
[2022-12-16 16:02:38] INFO     Iteration 458
[2022-12-16 16:02:38] INFO     Test pattern OK!
[2022-12-16 16:02:38] INFO     Iteration 459
[2022-12-16 16:02:39] INFO     Test pattern OK!
[2022-12-16 16:02:39] INFO     Iteration 460
[2022-12-16 16:02:40] INFO     Test pattern OK!
[2022-12-16 16:02:40] INFO     Iteration 461
[2022-12-16 16:02:41] INFO     Test pattern OK!
[2022-12-16 16:02:41] INFO     Iteration 462
[2022-12-16 16:02:42] INFO     Test pattern OK!
[2022-12-16 16:02:42] INFO     Iteration 463
[2022-12-16 16:02:43] INFO     Test pattern OK!
[2022-12-16 16:02:43] INFO     Iteration 464
[2022-12-16 16:02:43] INFO     Test pattern OK!
[2022-12-16 16:02:43] INFO     Iteration 465
[2022-12-16 16:02:44] INFO     Test pattern OK!
[2022-12-16 16:02:44] INFO     Iteration 466
[2022-12-16 16:02:45] INFO     Test pattern OK!
[2022-12-16 16:02:45] INFO     Iteration 467
[2022-12-16 16:02:46] INFO     Test pattern OK!
[2022-12-16 16:02:46] INFO     Iteration 468
[2022-12-16 16:02:47] INFO     Test pattern OK!
[2022-12-16 16:02:47] INFO     Iteration 469
[2022-12-16 16:02:47] INFO     Test pattern OK!
[2022-12-16 16:02:47] INFO     Iteration 470
[2022-12-16 16:02:48] INFO     Test pattern OK!
[2022-12-16 16:02:48] INFO     Iteration 471
[2022-12-16 16:02:49] INFO     Test pattern OK!
[2022-12-16 16:02:49] INFO     Iteration 472
[2022-12-16 16:02:50] INFO     Test pattern OK!
[2022-12-16 16:02:50] INFO     Iteration 473
[2022-12-16 16:02:51] INFO     Test pattern OK!
[2022-12-16 16:02:51] INFO     Iteration 474
[2022-12-16 16:02:51] INFO     Test pattern OK!
[2022-12-16 16:02:51] INFO     Iteration 475
[2022-12-16 16:02:52] INFO     Test pattern OK!
[2022-12-16 16:02:52] INFO     Iteration 476
[2022-12-16 16:02:53] INFO     Test pattern OK!
[2022-12-16 16:02:53] INFO     Iteration 477
[2022-12-16 16:02:54] INFO     Test pattern OK!
[2022-12-16 16:02:54] INFO     Iteration 478
[2022-12-16 16:02:55] INFO     Test pattern OK!
[2022-12-16 16:02:55] INFO     Iteration 479
[2022-12-16 16:02:55] INFO     Test pattern OK!
[2022-12-16 16:02:55] INFO     Iteration 480
[2022-12-16 16:02:56] INFO     Test pattern OK!
[2022-12-16 16:02:56] INFO     Iteration 481
[2022-12-16 16:02:57] INFO     Test pattern OK!
[2022-12-16 16:02:57] INFO     Iteration 482
[2022-12-16 16:02:58] INFO     Test pattern OK!
[2022-12-16 16:02:58] INFO     Iteration 483
[2022-12-16 16:02:59] INFO     Test pattern OK!
[2022-12-16 16:02:59] INFO     Iteration 484
[2022-12-16 16:03:00] INFO     Test pattern OK!
[2022-12-16 16:03:00] INFO     Iteration 485
[2022-12-16 16:03:00] INFO     Test pattern OK!
[2022-12-16 16:03:00] INFO     Iteration 486
[2022-12-16 16:03:01] INFO     Test pattern OK!
[2022-12-16 16:03:01] INFO     Iteration 487
[2022-12-16 16:03:02] INFO     Test pattern OK!
[2022-12-16 16:03:02] INFO     Iteration 488
[2022-12-16 16:03:03] INFO     Test pattern OK!
[2022-12-16 16:03:03] INFO     Iteration 489
[2022-12-16 16:03:04] INFO     Test pattern OK!
[2022-12-16 16:03:04] INFO     Iteration 490
[2022-12-16 16:03:04] INFO     Test pattern OK!
[2022-12-16 16:03:04] INFO     Iteration 491
[2022-12-16 16:03:05] INFO     Test pattern OK!
[2022-12-16 16:03:05] INFO     Iteration 492
[2022-12-16 16:03:06] INFO     Test pattern OK!
[2022-12-16 16:03:06] INFO     Iteration 493
[2022-12-16 16:03:07] INFO     Test pattern OK!
[2022-12-16 16:03:07] INFO     Iteration 494
[2022-12-16 16:03:08] INFO     Test pattern OK!
[2022-12-16 16:03:08] INFO     Iteration 495
[2022-12-16 16:03:08] INFO     Test pattern OK!
[2022-12-16 16:03:08] INFO     Iteration 496
[2022-12-16 16:03:09] INFO     Test pattern OK!
[2022-12-16 16:03:09] INFO     Iteration 497
[2022-12-16 16:03:10] INFO     Test pattern OK!
[2022-12-16 16:03:10] INFO     Iteration 498
[2022-12-16 16:03:11] INFO     Test pattern OK!
[2022-12-16 16:03:11] INFO     Iteration 499
[2022-12-16 16:03:12] INFO     Test pattern OK!
[2022-12-16 16:03:12] INFO     Iteration 500
[2022-12-16 16:03:12] INFO     Test pattern OK!
[2022-12-16 16:03:12] INFO     Iteration 501
[2022-12-16 16:03:13] INFO     Test pattern OK!
[2022-12-16 16:03:13] INFO     Iteration 502
[2022-12-16 16:03:14] INFO     Test pattern OK!
[2022-12-16 16:03:14] INFO     Iteration 503
[2022-12-16 16:03:15] INFO     Test pattern OK!
[2022-12-16 16:03:15] INFO     Iteration 504
[2022-12-16 16:03:16] INFO     Test pattern OK!
[2022-12-16 16:03:16] INFO     Iteration 505
[2022-12-16 16:03:16] INFO     Test pattern OK!
[2022-12-16 16:03:16] INFO     Iteration 506
[2022-12-16 16:03:17] INFO     Test pattern OK!
[2022-12-16 16:03:17] INFO     Iteration 507
[2022-12-16 16:03:18] INFO     Test pattern OK!
[2022-12-16 16:03:18] INFO     Iteration 508
[2022-12-16 16:03:19] INFO     Test pattern OK!
[2022-12-16 16:03:19] INFO     Iteration 509
[2022-12-16 16:03:20] INFO     Test pattern OK!
[2022-12-16 16:03:20] INFO     Iteration 510
[2022-12-16 16:03:21] INFO     Test pattern OK!
[2022-12-16 16:03:21] INFO     Iteration 511
[2022-12-16 16:03:21] INFO     Test pattern OK!
[2022-12-16 16:03:21] INFO     Iteration 512
[2022-12-16 16:03:22] INFO     Test pattern OK!
[2022-12-16 16:03:22] INFO     Iteration 513
[2022-12-16 16:03:23] INFO     Test pattern OK!
[2022-12-16 16:03:23] INFO     Iteration 514
[2022-12-16 16:03:24] INFO     Test pattern OK!
[2022-12-16 16:03:24] INFO     Iteration 515
[2022-12-16 16:03:25] INFO     Test pattern OK!
[2022-12-16 16:03:25] INFO     Iteration 516
[2022-12-16 16:03:25] INFO     Test pattern OK!
[2022-12-16 16:03:25] INFO     Iteration 517
[2022-12-16 16:03:26] INFO     Test pattern OK!
[2022-12-16 16:03:26] INFO     Iteration 518
[2022-12-16 16:03:27] INFO     Test pattern OK!
[2022-12-16 16:03:27] INFO     Iteration 519
[2022-12-16 16:03:28] INFO     Test pattern OK!
[2022-12-16 16:03:28] INFO     Iteration 520
[2022-12-16 16:03:29] INFO     Test pattern OK!
[2022-12-16 16:03:29] INFO     Iteration 521
[2022-12-16 16:03:29] INFO     Test pattern OK!
[2022-12-16 16:03:29] INFO     Iteration 522
[2022-12-16 16:03:30] INFO     Test pattern OK!
[2022-12-16 16:03:30] INFO     Iteration 523
[2022-12-16 16:03:31] INFO     Test pattern OK!
[2022-12-16 16:03:31] INFO     Iteration 524
[2022-12-16 16:03:32] INFO     Test pattern OK!
[2022-12-16 16:03:32] INFO     Iteration 525
[2022-12-16 16:03:33] INFO     Test pattern OK!
[2022-12-16 16:03:33] INFO     Iteration 526
[2022-12-16 16:03:33] INFO     Test pattern OK!
[2022-12-16 16:03:33] INFO     Iteration 527
[2022-12-16 16:03:34] INFO     Test pattern OK!
[2022-12-16 16:03:34] INFO     Iteration 528
[2022-12-16 16:03:35] INFO     Test pattern OK!
[2022-12-16 16:03:35] INFO     Iteration 529
[2022-12-16 16:03:36] INFO     Test pattern OK!
[2022-12-16 16:03:36] INFO     Iteration 530
[2022-12-16 16:03:37] INFO     Test pattern OK!
[2022-12-16 16:03:37] INFO     Iteration 531
[2022-12-16 16:03:38] INFO     Test pattern OK!
[2022-12-16 16:03:38] INFO     Iteration 532
[2022-12-16 16:03:38] INFO     Test pattern OK!
[2022-12-16 16:03:38] INFO     Iteration 533
[2022-12-16 16:03:39] INFO     Test pattern OK!
[2022-12-16 16:03:39] INFO     Iteration 534
[2022-12-16 16:03:40] INFO     Test pattern OK!
[2022-12-16 16:03:40] INFO     Iteration 535
[2022-12-16 16:03:41] INFO     Test pattern OK!
[2022-12-16 16:03:41] INFO     Iteration 536
[2022-12-16 16:03:42] INFO     Test pattern OK!
[2022-12-16 16:03:42] INFO     Iteration 537
[2022-12-16 16:03:42] INFO     Test pattern OK!
[2022-12-16 16:03:42] INFO     Iteration 538
[2022-12-16 16:03:43] INFO     Test pattern OK!
[2022-12-16 16:03:43] INFO     Iteration 539
[2022-12-16 16:03:44] INFO     Test pattern OK!
[2022-12-16 16:03:44] INFO     Iteration 540
[2022-12-16 16:03:45] INFO     Test pattern OK!
[2022-12-16 16:03:45] INFO     Iteration 541
[2022-12-16 16:03:46] INFO     Test pattern OK!
[2022-12-16 16:03:46] INFO     Iteration 542
[2022-12-16 16:03:46] INFO     Test pattern OK!
[2022-12-16 16:03:46] INFO     Iteration 543
[2022-12-16 16:03:47] INFO     Test pattern OK!
[2022-12-16 16:03:47] INFO     Iteration 544
[2022-12-16 16:03:48] INFO     Test pattern OK!
[2022-12-16 16:03:48] INFO     Iteration 545
[2022-12-16 16:03:49] INFO     Test pattern OK!
[2022-12-16 16:03:49] INFO     Iteration 546
[2022-12-16 16:03:50] INFO     Test pattern OK!
[2022-12-16 16:03:50] INFO     Iteration 547
[2022-12-16 16:03:50] INFO     Test pattern OK!
[2022-12-16 16:03:50] INFO     Iteration 548
[2022-12-16 16:03:51] INFO     Test pattern OK!
[2022-12-16 16:03:51] INFO     Iteration 549
[2022-12-16 16:03:52] INFO     Test pattern OK!
[2022-12-16 16:03:52] INFO     Iteration 550
[2022-12-16 16:03:53] INFO     Test pattern OK!
[2022-12-16 16:03:53] INFO     Iteration 551
[2022-12-16 16:03:54] INFO     Test pattern OK!
[2022-12-16 16:03:54] INFO     Iteration 552
[2022-12-16 16:03:54] INFO     Test pattern OK!
[2022-12-16 16:03:54] INFO     Iteration 553
[2022-12-16 16:03:55] INFO     Test pattern OK!
[2022-12-16 16:03:55] INFO     Iteration 554
[2022-12-16 16:03:56] INFO     Test pattern OK!
[2022-12-16 16:03:56] INFO     Iteration 555
[2022-12-16 16:03:57] INFO     Test pattern OK!
[2022-12-16 16:03:57] INFO     Iteration 556
[2022-12-16 16:03:58] INFO     Test pattern OK!
[2022-12-16 16:03:58] INFO     Iteration 557
[2022-12-16 16:03:59] INFO     Test pattern OK!
[2022-12-16 16:03:59] INFO     Iteration 558
[2022-12-16 16:03:59] INFO     Test pattern OK!
[2022-12-16 16:03:59] INFO     Iteration 559
[2022-12-16 16:04:00] INFO     Test pattern OK!
[2022-12-16 16:04:00] INFO     Iteration 560
[2022-12-16 16:04:01] INFO     Test pattern OK!
[2022-12-16 16:04:01] INFO     Iteration 561
[2022-12-16 16:04:02] INFO     Test pattern OK!
[2022-12-16 16:04:02] INFO     Iteration 562
[2022-12-16 16:04:03] INFO     Test pattern OK!
[2022-12-16 16:04:03] INFO     Iteration 563
[2022-12-16 16:04:03] INFO     Test pattern OK!
[2022-12-16 16:04:03] INFO     Iteration 564
[2022-12-16 16:04:04] INFO     Test pattern OK!
[2022-12-16 16:04:04] INFO     Iteration 565
[2022-12-16 16:04:05] INFO     Test pattern OK!
[2022-12-16 16:04:05] INFO     Iteration 566
[2022-12-16 16:04:06] INFO     Test pattern OK!
[2022-12-16 16:04:06] INFO     Iteration 567
[2022-12-16 16:04:07] INFO     Test pattern OK!
[2022-12-16 16:04:07] INFO     Iteration 568
[2022-12-16 16:04:07] INFO     Test pattern OK!
[2022-12-16 16:04:07] INFO     Iteration 569
[2022-12-16 16:04:08] INFO     Test pattern OK!
[2022-12-16 16:04:08] INFO     Iteration 570
[2022-12-16 16:04:09] INFO     Test pattern OK!
[2022-12-16 16:04:09] INFO     Iteration 571
[2022-12-16 16:04:10] INFO     Test pattern OK!
[2022-12-16 16:04:10] INFO     Iteration 572
[2022-12-16 16:04:11] INFO     Test pattern OK!
[2022-12-16 16:04:11] INFO     Iteration 573
[2022-12-16 16:04:11] INFO     Test pattern OK!
[2022-12-16 16:04:11] INFO     Iteration 574
[2022-12-16 16:04:12] INFO     Test pattern OK!
[2022-12-16 16:04:12] INFO     Iteration 575
[2022-12-16 16:04:13] INFO     Test pattern OK!
[2022-12-16 16:04:13] INFO     Iteration 576
[2022-12-16 16:04:14] INFO     Test pattern OK!
[2022-12-16 16:04:14] INFO     Iteration 577
[2022-12-16 16:04:15] INFO     Test pattern OK!
[2022-12-16 16:04:15] INFO     Iteration 578
[2022-12-16 16:04:15] INFO     Test pattern OK!
[2022-12-16 16:04:15] INFO     Iteration 579
[2022-12-16 16:04:16] INFO     Test pattern OK!
[2022-12-16 16:04:16] INFO     Iteration 580
[2022-12-16 16:04:17] INFO     Test pattern OK!
[2022-12-16 16:04:17] INFO     Iteration 581
[2022-12-16 16:04:18] INFO     Test pattern OK!
[2022-12-16 16:04:18] INFO     Iteration 582
[2022-12-16 16:04:19] INFO     Test pattern OK!
[2022-12-16 16:04:19] INFO     Iteration 583
[2022-12-16 16:04:20] INFO     Test pattern OK!
[2022-12-16 16:04:20] INFO     Iteration 584
[2022-12-16 16:04:20] INFO     Test pattern OK!
[2022-12-16 16:04:20] INFO     Iteration 585
[2022-12-16 16:04:21] INFO     Test pattern OK!
[2022-12-16 16:04:21] INFO     Iteration 586
[2022-12-16 16:04:22] INFO     Test pattern OK!
[2022-12-16 16:04:22] INFO     Iteration 587
[2022-12-16 16:04:23] INFO     Test pattern OK!
[2022-12-16 16:04:23] INFO     Iteration 588
[2022-12-16 16:04:24] INFO     Test pattern OK!
[2022-12-16 16:04:24] INFO     Iteration 589
[2022-12-16 16:04:24] INFO     Test pattern OK!
[2022-12-16 16:04:24] INFO     Iteration 590
[2022-12-16 16:04:25] INFO     Test pattern OK!
[2022-12-16 16:04:25] INFO     Iteration 591
[2022-12-16 16:04:26] INFO     Test pattern OK!
[2022-12-16 16:04:26] INFO     Iteration 592
[2022-12-16 16:04:27] INFO     Test pattern OK!
[2022-12-16 16:04:27] INFO     Iteration 593
[2022-12-16 16:04:28] INFO     Test pattern OK!
[2022-12-16 16:04:28] INFO     Iteration 594
[2022-12-16 16:04:28] INFO     Test pattern OK!
[2022-12-16 16:04:28] INFO     Iteration 595
[2022-12-16 16:04:29] INFO     Test pattern OK!
[2022-12-16 16:04:29] INFO     Iteration 596
[2022-12-16 16:04:30] INFO     Test pattern OK!
[2022-12-16 16:04:30] INFO     Iteration 597
[2022-12-16 16:04:31] INFO     Test pattern OK!
[2022-12-16 16:04:31] INFO     Iteration 598
[2022-12-16 16:04:32] INFO     Test pattern OK!
[2022-12-16 16:04:32] INFO     Iteration 599
[2022-12-16 16:04:32] INFO     Test pattern OK!
[2022-12-16 16:04:32] INFO     Iteration 600
[2022-12-16 16:04:33] INFO     Test pattern OK!
[2022-12-16 16:04:33] INFO     Iteration 601
[2022-12-16 16:04:34] INFO     Test pattern OK!
[2022-12-16 16:04:34] INFO     Iteration 602
[2022-12-16 16:04:35] INFO     Test pattern OK!
[2022-12-16 16:04:35] INFO     Iteration 603
[2022-12-16 16:04:36] INFO     Test pattern OK!
[2022-12-16 16:04:36] INFO     Iteration 604
[2022-12-16 16:04:37] INFO     Test pattern OK!
[2022-12-16 16:04:37] INFO     Iteration 605
[2022-12-16 16:04:37] INFO     Test pattern OK!
[2022-12-16 16:04:37] INFO     Iteration 606
[2022-12-16 16:04:38] INFO     Test pattern OK!
[2022-12-16 16:04:38] INFO     Iteration 607
[2022-12-16 16:04:39] INFO     Test pattern OK!
[2022-12-16 16:04:39] INFO     Iteration 608
[2022-12-16 16:04:40] INFO     Test pattern OK!
[2022-12-16 16:04:40] INFO     Iteration 609
[2022-12-16 16:04:41] INFO     Test pattern OK!
[2022-12-16 16:04:41] INFO     Iteration 610
[2022-12-16 16:04:41] INFO     Test pattern OK!
[2022-12-16 16:04:41] INFO     Iteration 611
[2022-12-16 16:04:42] INFO     Test pattern OK!
[2022-12-16 16:04:42] INFO     Iteration 612
[2022-12-16 16:04:43] INFO     Test pattern OK!
[2022-12-16 16:04:43] INFO     Iteration 613
[2022-12-16 16:04:44] INFO     Test pattern OK!
[2022-12-16 16:04:44] INFO     Iteration 614
[2022-12-16 16:04:45] INFO     Test pattern OK!
[2022-12-16 16:04:45] INFO     Iteration 615
[2022-12-16 16:04:45] INFO     Test pattern OK!
[2022-12-16 16:04:45] INFO     Iteration 616
[2022-12-16 16:04:46] INFO     Test pattern OK!
[2022-12-16 16:04:46] INFO     Iteration 617
[2022-12-16 16:04:47] INFO     Test pattern OK!
[2022-12-16 16:04:47] INFO     Iteration 618
[2022-12-16 16:04:48] INFO     Test pattern OK!
[2022-12-16 16:04:48] INFO     Iteration 619
[2022-12-16 16:04:49] INFO     Test pattern OK!
[2022-12-16 16:04:49] INFO     Iteration 620
[2022-12-16 16:04:49] INFO     Test pattern OK!
[2022-12-16 16:04:49] INFO     Iteration 621
[2022-12-16 16:04:50] INFO     Test pattern OK!
[2022-12-16 16:04:50] INFO     Iteration 622
[2022-12-16 16:04:51] INFO     Test pattern OK!
[2022-12-16 16:04:51] INFO     Iteration 623
[2022-12-16 16:04:52] INFO     Test pattern OK!
[2022-12-16 16:04:52] INFO     Iteration 624
[2022-12-16 16:04:53] INFO     Test pattern OK!
[2022-12-16 16:04:53] INFO     Iteration 625
[2022-12-16 16:04:53] INFO     Test pattern OK!
[2022-12-16 16:04:53] INFO     Iteration 626
[2022-12-16 16:04:54] INFO     Test pattern OK!
[2022-12-16 16:04:54] INFO     Iteration 627
[2022-12-16 16:04:55] INFO     Test pattern OK!
[2022-12-16 16:04:55] INFO     Iteration 628
[2022-12-16 16:04:56] INFO     Test pattern OK!
[2022-12-16 16:04:56] INFO     Iteration 629
[2022-12-16 16:04:57] INFO     Test pattern OK!
[2022-12-16 16:04:57] INFO     Iteration 630
[2022-12-16 16:04:58] INFO     Test pattern OK!
[2022-12-16 16:04:58] INFO     Iteration 631
[2022-12-16 16:04:58] INFO     Test pattern OK!
[2022-12-16 16:04:58] INFO     Iteration 632
[2022-12-16 16:04:59] INFO     Test pattern OK!
[2022-12-16 16:04:59] INFO     Iteration 633
[2022-12-16 16:05:00] INFO     Test pattern OK!
[2022-12-16 16:05:00] INFO     Iteration 634
[2022-12-16 16:05:01] INFO     Test pattern OK!
[2022-12-16 16:05:01] INFO     Iteration 635
[2022-12-16 16:05:02] INFO     Test pattern OK!
[2022-12-16 16:05:02] INFO     Iteration 636
[2022-12-16 16:05:02] INFO     Test pattern OK!
[2022-12-16 16:05:02] INFO     Iteration 637
[2022-12-16 16:05:03] INFO     Test pattern OK!
[2022-12-16 16:05:03] INFO     Iteration 638
[2022-12-16 16:05:04] INFO     Test pattern OK!
[2022-12-16 16:05:04] INFO     Iteration 639
[2022-12-16 16:05:05] INFO     Test pattern OK!
[2022-12-16 16:05:05] INFO     Iteration 640
[2022-12-16 16:05:06] INFO     Test pattern OK!
[2022-12-16 16:05:06] INFO     Iteration 641
[2022-12-16 16:05:06] INFO     Test pattern OK!
[2022-12-16 16:05:06] INFO     Iteration 642
[2022-12-16 16:05:07] INFO     Test pattern OK!
[2022-12-16 16:05:07] INFO     Iteration 643
[2022-12-16 16:05:08] INFO     Test pattern OK!
[2022-12-16 16:05:08] INFO     Iteration 644
[2022-12-16 16:05:09] INFO     Test pattern OK!
[2022-12-16 16:05:09] INFO     Iteration 645
[2022-12-16 16:05:10] INFO     Test pattern OK!
[2022-12-16 16:05:10] INFO     Iteration 646
[2022-12-16 16:05:10] INFO     Test pattern OK!
[2022-12-16 16:05:10] INFO     Iteration 647
[2022-12-16 16:05:11] INFO     Test pattern OK!
[2022-12-16 16:05:11] INFO     Iteration 648
[2022-12-16 16:05:12] INFO     Test pattern OK!
[2022-12-16 16:05:12] INFO     Iteration 649
[2022-12-16 16:05:13] INFO     Test pattern OK!
[2022-12-16 16:05:13] INFO     Iteration 650
[2022-12-16 16:05:14] INFO     Test pattern OK!
[2022-12-16 16:05:14] INFO     Iteration 651
[2022-12-16 16:05:14] INFO     Test pattern OK!
[2022-12-16 16:05:14] INFO     Iteration 652
[2022-12-16 16:05:15] INFO     Test pattern OK!
[2022-12-16 16:05:15] INFO     Iteration 653
[2022-12-16 16:05:16] INFO     Test pattern OK!
[2022-12-16 16:05:16] INFO     Iteration 654
[2022-12-16 16:05:17] INFO     Test pattern OK!
[2022-12-16 16:05:17] INFO     Iteration 655
[2022-12-16 16:05:18] INFO     Test pattern OK!
[2022-12-16 16:05:18] INFO     Iteration 656
[2022-12-16 16:05:19] INFO     Test pattern OK!
[2022-12-16 16:05:19] INFO     Iteration 657
[2022-12-16 16:05:19] INFO     Test pattern OK!
[2022-12-16 16:05:19] INFO     Iteration 658
[2022-12-16 16:05:20] INFO     Test pattern OK!
[2022-12-16 16:05:20] INFO     Iteration 659
[2022-12-16 16:05:21] INFO     Test pattern OK!
[2022-12-16 16:05:21] INFO     Iteration 660
[2022-12-16 16:05:22] INFO     Test pattern OK!
[2022-12-16 16:05:22] INFO     Iteration 661
[2022-12-16 16:05:23] INFO     Test pattern OK!
[2022-12-16 16:05:23] INFO     Iteration 662
[2022-12-16 16:05:23] INFO     Test pattern OK!
[2022-12-16 16:05:23] INFO     Iteration 663
[2022-12-16 16:05:24] INFO     Test pattern OK!
[2022-12-16 16:05:24] INFO     Iteration 664
[2022-12-16 16:05:25] INFO     Test pattern OK!
[2022-12-16 16:05:25] INFO     Iteration 665
[2022-12-16 16:05:26] INFO     Test pattern OK!
[2022-12-16 16:05:26] INFO     Iteration 666
[2022-12-16 16:05:27] INFO     Test pattern OK!
[2022-12-16 16:05:27] INFO     Iteration 667
[2022-12-16 16:05:27] INFO     Test pattern OK!
[2022-12-16 16:05:27] INFO     Iteration 668
[2022-12-16 16:05:28] INFO     Test pattern OK!
[2022-12-16 16:05:28] INFO     Iteration 669
[2022-12-16 16:05:29] INFO     Test pattern OK!
[2022-12-16 16:05:29] INFO     Iteration 670
[2022-12-16 16:05:30] INFO     Test pattern OK!
[2022-12-16 16:05:30] INFO     Iteration 671
[2022-12-16 16:05:31] INFO     Test pattern OK!
[2022-12-16 16:05:31] INFO     Iteration 672
[2022-12-16 16:05:31] INFO     Test pattern OK!
[2022-12-16 16:05:31] INFO     Iteration 673
[2022-12-16 16:05:32] INFO     Test pattern OK!
[2022-12-16 16:05:32] INFO     Iteration 674
[2022-12-16 16:05:33] INFO     Test pattern OK!
[2022-12-16 16:05:33] INFO     Iteration 675
[2022-12-16 16:05:34] INFO     Test pattern OK!
[2022-12-16 16:05:34] INFO     Iteration 676
[2022-12-16 16:05:35] INFO     Test pattern OK!
[2022-12-16 16:05:35] INFO     Iteration 677
[2022-12-16 16:05:36] INFO     Test pattern OK!
[2022-12-16 16:05:36] INFO     Iteration 678
[2022-12-16 16:05:36] INFO     Test pattern OK!
[2022-12-16 16:05:36] INFO     Iteration 679
[2022-12-16 16:05:37] INFO     Test pattern OK!
[2022-12-16 16:05:37] INFO     Iteration 680
[2022-12-16 16:05:38] INFO     Test pattern OK!
[2022-12-16 16:05:38] INFO     Iteration 681
[2022-12-16 16:05:39] INFO     Test pattern OK!
[2022-12-16 16:05:39] INFO     Iteration 682
[2022-12-16 16:05:40] INFO     Test pattern OK!
[2022-12-16 16:05:40] INFO     Iteration 683
[2022-12-16 16:05:40] INFO     Test pattern OK!
[2022-12-16 16:05:40] INFO     Iteration 684
[2022-12-16 16:05:41] INFO     Test pattern OK!
[2022-12-16 16:05:41] INFO     Iteration 685
[2022-12-16 16:05:42] INFO     Test pattern OK!
[2022-12-16 16:05:42] INFO     Iteration 686
[2022-12-16 16:05:43] INFO     Test pattern OK!
[2022-12-16 16:05:43] INFO     Iteration 687
[2022-12-16 16:05:44] INFO     Test pattern OK!
[2022-12-16 16:05:44] INFO     Iteration 688
[2022-12-16 16:05:44] INFO     Test pattern OK!
[2022-12-16 16:05:44] INFO     Iteration 689
[2022-12-16 16:05:45] INFO     Test pattern OK!
[2022-12-16 16:05:45] INFO     Iteration 690
[2022-12-16 16:05:46] INFO     Test pattern OK!
[2022-12-16 16:05:46] INFO     Iteration 691
[2022-12-16 16:05:47] INFO     Test pattern OK!
[2022-12-16 16:05:47] INFO     Iteration 692
[2022-12-16 16:05:48] INFO     Test pattern OK!
[2022-12-16 16:05:48] INFO     Iteration 693
[2022-12-16 16:05:49] INFO     Test pattern OK!
[2022-12-16 16:05:49] INFO     Iteration 694
[2022-12-16 16:05:49] INFO     Test pattern OK!
[2022-12-16 16:05:49] INFO     Iteration 695
[2022-12-16 16:05:50] INFO     Test pattern OK!
[2022-12-16 16:05:50] INFO     Iteration 696
[2022-12-16 16:05:51] INFO     Test pattern OK!
[2022-12-16 16:05:51] INFO     Iteration 697
[2022-12-16 16:05:52] INFO     Test pattern OK!
[2022-12-16 16:05:52] INFO     Iteration 698
[2022-12-16 16:05:53] INFO     Test pattern OK!
[2022-12-16 16:05:53] INFO     Iteration 699
[2022-12-16 16:05:53] INFO     Test pattern OK!
[2022-12-16 16:05:53] INFO     Iteration 700
[2022-12-16 16:05:54] INFO     Test pattern OK!
[2022-12-16 16:05:54] INFO     Iteration 701
[2022-12-16 16:05:55] INFO     Test pattern OK!
[2022-12-16 16:05:55] INFO     Iteration 702
[2022-12-16 16:05:56] INFO     Test pattern OK!
[2022-12-16 16:05:56] INFO     Iteration 703
[2022-12-16 16:05:57] INFO     Test pattern OK!
[2022-12-16 16:05:57] INFO     Iteration 704
[2022-12-16 16:05:57] INFO     Test pattern OK!
[2022-12-16 16:05:57] INFO     Iteration 705
[2022-12-16 16:05:58] INFO     Test pattern OK!
[2022-12-16 16:05:58] INFO     Iteration 706
[2022-12-16 16:05:59] INFO     Test pattern OK!
[2022-12-16 16:05:59] INFO     Iteration 707
[2022-12-16 16:06:00] INFO     Test pattern OK!
[2022-12-16 16:06:00] INFO     Iteration 708
[2022-12-16 16:06:01] INFO     Test pattern OK!
[2022-12-16 16:06:01] INFO     Iteration 709
[2022-12-16 16:06:01] INFO     Test pattern OK!
[2022-12-16 16:06:01] INFO     Iteration 710
[2022-12-16 16:06:02] INFO     Test pattern OK!
[2022-12-16 16:06:02] INFO     Iteration 711
[2022-12-16 16:06:03] INFO     Test pattern OK!
[2022-12-16 16:06:03] INFO     Iteration 712
[2022-12-16 16:06:04] INFO     Test pattern OK!
[2022-12-16 16:06:04] INFO     Iteration 713
[2022-12-16 16:06:05] INFO     Test pattern OK!
[2022-12-16 16:06:05] INFO     Iteration 714
[2022-12-16 16:06:05] INFO     Test pattern OK!
[2022-12-16 16:06:05] INFO     Iteration 715
[2022-12-16 16:06:06] INFO     Test pattern OK!
[2022-12-16 16:06:06] INFO     Iteration 716
[2022-12-16 16:06:07] INFO     Test pattern OK!
[2022-12-16 16:06:07] INFO     Iteration 717
[2022-12-16 16:06:08] INFO     Test pattern OK!
[2022-12-16 16:06:08] INFO     Iteration 718
[2022-12-16 16:06:09] INFO     Test pattern OK!
[2022-12-16 16:06:09] INFO     Iteration 719
[2022-12-16 16:06:10] INFO     Test pattern OK!
[2022-12-16 16:06:10] INFO     Iteration 720
[2022-12-16 16:06:10] INFO     Test pattern OK!
[2022-12-16 16:06:10] INFO     Iteration 721
[2022-12-16 16:06:11] INFO     Test pattern OK!
[2022-12-16 16:06:11] INFO     Iteration 722
[2022-12-16 16:06:12] INFO     Test pattern OK!
[2022-12-16 16:06:12] INFO     Iteration 723
[2022-12-16 16:06:13] INFO     Test pattern OK!
[2022-12-16 16:06:13] INFO     Iteration 724
[2022-12-16 16:06:14] INFO     Test pattern OK!
[2022-12-16 16:06:14] INFO     Iteration 725
[2022-12-16 16:06:14] INFO     Test pattern OK!
[2022-12-16 16:06:14] INFO     Iteration 726
[2022-12-16 16:06:15] INFO     Test pattern OK!
[2022-12-16 16:06:15] INFO     Iteration 727
[2022-12-16 16:06:16] INFO     Test pattern OK!
[2022-12-16 16:06:16] INFO     Iteration 728
[2022-12-16 16:06:17] INFO     Test pattern OK!
[2022-12-16 16:06:17] INFO     Iteration 729
[2022-12-16 16:06:18] INFO     Test pattern OK!
[2022-12-16 16:06:18] INFO     Iteration 730
[2022-12-16 16:06:18] INFO     Test pattern OK!
[2022-12-16 16:06:18] INFO     Iteration 731
[2022-12-16 16:06:19] INFO     Test pattern OK!
[2022-12-16 16:06:19] INFO     Iteration 732
[2022-12-16 16:06:20] INFO     Test pattern OK!
[2022-12-16 16:06:20] INFO     Iteration 733
[2022-12-16 16:06:21] INFO     Test pattern OK!
[2022-12-16 16:06:21] INFO     Iteration 734
[2022-12-16 16:06:22] INFO     Test pattern OK!
[2022-12-16 16:06:22] INFO     Iteration 735
[2022-12-16 16:06:22] INFO     Test pattern OK!
[2022-12-16 16:06:22] INFO     Iteration 736
[2022-12-16 16:06:23] INFO     Test pattern OK!
[2022-12-16 16:06:23] INFO     Iteration 737
[2022-12-16 16:06:24] INFO     Test pattern OK!
[2022-12-16 16:06:24] INFO     Iteration 738
[2022-12-16 16:06:25] INFO     Test pattern OK!
[2022-12-16 16:06:25] INFO     Iteration 739
[2022-12-16 16:06:26] INFO     Test pattern OK!
[2022-12-16 16:06:26] INFO     Iteration 740
[2022-12-16 16:06:27] INFO     Test pattern OK!
[2022-12-16 16:06:27] INFO     Iteration 741
[2022-12-16 16:06:27] INFO     Test pattern OK!
[2022-12-16 16:06:27] INFO     Iteration 742
[2022-12-16 16:06:28] INFO     Test pattern OK!
[2022-12-16 16:06:28] INFO     Iteration 743
[2022-12-16 16:06:29] INFO     Test pattern OK!
[2022-12-16 16:06:29] INFO     Iteration 744
[2022-12-16 16:06:30] INFO     Test pattern OK!
[2022-12-16 16:06:30] INFO     Iteration 745
[2022-12-16 16:06:31] INFO     Test pattern OK!
[2022-12-16 16:06:31] INFO     Iteration 746
[2022-12-16 16:06:31] INFO     Test pattern OK!
[2022-12-16 16:06:31] INFO     Iteration 747
[2022-12-16 16:06:32] INFO     Test pattern OK!
[2022-12-16 16:06:32] INFO     Iteration 748
[2022-12-16 16:06:33] INFO     Test pattern OK!
[2022-12-16 16:06:33] INFO     Iteration 749
[2022-12-16 16:06:34] INFO     Test pattern OK!
[2022-12-16 16:06:34] INFO     Iteration 750
[2022-12-16 16:06:35] INFO     Test pattern OK!
[2022-12-16 16:06:35] INFO     Iteration 751
[2022-12-16 16:06:35] INFO     Test pattern OK!
[2022-12-16 16:06:35] INFO     Iteration 752
[2022-12-16 16:06:36] INFO     Test pattern OK!
[2022-12-16 16:06:36] INFO     Iteration 753
[2022-12-16 16:06:37] INFO     Test pattern OK!
[2022-12-16 16:06:37] INFO     Iteration 754
[2022-12-16 16:06:38] INFO     Test pattern OK!
[2022-12-16 16:06:38] INFO     Iteration 755
[2022-12-16 16:06:39] INFO     Test pattern OK!
[2022-12-16 16:06:39] INFO     Iteration 756
[2022-12-16 16:06:39] INFO     Test pattern OK!
[2022-12-16 16:06:39] INFO     Iteration 757
[2022-12-16 16:06:40] INFO     Test pattern OK!
[2022-12-16 16:06:40] INFO     Iteration 758
[2022-12-16 16:06:41] INFO     Test pattern OK!
[2022-12-16 16:06:41] INFO     Iteration 759
[2022-12-16 16:06:42] INFO     Test pattern OK!
[2022-12-16 16:06:42] INFO     Iteration 760
[2022-12-16 16:06:43] INFO     Test pattern OK!
[2022-12-16 16:06:43] INFO     Iteration 761
[2022-12-16 16:06:43] INFO     Test pattern OK!
[2022-12-16 16:06:43] INFO     Iteration 762
[2022-12-16 16:06:44] INFO     Test pattern OK!
[2022-12-16 16:06:44] INFO     Iteration 763
[2022-12-16 16:06:45] INFO     Test pattern OK!
[2022-12-16 16:06:45] INFO     Iteration 764
[2022-12-16 16:06:46] INFO     Test pattern OK!
[2022-12-16 16:06:46] INFO     Iteration 765
[2022-12-16 16:06:47] INFO     Test pattern OK!
[2022-12-16 16:06:47] INFO     Iteration 766
[2022-12-16 16:06:48] INFO     Test pattern OK!
[2022-12-16 16:06:48] INFO     Iteration 767
[2022-12-16 16:06:48] INFO     Test pattern OK!
[2022-12-16 16:06:48] INFO     Iteration 768
[2022-12-16 16:06:49] INFO     Test pattern OK!
[2022-12-16 16:06:49] INFO     Iteration 769
[2022-12-16 16:06:50] INFO     Test pattern OK!
[2022-12-16 16:06:50] INFO     Iteration 770
[2022-12-16 16:06:51] INFO     Test pattern OK!
[2022-12-16 16:06:51] INFO     Iteration 771
[2022-12-16 16:06:52] INFO     Test pattern OK!
[2022-12-16 16:06:52] INFO     Iteration 772
[2022-12-16 16:06:52] INFO     Test pattern OK!
[2022-12-16 16:06:52] INFO     Iteration 773
[2022-12-16 16:06:53] INFO     Test pattern OK!
[2022-12-16 16:06:53] INFO     Iteration 774
[2022-12-16 16:06:54] INFO     Test pattern OK!
[2022-12-16 16:06:54] INFO     Iteration 775
[2022-12-16 16:06:55] INFO     Test pattern OK!
[2022-12-16 16:06:55] INFO     Iteration 776
[2022-12-16 16:06:56] INFO     Test pattern OK!
[2022-12-16 16:06:56] INFO     Iteration 777
[2022-12-16 16:06:56] INFO     Test pattern OK!
[2022-12-16 16:06:56] INFO     Iteration 778
[2022-12-16 16:06:57] INFO     Test pattern OK!
[2022-12-16 16:06:57] INFO     Iteration 779
[2022-12-16 16:06:58] INFO     Test pattern OK!
[2022-12-16 16:06:58] INFO     Iteration 780
[2022-12-16 16:06:59] INFO     Test pattern OK!
[2022-12-16 16:06:59] INFO     Iteration 781
[2022-12-16 16:07:00] INFO     Test pattern OK!
[2022-12-16 16:07:00] INFO     Iteration 782
[2022-12-16 16:07:00] INFO     Test pattern OK!
[2022-12-16 16:07:00] INFO     Iteration 783
[2022-12-16 16:07:01] INFO     Test pattern OK!
[2022-12-16 16:07:01] INFO     Iteration 784
[2022-12-16 16:07:02] INFO     Test pattern OK!
[2022-12-16 16:07:02] INFO     Iteration 785
[2022-12-16 16:07:03] INFO     Test pattern OK!
[2022-12-16 16:07:03] INFO     Iteration 786
[2022-12-16 16:07:04] INFO     Test pattern OK!
[2022-12-16 16:07:04] INFO     Iteration 787
[2022-12-16 16:07:05] INFO     Test pattern OK!
[2022-12-16 16:07:05] INFO     Iteration 788
[2022-12-16 16:07:05] INFO     Test pattern OK!
[2022-12-16 16:07:05] INFO     Iteration 789
[2022-12-16 16:07:06] INFO     Test pattern OK!
[2022-12-16 16:07:06] INFO     Iteration 790
[2022-12-16 16:07:07] INFO     Test pattern OK!
[2022-12-16 16:07:07] INFO     Iteration 791
[2022-12-16 16:07:08] INFO     Test pattern OK!
[2022-12-16 16:07:08] INFO     Iteration 792
[2022-12-16 16:07:09] INFO     Test pattern OK!
[2022-12-16 16:07:09] INFO     Iteration 793
[2022-12-16 16:07:09] INFO     Test pattern OK!
[2022-12-16 16:07:09] INFO     Iteration 794
[2022-12-16 16:07:10] INFO     Test pattern OK!
[2022-12-16 16:07:10] INFO     Iteration 795
[2022-12-16 16:07:11] INFO     Test pattern OK!
[2022-12-16 16:07:11] INFO     Iteration 796
[2022-12-16 16:07:12] INFO     Test pattern OK!
[2022-12-16 16:07:12] INFO     Iteration 797
[2022-12-16 16:07:13] INFO     Test pattern OK!
[2022-12-16 16:07:13] INFO     Iteration 798
[2022-12-16 16:07:13] INFO     Test pattern OK!
[2022-12-16 16:07:13] INFO     Iteration 799
[2022-12-16 16:07:14] INFO     Test pattern OK!
[2022-12-16 16:07:14] INFO     Iteration 800
[2022-12-16 16:07:15] INFO     Test pattern OK!
[2022-12-16 16:07:15] INFO     Iteration 801
[2022-12-16 16:07:16] INFO     Test pattern OK!
[2022-12-16 16:07:16] INFO     Iteration 802
[2022-12-16 16:07:17] INFO     Test pattern OK!
[2022-12-16 16:07:17] INFO     Iteration 803
[2022-12-16 16:07:17] INFO     Test pattern OK!
[2022-12-16 16:07:17] INFO     Iteration 804
[2022-12-16 16:07:18] INFO     Test pattern OK!
[2022-12-16 16:07:18] INFO     Iteration 805
[2022-12-16 16:07:19] INFO     Test pattern OK!
[2022-12-16 16:07:19] INFO     Iteration 806
[2022-12-16 16:07:20] INFO     Test pattern OK!
[2022-12-16 16:07:20] INFO     Iteration 807
[2022-12-16 16:07:21] INFO     Test pattern OK!
[2022-12-16 16:07:21] INFO     Iteration 808
[2022-12-16 16:07:21] INFO     Test pattern OK!
[2022-12-16 16:07:21] INFO     Iteration 809
[2022-12-16 16:07:22] INFO     Test pattern OK!
[2022-12-16 16:07:22] INFO     Iteration 810
[2022-12-16 16:07:23] INFO     Test pattern OK!
[2022-12-16 16:07:23] INFO     Iteration 811
[2022-12-16 16:07:24] INFO     Test pattern OK!
[2022-12-16 16:07:24] INFO     Iteration 812
[2022-12-16 16:07:25] INFO     Test pattern OK!
[2022-12-16 16:07:25] INFO     Iteration 813
[2022-12-16 16:07:26] INFO     Test pattern OK!
[2022-12-16 16:07:26] INFO     Iteration 814
[2022-12-16 16:07:26] INFO     Test pattern OK!
[2022-12-16 16:07:26] INFO     Iteration 815
[2022-12-16 16:07:27] INFO     Test pattern OK!
[2022-12-16 16:07:27] INFO     Iteration 816
[2022-12-16 16:07:28] INFO     Test pattern OK!
[2022-12-16 16:07:28] INFO     Iteration 817
[2022-12-16 16:07:29] INFO     Test pattern OK!
[2022-12-16 16:07:29] INFO     Iteration 818
[2022-12-16 16:07:30] INFO     Test pattern OK!
[2022-12-16 16:07:30] INFO     Iteration 819
[2022-12-16 16:07:30] INFO     Test pattern OK!
[2022-12-16 16:07:30] INFO     Iteration 820
[2022-12-16 16:07:31] INFO     Test pattern OK!
[2022-12-16 16:07:31] INFO     Iteration 821
[2022-12-16 16:07:32] INFO     Test pattern OK!
[2022-12-16 16:07:32] INFO     Iteration 822
[2022-12-16 16:07:33] INFO     Test pattern OK!
[2022-12-16 16:07:33] INFO     Iteration 823
[2022-12-16 16:07:34] INFO     Test pattern OK!
[2022-12-16 16:07:34] INFO     Iteration 824
[2022-12-16 16:07:34] INFO     Test pattern OK!
[2022-12-16 16:07:34] INFO     Iteration 825
[2022-12-16 16:07:35] INFO     Test pattern OK!
[2022-12-16 16:07:35] INFO     Iteration 826
[2022-12-16 16:07:36] INFO     Test pattern OK!
[2022-12-16 16:07:36] INFO     Iteration 827
[2022-12-16 16:07:37] INFO     Test pattern OK!
[2022-12-16 16:07:37] INFO     Iteration 828
[2022-12-16 16:07:38] INFO     Test pattern OK!
[2022-12-16 16:07:38] INFO     Iteration 829
[2022-12-16 16:07:38] INFO     Test pattern OK!
[2022-12-16 16:07:39] INFO     Iteration 830
[2022-12-16 16:07:39] INFO     Test pattern OK!
[2022-12-16 16:07:39] INFO     Iteration 831
[2022-12-16 16:07:40] INFO     Test pattern OK!
[2022-12-16 16:07:40] INFO     Iteration 832
[2022-12-16 16:07:41] INFO     Test pattern OK!
[2022-12-16 16:07:41] INFO     Iteration 833
[2022-12-16 16:07:42] INFO     Test pattern OK!
[2022-12-16 16:07:42] INFO     Iteration 834
[2022-12-16 16:07:43] INFO     Test pattern OK!
[2022-12-16 16:07:43] INFO     Iteration 835
[2022-12-16 16:07:43] INFO     Test pattern OK!
[2022-12-16 16:07:43] INFO     Iteration 836
[2022-12-16 16:07:44] INFO     Test pattern OK!
[2022-12-16 16:07:44] INFO     Iteration 837
[2022-12-16 16:07:45] INFO     Test pattern OK!
[2022-12-16 16:07:45] INFO     Iteration 838
[2022-12-16 16:07:46] INFO     Test pattern OK!
[2022-12-16 16:07:46] INFO     Iteration 839
[2022-12-16 16:07:47] INFO     Test pattern OK!
[2022-12-16 16:07:47] INFO     Iteration 840
[2022-12-16 16:07:47] INFO     Test pattern OK!
[2022-12-16 16:07:47] INFO     Iteration 841
[2022-12-16 16:07:48] INFO     Test pattern OK!
[2022-12-16 16:07:48] INFO     Iteration 842
[2022-12-16 16:07:49] INFO     Test pattern OK!
[2022-12-16 16:07:49] INFO     Iteration 843
[2022-12-16 16:07:50] INFO     Test pattern OK!
[2022-12-16 16:07:50] INFO     Iteration 844
[2022-12-16 16:07:51] INFO     Test pattern OK!
[2022-12-16 16:07:51] INFO     Iteration 845
[2022-12-16 16:07:51] INFO     Test pattern OK!
[2022-12-16 16:07:51] INFO     Iteration 846
[2022-12-16 16:07:52] INFO     Test pattern OK!
[2022-12-16 16:07:52] INFO     Iteration 847
[2022-12-16 16:07:53] INFO     Test pattern OK!
[2022-12-16 16:07:53] INFO     Iteration 848
[2022-12-16 16:07:54] INFO     Test pattern OK!
[2022-12-16 16:07:54] INFO     Iteration 849
[2022-12-16 16:07:55] INFO     Test pattern OK!
[2022-12-16 16:07:55] INFO     Iteration 850
[2022-12-16 16:07:55] INFO     Test pattern OK!
[2022-12-16 16:07:55] INFO     Iteration 851
[2022-12-16 16:07:56] INFO     Test pattern OK!
[2022-12-16 16:07:56] INFO     Iteration 852
[2022-12-16 16:07:57] INFO     Test pattern OK!
[2022-12-16 16:07:57] INFO     Iteration 853
[2022-12-16 16:07:58] INFO     Test pattern OK!
[2022-12-16 16:07:58] INFO     Iteration 854
[2022-12-16 16:07:59] INFO     Test pattern OK!
[2022-12-16 16:07:59] INFO     Iteration 855
[2022-12-16 16:08:00] INFO     Test pattern OK!
[2022-12-16 16:08:00] INFO     Iteration 856
[2022-12-16 16:08:00] INFO     Test pattern OK!
[2022-12-16 16:08:00] INFO     Iteration 857
[2022-12-16 16:08:01] INFO     Test pattern OK!
[2022-12-16 16:08:01] INFO     Iteration 858
[2022-12-16 16:08:02] INFO     Test pattern OK!
[2022-12-16 16:08:02] INFO     Iteration 859
[2022-12-16 16:08:03] INFO     Test pattern OK!
[2022-12-16 16:08:03] INFO     Iteration 860
[2022-12-16 16:08:04] INFO     Test pattern OK!
[2022-12-16 16:08:04] INFO     Iteration 861
[2022-12-16 16:08:04] INFO     Test pattern OK!
[2022-12-16 16:08:04] INFO     Iteration 862
[2022-12-16 16:08:05] INFO     Test pattern OK!
[2022-12-16 16:08:05] INFO     Iteration 863
[2022-12-16 16:08:06] INFO     Test pattern OK!
[2022-12-16 16:08:06] INFO     Iteration 864
[2022-12-16 16:08:07] INFO     Test pattern OK!
[2022-12-16 16:08:07] INFO     Iteration 865
[2022-12-16 16:08:08] INFO     Test pattern OK!
[2022-12-16 16:08:08] INFO     Iteration 866
[2022-12-16 16:08:08] INFO     Test pattern OK!
[2022-12-16 16:08:08] INFO     Iteration 867
[2022-12-16 16:08:09] INFO     Test pattern OK!
[2022-12-16 16:08:09] INFO     Iteration 868
[2022-12-16 16:08:10] INFO     Test pattern OK!
[2022-12-16 16:08:10] INFO     Iteration 869
[2022-12-16 16:08:11] INFO     Test pattern OK!
[2022-12-16 16:08:11] INFO     Iteration 870
[2022-12-16 16:08:12] INFO     Test pattern OK!
[2022-12-16 16:08:12] INFO     Iteration 871
[2022-12-16 16:08:12] INFO     Test pattern OK!
[2022-12-16 16:08:12] INFO     Iteration 872
[2022-12-16 16:08:13] INFO     Test pattern OK!
[2022-12-16 16:08:13] INFO     Iteration 873
[2022-12-16 16:08:14] INFO     Test pattern OK!
[2022-12-16 16:08:14] INFO     Iteration 874
[2022-12-16 16:08:15] INFO     Test pattern OK!
[2022-12-16 16:08:15] INFO     Iteration 875
[2022-12-16 16:08:16] INFO     Test pattern OK!
[2022-12-16 16:08:16] INFO     Iteration 876
[2022-12-16 16:08:17] INFO     Test pattern OK!
[2022-12-16 16:08:17] INFO     Iteration 877
[2022-12-16 16:08:17] INFO     Test pattern OK!
[2022-12-16 16:08:17] INFO     Iteration 878
[2022-12-16 16:08:18] INFO     Test pattern OK!
[2022-12-16 16:08:18] INFO     Iteration 879
[2022-12-16 16:08:19] INFO     Test pattern OK!
[2022-12-16 16:08:19] INFO     Iteration 880
[2022-12-16 16:08:20] INFO     Test pattern OK!
[2022-12-16 16:08:20] INFO     Iteration 881
[2022-12-16 16:08:21] INFO     Test pattern OK!
[2022-12-16 16:08:21] INFO     Iteration 882
[2022-12-16 16:08:21] INFO     Test pattern OK!
[2022-12-16 16:08:21] INFO     Iteration 883
[2022-12-16 16:08:22] INFO     Test pattern OK!
[2022-12-16 16:08:22] INFO     Iteration 884
[2022-12-16 16:08:23] INFO     Test pattern OK!
[2022-12-16 16:08:23] INFO     Iteration 885
[2022-12-16 16:08:24] INFO     Test pattern OK!
[2022-12-16 16:08:24] INFO     Iteration 886
[2022-12-16 16:08:25] INFO     Test pattern OK!
[2022-12-16 16:08:25] INFO     Iteration 887
[2022-12-16 16:08:25] INFO     Test pattern OK!
[2022-12-16 16:08:25] INFO     Iteration 888
[2022-12-16 16:08:26] INFO     Test pattern OK!
[2022-12-16 16:08:26] INFO     Iteration 889
[2022-12-16 16:08:27] INFO     Test pattern OK!
[2022-12-16 16:08:27] INFO     Iteration 890
[2022-12-16 16:08:28] INFO     Test pattern OK!
[2022-12-16 16:08:28] INFO     Iteration 891
[2022-12-16 16:08:29] INFO     Test pattern OK!
[2022-12-16 16:08:29] INFO     Iteration 892
[2022-12-16 16:08:29] INFO     Test pattern OK!
[2022-12-16 16:08:29] INFO     Iteration 893
[2022-12-16 16:08:30] INFO     Test pattern OK!
[2022-12-16 16:08:30] INFO     Iteration 894
[2022-12-16 16:08:31] INFO     Test pattern OK!
[2022-12-16 16:08:31] INFO     Iteration 895
[2022-12-16 16:08:32] INFO     Test pattern OK!
[2022-12-16 16:08:32] INFO     Iteration 896
[2022-12-16 16:08:33] INFO     Test pattern OK!
[2022-12-16 16:08:33] INFO     Iteration 897
[2022-12-16 16:08:33] INFO     Test pattern OK!
[2022-12-16 16:08:33] INFO     Iteration 898
[2022-12-16 16:08:34] INFO     Test pattern OK!
[2022-12-16 16:08:34] INFO     Iteration 899
[2022-12-16 16:08:35] INFO     Test pattern OK!
[2022-12-16 16:08:35] INFO     Iteration 900
[2022-12-16 16:08:36] INFO     Test pattern OK!
[2022-12-16 16:08:36] INFO     Iteration 901
[2022-12-16 16:08:37] INFO     Test pattern OK!
[2022-12-16 16:08:37] INFO     Iteration 902
[2022-12-16 16:08:38] INFO     Test pattern OK!
[2022-12-16 16:08:38] INFO     Iteration 903
[2022-12-16 16:08:38] INFO     Test pattern OK!
[2022-12-16 16:08:38] INFO     Iteration 904
[2022-12-16 16:08:39] INFO     Test pattern OK!
[2022-12-16 16:08:39] INFO     Iteration 905
[2022-12-16 16:08:40] INFO     Test pattern OK!
[2022-12-16 16:08:40] INFO     Iteration 906
[2022-12-16 16:08:41] INFO     Test pattern OK!
[2022-12-16 16:08:41] INFO     Iteration 907
[2022-12-16 16:08:42] INFO     Test pattern OK!
[2022-12-16 16:08:42] INFO     Iteration 908
[2022-12-16 16:08:42] INFO     Test pattern OK!
[2022-12-16 16:08:42] INFO     Iteration 909
[2022-12-16 16:08:43] INFO     Test pattern OK!
[2022-12-16 16:08:43] INFO     Iteration 910
[2022-12-16 16:08:44] INFO     Test pattern OK!
[2022-12-16 16:08:44] INFO     Iteration 911
[2022-12-16 16:08:45] INFO     Test pattern OK!
[2022-12-16 16:08:45] INFO     Iteration 912
[2022-12-16 16:08:46] INFO     Test pattern OK!
[2022-12-16 16:08:46] INFO     Iteration 913
[2022-12-16 16:08:46] INFO     Test pattern OK!
[2022-12-16 16:08:46] INFO     Iteration 914
[2022-12-16 16:08:47] INFO     Test pattern OK!
[2022-12-16 16:08:47] INFO     Iteration 915
[2022-12-16 16:08:48] INFO     Test pattern OK!
[2022-12-16 16:08:48] INFO     Iteration 916
[2022-12-16 16:08:49] INFO     Test pattern OK!
[2022-12-16 16:08:49] INFO     Iteration 917
[2022-12-16 16:08:50] INFO     Test pattern OK!
[2022-12-16 16:08:50] INFO     Iteration 918
[2022-12-16 16:08:50] INFO     Test pattern OK!
[2022-12-16 16:08:50] INFO     Iteration 919
[2022-12-16 16:08:51] INFO     Test pattern OK!
[2022-12-16 16:08:51] INFO     Iteration 920
[2022-12-16 16:08:52] INFO     Test pattern OK!
[2022-12-16 16:08:52] INFO     Iteration 921
[2022-12-16 16:08:53] INFO     Test pattern OK!
[2022-12-16 16:08:53] INFO     Iteration 922
[2022-12-16 16:08:54] INFO     Test pattern OK!
[2022-12-16 16:08:54] INFO     Iteration 923
[2022-12-16 16:08:54] INFO     Test pattern OK!
[2022-12-16 16:08:54] INFO     Iteration 924
[2022-12-16 16:08:55] INFO     Test pattern OK!
[2022-12-16 16:08:55] INFO     Iteration 925
[2022-12-16 16:08:56] INFO     Test pattern OK!
[2022-12-16 16:08:56] INFO     Iteration 926
[2022-12-16 16:08:57] INFO     Test pattern OK!
[2022-12-16 16:08:57] INFO     Iteration 927
[2022-12-16 16:08:58] INFO     Test pattern OK!
[2022-12-16 16:08:58] INFO     Iteration 928
[2022-12-16 16:08:59] INFO     Test pattern OK!
[2022-12-16 16:08:59] INFO     Iteration 929
[2022-12-16 16:08:59] INFO     Test pattern OK!
[2022-12-16 16:08:59] INFO     Iteration 930
[2022-12-16 16:09:00] INFO     Test pattern OK!
[2022-12-16 16:09:00] INFO     Iteration 931
[2022-12-16 16:09:01] INFO     Test pattern OK!
[2022-12-16 16:09:01] INFO     Iteration 932
[2022-12-16 16:09:02] INFO     Test pattern OK!
[2022-12-16 16:09:02] INFO     Iteration 933
[2022-12-16 16:09:03] INFO     Test pattern OK!
[2022-12-16 16:09:03] INFO     Iteration 934
[2022-12-16 16:09:03] INFO     Test pattern OK!
[2022-12-16 16:09:03] INFO     Iteration 935
[2022-12-16 16:09:04] INFO     Test pattern OK!
[2022-12-16 16:09:04] INFO     Iteration 936
[2022-12-16 16:09:05] INFO     Test pattern OK!
[2022-12-16 16:09:05] INFO     Iteration 937
[2022-12-16 16:09:06] INFO     Test pattern OK!
[2022-12-16 16:09:06] INFO     Iteration 938
[2022-12-16 16:09:07] INFO     Test pattern OK!
[2022-12-16 16:09:07] INFO     Iteration 939
[2022-12-16 16:09:07] INFO     Test pattern OK!
[2022-12-16 16:09:07] INFO     Iteration 940
[2022-12-16 16:09:08] INFO     Test pattern OK!
[2022-12-16 16:09:08] INFO     Iteration 941
[2022-12-16 16:09:09] INFO     Test pattern OK!
[2022-12-16 16:09:09] INFO     Iteration 942
[2022-12-16 16:09:10] INFO     Test pattern OK!
[2022-12-16 16:09:10] INFO     Iteration 943
[2022-12-16 16:09:11] INFO     Test pattern OK!
[2022-12-16 16:09:11] INFO     Iteration 944
[2022-12-16 16:09:11] INFO     Test pattern OK!
[2022-12-16 16:09:11] INFO     Iteration 945
[2022-12-16 16:09:12] INFO     Test pattern OK!
[2022-12-16 16:09:12] INFO     Iteration 946
[2022-12-16 16:09:13] INFO     Test pattern OK!
[2022-12-16 16:09:13] INFO     Iteration 947
[2022-12-16 16:09:14] INFO     Test pattern OK!
[2022-12-16 16:09:14] INFO     Iteration 948
[2022-12-16 16:09:15] INFO     Test pattern OK!
[2022-12-16 16:09:15] INFO     Iteration 949
[2022-12-16 16:09:15] INFO     Test pattern OK!
[2022-12-16 16:09:15] INFO     Iteration 950
[2022-12-16 16:09:16] INFO     Test pattern OK!
[2022-12-16 16:09:16] INFO     Iteration 951
[2022-12-16 16:09:17] INFO     Test pattern OK!
[2022-12-16 16:09:17] INFO     Iteration 952
[2022-12-16 16:09:18] INFO     Test pattern OK!
[2022-12-16 16:09:18] INFO     Iteration 953
[2022-12-16 16:09:19] INFO     Test pattern OK!
[2022-12-16 16:09:19] INFO     Iteration 954
[2022-12-16 16:09:20] INFO     Test pattern OK!
[2022-12-16 16:09:20] INFO     Iteration 955
[2022-12-16 16:09:20] INFO     Test pattern OK!
[2022-12-16 16:09:20] INFO     Iteration 956
[2022-12-16 16:09:21] INFO     Test pattern OK!
[2022-12-16 16:09:21] INFO     Iteration 957
[2022-12-16 16:09:22] INFO     Test pattern OK!
[2022-12-16 16:09:22] INFO     Iteration 958
[2022-12-16 16:09:23] INFO     Test pattern OK!
[2022-12-16 16:09:23] INFO     Iteration 959
[2022-12-16 16:09:24] INFO     Test pattern OK!
[2022-12-16 16:09:24] INFO     Iteration 960
[2022-12-16 16:09:24] INFO     Test pattern OK!
[2022-12-16 16:09:24] INFO     Iteration 961
[2022-12-16 16:09:25] INFO     Test pattern OK!
[2022-12-16 16:09:25] INFO     Iteration 962
[2022-12-16 16:09:26] INFO     Test pattern OK!
[2022-12-16 16:09:26] INFO     Iteration 963
[2022-12-16 16:09:27] INFO     Test pattern OK!
[2022-12-16 16:09:27] INFO     Iteration 964
