[2022-12-19 07:57:13] INFO     STATE:Initial Starting State
[2022-12-19 07:57:13] INFO     git commit information
[2022-12-19 07:57:13] INFO     	git commit:b0d2c4e Added a test that will reboot the board and start over afte 50 BIST error messages
[2022-12-19 07:57:13] INFO     	git commit date:Sun Dec 18 21:03:11 2022
[2022-12-19 07:57:13] INFO     	git status:Sun Dec 18 21:03:11 2022
[2022-12-19 07:57:13] INFO     		M beam-test/test_scripts/readme.md
[2022-12-19 07:57:13] INFO     Command line information
[2022-12-19 07:57:13] INFO     	Command line:['ddrctrl_experiment.py', '--jcm_part', 'xc7a200t', '--bitstream', '/root/ddr_11_28_tmr.bit', '--log_dir', './lansce2022', '--jcm_clock', '30_000_000', '--frads_file', 'xc7a200t_frad.txt', '--fault_injection', '0', '--uart_bone_ident', '0xf0002000', '--jcm_ip', '169.254.132.152', '--jcm_netbooter_port', '1', '--nexys_netbooter_port', '2', '--usb_uart_phys_port', '1-4.4.2', '--uartbone_phys_port', '1-4.4.1']
[2022-12-19 07:57:13] INFO     	arg:bitstream=/root/ddr_11_28_tmr.bit
[2022-12-19 07:57:13] INFO     	arg:netbooter_ip=169.254.131.160
[2022-12-19 07:57:13] INFO     	arg:jcm_ip=169.254.132.152
[2022-12-19 07:57:13] INFO     	arg:jcm_part=xc7a200t
[2022-12-19 07:57:13] INFO     	arg:jcm_clock=30000000
[2022-12-19 07:57:13] INFO     	arg:usb_uart_phys_port=1-4.4.2
[2022-12-19 07:57:13] INFO     	arg:uart_litex_baudrate=115200
[2022-12-19 07:57:13] INFO     	arg:uartbone_phys_port=1-4.4.1
[2022-12-19 07:57:13] INFO     	arg:uartbone_phys_if=0
[2022-12-19 07:57:13] INFO     	arg:uartbone_baudrate=115200
[2022-12-19 07:57:13] INFO     	arg:repower_jcm=False
[2022-12-19 07:57:13] INFO     	arg:disable_scrubbing=False
[2022-12-19 07:57:13] INFO     	arg:fault_injection=0
[2022-12-19 07:57:13] INFO     	arg:frads_file=xc7a200t_frad.txt
[2022-12-19 07:57:13] INFO     	arg:jcm_netbooter_port=1
[2022-12-19 07:57:13] INFO     	arg:nexys_netbooter_port=2
[2022-12-19 07:57:13] INFO     	arg:log_dir=./lansce2022
[2022-12-19 07:57:13] INFO     	arg:single_step=False
[2022-12-19 07:57:13] INFO     	arg:bist_mem_burst_length=8192
[2022-12-19 07:57:13] INFO     	arg:bist_addr_mode=1
[2022-12-19 07:57:13] INFO     	arg:bist_pattern=165
[2022-12-19 07:57:13] INFO     	arg:no_uart_bone=False
[2022-12-19 07:57:13] INFO     	arg:uart_bone_ident=0xf0002000
[2022-12-19 07:57:13] INFO     STATE:Netbooter Setup State
[2022-12-19 07:57:13] INFO     STATE:JCM Setup State
[2022-12-19 07:57:13] INFO     NETBOOTER:Attempt 1 to set port 1 with cycle=False
[2022-12-19 07:57:15] INFO     NETBOOTER:Setting port 1 to On
[2022-12-19 07:57:16] INFO     JCM ping attempt 1
[2022-12-19 07:57:16] INFO     JCM:Logging in to JCM
[2022-12-19 07:57:16] INFO     JCM:Connecting to JCM over SSH... (Attempt 1)
[2022-12-19 07:57:16] INFO     JCM:SSH successful
[2022-12-19 07:57:16] INFO     STATE:UART Setup State
[2022-12-19 07:57:16] INFO     STATE:Power Nexys State
[2022-12-19 07:57:16] INFO     NETBOOTER:Attempt 1 to set port 2 with cycle=False
[2022-12-19 07:57:18] INFO     NETBOOTER:Setting port 2 to Off
[2022-12-19 07:57:19] INFO     NETBOOTER:Attempt 1 to set port 2 with cycle=False
[2022-12-19 07:57:21] INFO     NETBOOTER:Setting port 2 to On
[2022-12-19 07:57:22] INFO     STATE:Connect UART State
[2022-12-19 07:57:24] INFO     UART:Searching for ttyUSB device (Attempt 1)
[2022-12-19 07:57:24] INFO     UART:Found tty device:/dev/ttyUSB2
[2022-12-19 07:57:24] INFO     UART:Serial port /dev/ttyUSB2 open
[2022-12-19 07:57:24] INFO     STATE:Configure Nexys State
[2022-12-19 07:57:24] INFO     JCM:Attempting JCM device DNA read
[2022-12-19 07:57:24] INFO     JCM:Executing commmand on JCM
	~/jcm_apps/jcm_jtag_reg.elf -r 50 --swap -w 64
[2022-12-19 07:57:25] INFO     Device DNA:0:0x812c023b 1:0x2a0f6504
[2022-12-19 07:57:25] INFO     JCM:Attempting JCM configuration
[2022-12-19 07:57:25] INFO     JCM:Executing commmand on JCM
	~/jcm_apps/jcm_config.elf --part xc7a200t -c 30000000 --jtag --config_file /root/ddr_11_28_tmr.bit
[2022-12-19 07:57:30] INFO     JCM:Configuration Success
[2022-12-19 07:57:30] INFO     STATE:Setup UARTBone State
[2022-12-19 07:57:30] INFO     UARTBONE:Searching for ttyUSB device (Attempt 1) for port '1-4.4.1' IF '0'
[2022-12-19 07:57:30] INFO     UARTBONE:Found tty device:/dev/ttyUSB0
[2022-12-19 07:57:30] INFO     UARTBONE:Attempting to open:/dev/ttyUSB0 at baud 115200 with timeout=5
[2022-12-19 07:57:30] INFO     UARTBONE:Serial port /dev/ttyUSB0 open
[2022-12-19 07:57:31] INFO     UARTBONE ID Str=LiteX SoC on Nexys Video 2022-11-28 18:17:18
[2022-12-19 07:57:31] INFO     UARTBONE I ADDR=000012E8
[2022-12-19 07:57:31] INFO     STATE:Enable Scrubbing State
[2022-12-19 07:57:31] INFO     JCM:Starting JCM scrubber
[2022-12-19 07:57:31] INFO     JCM:Executing commmand on JCM
	~/jcm_apps/jcm_scrubbing.elf --part xc7a200t -c 30000000 --jtag --iterations 100000000 --frad_file xc7a200t_frad.txt
[2022-12-19 07:57:31] INFO     STATE:LiteX Login State
[2022-12-19 07:57:31] INFO     STATE:Start BIST State
[2022-12-19 07:57:31] INFO     STATE:BIST Execution State
[2022-12-19 07:57:31] INFO     BIST:Bad title line (1):8192 1 0 2
[2022-12-19 07:57:31] INFO     BIST:Header (first)
[2022-12-19 07:57:43] INFO     BIST:Header (ok)
[2022-12-19 07:57:55] INFO     BIST:Header (ok)
[2022-12-19 07:58:06] INFO     BIST:Header (ok)
[2022-12-19 07:58:18] INFO     BIST:Header (ok)
[2022-12-19 07:58:29] INFO     BIST:Header (ok)
[2022-12-19 07:58:41] INFO     BIST:Header (ok)
[2022-12-19 07:58:53] INFO     BIST:Header (ok)
[2022-12-19 07:59:04] INFO     BIST:Header (ok)
[2022-12-19 07:59:16] INFO     BIST:Header (ok)
[2022-12-19 07:59:27] INFO     BIST:Header (ok)
[2022-12-19 07:59:39] INFO     BIST:Header (ok)
[2022-12-19 07:59:51] INFO     BIST:Header (ok)
[2022-12-19 08:00:02] INFO     BIST:Header (ok)
[2022-12-19 08:00:14] INFO     BIST:Header (ok)
[2022-12-19 08:00:25] INFO     BIST:Header (ok)
[2022-12-19 08:00:37] INFO     BIST:Header (ok)
[2022-12-19 08:00:49] INFO     BIST:Header (ok)
[2022-12-19 08:01:00] INFO     BIST:Header (ok)
[2022-12-19 08:01:12] INFO     BIST:Header (ok)
[2022-12-19 08:01:24] INFO     BIST:Header (ok)
[2022-12-19 08:01:35] INFO     BIST:Header (ok)
[2022-12-19 08:01:47] INFO     BIST:Header (ok)
[2022-12-19 08:01:58] INFO     BIST:Header (ok)
[2022-12-19 08:02:10] INFO     BIST:Header (ok)
[2022-12-19 08:02:22] INFO     BIST:Header (ok)
[2022-12-19 08:02:33] INFO     BIST:Header (ok)
[2022-12-19 08:02:45] INFO     BIST:Header (ok)
[2022-12-19 08:02:56] INFO     BIST:Header (ok)
[2022-12-19 08:03:08] INFO     BIST:Header (ok)
[2022-12-19 08:03:20] INFO     BIST:Header (ok)
[2022-12-19 08:03:31] INFO     BIST:Header (ok)
[2022-12-19 08:03:43] INFO     BIST:Header (ok)
[2022-12-19 08:03:54] INFO     BIST:Header (ok)
[2022-12-19 08:04:06] INFO     BIST:Header (ok)
[2022-12-19 08:04:18] INFO     BIST:Header (ok)
[2022-12-19 08:04:29] INFO     BIST:Header (ok)
[2022-12-19 08:04:41] INFO     BIST:Header (ok)
[2022-12-19 08:04:53] INFO     BIST:Header (ok)
[2022-12-19 08:05:04] INFO     BIST:Header (ok)
[2022-12-19 08:05:16] INFO     BIST:Header (ok)
[2022-12-19 08:05:27] INFO     BIST:Header (ok)
[2022-12-19 08:05:39] INFO     BIST:Header (ok)
[2022-12-19 08:05:51] INFO     BIST:Header (ok)
[2022-12-19 08:06:02] INFO     BIST:Header (ok)
[2022-12-19 08:06:14] INFO     BIST:Header (ok)
[2022-12-19 08:06:25] INFO     BIST:Header (ok)
[2022-12-19 08:06:37] INFO     BIST:Header (ok)
[2022-12-19 08:06:49] INFO     BIST:Header (ok)
[2022-12-19 08:07:00] INFO     BIST:Header (ok)
[2022-12-19 08:07:12] INFO     BIST:Header (ok)
[2022-12-19 08:07:23] INFO     BIST:Header (ok)
[2022-12-19 08:07:35] INFO     BIST:Header (ok)
[2022-12-19 08:07:47] INFO     BIST:Header (ok)
[2022-12-19 08:07:58] INFO     BIST:Header (ok)
[2022-12-19 08:08:10] INFO     BIST:Header (ok)
[2022-12-19 08:08:22] INFO     BIST:Header (ok)
[2022-12-19 08:08:33] INFO     BIST:Header (ok)
[2022-12-19 08:08:45] INFO     BIST:Header (ok)
[2022-12-19 08:08:56] INFO     BIST:Header (ok)
[2022-12-19 08:09:08] INFO     BIST:Header (ok)
[2022-12-19 08:09:20] INFO     BIST:Header (ok)
[2022-12-19 08:09:31] INFO     BIST:Header (ok)
[2022-12-19 08:09:43] INFO     BIST:Header (ok)
[2022-12-19 08:09:54] INFO     BIST:Header (ok)
[2022-12-19 08:10:06] INFO     BIST:Header (ok)
[2022-12-19 08:10:18] INFO     BIST:Header (ok)
[2022-12-19 08:10:29] INFO     BIST:Header (ok)
[2022-12-19 08:10:41] INFO     BIST:Header (ok)
[2022-12-19 08:10:52] INFO     BIST:Header (ok)
[2022-12-19 08:11:04] INFO     BIST:Header (ok)
[2022-12-19 08:11:16] INFO     BIST:Header (ok)
[2022-12-19 08:11:27] INFO     BIST:Header (ok)
[2022-12-19 08:11:39] INFO     BIST:Header (ok)
[2022-12-19 08:11:51] INFO     BIST:Header (ok)
[2022-12-19 08:12:02] INFO     BIST:Header (ok)
[2022-12-19 08:12:14] INFO     BIST:Header (ok)
[2022-12-19 08:12:25] INFO     BIST:Header (ok)
[2022-12-19 08:12:37] INFO     BIST:Header (ok)
[2022-12-19 08:12:49] INFO     BIST:Header (ok)
[2022-12-19 08:13:00] INFO     BIST:Header (ok)
[2022-12-19 08:13:12] INFO     BIST:Header (ok)
[2022-12-19 08:13:23] INFO     BIST:Header (ok)
[2022-12-19 08:13:35] INFO     BIST:Header (ok)
[2022-12-19 08:13:47] INFO     BIST:Header (ok)
[2022-12-19 08:13:58] INFO     BIST:Header (ok)
[2022-12-19 08:14:10] INFO     BIST:Header (ok)
[2022-12-19 08:14:21] INFO     BIST:Header (ok)
[2022-12-19 08:14:33] INFO     BIST:Header (ok)
[2022-12-19 08:14:45] INFO     BIST:Header (ok)
[2022-12-19 08:14:56] INFO     BIST:Header (ok)
[2022-12-19 08:15:08] INFO     BIST:Header (ok)
[2022-12-19 08:15:20] INFO     BIST:Header (ok)
[2022-12-19 08:15:31] INFO     BIST:Header (ok)
[2022-12-19 08:15:43] INFO     BIST:Header (ok)
[2022-12-19 08:15:54] INFO     BIST:Header (ok)
[2022-12-19 08:16:06] INFO     BIST:Header (ok)
[2022-12-19 08:16:18] INFO     BIST:Header (ok)
[2022-12-19 08:16:29] INFO     BIST:Header (ok)
[2022-12-19 08:16:41] INFO     BIST:Header (ok)
[2022-12-19 08:16:52] INFO     BIST:Header (ok)
[2022-12-19 08:17:04] INFO     BIST:Header (ok)
[2022-12-19 08:17:16] INFO     BIST:Header (ok)
[2022-12-19 08:17:27] INFO     BIST:Header (ok)
[2022-12-19 08:17:39] INFO     BIST:Header (ok)
[2022-12-19 08:17:51] INFO     BIST:Header (ok)
[2022-12-19 08:18:02] INFO     BIST:Header (ok)
[2022-12-19 08:18:14] INFO     BIST:Header (ok)
[2022-12-19 08:18:25] INFO     BIST:Header (ok)
[2022-12-19 08:18:37] INFO     BIST:Header (ok)
[2022-12-19 08:18:49] INFO     BIST:Header (ok)
[2022-12-19 08:19:00] INFO     BIST:Header (ok)
[2022-12-19 08:19:12] INFO     BIST:Header (ok)
[2022-12-19 08:19:23] INFO     BIST:Header (ok)
[2022-12-19 08:19:35] INFO     BIST:Header (ok)
[2022-12-19 08:19:47] INFO     BIST:Header (ok)
[2022-12-19 08:19:58] INFO     BIST:Header (ok)
[2022-12-19 08:20:10] INFO     BIST:Header (ok)
[2022-12-19 08:20:21] INFO     BIST:Header (ok)
[2022-12-19 08:20:33] INFO     BIST:Header (ok)
[2022-12-19 08:20:45] INFO     BIST:Header (ok)
[2022-12-19 08:20:56] INFO     BIST:Header (ok)
[2022-12-19 08:21:08] INFO     BIST:Header (ok)
[2022-12-19 08:21:20] INFO     BIST:Header (ok)
[2022-12-19 08:21:31] INFO     BIST:Header (ok)
[2022-12-19 08:21:43] INFO     BIST:Header (ok)
[2022-12-19 08:21:54] INFO     BIST:Header (ok)
[2022-12-19 08:22:06] INFO     BIST:Header (ok)
