[2022-12-16 16:11:53] INFO     STATE:Initial Starting State
[2022-12-16 16:11:53] INFO     git commit information
[2022-12-16 16:11:53] INFO     	git commit:1c8fc9e Updated rowhammer script
[2022-12-16 16:11:53] INFO     	git commit date:Fri Dec 16 16:09:45 2022
[2022-12-16 16:11:53] INFO     	git status:Fri Dec 16 16:09:45 2022
[2022-12-16 16:11:53] INFO     		M beam-test/test_scripts/readme.md
[2022-12-16 16:11:53] INFO     Command line information
[2022-12-16 16:11:53] INFO     	Command line:['ddrctrl_experiment.py', '--jcm_part', 'xc7a200t', '--bitstream', '/root/ddr_11_28.bit', '--log_dir', './lansce2022', '--jcm_clock', '30_000_000', '--frads_file', 'xc7a200t_frad.txt', '--fault_injection', '0', '--uart_bone_ident', '0xf0002000', '--jcm_ip', '169.254.132.152', '--jcm_netbooter_port', '1', '--nexys_netbooter_port', '2', '--usb_uart_phys_port', '1-4.4.2', '--uartbone_phys_port', '1-4.4.1']
[2022-12-16 16:11:53] INFO     	arg:bitstream=/root/ddr_11_28.bit
[2022-12-16 16:11:53] INFO     	arg:netbooter_ip=169.254.131.160
[2022-12-16 16:11:53] INFO     	arg:jcm_ip=169.254.132.152
[2022-12-16 16:11:53] INFO     	arg:jcm_part=xc7a200t
[2022-12-16 16:11:53] INFO     	arg:jcm_clock=30000000
[2022-12-16 16:11:53] INFO     	arg:usb_uart_phys_port=1-4.4.2
[2022-12-16 16:11:53] INFO     	arg:uart_litex_baudrate=115200
[2022-12-16 16:11:53] INFO     	arg:uartbone_phys_port=1-4.4.1
[2022-12-16 16:11:53] INFO     	arg:uartbone_phys_if=0
[2022-12-16 16:11:53] INFO     	arg:uartbone_baudrate=115200
[2022-12-16 16:11:53] INFO     	arg:repower_jcm=False
[2022-12-16 16:11:53] INFO     	arg:disable_scrubbing=False
[2022-12-16 16:11:53] INFO     	arg:fault_injection=0
[2022-12-16 16:11:53] INFO     	arg:frads_file=xc7a200t_frad.txt
[2022-12-16 16:11:53] INFO     	arg:jcm_netbooter_port=1
[2022-12-16 16:11:53] INFO     	arg:nexys_netbooter_port=2
[2022-12-16 16:11:53] INFO     	arg:log_dir=./lansce2022
[2022-12-16 16:11:53] INFO     	arg:single_step=False
[2022-12-16 16:11:53] INFO     	arg:bist_mem_burst_length=8192
[2022-12-16 16:11:53] INFO     	arg:bist_addr_mode=1
[2022-12-16 16:11:53] INFO     	arg:bist_pattern=165
[2022-12-16 16:11:53] INFO     	arg:no_uart_bone=False
[2022-12-16 16:11:53] INFO     	arg:uart_bone_ident=0xf0002000
[2022-12-16 16:11:53] INFO     STATE:Netbooter Setup State
[2022-12-16 16:11:53] INFO     STATE:JCM Setup State
[2022-12-16 16:11:53] INFO     NETBOOTER:Attempt 1 to set port 1 with cycle=False
[2022-12-16 16:11:55] INFO     NETBOOTER:Setting port 1 to On
[2022-12-16 16:11:56] INFO     JCM ping attempt 1
[2022-12-16 16:11:56] INFO     JCM:Logging in to JCM
[2022-12-16 16:11:56] INFO     JCM:Connecting to JCM over SSH... (Attempt 1)
[2022-12-16 16:11:57] INFO     JCM:SSH successful
[2022-12-16 16:11:57] INFO     STATE:UART Setup State
[2022-12-16 16:11:57] INFO     STATE:Power Nexys State
[2022-12-16 16:11:57] INFO     NETBOOTER:Attempt 1 to set port 2 with cycle=False
[2022-12-16 16:11:59] INFO     NETBOOTER:Setting port 2 to Off
[2022-12-16 16:12:00] INFO     NETBOOTER:Attempt 1 to set port 2 with cycle=False
[2022-12-16 16:12:02] INFO     NETBOOTER:Setting port 2 to On
[2022-12-16 16:12:03] INFO     STATE:Connect UART State
[2022-12-16 16:12:05] INFO     UART:Searching for ttyUSB device (Attempt 1)
[2022-12-16 16:12:05] INFO     UART:Found tty device:/dev/ttyUSB2
[2022-12-16 16:12:05] INFO     UART:Serial port /dev/ttyUSB2 open
[2022-12-16 16:12:05] INFO     STATE:Configure Nexys State
[2022-12-16 16:12:05] INFO     JCM:Attempting JCM device DNA read
[2022-12-16 16:12:05] INFO     JCM:Executing commmand on JCM
	~/jcm_apps/jcm_jtag_reg.elf -r 50 --swap -w 64
[2022-12-16 16:12:05] INFO     Device DNA:0:0x812c023b 1:0x2a0f6504
[2022-12-16 16:12:05] INFO     JCM:Attempting JCM configuration
[2022-12-16 16:12:05] INFO     JCM:Executing commmand on JCM
	~/jcm_apps/jcm_config.elf --part xc7a200t -c 30000000 --jtag --config_file /root/ddr_11_28.bit
[2022-12-16 16:12:10] INFO     JCM:Configuration Success
[2022-12-16 16:12:10] INFO     STATE:Setup UARTBone State
[2022-12-16 16:12:10] INFO     UARTBONE:Searching for ttyUSB device (Attempt 1) for port '1-4.4.1' IF '0'
[2022-12-16 16:12:10] INFO     UARTBONE:Found tty device:/dev/ttyUSB0
[2022-12-16 16:12:10] INFO     UARTBONE:Attempting to open:/dev/ttyUSB0 at baud 115200 with timeout=5
[2022-12-16 16:12:10] INFO     UARTBONE:Serial port /dev/ttyUSB0 open
[2022-12-16 16:12:11] INFO     UARTBONE ID Str=LiteX SoC on Nexys Video 2022-11-28 18:17:18
[2022-12-16 16:12:11] INFO     UARTBONE I ADDR=00001358
[2022-12-16 16:12:11] INFO     STATE:Enable Scrubbing State
[2022-12-16 16:12:11] INFO     JCM:Starting JCM scrubber
[2022-12-16 16:12:11] INFO     JCM:Executing commmand on JCM
	~/jcm_apps/jcm_scrubbing.elf --part xc7a200t -c 30000000 --jtag --iterations 100000000 --frad_file xc7a200t_frad.txt
[2022-12-16 16:12:11] INFO     STATE:LiteX Login State
[2022-12-16 16:12:12] INFO     STATE:Start BIST State
[2022-12-16 16:12:12] INFO     STATE:BIST Execution State
[2022-12-16 16:12:12] INFO     BIST:Bad title line (1):8192 1 0 2
[2022-12-16 16:12:12] INFO     BIST:Header (first)
[2022-12-16 16:12:23] INFO     BIST:Header (ok)
[2022-12-16 16:12:35] INFO     BIST:Header (ok)
[2022-12-16 16:12:46] INFO     BIST:Header (ok)
[2022-12-16 16:12:58] INFO     BIST:Header (ok)
[2022-12-16 16:13:10] INFO     BIST:Header (ok)
[2022-12-16 16:13:21] INFO     BIST:Header (ok)
[2022-12-16 16:13:33] INFO     BIST:Header (ok)
[2022-12-16 16:13:44] INFO     BIST:Header (ok)
[2022-12-16 16:13:56] INFO     BIST:Header (ok)
[2022-12-16 16:14:08] INFO     BIST:Header (ok)
[2022-12-16 16:14:19] INFO     BIST:Header (ok)
[2022-12-16 16:14:31] INFO     BIST:Header (ok)
[2022-12-16 16:14:43] INFO     BIST:Header (ok)
[2022-12-16 16:14:54] INFO     BIST:Header (ok)
[2022-12-16 16:15:06] INFO     BIST:Header (ok)
[2022-12-16 16:15:18] INFO     BIST:Header (ok)
[2022-12-16 16:15:29] INFO     BIST:Header (ok)
[2022-12-16 16:15:41] INFO     BIST:Header (ok)
[2022-12-16 16:15:52] INFO     BIST:Header (ok)
[2022-12-16 16:16:04] INFO     BIST:Header (ok)
[2022-12-16 16:16:16] INFO     BIST:Header (ok)
[2022-12-16 16:16:27] INFO     BIST:Header (ok)
[2022-12-16 16:16:39] INFO     BIST:Header (ok)
[2022-12-16 16:16:50] INFO     BIST:Header (ok)
[2022-12-16 16:17:02] INFO     BIST:Header (ok)
[2022-12-16 16:17:14] INFO     BIST:Header (ok)
[2022-12-16 16:17:25] INFO     BIST:Header (ok)
[2022-12-16 16:17:37] INFO     BIST:Header (ok)
[2022-12-16 16:17:49] INFO     BIST:Header (ok)
[2022-12-16 16:18:00] INFO     BIST:Header (ok)
[2022-12-16 16:18:12] INFO     BIST:Header (ok)
[2022-12-16 16:18:23] INFO     BIST:Header (ok)
[2022-12-16 16:18:35] INFO     BIST:Header (ok)
[2022-12-16 16:18:47] INFO     BIST:Header (ok)
[2022-12-16 16:18:58] INFO     BIST:Header (ok)
[2022-12-16 16:19:10] INFO     BIST:Header (ok)
[2022-12-16 16:19:21] INFO     BIST:Header (ok)
[2022-12-16 16:19:33] INFO     BIST:Header (ok)
[2022-12-16 16:19:45] INFO     BIST:Header (ok)
[2022-12-16 16:19:56] INFO     BIST:Header (ok)
[2022-12-16 16:20:08] INFO     BIST:Header (ok)
[2022-12-16 16:20:20] INFO     BIST:Header (ok)
[2022-12-16 16:20:31] INFO     BIST:Header (ok)
[2022-12-16 16:20:43] INFO     BIST:Header (ok)
[2022-12-16 16:20:54] INFO     BIST:Header (ok)
[2022-12-16 16:21:06] INFO     BIST:Header (ok)
[2022-12-16 16:21:18] INFO     BIST:Header (ok)
[2022-12-16 16:21:29] INFO     BIST:Header (ok)
[2022-12-16 16:21:41] INFO     BIST:Header (ok)
[2022-12-16 16:21:52] INFO     BIST:Header (ok)
[2022-12-16 16:22:04] INFO     BIST:Header (ok)
[2022-12-16 16:22:15] INFO     BIST:Header (ok)
[2022-12-16 16:22:27] INFO     BIST:Header (ok)
[2022-12-16 16:22:39] INFO     BIST:Header (ok)
[2022-12-16 16:22:50] INFO     BIST:Header (ok)
[2022-12-16 16:23:02] INFO     BIST:Header (ok)
[2022-12-16 16:23:13] INFO     BIST:Header (ok)
[2022-12-16 16:23:25] INFO     BIST:Header (ok)
[2022-12-16 16:23:37] INFO     BIST:Header (ok)
[2022-12-16 16:23:48] INFO     BIST:Header (ok)
[2022-12-16 16:24:00] INFO     BIST:Header (ok)
[2022-12-16 16:24:12] INFO     BIST:Header (ok)
[2022-12-16 16:24:23] INFO     BIST:Header (ok)
[2022-12-16 16:24:35] INFO     BIST:Header (ok)
[2022-12-16 16:24:46] INFO     BIST:Header (ok)
[2022-12-16 16:24:58] INFO     BIST:Header (ok)
[2022-12-16 16:25:10] INFO     BIST:Header (ok)
[2022-12-16 16:25:21] INFO     BIST:Header (ok)
[2022-12-16 16:25:33] INFO     BIST:Header (ok)
[2022-12-16 16:25:44] INFO     BIST:Header (ok)
[2022-12-16 16:25:56] INFO     BIST:Header (ok)
[2022-12-16 16:26:08] INFO     BIST:Header (ok)
[2022-12-16 16:26:19] INFO     BIST:Header (ok)
[2022-12-16 16:26:31] INFO     BIST:Header (ok)
[2022-12-16 16:26:42] INFO     BIST:Header (ok)
[2022-12-16 16:26:54] INFO     BIST:Header (ok)
[2022-12-16 16:27:06] INFO     BIST:Header (ok)
[2022-12-16 16:27:17] INFO     BIST:Header (ok)
[2022-12-16 16:27:29] INFO     BIST:Header (ok)
[2022-12-16 16:27:41] INFO     BIST:Header (ok)
[2022-12-16 16:27:52] INFO     BIST:Header (ok)
[2022-12-16 16:28:04] INFO     BIST:Header (ok)
[2022-12-16 16:28:15] INFO     BIST:Header (ok)
[2022-12-16 16:28:27] INFO     BIST:Header (ok)
[2022-12-16 16:28:39] INFO     BIST:Header (ok)
[2022-12-16 16:28:50] INFO     BIST:Header (ok)
[2022-12-16 16:29:02] INFO     BIST:Header (ok)
[2022-12-16 16:29:13] INFO     BIST:Header (ok)
[2022-12-16 16:29:25] INFO     BIST:Header (ok)
[2022-12-16 16:29:37] INFO     BIST:Header (ok)
[2022-12-16 16:29:48] INFO     BIST:Header (ok)
[2022-12-16 16:30:00] INFO     BIST:Header (ok)
[2022-12-16 16:30:11] INFO     BIST:Header (ok)
[2022-12-16 16:30:23] INFO     BIST:Header (ok)
[2022-12-16 16:30:35] INFO     BIST:Header (ok)
[2022-12-16 16:30:46] INFO     BIST:Header (ok)
[2022-12-16 16:30:58] INFO     BIST:Header (ok)
[2022-12-16 16:31:10] INFO     BIST:Header (ok)
[2022-12-16 16:31:21] INFO     BIST:Header (ok)
[2022-12-16 16:31:33] INFO     BIST:Header (ok)
[2022-12-16 16:31:44] INFO     BIST:Header (ok)
[2022-12-16 16:31:56] INFO     BIST:Header (ok)
[2022-12-16 16:32:08] INFO     BIST:Header (ok)
[2022-12-16 16:32:19] INFO     BIST:Header (ok)
[2022-12-16 16:32:31] INFO     BIST:Header (ok)
[2022-12-16 16:32:42] INFO     BIST:Header (ok)
[2022-12-16 16:32:54] INFO     BIST:Header (ok)
[2022-12-16 16:33:06] INFO     BIST:Header (ok)
[2022-12-16 16:33:17] INFO     BIST:Header (ok)
[2022-12-16 16:33:29] INFO     BIST:Header (ok)
[2022-12-16 16:33:40] INFO     BIST:Header (ok)
[2022-12-16 16:33:52] INFO     BIST:Header (ok)
[2022-12-16 16:34:04] INFO     BIST:Header (ok)
[2022-12-16 16:34:15] INFO     BIST:Header (ok)
[2022-12-16 16:34:27] INFO     BIST:Header (ok)
[2022-12-16 16:34:39] INFO     BIST:Header (ok)
[2022-12-16 16:34:50] INFO     BIST:Header (ok)
[2022-12-16 16:35:02] INFO     BIST:Header (ok)
[2022-12-16 16:35:13] INFO     BIST:Header (ok)
[2022-12-16 16:35:25] INFO     BIST:Header (ok)
[2022-12-16 16:35:37] INFO     BIST:Header (ok)
[2022-12-16 16:35:48] INFO     BIST:Header (ok)
[2022-12-16 16:36:00] INFO     BIST:Header (ok)
[2022-12-16 16:36:11] INFO     BIST:Header (ok)
[2022-12-16 16:36:23] INFO     BIST:Header (ok)
[2022-12-16 16:36:35] INFO     BIST:Header (ok)
[2022-12-16 16:36:46] INFO     BIST:Header (ok)
[2022-12-16 16:36:58] INFO     BIST:Header (ok)
[2022-12-16 16:37:09] INFO     BIST:Header (ok)
[2022-12-16 16:37:21] INFO     BIST:Header (ok)
[2022-12-16 16:37:33] INFO     BIST:Header (ok)
[2022-12-16 16:37:44] INFO     BIST:Header (ok)
[2022-12-16 16:37:56] INFO     BIST:Header (ok)
[2022-12-16 16:38:07] INFO     BIST:Header (ok)
[2022-12-16 16:38:19] INFO     BIST:Header (ok)
[2022-12-16 16:38:31] INFO     BIST:Header (ok)
[2022-12-16 16:38:42] INFO     BIST:Header (ok)
[2022-12-16 16:38:54] INFO     BIST:Header (ok)
[2022-12-16 16:39:06] INFO     BIST:Header (ok)
[2022-12-16 16:39:17] INFO     BIST:Header (ok)
[2022-12-16 16:39:29] INFO     BIST:Header (ok)
[2022-12-16 16:39:40] INFO     BIST:Header (ok)
[2022-12-16 16:39:52] INFO     BIST:Header (ok)
[2022-12-16 16:40:04] INFO     BIST:Header (ok)
[2022-12-16 16:40:15] INFO     BIST:Header (ok)
[2022-12-16 16:40:27] INFO     BIST:Header (ok)
[2022-12-16 16:40:39] INFO     BIST:Header (ok)
[2022-12-16 16:40:50] INFO     BIST:Header (ok)
[2022-12-16 16:41:02] INFO     BIST:Header (ok)
[2022-12-16 16:41:13] INFO     BIST:Header (ok)
[2022-12-16 16:41:25] INFO     BIST:Header (ok)
[2022-12-16 16:41:37] INFO     BIST:Header (ok)
[2022-12-16 16:41:48] INFO     BIST:Header (ok)
[2022-12-16 16:42:00] INFO     BIST:Header (ok)
[2022-12-16 16:42:12] INFO     BIST:Header (ok)
[2022-12-16 16:42:23] INFO     BIST:Header (ok)
[2022-12-16 16:42:35] INFO     BIST:Header (ok)
[2022-12-16 16:42:46] INFO     BIST:Header (ok)
[2022-12-16 16:42:58] INFO     BIST:Header (ok)
[2022-12-16 16:43:10] INFO     BIST:Header (ok)
[2022-12-16 16:43:21] INFO     BIST:Header (ok)
[2022-12-16 16:43:33] INFO     BIST:Header (ok)
[2022-12-16 16:43:44] INFO     BIST:Header (ok)
[2022-12-16 16:43:56] INFO     BIST:Header (ok)
[2022-12-16 16:44:08] INFO     BIST:Header (ok)
[2022-12-16 16:44:19] INFO     BIST:Header (ok)
[2022-12-16 16:44:31] INFO     BIST:Header (ok)
[2022-12-16 16:44:42] INFO     BIST:Header (ok)
[2022-12-16 16:44:54] INFO     BIST:Header (ok)
[2022-12-16 16:45:06] INFO     BIST:Header (ok)
[2022-12-16 16:45:17] INFO     BIST:Header (ok)
[2022-12-16 16:45:29] INFO     BIST:Header (ok)
[2022-12-16 16:45:41] INFO     BIST:Header (ok)
[2022-12-16 16:45:52] INFO     BIST:Header (ok)
[2022-12-16 16:46:04] INFO     BIST:Header (ok)
[2022-12-16 16:46:15] INFO     BIST:Header (ok)
[2022-12-16 16:46:27] INFO     BIST:Header (ok)
[2022-12-16 16:46:39] INFO     BIST:Header (ok)
[2022-12-16 16:46:50] INFO     BIST:Header (ok)
[2022-12-16 16:47:02] INFO     BIST:Header (ok)
[2022-12-16 16:47:13] INFO     BIST:Header (ok)
[2022-12-16 16:47:25] INFO     BIST:Header (ok)
[2022-12-16 16:47:37] INFO     BIST:Header (ok)
[2022-12-16 16:47:48] INFO     BIST:Header (ok)
[2022-12-16 16:48:00] INFO     BIST:Header (ok)
[2022-12-16 16:48:12] INFO     BIST:Header (ok)
[2022-12-16 16:48:23] INFO     BIST:Header (ok)
[2022-12-16 16:48:35] INFO     BIST:Header (ok)
[2022-12-16 16:48:46] INFO     BIST:Header (ok)
[2022-12-16 16:48:58] INFO     BIST:Header (ok)
[2022-12-16 16:49:10] INFO     BIST:Header (ok)
[2022-12-16 16:49:21] INFO     BIST:Header (ok)
[2022-12-16 16:49:33] INFO     BIST:Header (ok)
[2022-12-16 16:49:44] INFO     BIST:Header (ok)
[2022-12-16 16:49:56] INFO     BIST:Header (ok)
[2022-12-16 16:50:08] INFO     BIST:Header (ok)
[2022-12-16 16:50:19] INFO     BIST:Header (ok)
[2022-12-16 16:50:31] INFO     BIST:Header (ok)
[2022-12-16 16:50:42] INFO     BIST:Header (ok)
[2022-12-16 16:50:54] INFO     BIST:Header (ok)
[2022-12-16 16:51:06] INFO     BIST:Header (ok)
[2022-12-16 16:51:17] INFO     BIST:Header (ok)
[2022-12-16 16:51:29] INFO     BIST:Header (ok)
[2022-12-16 16:51:41] INFO     BIST:Header (ok)
[2022-12-16 16:51:52] INFO     BIST:Header (ok)
[2022-12-16 16:52:04] INFO     BIST:Header (ok)
[2022-12-16 16:52:15] INFO     BIST:Header (ok)
[2022-12-16 16:52:27] INFO     BIST:Header (ok)
[2022-12-16 16:52:39] INFO     BIST:Header (ok)
[2022-12-16 16:52:50] INFO     BIST:Header (ok)
[2022-12-16 16:53:02] INFO     BIST:Header (ok)
[2022-12-16 16:53:13] INFO     BIST:Header (ok)
[2022-12-16 16:53:25] INFO     BIST:Header (ok)
[2022-12-16 16:53:37] INFO     BIST:Header (ok)
[2022-12-16 16:53:48] INFO     BIST:Header (ok)
[2022-12-16 16:54:00] INFO     BIST:Header (ok)
[2022-12-16 16:54:11] INFO     BIST:Header (ok)
[2022-12-16 16:54:23] INFO     BIST:Header (ok)
[2022-12-16 16:54:35] INFO     BIST:Header (ok)
[2022-12-16 16:54:46] INFO     BIST:Header (ok)
[2022-12-16 16:54:58] INFO     BIST:Header (ok)
[2022-12-16 16:55:10] INFO     BIST:Header (ok)
[2022-12-16 16:55:21] INFO     BIST:Header (ok)
[2022-12-16 16:55:33] INFO     BIST:Header (ok)
[2022-12-16 16:55:44] INFO     BIST:Header (ok)
[2022-12-16 16:55:56] INFO     BIST:Header (ok)
[2022-12-16 16:56:08] INFO     BIST:Header (ok)
[2022-12-16 16:56:19] INFO     BIST:Header (ok)
[2022-12-16 16:56:31] INFO     BIST:Header (ok)
[2022-12-16 16:56:42] INFO     BIST:Header (ok)
[2022-12-16 16:56:54] INFO     BIST:Header (ok)
[2022-12-16 16:57:06] INFO     BIST:Header (ok)
[2022-12-16 16:57:17] INFO     BIST:Header (ok)
[2022-12-16 16:57:29] INFO     BIST:Header (ok)
[2022-12-16 16:57:40] INFO     BIST:Header (ok)
[2022-12-16 16:57:52] INFO     BIST:Header (ok)
[2022-12-16 16:58:04] INFO     BIST:Header (ok)
[2022-12-16 16:58:15] INFO     BIST:Header (ok)
[2022-12-16 16:58:27] INFO     BIST:Header (ok)
[2022-12-16 16:58:39] INFO     BIST:Header (ok)
[2022-12-16 16:58:50] INFO     BIST:Header (ok)
[2022-12-16 16:59:02] INFO     BIST:Header (ok)
[2022-12-16 16:59:13] INFO     BIST:Header (ok)
[2022-12-16 16:59:25] INFO     BIST:Header (ok)
[2022-12-16 16:59:37] INFO     BIST:Header (ok)
[2022-12-16 16:59:48] INFO     BIST:Header (ok)
[2022-12-16 17:00:00] INFO     BIST:Header (ok)
[2022-12-16 17:00:11] INFO     BIST:Header (ok)
[2022-12-16 17:00:23] INFO     BIST:Header (ok)
[2022-12-16 17:00:35] INFO     BIST:Header (ok)
[2022-12-16 17:00:46] INFO     BIST:Header (ok)
[2022-12-16 17:00:58] INFO     BIST:Header (ok)
[2022-12-16 17:01:10] INFO     BIST:Header (ok)
[2022-12-16 17:01:21] INFO     BIST:Header (ok)
[2022-12-16 17:01:33] INFO     BIST:Header (ok)
[2022-12-16 17:01:44] INFO     BIST:Header (ok)
[2022-12-16 17:01:56] INFO     BIST:Header (ok)
[2022-12-16 17:02:08] INFO     BIST:Header (ok)
[2022-12-16 17:02:19] INFO     BIST:Header (ok)
[2022-12-16 17:02:31] INFO     BIST:Header (ok)
[2022-12-16 17:02:43] INFO     BIST:Header (ok)
[2022-12-16 17:02:54] INFO     BIST:Header (ok)
[2022-12-16 17:03:06] INFO     BIST:Header (ok)
[2022-12-16 17:03:17] INFO     BIST:Header (ok)
[2022-12-16 17:03:29] INFO     BIST:Header (ok)
[2022-12-16 17:03:41] INFO     BIST:Header (ok)
[2022-12-16 17:03:52] INFO     BIST:Header (ok)
[2022-12-16 17:04:04] INFO     BIST:Header (ok)
[2022-12-16 17:04:15] INFO     BIST:Header (ok)
[2022-12-16 17:04:27] INFO     BIST:Header (ok)
[2022-12-16 17:04:39] INFO     BIST:Header (ok)
[2022-12-16 17:04:50] INFO     BIST:Header (ok)
[2022-12-16 17:05:02] INFO     BIST:Header (ok)
[2022-12-16 17:05:14] INFO     BIST:Header (ok)
[2022-12-16 17:05:25] INFO     BIST:Header (ok)
[2022-12-16 17:05:37] INFO     BIST:Header (ok)
[2022-12-16 17:05:48] INFO     BIST:Header (ok)
[2022-12-16 17:06:00] INFO     BIST:Header (ok)
[2022-12-16 17:06:12] INFO     BIST:Header (ok)
[2022-12-16 17:06:23] INFO     BIST:Header (ok)
[2022-12-16 17:06:35] INFO     BIST:Header (ok)
[2022-12-16 17:06:46] INFO     BIST:Header (ok)
[2022-12-16 17:06:58] INFO     BIST:Header (ok)
[2022-12-16 17:07:10] INFO     BIST:Header (ok)
[2022-12-16 17:07:21] INFO     BIST:Header (ok)
[2022-12-16 17:07:33] INFO     BIST:Header (ok)
[2022-12-16 17:07:45] INFO     BIST:Header (ok)
[2022-12-16 17:07:56] INFO     BIST:Header (ok)
[2022-12-16 17:08:08] INFO     BIST:Header (ok)
[2022-12-16 17:08:19] INFO     BIST:Header (ok)
[2022-12-16 17:08:31] INFO     BIST:Header (ok)
[2022-12-16 17:08:43] INFO     BIST:Header (ok)
[2022-12-16 17:08:54] INFO     BIST:Header (ok)
[2022-12-16 17:09:06] INFO     BIST:Header (ok)
[2022-12-16 17:09:17] INFO     BIST:Header (ok)
[2022-12-16 17:09:29] INFO     BIST:Header (ok)
[2022-12-16 17:09:41] INFO     BIST:Header (ok)
[2022-12-16 17:09:52] INFO     BIST:Header (ok)
[2022-12-16 17:10:04] INFO     BIST:Header (ok)
[2022-12-16 17:10:16] INFO     BIST:Header (ok)
[2022-12-16 17:10:27] INFO     BIST:Header (ok)
[2022-12-16 17:10:39] INFO     BIST:Header (ok)
[2022-12-16 17:10:50] INFO     BIST:Header (ok)
[2022-12-16 17:11:02] INFO     BIST:Header (ok)
[2022-12-16 17:11:14] INFO     BIST:Header (ok)
[2022-12-16 17:11:25] INFO     BIST:Header (ok)
[2022-12-16 17:11:37] INFO     BIST:Header (ok)
[2022-12-16 17:11:48] INFO     BIST:Header (ok)
[2022-12-16 17:12:00] INFO     BIST:Header (ok)
[2022-12-16 17:12:12] INFO     BIST:Header (ok)
[2022-12-16 17:12:23] INFO     BIST:Header (ok)
[2022-12-16 17:12:35] INFO     BIST:Header (ok)
[2022-12-16 17:12:46] INFO     BIST:Header (ok)
[2022-12-16 17:12:58] INFO     BIST:Header (ok)
[2022-12-16 17:13:10] INFO     BIST:Header (ok)
[2022-12-16 17:13:21] INFO     BIST:Header (ok)
[2022-12-16 17:13:33] INFO     BIST:Header (ok)
[2022-12-16 17:13:45] INFO     BIST:Header (ok)
[2022-12-16 17:13:56] INFO     BIST:Header (ok)
[2022-12-16 17:14:08] INFO     BIST:Header (ok)
[2022-12-16 17:14:19] INFO     BIST:Header (ok)
[2022-12-16 17:14:31] INFO     BIST:Header (ok)
[2022-12-16 17:14:43] INFO     BIST:Header (ok)
[2022-12-16 17:14:54] INFO     BIST:Header (ok)
[2022-12-16 17:15:06] INFO     BIST:Header (ok)
[2022-12-16 17:15:17] INFO     BIST:Header (ok)
[2022-12-16 17:15:29] INFO     BIST:Header (ok)
[2022-12-16 17:15:41] INFO     BIST:Header (ok)
[2022-12-16 17:15:52] INFO     BIST:Header (ok)
[2022-12-16 17:16:04] INFO     BIST:Header (ok)
[2022-12-16 17:16:16] INFO     BIST:Header (ok)
[2022-12-16 17:16:27] INFO     BIST:Header (ok)
[2022-12-16 17:16:39] INFO     BIST:Header (ok)
[2022-12-16 17:16:50] INFO     BIST:Header (ok)
[2022-12-16 17:17:02] INFO     BIST:Header (ok)
[2022-12-16 17:17:13] INFO     BIST:Header (ok)
[2022-12-16 17:17:25] INFO     BIST:Header (ok)
[2022-12-16 17:17:37] INFO     BIST:Header (ok)
[2022-12-16 17:17:48] INFO     BIST:Header (ok)
[2022-12-16 17:18:00] INFO     BIST:Header (ok)
[2022-12-16 17:18:11] INFO     BIST:Header (ok)
[2022-12-16 17:18:23] INFO     BIST:Header (ok)
[2022-12-16 17:18:35] INFO     BIST:Header (ok)
[2022-12-16 17:18:46] INFO     BIST:Header (ok)
[2022-12-16 17:18:58] INFO     BIST:Header (ok)
[2022-12-16 17:19:09] INFO     BIST:Header (ok)
[2022-12-16 17:19:21] INFO     BIST:Header (ok)
[2022-12-16 17:19:33] INFO     BIST:Header (ok)
[2022-12-16 17:19:44] INFO     BIST:Header (ok)
[2022-12-16 17:19:56] INFO     BIST:Header (ok)
[2022-12-16 17:20:07] INFO     BIST:Header (ok)
[2022-12-16 17:20:19] INFO     BIST:Header (ok)
[2022-12-16 17:20:31] INFO     BIST:Header (ok)
[2022-12-16 17:20:42] INFO     BIST:Header (ok)
[2022-12-16 17:20:54] INFO     BIST:Header (ok)
[2022-12-16 17:21:06] INFO     BIST:Header (ok)
[2022-12-16 17:21:17] INFO     BIST:Header (ok)
[2022-12-16 17:21:29] INFO     BIST:Header (ok)
[2022-12-16 17:21:41] INFO     BIST:Header (ok)
[2022-12-16 17:21:52] INFO     BIST:Header (ok)
[2022-12-16 17:22:04] INFO     BIST:Header (ok)
[2022-12-16 17:22:15] INFO     BIST:Header (ok)
[2022-12-16 17:22:27] INFO     BIST:Header (ok)
[2022-12-16 17:22:39] INFO     BIST:Header (ok)
[2022-12-16 17:22:50] INFO     BIST:Header (ok)
[2022-12-16 17:23:02] INFO     BIST:Header (ok)
[2022-12-16 17:23:13] INFO     BIST:Header (ok)
[2022-12-16 17:23:25] INFO     BIST:Header (ok)
[2022-12-16 17:23:37] INFO     BIST:Header (ok)
[2022-12-16 17:23:48] INFO     BIST:Header (ok)
[2022-12-16 17:24:00] INFO     BIST:Header (ok)
[2022-12-16 17:24:12] INFO     BIST:Header (ok)
[2022-12-16 17:24:23] INFO     BIST:Header (ok)
[2022-12-16 17:24:35] INFO     BIST:Header (ok)
[2022-12-16 17:24:46] INFO     BIST:Header (ok)
[2022-12-16 17:24:58] INFO     BIST:Header (ok)
[2022-12-16 17:25:10] INFO     BIST:Header (ok)
[2022-12-16 17:25:21] INFO     BIST:Header (ok)
[2022-12-16 17:25:33] INFO     BIST:Header (ok)
[2022-12-16 17:25:44] INFO     BIST:Header (ok)
[2022-12-16 17:25:56] INFO     BIST:Header (ok)
[2022-12-16 17:26:07] INFO     BIST:Header (ok)
[2022-12-16 17:26:19] INFO     BIST:Header (ok)
[2022-12-16 17:26:31] INFO     BIST:Header (ok)
[2022-12-16 17:26:42] INFO     BIST:Header (ok)
[2022-12-16 17:26:54] INFO     BIST:Header (ok)
[2022-12-16 17:27:05] INFO     BIST:Header (ok)
[2022-12-16 17:27:17] INFO     BIST:Header (ok)
[2022-12-16 17:27:29] INFO     BIST:Header (ok)
[2022-12-16 17:27:40] INFO     BIST:Header (ok)
[2022-12-16 17:27:52] INFO     BIST:Header (ok)
[2022-12-16 17:28:04] INFO     BIST:Header (ok)
[2022-12-16 17:28:15] INFO     BIST:Header (ok)
[2022-12-16 17:28:27] INFO     BIST:Header (ok)
[2022-12-16 17:28:38] INFO     BIST:Header (ok)
[2022-12-16 17:28:50] INFO     BIST:Header (ok)
[2022-12-16 17:29:02] INFO     BIST:Header (ok)
[2022-12-16 17:29:13] INFO     BIST:Header (ok)
[2022-12-16 17:29:25] INFO     BIST:Header (ok)
[2022-12-16 17:29:36] INFO     BIST:Header (ok)
[2022-12-16 17:29:48] INFO     BIST:Header (ok)
[2022-12-16 17:30:00] INFO     BIST:Header (ok)
[2022-12-16 17:30:11] INFO     BIST:Header (ok)
[2022-12-16 17:30:23] INFO     BIST:Header (ok)
[2022-12-16 17:30:35] INFO     BIST:Header (ok)
[2022-12-16 17:30:46] INFO     BIST:Header (ok)
[2022-12-16 17:30:58] INFO     BIST:Header (ok)
[2022-12-16 17:31:09] INFO     BIST:Header (ok)
[2022-12-16 17:31:21] INFO     BIST:Header (ok)
[2022-12-16 17:31:33] INFO     BIST:Header (ok)
[2022-12-16 17:31:44] INFO     BIST:Header (ok)
[2022-12-16 17:31:56] INFO     BIST:Header (ok)
[2022-12-16 17:32:08] INFO     BIST:Header (ok)
[2022-12-16 17:32:19] INFO     BIST:Header (ok)
[2022-12-16 17:32:31] INFO     BIST:Header (ok)
[2022-12-16 17:32:42] INFO     BIST:Header (ok)
[2022-12-16 17:32:54] INFO     BIST:Header (ok)
[2022-12-16 17:33:06] INFO     BIST:Header (ok)
[2022-12-16 17:33:17] INFO     BIST:Header (ok)
[2022-12-16 17:33:29] INFO     BIST:Header (ok)
[2022-12-16 17:33:40] INFO     BIST:Header (ok)
[2022-12-16 17:33:52] INFO     BIST:Header (ok)
[2022-12-16 17:34:04] INFO     BIST:Header (ok)
[2022-12-16 17:34:15] INFO     BIST:Header (ok)
[2022-12-16 17:34:27] INFO     BIST:Header (ok)
[2022-12-16 17:34:38] INFO     BIST:Header (ok)
[2022-12-16 17:34:50] INFO     BIST:Header (ok)
[2022-12-16 17:35:02] INFO     BIST:Header (ok)
[2022-12-16 17:35:13] INFO     BIST:Header (ok)
[2022-12-16 17:35:25] INFO     BIST:Header (ok)
[2022-12-16 17:35:37] INFO     BIST:Header (ok)
[2022-12-16 17:35:48] INFO     BIST:Header (ok)
[2022-12-16 17:36:00] INFO     BIST:Header (ok)
[2022-12-16 17:36:11] INFO     BIST:Header (ok)
[2022-12-16 17:36:23] INFO     BIST:Header (ok)
[2022-12-16 17:36:35] INFO     BIST:Header (ok)
[2022-12-16 17:36:46] INFO     BIST:Header (ok)
[2022-12-16 17:36:58] INFO     BIST:Header (ok)
[2022-12-16 17:37:09] INFO     BIST:Header (ok)
[2022-12-16 17:37:21] INFO     BIST:Header (ok)
[2022-12-16 17:37:33] INFO     BIST:Header (ok)
[2022-12-16 17:37:44] INFO     BIST:Header (ok)
[2022-12-16 17:37:56] INFO     BIST:Header (ok)
[2022-12-16 17:38:07] INFO     BIST:Header (ok)
[2022-12-16 17:38:19] INFO     BIST:Header (ok)
[2022-12-16 17:38:31] INFO     BIST:Header (ok)
[2022-12-16 17:38:42] INFO     BIST:Header (ok)
[2022-12-16 17:38:54] INFO     BIST:Header (ok)
[2022-12-16 17:39:05] INFO     BIST:Header (ok)
[2022-12-16 17:39:17] INFO     BIST:Header (ok)
[2022-12-16 17:39:29] INFO     BIST:Header (ok)
[2022-12-16 17:39:40] INFO     BIST:Header (ok)
[2022-12-16 17:39:52] INFO     BIST:Header (ok)
[2022-12-16 17:40:03] INFO     BIST:Header (ok)
[2022-12-16 17:40:15] INFO     BIST:Header (ok)
[2022-12-16 17:40:27] INFO     BIST:Header (ok)
[2022-12-16 17:40:38] INFO     BIST:Header (ok)
[2022-12-16 17:40:50] INFO     BIST:Header (ok)
[2022-12-16 17:41:02] INFO     BIST:Header (ok)
[2022-12-16 17:41:13] INFO     BIST:Header (ok)
[2022-12-16 17:41:25] INFO     BIST:Header (ok)
[2022-12-16 17:41:36] INFO     BIST:Header (ok)
[2022-12-16 17:41:48] INFO     BIST:Header (ok)
[2022-12-16 17:42:00] INFO     BIST:Header (ok)
[2022-12-16 17:42:11] INFO     BIST:Header (ok)
[2022-12-16 17:42:23] INFO     BIST:Header (ok)
[2022-12-16 17:42:34] INFO     BIST:Header (ok)
[2022-12-16 17:42:46] INFO     BIST:Header (ok)
[2022-12-16 17:42:58] INFO     BIST:Header (ok)
[2022-12-16 17:43:09] INFO     BIST:Header (ok)
[2022-12-16 17:43:21] INFO     BIST:Header (ok)
[2022-12-16 17:43:33] INFO     BIST:Header (ok)
[2022-12-16 17:43:44] INFO     BIST:Header (ok)
[2022-12-16 17:43:56] INFO     BIST:Header (ok)
[2022-12-16 17:44:07] INFO     BIST:Header (ok)
[2022-12-16 17:44:19] INFO     BIST:Header (ok)
[2022-12-16 17:44:31] INFO     BIST:Header (ok)
[2022-12-16 17:44:42] INFO     BIST:Header (ok)
[2022-12-16 17:44:54] INFO     BIST:Header (ok)
[2022-12-16 17:45:05] INFO     BIST:Header (ok)
[2022-12-16 17:45:17] INFO     BIST:Header (ok)
[2022-12-16 17:45:29] INFO     BIST:Header (ok)
[2022-12-16 17:45:40] INFO     BIST:Header (ok)
[2022-12-16 17:45:52] INFO     BIST:Header (ok)
[2022-12-16 17:46:03] INFO     BIST:Header (ok)
[2022-12-16 17:46:15] INFO     BIST:Header (ok)
[2022-12-16 17:46:27] INFO     BIST:Header (ok)
[2022-12-16 17:46:38] INFO     BIST:Header (ok)
[2022-12-16 17:46:50] INFO     BIST:Header (ok)
[2022-12-16 17:47:02] INFO     BIST:Header (ok)
[2022-12-16 17:47:13] INFO     BIST:Header (ok)
[2022-12-16 17:47:25] INFO     BIST:Header (ok)
[2022-12-16 17:47:36] INFO     BIST:Header (ok)
[2022-12-16 17:47:48] INFO     BIST:Header (ok)
[2022-12-16 17:48:00] INFO     BIST:Header (ok)
[2022-12-16 17:48:11] INFO     BIST:Header (ok)
[2022-12-16 17:48:23] INFO     BIST:Header (ok)
[2022-12-16 17:48:34] INFO     BIST:Header (ok)
[2022-12-16 17:48:46] INFO     BIST:Header (ok)
[2022-12-16 17:48:58] INFO     BIST:Header (ok)
[2022-12-16 17:49:09] INFO     BIST:Header (ok)
[2022-12-16 17:49:21] INFO     BIST:Header (ok)
[2022-12-16 17:49:32] INFO     BIST:Header (ok)
[2022-12-16 17:49:44] INFO     BIST:Header (ok)
[2022-12-16 17:49:56] INFO     BIST:Header (ok)
[2022-12-16 17:50:07] INFO     BIST:Header (ok)
[2022-12-16 17:50:19] INFO     BIST:Header (ok)
[2022-12-16 17:50:31] INFO     BIST:Header (ok)
[2022-12-16 17:50:42] INFO     BIST:Header (ok)
[2022-12-16 17:50:54] INFO     BIST:Header (ok)
[2022-12-16 17:51:05] INFO     BIST:Header (ok)
[2022-12-16 17:51:17] INFO     BIST:Header (ok)
[2022-12-16 17:51:29] INFO     BIST:Header (ok)
[2022-12-16 17:51:40] INFO     BIST:Header (ok)
[2022-12-16 17:51:52] INFO     BIST:Header (ok)
[2022-12-16 17:52:03] INFO     BIST:Header (ok)
[2022-12-16 17:52:15] INFO     BIST:Header (ok)
[2022-12-16 17:52:27] INFO     BIST:Header (ok)
[2022-12-16 17:52:38] INFO     BIST:Header (ok)
[2022-12-16 17:52:50] INFO     BIST:Header (ok)
[2022-12-16 17:53:02] INFO     BIST:Header (ok)
[2022-12-16 17:53:13] INFO     BIST:Header (ok)
[2022-12-16 17:53:25] INFO     BIST:Header (ok)
[2022-12-16 17:53:36] INFO     BIST:Header (ok)
[2022-12-16 17:53:48] INFO     BIST:Header (ok)
[2022-12-16 17:54:00] INFO     BIST:Header (ok)
[2022-12-16 17:54:11] INFO     BIST:Header (ok)
[2022-12-16 17:54:23] INFO     BIST:Header (ok)
[2022-12-16 17:54:34] INFO     BIST:Header (ok)
[2022-12-16 17:54:46] INFO     BIST:Header (ok)
[2022-12-16 17:54:58] INFO     BIST:Header (ok)
[2022-12-16 17:55:09] INFO     BIST:Header (ok)
[2022-12-16 17:55:21] INFO     BIST:Header (ok)
[2022-12-16 17:55:32] INFO     BIST:Header (ok)
[2022-12-16 17:55:44] INFO     BIST:Header (ok)
[2022-12-16 17:55:56] INFO     BIST:Header (ok)
[2022-12-16 17:56:07] INFO     BIST:Header (ok)
[2022-12-16 17:56:19] INFO     BIST:Header (ok)
[2022-12-16 17:56:31] INFO     BIST:Header (ok)
[2022-12-16 17:56:42] INFO     BIST:Header (ok)
[2022-12-16 17:56:54] INFO     BIST:Header (ok)
[2022-12-16 17:57:05] INFO     BIST:Header (ok)
[2022-12-16 17:57:17] INFO     BIST:Header (ok)
[2022-12-16 17:57:29] INFO     BIST:Header (ok)
[2022-12-16 17:57:40] INFO     BIST:Header (ok)
[2022-12-16 17:57:52] INFO     BIST:Header (ok)
[2022-12-16 17:58:03] INFO     BIST:Header (ok)
[2022-12-16 17:58:15] INFO     BIST:Header (ok)
[2022-12-16 17:58:27] INFO     BIST:Header (ok)
[2022-12-16 17:58:38] INFO     BIST:Header (ok)
[2022-12-16 17:58:50] INFO     BIST:Header (ok)
[2022-12-16 17:59:01] INFO     BIST:Header (ok)
[2022-12-16 17:59:13] INFO     BIST:Header (ok)
[2022-12-16 17:59:25] INFO     BIST:Header (ok)
[2022-12-16 17:59:36] INFO     BIST:Header (ok)
[2022-12-16 17:59:48] INFO     BIST:Header (ok)
[2022-12-16 18:00:00] INFO     BIST:Header (ok)
[2022-12-16 18:00:11] INFO     BIST:Header (ok)
[2022-12-16 18:00:23] INFO     BIST:Header (ok)
[2022-12-16 18:00:34] INFO     BIST:Header (ok)
[2022-12-16 18:00:46] INFO     BIST:Header (ok)
[2022-12-16 18:00:58] INFO     BIST:Header (ok)
[2022-12-16 18:01:09] INFO     BIST:Header (ok)
[2022-12-16 18:01:21] INFO     BIST:Header (ok)
[2022-12-16 18:01:32] INFO     BIST:Header (ok)
[2022-12-16 18:01:44] INFO     BIST:Header (ok)
[2022-12-16 18:01:56] INFO     BIST:Header (ok)
[2022-12-16 18:02:07] INFO     BIST:Header (ok)
[2022-12-16 18:02:19] INFO     BIST:Header (ok)
[2022-12-16 18:02:31] INFO     BIST:Header (ok)
[2022-12-16 18:02:42] INFO     BIST:Header (ok)
[2022-12-16 18:02:54] INFO     BIST:Header (ok)
[2022-12-16 18:03:05] INFO     BIST:Header (ok)
[2022-12-16 18:03:17] INFO     BIST:Header (ok)
[2022-12-16 18:03:29] INFO     BIST:Header (ok)
[2022-12-16 18:03:40] INFO     BIST:Header (ok)
[2022-12-16 18:03:52] INFO     BIST:Header (ok)
[2022-12-16 18:04:03] INFO     BIST:Header (ok)
[2022-12-16 18:04:15] INFO     BIST:Header (ok)
[2022-12-16 18:04:27] INFO     BIST:Header (ok)
[2022-12-16 18:04:38] INFO     BIST:Header (ok)
[2022-12-16 18:04:50] INFO     BIST:Header (ok)
[2022-12-16 18:05:01] INFO     BIST:Header (ok)
[2022-12-16 18:05:13] INFO     BIST:Header (ok)
[2022-12-16 18:05:25] INFO     BIST:Header (ok)
[2022-12-16 18:05:36] INFO     BIST:Header (ok)
[2022-12-16 18:05:48] INFO     BIST:Header (ok)
[2022-12-16 18:06:00] INFO     BIST:Header (ok)
[2022-12-16 18:06:11] INFO     BIST:Header (ok)
[2022-12-16 18:06:23] INFO     BIST:Header (ok)
[2022-12-16 18:06:34] INFO     BIST:Header (ok)
[2022-12-16 18:06:46] INFO     BIST:Header (ok)
[2022-12-16 18:06:58] INFO     BIST:Header (ok)
[2022-12-16 18:07:09] INFO     BIST:Header (ok)
[2022-12-16 18:07:21] INFO     BIST:Header (ok)
[2022-12-16 18:07:32] INFO     BIST:Header (ok)
[2022-12-16 18:07:44] INFO     BIST:Header (ok)
[2022-12-16 18:07:56] INFO     BIST:Header (ok)
[2022-12-16 18:08:07] INFO     BIST:Header (ok)
[2022-12-16 18:08:19] INFO     BIST:Header (ok)
[2022-12-16 18:08:30] INFO     BIST:Header (ok)
[2022-12-16 18:08:42] INFO     BIST:Header (ok)
[2022-12-16 18:08:54] INFO     BIST:Header (ok)
[2022-12-16 18:09:05] INFO     BIST:Header (ok)
[2022-12-16 18:09:17] INFO     BIST:Header (ok)
[2022-12-16 18:09:29] INFO     BIST:Header (ok)
[2022-12-16 18:09:40] INFO     BIST:Header (ok)
[2022-12-16 18:09:52] INFO     BIST:Header (ok)
[2022-12-16 18:10:03] INFO     BIST:Header (ok)
[2022-12-16 18:10:15] INFO     BIST:Header (ok)
[2022-12-16 18:10:27] INFO     BIST:Header (ok)
[2022-12-16 18:10:38] INFO     BIST:Header (ok)
[2022-12-16 18:10:50] INFO     BIST:Header (ok)
[2022-12-16 18:11:01] INFO     BIST:Header (ok)
[2022-12-16 18:11:12] INFO     BIST:Header (ok)
[2022-12-16 18:11:24] INFO     BIST:Header (ok)
[2022-12-16 18:11:35] INFO     BIST:Header (ok)
[2022-12-16 18:11:47] INFO     BIST:Header (ok)
[2022-12-16 18:11:59] INFO     BIST:Header (ok)
[2022-12-16 18:12:10] INFO     BIST:Header (ok)
[2022-12-16 18:12:22] INFO     BIST:Header (ok)
[2022-12-16 18:12:33] INFO     BIST:Header (ok)
[2022-12-16 18:12:45] INFO     BIST:Header (ok)
[2022-12-16 18:12:57] INFO     BIST:Header (ok)
[2022-12-16 18:13:08] INFO     BIST:Header (ok)
[2022-12-16 18:13:20] INFO     BIST:Header (ok)
[2022-12-16 18:13:31] INFO     BIST:Header (ok)
[2022-12-16 18:13:43] INFO     BIST:Header (ok)
[2022-12-16 18:13:55] INFO     BIST:Header (ok)
[2022-12-16 18:14:06] INFO     BIST:Header (ok)
[2022-12-16 18:14:18] INFO     BIST:Header (ok)
[2022-12-16 18:14:29] INFO     BIST:Header (ok)
[2022-12-16 18:14:41] INFO     BIST:Header (ok)
[2022-12-16 18:14:53] INFO     BIST:Header (ok)
[2022-12-16 18:15:04] INFO     BIST:Header (ok)
[2022-12-16 18:15:16] INFO     BIST:Header (ok)
[2022-12-16 18:15:28] INFO     BIST:Header (ok)
[2022-12-16 18:15:39] INFO     BIST:Header (ok)
[2022-12-16 18:15:51] INFO     BIST:Header (ok)
[2022-12-16 18:16:02] INFO     BIST:Header (ok)
[2022-12-16 18:16:14] INFO     BIST:Header (ok)
[2022-12-16 18:16:26] INFO     BIST:Header (ok)
[2022-12-16 18:16:37] INFO     BIST:Header (ok)
[2022-12-16 18:16:49] INFO     BIST:Header (ok)
[2022-12-16 18:17:00] INFO     BIST:Header (ok)
[2022-12-16 18:17:12] INFO     BIST:Header (ok)
[2022-12-16 18:17:24] INFO     BIST:Header (ok)
[2022-12-16 18:17:35] INFO     BIST:Header (ok)
[2022-12-16 18:17:47] INFO     BIST:Header (ok)
[2022-12-16 18:17:58] INFO     BIST:Header (ok)
[2022-12-16 18:18:10] INFO     BIST:Header (ok)
[2022-12-16 18:18:22] INFO     BIST:Header (ok)
[2022-12-16 18:18:33] INFO     BIST:Header (ok)
[2022-12-16 18:18:45] INFO     BIST:Header (ok)
[2022-12-16 18:18:57] INFO     BIST:Header (ok)
[2022-12-16 18:19:08] INFO     BIST:Header (ok)
[2022-12-16 18:19:20] INFO     BIST:Header (ok)
[2022-12-16 18:19:31] INFO     BIST:Header (ok)
[2022-12-16 18:19:43] INFO     BIST:Header (ok)
[2022-12-16 18:19:55] INFO     BIST:Header (ok)
[2022-12-16 18:20:06] INFO     BIST:Header (ok)
[2022-12-16 18:20:18] INFO     BIST:Header (ok)
[2022-12-16 18:20:29] INFO     BIST:Header (ok)
[2022-12-16 18:20:41] INFO     BIST:Header (ok)
[2022-12-16 18:20:53] INFO     BIST:Header (ok)
[2022-12-16 18:21:04] INFO     BIST:Header (ok)
[2022-12-16 18:21:16] INFO     BIST:Header (ok)
[2022-12-16 18:21:27] INFO     BIST:Header (ok)
[2022-12-16 18:21:39] INFO     BIST:Header (ok)
[2022-12-16 18:21:51] INFO     BIST:Header (ok)
[2022-12-16 18:22:02] INFO     BIST:Header (ok)
[2022-12-16 18:22:14] INFO     BIST:Header (ok)
[2022-12-16 18:22:26] INFO     BIST:Header (ok)
[2022-12-16 18:22:37] INFO     BIST:Header (ok)
[2022-12-16 18:22:49] INFO     BIST:Header (ok)
[2022-12-16 18:23:00] INFO     BIST:Header (ok)
[2022-12-16 18:23:12] INFO     BIST:Header (ok)
[2022-12-16 18:23:24] INFO     BIST:Header (ok)
[2022-12-16 18:23:35] INFO     BIST:Header (ok)
[2022-12-16 18:23:47] INFO     BIST:Header (ok)
[2022-12-16 18:23:58] INFO     BIST:Header (ok)
[2022-12-16 18:24:10] INFO     BIST:Header (ok)
[2022-12-16 18:24:22] INFO     BIST:Header (ok)
[2022-12-16 18:24:33] INFO     BIST:Header (ok)
[2022-12-16 18:24:45] INFO     BIST:Header (ok)
[2022-12-16 18:24:57] INFO     BIST:Header (ok)
[2022-12-16 18:25:08] INFO     BIST:Header (ok)
[2022-12-16 18:25:20] INFO     BIST:Header (ok)
[2022-12-16 18:25:31] INFO     BIST:Header (ok)
[2022-12-16 18:25:43] INFO     BIST:Header (ok)
[2022-12-16 18:25:55] INFO     BIST:Header (ok)
[2022-12-16 18:26:06] INFO     BIST:Header (ok)
[2022-12-16 18:26:18] INFO     BIST:Header (ok)
[2022-12-16 18:26:29] INFO     BIST:Header (ok)
[2022-12-16 18:26:41] INFO     BIST:Header (ok)
[2022-12-16 18:26:53] INFO     BIST:Header (ok)
[2022-12-16 18:27:04] INFO     BIST:Header (ok)
[2022-12-16 18:27:16] INFO     BIST:Header (ok)
[2022-12-16 18:27:27] INFO     BIST:Header (ok)
[2022-12-16 18:27:39] INFO     BIST:Header (ok)
[2022-12-16 18:27:51] INFO     BIST:Header (ok)
[2022-12-16 18:28:02] INFO     BIST:Header (ok)
[2022-12-16 18:28:14] INFO     BIST:Header (ok)
[2022-12-16 18:28:26] INFO     BIST:Header (ok)
[2022-12-16 18:28:37] INFO     BIST:Header (ok)
[2022-12-16 18:28:49] INFO     BIST:Header (ok)
[2022-12-16 18:29:00] INFO     BIST:Header (ok)
[2022-12-16 18:29:12] INFO     BIST:Header (ok)
[2022-12-16 18:29:24] INFO     BIST:Header (ok)
[2022-12-16 18:29:35] INFO     BIST:Header (ok)
[2022-12-16 18:29:47] INFO     BIST:Header (ok)
[2022-12-16 18:29:58] INFO     BIST:Header (ok)
[2022-12-16 18:30:10] INFO     BIST:Header (ok)
[2022-12-16 18:30:22] INFO     BIST:Header (ok)
[2022-12-16 18:30:33] INFO     BIST:Header (ok)
[2022-12-16 18:30:45] INFO     BIST:Header (ok)
[2022-12-16 18:30:57] INFO     BIST:Header (ok)
[2022-12-16 18:31:08] INFO     BIST:Header (ok)
[2022-12-16 18:31:20] INFO     BIST:Header (ok)
[2022-12-16 18:31:31] INFO     BIST:Header (ok)
[2022-12-16 18:31:43] INFO     BIST:Header (ok)
[2022-12-16 18:31:55] INFO     BIST:Header (ok)
[2022-12-16 18:32:06] INFO     BIST:Header (ok)
[2022-12-16 18:32:18] INFO     BIST:Header (ok)
[2022-12-16 18:32:29] INFO     BIST:Header (ok)
[2022-12-16 18:32:41] INFO     BIST:Header (ok)
[2022-12-16 18:32:53] INFO     BIST:Header (ok)
[2022-12-16 18:33:04] INFO     BIST:Header (ok)
[2022-12-16 18:33:16] INFO     BIST:Header (ok)
[2022-12-16 18:33:27] INFO     BIST:Header (ok)
[2022-12-16 18:33:39] INFO     BIST:Header (ok)
[2022-12-16 18:33:51] INFO     BIST:Header (ok)
[2022-12-16 18:34:02] INFO     BIST:Header (ok)
[2022-12-16 18:34:14] INFO     BIST:Header (ok)
[2022-12-16 18:34:26] INFO     BIST:Header (ok)
[2022-12-16 18:34:37] INFO     BIST:Header (ok)
[2022-12-16 18:34:49] INFO     BIST:Header (ok)
[2022-12-16 18:35:00] INFO     BIST:Header (ok)
[2022-12-16 18:35:12] INFO     BIST:Header (ok)
[2022-12-16 18:35:24] INFO     BIST:Header (ok)
[2022-12-16 18:35:35] INFO     BIST:Header (ok)
[2022-12-16 18:35:47] INFO     BIST:Header (ok)
[2022-12-16 18:35:58] INFO     BIST:Header (ok)
[2022-12-16 18:36:10] INFO     BIST:Header (ok)
[2022-12-16 18:36:22] INFO     BIST:Header (ok)
[2022-12-16 18:36:33] INFO     BIST:Header (ok)
[2022-12-16 18:36:45] INFO     BIST:Header (ok)
[2022-12-16 18:36:56] INFO     BIST:Header (ok)
[2022-12-16 18:37:08] INFO     BIST:Header (ok)
[2022-12-16 18:37:20] INFO     BIST:Header (ok)
[2022-12-16 18:37:31] INFO     BIST:Header (ok)
[2022-12-16 18:37:43] INFO     BIST:Header (ok)
[2022-12-16 18:37:55] INFO     BIST:Header (ok)
[2022-12-16 18:38:06] INFO     BIST:Header (ok)
[2022-12-16 18:38:18] INFO     BIST:Header (ok)
[2022-12-16 18:38:29] INFO     BIST:Header (ok)
[2022-12-16 18:38:41] INFO     BIST:Header (ok)
[2022-12-16 18:38:53] INFO     BIST:Header (ok)
[2022-12-16 18:39:04] INFO     BIST:Header (ok)
[2022-12-16 18:39:16] INFO     BIST:Header (ok)
[2022-12-16 18:39:27] INFO     BIST:Header (ok)
[2022-12-16 18:39:39] INFO     BIST:Header (ok)
[2022-12-16 18:39:51] INFO     BIST:Header (ok)
[2022-12-16 18:40:02] INFO     BIST:Header (ok)
[2022-12-16 18:40:14] INFO     BIST:Header (ok)
[2022-12-16 18:40:26] INFO     BIST:Header (ok)
[2022-12-16 18:40:37] INFO     BIST:Header (ok)
[2022-12-16 18:40:49] INFO     BIST:Header (ok)
[2022-12-16 18:41:00] INFO     BIST:Header (ok)
[2022-12-16 18:41:12] INFO     BIST:Header (ok)
[2022-12-16 18:41:24] INFO     BIST:Header (ok)
[2022-12-16 18:41:35] INFO     BIST:Header (ok)
[2022-12-16 18:41:47] INFO     BIST:Header (ok)
[2022-12-16 18:41:58] INFO     BIST:Header (ok)
[2022-12-16 18:42:10] INFO     BIST:Header (ok)
[2022-12-16 18:42:22] INFO     BIST:Header (ok)
[2022-12-16 18:42:33] INFO     BIST:Header (ok)
[2022-12-16 18:42:45] INFO     BIST:Header (ok)
[2022-12-16 18:42:56] INFO     BIST:Header (ok)
[2022-12-16 18:43:08] INFO     BIST:Header (ok)
[2022-12-16 18:43:20] INFO     BIST:Header (ok)
[2022-12-16 18:43:31] INFO     BIST:Header (ok)
[2022-12-16 18:43:43] INFO     BIST:Header (ok)
[2022-12-16 18:43:55] INFO     BIST:Header (ok)
[2022-12-16 18:44:06] INFO     BIST:Header (ok)
[2022-12-16 18:44:18] INFO     BIST:Header (ok)
[2022-12-16 18:44:29] INFO     BIST:Header (ok)
[2022-12-16 18:44:41] INFO     BIST:Header (ok)
[2022-12-16 18:44:53] INFO     BIST:Header (ok)
[2022-12-16 18:45:04] INFO     BIST:Header (ok)
[2022-12-16 18:45:16] INFO     BIST:Header (ok)
[2022-12-16 18:45:27] INFO     BIST:Header (ok)
[2022-12-16 18:45:39] INFO     BIST:Header (ok)
[2022-12-16 18:45:51] INFO     BIST:Header (ok)
[2022-12-16 18:46:02] INFO     BIST:Header (ok)
[2022-12-16 18:46:14] INFO     BIST:Header (ok)
[2022-12-16 18:46:25] INFO     BIST:Header (ok)
[2022-12-16 18:46:37] INFO     BIST:Header (ok)
[2022-12-16 18:46:49] INFO     BIST:Header (ok)
[2022-12-16 18:47:00] INFO     BIST:Header (ok)
[2022-12-16 18:47:12] INFO     BIST:Header (ok)
[2022-12-16 18:47:24] INFO     BIST:Header (ok)
[2022-12-16 18:47:35] INFO     BIST:Header (ok)
[2022-12-16 18:47:47] INFO     BIST:Header (ok)
[2022-12-16 18:47:58] INFO     BIST:Header (ok)
[2022-12-16 18:48:10] INFO     BIST:Header (ok)
[2022-12-16 18:48:22] INFO     BIST:Header (ok)
[2022-12-16 18:48:33] INFO     BIST:Header (ok)
[2022-12-16 18:48:45] INFO     BIST:Header (ok)
[2022-12-16 18:48:56] INFO     BIST:Header (ok)
[2022-12-16 18:49:08] INFO     BIST:Header (ok)
[2022-12-16 18:49:20] INFO     BIST:Header (ok)
[2022-12-16 18:49:31] INFO     BIST:Header (ok)
[2022-12-16 18:49:43] INFO     BIST:Header (ok)
[2022-12-16 18:49:54] INFO     BIST:Header (ok)
[2022-12-16 18:50:06] INFO     BIST:Header (ok)
[2022-12-16 18:50:18] INFO     BIST:Header (ok)
[2022-12-16 18:50:29] INFO     BIST:Header (ok)
[2022-12-16 18:50:41] INFO     BIST:Header (ok)
[2022-12-16 18:50:53] INFO     BIST:Header (ok)
[2022-12-16 18:51:04] INFO     BIST:Header (ok)
[2022-12-16 18:51:16] INFO     BIST:Header (ok)
[2022-12-16 18:51:27] INFO     BIST:Header (ok)
[2022-12-16 18:51:39] INFO     BIST:Header (ok)
[2022-12-16 18:51:51] INFO     BIST:Header (ok)
[2022-12-16 18:52:02] INFO     BIST:Header (ok)
[2022-12-16 18:52:14] INFO     BIST:Header (ok)
[2022-12-16 18:52:25] INFO     BIST:Header (ok)
[2022-12-16 18:52:37] INFO     BIST:Header (ok)
[2022-12-16 18:52:49] INFO     BIST:Header (ok)
[2022-12-16 18:53:00] INFO     BIST:Header (ok)
[2022-12-16 18:53:12] INFO     BIST:Header (ok)
[2022-12-16 18:53:24] INFO     BIST:Header (ok)
[2022-12-16 18:53:35] INFO     BIST:Header (ok)
[2022-12-16 18:53:47] INFO     BIST:Header (ok)
[2022-12-16 18:53:58] INFO     BIST:Header (ok)
[2022-12-16 18:54:10] INFO     BIST:Header (ok)
[2022-12-16 18:54:22] INFO     BIST:Header (ok)
[2022-12-16 18:54:33] INFO     BIST:Header (ok)
[2022-12-16 18:54:45] INFO     BIST:Header (ok)
[2022-12-16 18:54:56] INFO     BIST:Header (ok)
[2022-12-16 18:55:08] INFO     BIST:Header (ok)
[2022-12-16 18:55:20] INFO     BIST:Header (ok)
[2022-12-16 18:55:31] INFO     BIST:Header (ok)
[2022-12-16 18:55:43] INFO     BIST:Header (ok)
[2022-12-16 18:55:54] INFO     BIST:Header (ok)
[2022-12-16 18:56:06] INFO     BIST:Header (ok)
[2022-12-16 18:56:18] INFO     BIST:Header (ok)
[2022-12-16 18:56:29] INFO     BIST:Header (ok)
[2022-12-16 18:56:41] INFO     BIST:Header (ok)
[2022-12-16 18:56:53] INFO     BIST:Header (ok)
[2022-12-16 18:57:04] INFO     BIST:Header (ok)
[2022-12-16 18:57:16] INFO     BIST:Header (ok)
[2022-12-16 18:57:27] INFO     BIST:Header (ok)
[2022-12-16 18:57:39] INFO     BIST:Header (ok)
[2022-12-16 18:57:51] INFO     BIST:Header (ok)
[2022-12-16 18:58:02] INFO     BIST:Header (ok)
[2022-12-16 18:58:14] INFO     BIST:Header (ok)
[2022-12-16 18:58:25] INFO     BIST:Header (ok)
[2022-12-16 18:58:37] INFO     BIST:Header (ok)
[2022-12-16 18:58:49] INFO     BIST:Header (ok)
[2022-12-16 18:59:00] INFO     BIST:Header (ok)
[2022-12-16 18:59:12] INFO     BIST:Header (ok)
[2022-12-16 18:59:23] INFO     BIST:Header (ok)
[2022-12-16 18:59:35] INFO     BIST:Header (ok)
[2022-12-16 18:59:47] INFO     BIST:Header (ok)
[2022-12-16 18:59:58] INFO     BIST:Header (ok)
[2022-12-16 19:00:10] INFO     BIST:Header (ok)
[2022-12-16 19:00:22] INFO     BIST:Header (ok)
[2022-12-16 19:00:33] INFO     BIST:Header (ok)
[2022-12-16 19:00:45] INFO     BIST:Header (ok)
[2022-12-16 19:00:56] INFO     BIST:Header (ok)
[2022-12-16 19:01:08] INFO     BIST:Header (ok)
[2022-12-16 19:01:20] INFO     BIST:Header (ok)
[2022-12-16 19:01:31] INFO     BIST:Header (ok)
[2022-12-16 19:01:43] INFO     BIST:Header (ok)
[2022-12-16 19:01:54] INFO     BIST:Header (ok)
[2022-12-16 19:02:06] INFO     BIST:Header (ok)
[2022-12-16 19:02:18] INFO     BIST:Header (ok)
[2022-12-16 19:02:29] INFO     BIST:Header (ok)
[2022-12-16 19:02:41] INFO     BIST:Header (ok)
[2022-12-16 19:02:52] INFO     BIST:Header (ok)
[2022-12-16 19:03:04] INFO     BIST:Header (ok)
[2022-12-16 19:03:16] INFO     BIST:Header (ok)
[2022-12-16 19:03:27] INFO     BIST:Header (ok)
[2022-12-16 19:03:39] INFO     BIST:Header (ok)
[2022-12-16 19:03:51] INFO     BIST:Header (ok)
[2022-12-16 19:04:02] INFO     BIST:Header (ok)
[2022-12-16 19:04:14] INFO     BIST:Header (ok)
[2022-12-16 19:04:25] INFO     BIST:Header (ok)
[2022-12-16 19:04:37] INFO     BIST:Header (ok)
[2022-12-16 19:04:49] INFO     BIST:Header (ok)
[2022-12-16 19:05:00] INFO     BIST:Header (ok)
[2022-12-16 19:05:12] INFO     BIST:Header (ok)
[2022-12-16 19:05:23] INFO     BIST:Header (ok)
[2022-12-16 19:05:35] INFO     BIST:Header (ok)
[2022-12-16 19:05:47] INFO     BIST:Header (ok)
[2022-12-16 19:05:58] INFO     BIST:Header (ok)
[2022-12-16 19:06:10] INFO     BIST:Header (ok)
[2022-12-16 19:06:21] INFO     BIST:Header (ok)
[2022-12-16 19:06:33] INFO     BIST:Header (ok)
[2022-12-16 19:06:45] INFO     BIST:Header (ok)
[2022-12-16 19:06:56] INFO     BIST:Header (ok)
[2022-12-16 19:07:08] INFO     BIST:Header (ok)
[2022-12-16 19:07:20] INFO     BIST:Header (ok)
[2022-12-16 19:07:31] INFO     BIST:Header (ok)
[2022-12-16 19:07:43] INFO     BIST:Header (ok)
[2022-12-16 19:07:54] INFO     BIST:Header (ok)
[2022-12-16 19:08:06] INFO     BIST:Header (ok)
[2022-12-16 19:08:18] INFO     BIST:Header (ok)
[2022-12-16 19:08:29] INFO     BIST:Header (ok)
[2022-12-16 19:08:41] INFO     BIST:Header (ok)
[2022-12-16 19:08:52] INFO     BIST:Header (ok)
[2022-12-16 19:09:04] INFO     BIST:Header (ok)
[2022-12-16 19:09:16] INFO     BIST:Header (ok)
[2022-12-16 19:09:27] INFO     BIST:Header (ok)
[2022-12-16 19:09:39] INFO     BIST:Header (ok)
[2022-12-16 19:09:51] INFO     BIST:Header (ok)
[2022-12-16 19:10:02] INFO     BIST:Header (ok)
[2022-12-16 19:10:14] INFO     BIST:Header (ok)
[2022-12-16 19:10:25] INFO     BIST:Header (ok)
[2022-12-16 19:10:37] INFO     BIST:Header (ok)
[2022-12-16 19:10:49] INFO     BIST:Header (ok)
[2022-12-16 19:11:00] INFO     BIST:Header (ok)
[2022-12-16 19:11:12] INFO     BIST:Header (ok)
[2022-12-16 19:11:23] INFO     BIST:Header (ok)
[2022-12-16 19:11:35] INFO     BIST:Header (ok)
[2022-12-16 19:11:47] INFO     BIST:Header (ok)
[2022-12-16 19:11:58] INFO     BIST:Header (ok)
[2022-12-16 19:12:10] INFO     BIST:Header (ok)
[2022-12-16 19:12:21] INFO     BIST:Header (ok)
[2022-12-16 19:12:33] INFO     BIST:Header (ok)
[2022-12-16 19:12:45] INFO     BIST:Header (ok)
[2022-12-16 19:12:56] INFO     BIST:Header (ok)
[2022-12-16 19:13:08] INFO     BIST:Header (ok)
[2022-12-16 19:13:20] INFO     BIST:Header (ok)
[2022-12-16 19:13:31] INFO     BIST:Header (ok)
[2022-12-16 19:13:43] INFO     BIST:Header (ok)
[2022-12-16 19:13:54] INFO     BIST:Header (ok)
[2022-12-16 19:14:06] INFO     BIST:Header (ok)
[2022-12-16 19:14:18] INFO     BIST:Header (ok)
[2022-12-16 19:14:29] INFO     BIST:Header (ok)
[2022-12-16 19:14:41] INFO     BIST:Header (ok)
[2022-12-16 19:14:52] INFO     BIST:Header (ok)
[2022-12-16 19:15:04] INFO     BIST:Header (ok)
[2022-12-16 19:15:16] INFO     BIST:Header (ok)
[2022-12-16 19:15:27] INFO     BIST:Header (ok)
[2022-12-16 19:15:39] INFO     BIST:Header (ok)
[2022-12-16 19:15:50] INFO     BIST:Header (ok)
[2022-12-16 19:16:02] INFO     BIST:Header (ok)
[2022-12-16 19:16:14] INFO     BIST:Header (ok)
[2022-12-16 19:16:25] INFO     BIST:Header (ok)
[2022-12-16 19:16:37] INFO     BIST:Header (ok)
[2022-12-16 19:16:49] INFO     BIST:Header (ok)
[2022-12-16 19:17:00] INFO     BIST:Header (ok)
[2022-12-16 19:17:12] INFO     BIST:Header (ok)
[2022-12-16 19:17:23] INFO     BIST:Header (ok)
[2022-12-16 19:17:35] INFO     BIST:Header (ok)
[2022-12-16 19:17:47] INFO     BIST:Header (ok)
[2022-12-16 19:17:58] INFO     BIST:Header (ok)
[2022-12-16 19:18:10] INFO     BIST:Header (ok)
[2022-12-16 19:18:21] INFO     BIST:Header (ok)
[2022-12-16 19:18:33] INFO     BIST:Header (ok)
[2022-12-16 19:18:45] INFO     BIST:Header (ok)
[2022-12-16 19:18:56] INFO     BIST:Header (ok)
[2022-12-16 19:19:08] INFO     BIST:Header (ok)
[2022-12-16 19:19:20] INFO     BIST:Header (ok)
[2022-12-16 19:19:31] INFO     BIST:Header (ok)
[2022-12-16 19:19:43] INFO     BIST:Header (ok)
[2022-12-16 19:19:54] INFO     BIST:Header (ok)
[2022-12-16 19:20:06] INFO     BIST:Header (ok)
[2022-12-16 19:20:18] INFO     BIST:Header (ok)
[2022-12-16 19:20:29] INFO     BIST:Header (ok)
[2022-12-16 19:20:41] INFO     BIST:Header (ok)
[2022-12-16 19:20:52] INFO     BIST:Header (ok)
[2022-12-16 19:21:04] INFO     BIST:Header (ok)
[2022-12-16 19:21:16] INFO     BIST:Header (ok)
[2022-12-16 19:21:27] INFO     BIST:Header (ok)
[2022-12-16 19:21:39] INFO     BIST:Header (ok)
[2022-12-16 19:21:50] INFO     BIST:Header (ok)
[2022-12-16 19:22:02] INFO     BIST:Header (ok)
[2022-12-16 19:22:14] INFO     BIST:Header (ok)
[2022-12-16 19:22:25] INFO     BIST:Header (ok)
[2022-12-16 19:22:37] INFO     BIST:Header (ok)
[2022-12-16 19:22:49] INFO     BIST:Header (ok)
[2022-12-16 19:23:00] INFO     BIST:Header (ok)
[2022-12-16 19:23:12] INFO     BIST:Header (ok)
[2022-12-16 19:23:23] INFO     BIST:Header (ok)
[2022-12-16 19:23:35] INFO     BIST:Header (ok)
[2022-12-16 19:23:47] INFO     BIST:Header (ok)
[2022-12-16 19:23:58] INFO     BIST:Header (ok)
[2022-12-16 19:24:10] INFO     BIST:Header (ok)
[2022-12-16 19:24:21] INFO     BIST:Header (ok)
[2022-12-16 19:24:33] INFO     BIST:Header (ok)
[2022-12-16 19:24:45] INFO     BIST:Header (ok)
[2022-12-16 19:24:56] INFO     BIST:Header (ok)
[2022-12-16 19:25:08] INFO     BIST:Header (ok)
[2022-12-16 19:25:20] INFO     BIST:Header (ok)
[2022-12-16 19:25:31] INFO     BIST:Header (ok)
[2022-12-16 19:25:43] INFO     BIST:Header (ok)
[2022-12-16 19:25:54] INFO     BIST:Header (ok)
[2022-12-16 19:26:06] INFO     BIST:Header (ok)
[2022-12-16 19:26:18] INFO     BIST:Header (ok)
[2022-12-16 19:26:29] INFO     BIST:Header (ok)
[2022-12-16 19:26:41] INFO     BIST:Header (ok)
[2022-12-16 19:26:52] INFO     BIST:Header (ok)
[2022-12-16 19:27:04] INFO     BIST:Header (ok)
[2022-12-16 19:27:16] INFO     BIST:Header (ok)
[2022-12-16 19:27:27] INFO     BIST:Header (ok)
[2022-12-16 19:27:39] INFO     BIST:Header (ok)
[2022-12-16 19:27:50] INFO     BIST:Header (ok)
[2022-12-16 19:28:02] INFO     BIST:Header (ok)
[2022-12-16 19:28:14] INFO     BIST:Header (ok)
[2022-12-16 19:28:25] INFO     BIST:Header (ok)
[2022-12-16 19:28:37] INFO     BIST:Header (ok)
[2022-12-16 19:28:49] INFO     BIST:Header (ok)
[2022-12-16 19:29:00] INFO     BIST:Header (ok)
[2022-12-16 19:29:12] INFO     BIST:Header (ok)
[2022-12-16 19:29:23] INFO     BIST:Header (ok)
[2022-12-16 19:29:35] INFO     BIST:Header (ok)
[2022-12-16 19:29:47] INFO     BIST:Header (ok)
[2022-12-16 19:29:58] INFO     BIST:Header (ok)
[2022-12-16 19:30:10] INFO     BIST:Header (ok)
[2022-12-16 19:30:21] INFO     BIST:Header (ok)
[2022-12-16 19:30:36] INFO     BIST:Header (ok)
[2022-12-16 19:30:47] INFO     BIST:Header (ok)
[2022-12-16 19:30:59] INFO     BIST:Header (ok)
[2022-12-16 19:31:11] INFO     BIST:Header (ok)
[2022-12-16 19:31:22] INFO     BIST:Header (ok)
[2022-12-16 19:31:34] INFO     BIST:Header (ok)
[2022-12-16 19:31:45] INFO     BIST:Header (ok)
[2022-12-16 19:31:57] INFO     BIST:Header (ok)
[2022-12-16 19:32:09] INFO     BIST:Header (ok)
[2022-12-16 19:32:20] INFO     BIST:Header (ok)
[2022-12-16 19:32:32] INFO     BIST:Header (ok)
[2022-12-16 19:32:43] INFO     BIST:Header (ok)
[2022-12-16 19:32:55] INFO     BIST:Header (ok)
[2022-12-16 19:33:07] INFO     BIST:Header (ok)
[2022-12-16 19:33:18] INFO     BIST:Header (ok)
[2022-12-16 19:33:30] INFO     BIST:Header (ok)
[2022-12-16 19:33:41] INFO     BIST:Header (ok)
