[2022-12-17 08:30:27] INFO     STATE:Initial Starting State
[2022-12-17 08:30:27] INFO     git commit information
[2022-12-17 08:30:27] INFO     	git commit:fc6c242 Added check to see if scrubbign is going on before configuring FPGA
[2022-12-17 08:30:27] INFO     	git commit date:Sat Dec 17 08:30:06 2022
[2022-12-17 08:30:27] INFO     Command line information
[2022-12-17 08:30:27] INFO     	Command line:['ddrctrl_experiment.py', '--jcm_part', 'xc7a200t', '--bitstream', '/root/ddr_11_28.bit', '--log_dir', './lansce2022', '--jcm_clock', '30_000_000', '--frads_file', 'xc7a200t_frad.txt', '--fault_injection', '0', '--uart_bone_ident', '0xf0002000', '--jcm_ip', '169.254.132.152', '--jcm_netbooter_port', '1', '--nexys_netbooter_port', '2', '--usb_uart_phys_port', '1-4.4.2', '--uartbone_phys_port', '1-4.4.1']
[2022-12-17 08:30:27] INFO     	arg:bitstream=/root/ddr_11_28.bit
[2022-12-17 08:30:27] INFO     	arg:netbooter_ip=169.254.131.160
[2022-12-17 08:30:27] INFO     	arg:jcm_ip=169.254.132.152
[2022-12-17 08:30:27] INFO     	arg:jcm_part=xc7a200t
[2022-12-17 08:30:27] INFO     	arg:jcm_clock=30000000
[2022-12-17 08:30:27] INFO     	arg:usb_uart_phys_port=1-4.4.2
[2022-12-17 08:30:27] INFO     	arg:uart_litex_baudrate=115200
[2022-12-17 08:30:27] INFO     	arg:uartbone_phys_port=1-4.4.1
[2022-12-17 08:30:27] INFO     	arg:uartbone_phys_if=0
[2022-12-17 08:30:27] INFO     	arg:uartbone_baudrate=115200
[2022-12-17 08:30:27] INFO     	arg:repower_jcm=False
[2022-12-17 08:30:27] INFO     	arg:disable_scrubbing=False
[2022-12-17 08:30:27] INFO     	arg:fault_injection=0
[2022-12-17 08:30:27] INFO     	arg:frads_file=xc7a200t_frad.txt
[2022-12-17 08:30:27] INFO     	arg:jcm_netbooter_port=1
[2022-12-17 08:30:27] INFO     	arg:nexys_netbooter_port=2
[2022-12-17 08:30:27] INFO     	arg:log_dir=./lansce2022
[2022-12-17 08:30:27] INFO     	arg:single_step=False
[2022-12-17 08:30:27] INFO     	arg:bist_mem_burst_length=8192
[2022-12-17 08:30:27] INFO     	arg:bist_addr_mode=1
[2022-12-17 08:30:27] INFO     	arg:bist_pattern=165
[2022-12-17 08:30:27] INFO     	arg:no_uart_bone=False
[2022-12-17 08:30:27] INFO     	arg:uart_bone_ident=0xf0002000
[2022-12-17 08:30:27] INFO     STATE:Netbooter Setup State
[2022-12-17 08:30:27] INFO     STATE:JCM Setup State
[2022-12-17 08:30:27] INFO     NETBOOTER:Attempt 1 to set port 1 with cycle=False
[2022-12-17 08:30:29] INFO     NETBOOTER:Setting port 1 to On
[2022-12-17 08:30:30] INFO     JCM ping attempt 1
[2022-12-17 08:30:30] INFO     JCM:Logging in to JCM
[2022-12-17 08:30:30] INFO     JCM:Connecting to JCM over SSH... (Attempt 1)
[2022-12-17 08:30:31] INFO     JCM:SSH successful
[2022-12-17 08:30:31] INFO     STATE:UART Setup State
[2022-12-17 08:30:31] INFO     STATE:Power Nexys State
[2022-12-17 08:30:31] INFO     NETBOOTER:Attempt 1 to set port 2 with cycle=False
[2022-12-17 08:30:33] INFO     NETBOOTER:Setting port 2 to Off
[2022-12-17 08:30:34] INFO     NETBOOTER:Attempt 1 to set port 2 with cycle=False
[2022-12-17 08:30:36] INFO     NETBOOTER:Setting port 2 to On
[2022-12-17 08:30:37] INFO     STATE:Connect UART State
[2022-12-17 08:30:39] INFO     UART:Searching for ttyUSB device (Attempt 1)
[2022-12-17 08:30:39] INFO     UART:Found tty device:/dev/ttyUSB2
[2022-12-17 08:30:39] INFO     UART:Serial port /dev/ttyUSB2 open
[2022-12-17 08:30:39] INFO     STATE:Configure Nexys State
[2022-12-17 08:30:39] INFO     JCM:Attempting JCM device DNA read
[2022-12-17 08:30:39] INFO     JCM:Executing commmand on JCM
	~/jcm_apps/jcm_jtag_reg.elf -r 50 --swap -w 64
[2022-12-17 08:30:39] INFO     Device DNA:0:0x812c023b 1:0x2a0f6504
[2022-12-17 08:30:39] INFO     JCM:Attempting JCM configuration
[2022-12-17 08:30:39] INFO     JCM:Executing commmand on JCM
	~/jcm_apps/jcm_config.elf --part xc7a200t -c 30000000 --jtag --config_file /root/ddr_11_28.bit
[2022-12-17 08:30:45] INFO     JCM:Configuration Success
[2022-12-17 08:30:45] INFO     STATE:Setup UARTBone State
[2022-12-17 08:30:45] INFO     UARTBONE:Searching for ttyUSB device (Attempt 1) for port '1-4.4.1' IF '0'
[2022-12-17 08:30:45] INFO     UARTBONE:Found tty device:/dev/ttyUSB0
[2022-12-17 08:30:45] INFO     UARTBONE:Attempting to open:/dev/ttyUSB0 at baud 115200 with timeout=5
[2022-12-17 08:30:45] INFO     UARTBONE:Serial port /dev/ttyUSB0 open
[2022-12-17 08:30:45] INFO     UARTBONE ID Str=LiteX SoC on Nexys Video 2022-11-28 18:17:18
[2022-12-17 08:30:45] INFO     UARTBONE I ADDR=000012E8
[2022-12-17 08:30:45] INFO     STATE:Enable Scrubbing State
[2022-12-17 08:30:45] INFO     JCM:Starting JCM scrubber
[2022-12-17 08:30:45] INFO     JCM:Executing commmand on JCM
	~/jcm_apps/jcm_scrubbing.elf --part xc7a200t -c 30000000 --jtag --iterations 100000000 --frad_file xc7a200t_frad.txt
[2022-12-17 08:30:45] INFO     STATE:LiteX Login State
[2022-12-17 08:30:46] INFO     STATE:Start BIST State
[2022-12-17 08:30:46] INFO     STATE:BIST Execution State
[2022-12-17 08:30:46] INFO     BIST:Bad title line (1):8192 1 0 2
[2022-12-17 08:30:46] INFO     BIST:Header (first)
[2022-12-17 08:30:57] INFO     BIST:Header (ok)
[2022-12-17 08:31:09] INFO     BIST:Header (ok)
[2022-12-17 08:31:20] INFO     BIST:Header (ok)
[2022-12-17 08:31:32] INFO     BIST:Header (ok)
[2022-12-17 08:31:44] INFO     BIST:Header (ok)
[2022-12-17 08:31:55] INFO     BIST:Header (ok)
[2022-12-17 08:32:07] INFO     BIST:Header (ok)
[2022-12-17 08:32:19] INFO     BIST:Header (ok)
[2022-12-17 08:32:30] INFO     BIST:Header (ok)
[2022-12-17 08:32:42] INFO     BIST:Header (ok)
[2022-12-17 08:32:58] INFO     BIST:Header (ok)
[2022-12-17 08:33:09] INFO     BIST:Header (ok)
[2022-12-17 08:33:21] INFO     BIST:Header (ok)
[2022-12-17 08:33:33] INFO     BIST:Header (ok)
[2022-12-17 08:33:44] INFO     BIST:Header (ok)
[2022-12-17 08:33:56] INFO     BIST:Header (ok)
[2022-12-17 08:34:07] INFO     BIST:Header (ok)
[2022-12-17 08:34:19] INFO     BIST:Header (ok)
[2022-12-17 08:34:31] INFO     BIST:Header (ok)
[2022-12-17 08:34:42] INFO     BIST:Header (ok)
[2022-12-17 08:34:54] INFO     BIST:Header (ok)
[2022-12-17 08:35:05] INFO     BIST:Header (ok)
[2022-12-17 08:35:17] INFO     BIST:Header (ok)
[2022-12-17 08:35:29] INFO     BIST:Header (ok)
[2022-12-17 08:35:40] INFO     BIST:Header (ok)
[2022-12-17 08:35:52] INFO     BIST:Header (ok)
[2022-12-17 08:36:04] INFO     BIST:Header (ok)
[2022-12-17 08:36:15] INFO     BIST:Header (ok)
[2022-12-17 08:36:27] INFO     BIST:Header (ok)
[2022-12-17 08:36:38] INFO     BIST:Header (ok)
[2022-12-17 08:36:50] INFO     BIST:Header (ok)
[2022-12-17 08:37:02] INFO     BIST:Header (ok)
[2022-12-17 08:37:13] INFO     BIST:Header (ok)
[2022-12-17 08:37:25] INFO     BIST:Header (ok)
[2022-12-17 08:37:36] INFO     BIST:Header (ok)
[2022-12-17 08:37:48] INFO     BIST:Header (ok)
[2022-12-17 08:38:00] INFO     BIST:Header (ok)
[2022-12-17 08:38:11] INFO     BIST:Header (ok)
[2022-12-17 08:38:23] INFO     BIST:Header (ok)
[2022-12-17 08:38:34] INFO     BIST:Header (ok)
[2022-12-17 08:38:46] INFO     BIST:Header (ok)
[2022-12-17 08:38:58] INFO     BIST:Header (ok)
[2022-12-17 08:39:09] INFO     BIST:Header (ok)
[2022-12-17 08:39:21] INFO     BIST:Header (ok)
[2022-12-17 08:39:33] INFO     BIST:Header (ok)
[2022-12-17 08:39:44] INFO     BIST:Header (ok)
[2022-12-17 08:39:56] INFO     BIST:Header (ok)
[2022-12-17 08:40:07] INFO     BIST:Header (ok)
[2022-12-17 08:40:19] INFO     BIST:Header (ok)
[2022-12-17 08:40:31] INFO     BIST:Header (ok)
[2022-12-17 08:40:42] INFO     BIST:Header (ok)
[2022-12-17 08:40:54] INFO     BIST:Header (ok)
[2022-12-17 08:41:05] INFO     BIST:Header (ok)
[2022-12-17 08:41:17] INFO     BIST:Header (ok)
[2022-12-17 08:41:29] INFO     BIST:Header (ok)
[2022-12-17 08:41:40] INFO     BIST:Header (ok)
[2022-12-17 08:41:52] INFO     BIST:Header (ok)
[2022-12-17 08:42:03] INFO     BIST:Header (ok)
[2022-12-17 08:42:15] INFO     BIST:Header (ok)
[2022-12-17 08:42:27] INFO     BIST:Header (ok)
[2022-12-17 08:42:38] INFO     BIST:Header (ok)
[2022-12-17 08:42:50] INFO     BIST:Header (ok)
[2022-12-17 08:43:02] INFO     BIST:Header (ok)
[2022-12-17 08:43:13] INFO     BIST:Header (ok)
[2022-12-17 08:43:25] INFO     BIST:Header (ok)
[2022-12-17 08:43:36] INFO     BIST:Header (ok)
[2022-12-17 08:43:48] INFO     BIST:Header (ok)
[2022-12-17 08:44:00] INFO     BIST:Header (ok)
[2022-12-17 08:44:11] INFO     BIST:Header (ok)
[2022-12-17 08:44:23] INFO     BIST:Header (ok)
[2022-12-17 08:44:34] INFO     BIST:Header (ok)
[2022-12-17 08:44:46] INFO     BIST:Header (ok)
[2022-12-17 08:44:58] INFO     BIST:Header (ok)
[2022-12-17 08:45:09] INFO     BIST:Header (ok)
[2022-12-17 08:45:21] INFO     BIST:Header (ok)
[2022-12-17 08:45:32] INFO     BIST:Header (ok)
[2022-12-17 08:45:44] INFO     BIST:Header (ok)
[2022-12-17 08:45:56] INFO     BIST:Header (ok)
[2022-12-17 08:46:07] INFO     BIST:Header (ok)
[2022-12-17 08:46:19] INFO     BIST:Header (ok)
[2022-12-17 08:46:44] ERROR    UART:expect timeout (delay 15s)
[2022-12-17 08:46:44] INFO     STATE:Terminal Recovery State
[2022-12-17 08:46:44] INFO     UART:Serial port /dev/ttyUSB2 closed
[2022-12-17 08:46:47] INFO     UART:Searching for ttyUSB device (Attempt 1)
[2022-12-17 08:46:47] INFO     UART:Found tty device:/dev/ttyUSB2
[2022-12-17 08:46:47] INFO     UART:Serial port /dev/ttyUSB2 open
[2022-12-17 08:46:57] ERROR    UART:expect timeout (delay 10s)
[2022-12-17 08:46:57] INFO     STATE:Reset Recovery State
[2022-12-17 08:46:57] INFO     UARTBONE I ADDR=00001350
[2022-12-17 08:46:57] INFO     Issuing UART bone reset
[2022-12-17 08:46:58] INFO     UARTBONE I ADDR=000001F8
[2022-12-17 08:46:58] INFO     STATE:LiteX Login State
[2022-12-17 08:46:58] INFO     STATE:Start BIST State
[2022-12-17 08:46:58] INFO     STATE:BIST Execution State
[2022-12-17 08:46:58] INFO     BIST:Bad title line (1):8192 1 0 2
[2022-12-17 08:46:58] INFO     BIST:Header (first)
[2022-12-17 08:47:10] INFO     BIST:Header (ok)
[2022-12-17 08:47:22] INFO     BIST:Header (ok)
[2022-12-17 08:47:33] INFO     BIST:Header (ok)
[2022-12-17 08:47:45] INFO     BIST:Header (ok)
[2022-12-17 08:47:56] INFO     BIST:Header (ok)
[2022-12-17 08:48:08] INFO     BIST:Header (ok)
[2022-12-17 08:48:20] INFO     BIST:Header (ok)
[2022-12-17 08:48:31] INFO     BIST:Header (ok)
[2022-12-17 08:48:43] INFO     BIST:Header (ok)
[2022-12-17 08:48:54] INFO     BIST:Header (ok)
[2022-12-17 08:49:06] INFO     BIST:Header (ok)
[2022-12-17 08:49:18] INFO     BIST:Header (ok)
[2022-12-17 08:49:29] INFO     BIST:Header (ok)
[2022-12-17 08:49:41] INFO     BIST:Header (ok)
[2022-12-17 08:49:52] INFO     BIST:Header (ok)
[2022-12-17 08:50:04] INFO     BIST:Header (ok)
[2022-12-17 08:50:16] INFO     BIST:Header (ok)
[2022-12-17 08:50:27] INFO     BIST:Header (ok)
[2022-12-17 08:50:39] INFO     BIST:Header (ok)
[2022-12-17 08:50:51] INFO     BIST:Header (ok)
[2022-12-17 08:51:02] INFO     BIST:Header (ok)
[2022-12-17 08:51:14] INFO     BIST:Header (ok)
[2022-12-17 08:51:25] INFO     BIST:Header (ok)
[2022-12-17 08:51:37] INFO     BIST:Header (ok)
[2022-12-17 08:51:49] INFO     BIST:Header (ok)
[2022-12-17 08:52:00] INFO     BIST:Header (ok)
[2022-12-17 08:52:12] INFO     BIST:Header (ok)
[2022-12-17 08:52:23] INFO     BIST:Header (ok)
[2022-12-17 08:52:35] INFO     BIST:Header (ok)
[2022-12-17 08:52:47] INFO     BIST:Header (ok)
[2022-12-17 08:52:58] INFO     BIST:Header (ok)
[2022-12-17 08:53:10] INFO     BIST:Header (ok)
[2022-12-17 08:53:21] INFO     BIST:Header (ok)
[2022-12-17 08:53:33] INFO     BIST:Header (ok)
[2022-12-17 08:53:45] INFO     BIST:Header (ok)
[2022-12-17 08:53:56] INFO     BIST:Header (ok)
[2022-12-17 08:54:08] INFO     BIST:Header (ok)
[2022-12-17 08:54:20] INFO     BIST:Header (ok)
[2022-12-17 08:54:31] INFO     BIST:Header (ok)
[2022-12-17 08:54:43] INFO     BIST:Header (ok)
[2022-12-17 08:54:54] INFO     BIST:Header (ok)
[2022-12-17 08:55:06] INFO     BIST:Header (ok)
[2022-12-17 08:55:18] INFO     BIST:Header (ok)
[2022-12-17 08:55:29] INFO     BIST:Header (ok)
[2022-12-17 08:55:41] INFO     BIST:Header (ok)
[2022-12-17 08:55:52] INFO     BIST:Header (ok)
[2022-12-17 08:56:04] INFO     BIST:Header (ok)
[2022-12-17 08:56:16] INFO     BIST:Header (ok)
[2022-12-17 08:56:27] INFO     BIST:Header (ok)
[2022-12-17 08:56:39] INFO     BIST:Header (ok)
[2022-12-17 08:56:51] INFO     BIST:Header (ok)
[2022-12-17 08:57:02] INFO     BIST:Header (ok)
[2022-12-17 08:57:14] INFO     BIST:Header (ok)
[2022-12-17 08:57:25] INFO     BIST:Header (ok)
[2022-12-17 08:57:37] INFO     BIST:Header (ok)
[2022-12-17 08:57:49] INFO     BIST:Header (ok)
[2022-12-17 08:58:00] INFO     BIST:Header (ok)
[2022-12-17 08:58:12] INFO     BIST:Header (ok)
[2022-12-17 08:58:23] INFO     BIST:Header (ok)
[2022-12-17 08:58:35] INFO     BIST:Header (ok)
[2022-12-17 08:58:47] INFO     BIST:Header (ok)
[2022-12-17 08:58:58] INFO     BIST:Header (ok)
[2022-12-17 08:59:10] INFO     BIST:Header (ok)
[2022-12-17 08:59:21] INFO     BIST:Header (ok)
[2022-12-17 08:59:33] INFO     BIST:Header (ok)
[2022-12-17 08:59:45] INFO     BIST:Header (ok)
[2022-12-17 08:59:56] INFO     BIST:Header (ok)
[2022-12-17 09:00:08] INFO     BIST:Header (ok)
[2022-12-17 09:00:18] ERROR    BIST:Data Errors (900,0,0:900/1)
[2022-12-17 09:00:33] ERROR    UART:expect timeout (delay 15s)
[2022-12-17 09:00:33] INFO     STATE:Terminal Recovery State
[2022-12-17 09:00:33] INFO     UART:Serial port /dev/ttyUSB2 closed
[2022-12-17 09:00:36] INFO     UART:Searching for ttyUSB device (Attempt 1)
[2022-12-17 09:00:36] INFO     UART:Found tty device:/dev/ttyUSB2
[2022-12-17 09:00:36] INFO     UART:Serial port /dev/ttyUSB2 open
[2022-12-17 09:00:46] ERROR    UART:expect timeout (delay 10s)
[2022-12-17 09:00:46] INFO     STATE:Reset Recovery State
[2022-12-17 09:00:46] INFO     UARTBONE I ADDR=00000F48
[2022-12-17 09:00:46] INFO     Issuing UART bone reset
[2022-12-17 09:00:47] INFO     UARTBONE I ADDR=000001F8
[2022-12-17 09:00:47] INFO     STATE:LiteX Login State
[2022-12-17 09:00:47] ERROR    UART:expect unicode error
[2022-12-17 09:00:47] INFO     STATE:Power Nexys State
[2022-12-17 09:00:47] INFO     NETBOOTER:Attempt 1 to set port 2 with cycle=False
[2022-12-17 09:00:49] INFO     NETBOOTER:Setting port 2 to Off
[2022-12-17 09:00:50] INFO     NETBOOTER:Attempt 1 to set port 2 with cycle=False
[2022-12-17 09:00:52] INFO     NETBOOTER:Setting port 2 to On
[2022-12-17 09:00:53] INFO     STATE:Connect UART State
[2022-12-17 09:00:55] INFO     UART:Searching for ttyUSB device (Attempt 1)
[2022-12-17 09:00:55] INFO     UART:Found tty device:/dev/ttyUSB7
[2022-12-17 09:00:55] INFO     UART:Serial port /dev/ttyUSB7 open
[2022-12-17 09:00:55] INFO     STATE:Configure Nexys State
[2022-12-17 09:00:55] INFO     JCM:Stopping JCM scrubber
[2022-12-17 09:00:57] INFO     JCM:Attempting JCM device DNA read
[2022-12-17 09:00:57] INFO     JCM:Executing commmand on JCM
	~/jcm_apps/jcm_jtag_reg.elf -r 50 --swap -w 64
[2022-12-17 09:00:57] INFO     Device DNA:0:0x812c023b 1:0x2a0f6504
[2022-12-17 09:00:57] INFO     JCM:Attempting JCM configuration
[2022-12-17 09:00:57] INFO     JCM:Executing commmand on JCM
	~/jcm_apps/jcm_config.elf --part xc7a200t -c 30000000 --jtag --config_file /root/ddr_11_28.bit
[2022-12-17 09:01:03] INFO     JCM:Configuration Success
[2022-12-17 09:01:03] INFO     STATE:Setup UARTBone State
[2022-12-17 09:01:03] INFO     UARTBONE:Searching for ttyUSB device (Attempt 1) for port '1-4.4.1' IF '0'
[2022-12-17 09:01:03] INFO     UARTBONE:Found tty device:/dev/ttyUSB1
[2022-12-17 09:01:03] INFO     UARTBONE:Attempting to open:/dev/ttyUSB1 at baud 115200 with timeout=5
[2022-12-17 09:01:03] INFO     UARTBONE:Serial port /dev/ttyUSB1 open
[2022-12-17 09:01:04] INFO     UARTBONE ID Str=LiteX SoC on Nexys Video 2022-11-28 18:17:18
[2022-12-17 09:01:04] INFO     UARTBONE I ADDR=000012E8
[2022-12-17 09:01:04] INFO     STATE:Enable Scrubbing State
[2022-12-17 09:01:04] INFO     JCM:Starting JCM scrubber
[2022-12-17 09:01:04] INFO     JCM:Executing commmand on JCM
	~/jcm_apps/jcm_scrubbing.elf --part xc7a200t -c 30000000 --jtag --iterations 100000000 --frad_file xc7a200t_frad.txt
[2022-12-17 09:01:04] INFO     STATE:LiteX Login State
[2022-12-17 09:01:04] INFO     STATE:Start BIST State
[2022-12-17 09:01:04] INFO     STATE:BIST Execution State
[2022-12-17 09:01:04] INFO     BIST:Bad title line (1):8192 1 0 2
[2022-12-17 09:01:04] INFO     BIST:Header (first)
[2022-12-17 09:01:16] INFO     BIST:Header (ok)
[2022-12-17 09:01:27] INFO     BIST:Header (ok)
[2022-12-17 09:01:39] INFO     BIST:Header (ok)
[2022-12-17 09:01:51] INFO     BIST:Header (ok)
[2022-12-17 09:02:02] INFO     BIST:Header (ok)
[2022-12-17 09:02:14] INFO     BIST:Header (ok)
[2022-12-17 09:02:25] INFO     BIST:Header (ok)
[2022-12-17 09:02:37] INFO     BIST:Header (ok)
[2022-12-17 09:02:49] INFO     BIST:Header (ok)
[2022-12-17 09:03:00] INFO     BIST:Header (ok)
[2022-12-17 09:03:12] INFO     BIST:Header (ok)
[2022-12-17 09:03:23] INFO     BIST:Header (ok)
[2022-12-17 09:03:35] INFO     BIST:Header (ok)
[2022-12-17 09:03:47] INFO     BIST:Header (ok)
[2022-12-17 09:03:58] INFO     BIST:Header (ok)
[2022-12-17 09:04:10] INFO     BIST:Header (ok)
[2022-12-17 09:04:21] INFO     BIST:Header (ok)
[2022-12-17 09:04:33] INFO     BIST:Header (ok)
[2022-12-17 09:04:45] INFO     BIST:Header (ok)
[2022-12-17 09:04:56] INFO     BIST:Header (ok)
[2022-12-17 09:05:08] INFO     BIST:Header (ok)
[2022-12-17 09:05:20] INFO     BIST:Header (ok)
[2022-12-17 09:05:31] INFO     BIST:Header (ok)
[2022-12-17 09:05:43] INFO     BIST:Header (ok)
[2022-12-17 09:05:54] INFO     BIST:Header (ok)
[2022-12-17 09:06:06] INFO     BIST:Header (ok)
[2022-12-17 09:06:18] INFO     BIST:Header (ok)
[2022-12-17 09:06:29] INFO     BIST:Header (ok)
[2022-12-17 09:06:41] INFO     BIST:Header (ok)
[2022-12-17 09:06:52] INFO     BIST:Header (ok)
[2022-12-17 09:07:04] INFO     BIST:Header (ok)
[2022-12-17 09:07:16] INFO     BIST:Header (ok)
[2022-12-17 09:07:27] INFO     BIST:Header (ok)
[2022-12-17 09:07:39] INFO     BIST:Header (ok)
[2022-12-17 09:07:51] INFO     BIST:Header (ok)
[2022-12-17 09:08:02] INFO     BIST:Header (ok)
[2022-12-17 09:08:14] INFO     BIST:Header (ok)
[2022-12-17 09:08:25] INFO     BIST:Header (ok)
[2022-12-17 09:08:37] INFO     BIST:Header (ok)
[2022-12-17 09:08:49] INFO     BIST:Header (ok)
[2022-12-17 09:09:00] INFO     BIST:Header (ok)
[2022-12-17 09:09:12] INFO     BIST:Header (ok)
[2022-12-17 09:09:23] INFO     BIST:Header (ok)
[2022-12-17 09:09:35] INFO     BIST:Header (ok)
[2022-12-17 09:09:47] INFO     BIST:Header (ok)
[2022-12-17 09:09:58] INFO     BIST:Header (ok)
[2022-12-17 09:10:10] INFO     BIST:Header (ok)
[2022-12-17 09:10:21] INFO     BIST:Header (ok)
[2022-12-17 09:10:33] INFO     BIST:Header (ok)
[2022-12-17 09:10:45] INFO     BIST:Header (ok)
[2022-12-17 09:10:56] INFO     BIST:Header (ok)
[2022-12-17 09:11:08] INFO     BIST:Header (ok)
[2022-12-17 09:11:20] INFO     BIST:Header (ok)
[2022-12-17 09:11:31] INFO     BIST:Header (ok)
[2022-12-17 09:11:43] INFO     BIST:Header (ok)
[2022-12-17 09:11:54] INFO     BIST:Header (ok)
[2022-12-17 09:12:06] INFO     BIST:Header (ok)
[2022-12-17 09:12:18] INFO     BIST:Header (ok)
[2022-12-17 09:12:29] INFO     BIST:Header (ok)
[2022-12-17 09:12:41] INFO     BIST:Header (ok)
[2022-12-17 09:12:52] INFO     BIST:Header (ok)
[2022-12-17 09:13:00] INFO     BIST:Header (ok)
[2022-12-17 09:13:12] INFO     BIST:Header (ok)
[2022-12-17 09:13:24] INFO     BIST:Header (ok)
[2022-12-17 09:13:35] INFO     BIST:Header (ok)
[2022-12-17 09:13:47] INFO     BIST:Header (ok)
[2022-12-17 09:13:58] INFO     BIST:Header (ok)
[2022-12-17 09:14:10] INFO     BIST:Header (ok)
[2022-12-17 09:14:22] INFO     BIST:Header (ok)
[2022-12-17 09:14:33] INFO     BIST:Header (ok)
[2022-12-17 09:14:45] INFO     BIST:Header (ok)
[2022-12-17 09:14:56] INFO     BIST:Header (ok)
[2022-12-17 09:15:08] INFO     BIST:Header (ok)
[2022-12-17 09:15:20] INFO     BIST:Header (ok)
[2022-12-17 09:15:31] INFO     BIST:Header (ok)
[2022-12-17 09:15:43] INFO     BIST:Header (ok)
[2022-12-17 09:15:54] INFO     BIST:Header (ok)
[2022-12-17 09:16:06] INFO     BIST:Header (ok)
[2022-12-17 09:16:18] INFO     BIST:Header (ok)
[2022-12-17 09:16:29] INFO     BIST:Header (ok)
[2022-12-17 09:16:41] INFO     BIST:Header (ok)
[2022-12-17 09:16:53] INFO     BIST:Header (ok)
[2022-12-17 09:17:04] INFO     BIST:Header (ok)
[2022-12-17 09:17:16] INFO     BIST:Header (ok)
[2022-12-17 09:17:27] INFO     BIST:Header (ok)
[2022-12-17 09:17:39] INFO     BIST:Header (ok)
[2022-12-17 09:17:51] INFO     BIST:Header (ok)
[2022-12-17 09:18:02] INFO     BIST:Header (ok)
[2022-12-17 09:18:14] INFO     BIST:Header (ok)
[2022-12-17 09:18:25] INFO     BIST:Header (ok)
[2022-12-17 09:18:37] INFO     BIST:Header (ok)
[2022-12-17 09:18:49] INFO     BIST:Header (ok)
[2022-12-17 09:19:00] INFO     BIST:Header (ok)
[2022-12-17 09:19:12] INFO     BIST:Header (ok)
[2022-12-17 09:19:23] INFO     BIST:Header (ok)
[2022-12-17 09:19:35] INFO     BIST:Header (ok)
[2022-12-17 09:19:47] INFO     BIST:Header (ok)
[2022-12-17 09:19:58] INFO     BIST:Header (ok)
[2022-12-17 09:20:10] INFO     BIST:Header (ok)
[2022-12-17 09:20:22] INFO     BIST:Header (ok)
[2022-12-17 09:20:33] INFO     BIST:Header (ok)
[2022-12-17 09:20:45] INFO     BIST:Header (ok)
[2022-12-17 09:20:56] INFO     BIST:Header (ok)
[2022-12-17 09:21:08] INFO     BIST:Header (ok)
[2022-12-17 09:21:20] INFO     BIST:Header (ok)
[2022-12-17 09:21:31] INFO     BIST:Header (ok)
[2022-12-17 09:21:43] INFO     BIST:Header (ok)
[2022-12-17 09:21:54] INFO     BIST:Header (ok)
[2022-12-17 09:22:06] INFO     BIST:Header (ok)
[2022-12-17 09:22:18] INFO     BIST:Header (ok)
[2022-12-17 09:22:29] INFO     BIST:Header (ok)
[2022-12-17 09:22:41] INFO     BIST:Header (ok)
[2022-12-17 09:22:52] INFO     BIST:Header (ok)
[2022-12-17 09:23:04] INFO     BIST:Header (ok)
[2022-12-17 09:23:16] INFO     BIST:Header (ok)
[2022-12-17 09:23:27] INFO     BIST:Header (ok)
[2022-12-17 09:23:39] INFO     BIST:Header (ok)
[2022-12-17 09:23:51] INFO     BIST:Header (ok)
[2022-12-17 09:24:02] INFO     BIST:Header (ok)
[2022-12-17 09:24:14] INFO     BIST:Header (ok)
[2022-12-17 09:24:25] INFO     BIST:Header (ok)
[2022-12-17 09:24:37] INFO     BIST:Header (ok)
[2022-12-17 09:24:49] INFO     BIST:Header (ok)
[2022-12-17 09:25:00] INFO     BIST:Header (ok)
[2022-12-17 09:25:12] INFO     BIST:Header (ok)
[2022-12-17 09:25:23] INFO     BIST:Header (ok)
[2022-12-17 09:25:35] INFO     BIST:Header (ok)
[2022-12-17 09:25:47] INFO     BIST:Header (ok)
[2022-12-17 09:25:58] INFO     BIST:Header (ok)
[2022-12-17 09:26:10] INFO     BIST:Header (ok)
[2022-12-17 09:26:21] INFO     BIST:Header (ok)
[2022-12-17 09:26:33] INFO     BIST:Header (ok)
[2022-12-17 09:26:45] INFO     BIST:Header (ok)
[2022-12-17 09:26:56] INFO     BIST:Header (ok)
[2022-12-17 09:27:08] INFO     BIST:Header (ok)
[2022-12-17 09:27:20] INFO     BIST:Header (ok)
[2022-12-17 09:27:31] INFO     BIST:Header (ok)
[2022-12-17 09:27:43] INFO     BIST:Header (ok)
[2022-12-17 09:27:54] INFO     BIST:Header (ok)
[2022-12-17 09:28:06] INFO     BIST:Header (ok)
[2022-12-17 09:28:18] INFO     BIST:Header (ok)
[2022-12-17 09:28:29] INFO     BIST:Header (ok)
[2022-12-17 09:28:41] INFO     BIST:Header (ok)
[2022-12-17 09:28:52] INFO     BIST:Header (ok)
[2022-12-17 09:29:04] INFO     BIST:Header (ok)
[2022-12-17 09:29:16] INFO     BIST:Header (ok)
[2022-12-17 09:29:27] INFO     BIST:Header (ok)
[2022-12-17 09:29:39] INFO     BIST:Header (ok)
[2022-12-17 09:29:51] INFO     BIST:Header (ok)
[2022-12-17 09:30:02] INFO     BIST:Header (ok)
[2022-12-17 09:30:14] INFO     BIST:Header (ok)
[2022-12-17 09:30:25] INFO     BIST:Header (ok)
[2022-12-17 09:30:37] INFO     BIST:Header (ok)
[2022-12-17 09:30:49] INFO     BIST:Header (ok)
[2022-12-17 09:31:00] INFO     BIST:Header (ok)
[2022-12-17 09:31:12] INFO     BIST:Header (ok)
[2022-12-17 09:31:23] INFO     BIST:Header (ok)
[2022-12-17 09:31:35] INFO     BIST:Header (ok)
[2022-12-17 09:31:47] INFO     BIST:Header (ok)
[2022-12-17 09:31:58] INFO     BIST:Header (ok)
[2022-12-17 09:32:10] INFO     BIST:Header (ok)
[2022-12-17 09:32:21] INFO     BIST:Header (ok)
[2022-12-17 09:32:33] INFO     BIST:Header (ok)
[2022-12-17 09:32:45] INFO     BIST:Header (ok)
[2022-12-17 09:32:56] INFO     BIST:Header (ok)
[2022-12-17 09:33:08] INFO     BIST:Header (ok)
[2022-12-17 09:33:20] INFO     BIST:Header (ok)
[2022-12-17 09:33:31] INFO     BIST:Header (ok)
[2022-12-17 09:33:43] INFO     BIST:Header (ok)
[2022-12-17 09:33:54] INFO     BIST:Header (ok)
[2022-12-17 09:34:06] INFO     BIST:Header (ok)
[2022-12-17 09:34:18] INFO     BIST:Header (ok)
[2022-12-17 09:34:29] INFO     BIST:Header (ok)
[2022-12-17 09:34:41] INFO     BIST:Header (ok)
[2022-12-17 09:34:52] INFO     BIST:Header (ok)
[2022-12-17 09:35:04] INFO     BIST:Header (ok)
[2022-12-17 09:35:16] INFO     BIST:Header (ok)
[2022-12-17 09:35:27] INFO     BIST:Header (ok)
[2022-12-17 09:35:39] INFO     BIST:Header (ok)
[2022-12-17 09:35:50] INFO     BIST:Header (ok)
[2022-12-17 09:36:02] INFO     BIST:Header (ok)
[2022-12-17 09:36:14] INFO     BIST:Header (ok)
[2022-12-17 09:36:25] INFO     BIST:Header (ok)
[2022-12-17 09:36:37] INFO     BIST:Header (ok)
[2022-12-17 09:36:49] INFO     BIST:Header (ok)
[2022-12-17 09:37:00] INFO     BIST:Header (ok)
[2022-12-17 09:37:12] INFO     BIST:Header (ok)
[2022-12-17 09:37:23] INFO     BIST:Header (ok)
[2022-12-17 09:37:35] INFO     BIST:Header (ok)
[2022-12-17 09:37:47] INFO     BIST:Header (ok)
[2022-12-17 09:37:58] INFO     BIST:Header (ok)
[2022-12-17 09:38:10] INFO     BIST:Header (ok)
[2022-12-17 09:38:21] INFO     BIST:Header (ok)
[2022-12-17 09:38:33] INFO     BIST:Header (ok)
[2022-12-17 09:38:45] INFO     BIST:Header (ok)
[2022-12-17 09:38:56] INFO     BIST:Header (ok)
[2022-12-17 09:39:08] INFO     BIST:Header (ok)
[2022-12-17 09:39:19] INFO     BIST:Header (ok)
[2022-12-17 09:39:31] INFO     BIST:Header (ok)
[2022-12-17 09:39:43] INFO     BIST:Header (ok)
[2022-12-17 09:39:54] INFO     BIST:Header (ok)
[2022-12-17 09:40:06] INFO     BIST:Header (ok)
[2022-12-17 09:40:18] INFO     BIST:Header (ok)
[2022-12-17 09:40:29] INFO     BIST:Header (ok)
[2022-12-17 09:40:41] INFO     BIST:Header (ok)
[2022-12-17 09:40:52] INFO     BIST:Header (ok)
[2022-12-17 09:41:04] INFO     BIST:Header (ok)
[2022-12-17 09:41:16] INFO     BIST:Header (ok)
[2022-12-17 09:41:27] INFO     BIST:Header (ok)
[2022-12-17 09:41:39] INFO     BIST:Header (ok)
[2022-12-17 09:41:50] INFO     BIST:Header (ok)
[2022-12-17 09:42:02] INFO     BIST:Header (ok)
[2022-12-17 09:42:14] INFO     BIST:Header (ok)
[2022-12-17 09:42:25] INFO     BIST:Header (ok)
[2022-12-17 09:42:37] INFO     BIST:Header (ok)
[2022-12-17 09:42:48] INFO     BIST:Header (ok)
[2022-12-17 09:43:00] INFO     BIST:Header (ok)
[2022-12-17 09:43:12] INFO     BIST:Header (ok)
[2022-12-17 09:43:23] INFO     BIST:Header (ok)
[2022-12-17 09:43:35] INFO     BIST:Header (ok)
[2022-12-17 09:43:47] INFO     BIST:Header (ok)
[2022-12-17 09:43:58] INFO     BIST:Header (ok)
[2022-12-17 09:44:10] INFO     BIST:Header (ok)
[2022-12-17 09:44:21] INFO     BIST:Header (ok)
[2022-12-17 09:44:33] INFO     BIST:Header (ok)
[2022-12-17 09:44:45] INFO     BIST:Header (ok)
[2022-12-17 09:44:56] INFO     BIST:Header (ok)
[2022-12-17 09:45:08] INFO     BIST:Header (ok)
[2022-12-17 09:45:19] INFO     BIST:Header (ok)
[2022-12-17 09:45:31] INFO     BIST:Header (ok)
[2022-12-17 09:45:43] INFO     BIST:Header (ok)
[2022-12-17 09:45:54] INFO     BIST:Header (ok)
[2022-12-17 09:46:06] INFO     BIST:Header (ok)
[2022-12-17 09:46:17] INFO     BIST:Header (ok)
[2022-12-17 09:46:29] INFO     BIST:Header (ok)
[2022-12-17 09:46:41] INFO     BIST:Header (ok)
[2022-12-17 09:46:52] INFO     BIST:Header (ok)
[2022-12-17 09:47:04] INFO     BIST:Header (ok)
[2022-12-17 09:47:16] INFO     BIST:Header (ok)
[2022-12-17 09:47:27] INFO     BIST:Header (ok)
[2022-12-17 09:47:39] INFO     BIST:Header (ok)
[2022-12-17 09:47:50] INFO     BIST:Header (ok)
[2022-12-17 09:48:02] INFO     BIST:Header (ok)
[2022-12-17 09:48:14] INFO     BIST:Header (ok)
[2022-12-17 09:48:25] INFO     BIST:Header (ok)
[2022-12-17 09:48:37] INFO     BIST:Header (ok)
[2022-12-17 09:48:48] INFO     BIST:Header (ok)
[2022-12-17 09:49:00] INFO     BIST:Header (ok)
[2022-12-17 09:49:12] INFO     BIST:Header (ok)
[2022-12-17 09:49:23] INFO     BIST:Header (ok)
[2022-12-17 09:49:35] INFO     BIST:Header (ok)
[2022-12-17 09:49:47] INFO     BIST:Header (ok)
[2022-12-17 09:49:58] INFO     BIST:Header (ok)
[2022-12-17 09:50:10] INFO     BIST:Header (ok)
[2022-12-17 09:50:21] INFO     BIST:Header (ok)
[2022-12-17 09:50:33] INFO     BIST:Header (ok)
[2022-12-17 09:50:45] INFO     BIST:Header (ok)
[2022-12-17 09:50:56] INFO     BIST:Header (ok)
[2022-12-17 09:51:08] INFO     BIST:Header (ok)
[2022-12-17 09:51:19] INFO     BIST:Header (ok)
[2022-12-17 09:51:31] INFO     BIST:Header (ok)
[2022-12-17 09:51:43] INFO     BIST:Header (ok)
[2022-12-17 09:51:54] INFO     BIST:Header (ok)
[2022-12-17 09:52:06] INFO     BIST:Header (ok)
[2022-12-17 09:52:17] INFO     BIST:Header (ok)
[2022-12-17 09:52:29] INFO     BIST:Header (ok)
[2022-12-17 09:52:41] INFO     BIST:Header (ok)
[2022-12-17 09:52:52] INFO     BIST:Header (ok)
[2022-12-17 09:53:04] INFO     BIST:Header (ok)
[2022-12-17 09:53:16] INFO     BIST:Header (ok)
[2022-12-17 09:53:27] INFO     BIST:Header (ok)
[2022-12-17 09:53:39] INFO     BIST:Header (ok)
[2022-12-17 09:53:50] INFO     BIST:Header (ok)
[2022-12-17 09:54:02] INFO     BIST:Header (ok)
[2022-12-17 09:54:14] INFO     BIST:Header (ok)
[2022-12-17 09:54:25] INFO     BIST:Header (ok)
[2022-12-17 09:54:37] INFO     BIST:Header (ok)
[2022-12-17 09:54:48] INFO     BIST:Header (ok)
[2022-12-17 09:55:00] INFO     BIST:Header (ok)
[2022-12-17 09:55:12] INFO     BIST:Header (ok)
[2022-12-17 09:55:23] INFO     BIST:Header (ok)
[2022-12-17 09:55:35] INFO     BIST:Header (ok)
[2022-12-17 09:55:46] INFO     BIST:Header (ok)
[2022-12-17 09:55:58] INFO     BIST:Header (ok)
[2022-12-17 09:56:10] INFO     BIST:Header (ok)
[2022-12-17 09:56:21] INFO     BIST:Header (ok)
[2022-12-17 09:56:33] INFO     BIST:Header (ok)
[2022-12-17 09:56:45] INFO     BIST:Header (ok)
[2022-12-17 09:56:56] INFO     BIST:Header (ok)
[2022-12-17 09:57:08] INFO     BIST:Header (ok)
[2022-12-17 09:57:19] INFO     BIST:Header (ok)
[2022-12-17 09:57:31] INFO     BIST:Header (ok)
[2022-12-17 09:57:43] INFO     BIST:Header (ok)
[2022-12-17 09:57:54] INFO     BIST:Header (ok)
[2022-12-17 09:58:06] INFO     BIST:Header (ok)
[2022-12-17 09:58:17] INFO     BIST:Header (ok)
[2022-12-17 09:58:29] INFO     BIST:Header (ok)
[2022-12-17 09:58:41] INFO     BIST:Header (ok)
[2022-12-17 09:58:52] INFO     BIST:Header (ok)
[2022-12-17 09:59:04] INFO     BIST:Header (ok)
[2022-12-17 09:59:15] INFO     BIST:Header (ok)
[2022-12-17 09:59:27] INFO     BIST:Header (ok)
[2022-12-17 09:59:39] INFO     BIST:Header (ok)
[2022-12-17 09:59:50] INFO     BIST:Header (ok)
[2022-12-17 10:00:02] INFO     BIST:Header (ok)
[2022-12-17 10:00:14] INFO     BIST:Header (ok)
[2022-12-17 10:00:25] INFO     BIST:Header (ok)
[2022-12-17 10:00:37] INFO     BIST:Header (ok)
[2022-12-17 10:00:48] INFO     BIST:Header (ok)
[2022-12-17 10:01:00] INFO     BIST:Header (ok)
[2022-12-17 10:01:12] INFO     BIST:Header (ok)
[2022-12-17 10:01:23] INFO     BIST:Header (ok)
[2022-12-17 10:01:35] INFO     BIST:Header (ok)
[2022-12-17 10:01:46] INFO     BIST:Header (ok)
[2022-12-17 10:01:58] INFO     BIST:Header (ok)
[2022-12-17 10:02:10] INFO     BIST:Header (ok)
[2022-12-17 10:02:21] INFO     BIST:Header (ok)
[2022-12-17 10:02:33] INFO     BIST:Header (ok)
[2022-12-17 10:02:44] INFO     BIST:Header (ok)
[2022-12-17 10:02:56] INFO     BIST:Header (ok)
[2022-12-17 10:03:08] INFO     BIST:Header (ok)
[2022-12-17 10:03:19] INFO     BIST:Header (ok)
[2022-12-17 10:03:31] INFO     BIST:Header (ok)
[2022-12-17 10:03:43] INFO     BIST:Header (ok)
[2022-12-17 10:03:54] INFO     BIST:Header (ok)
[2022-12-17 10:04:06] INFO     BIST:Header (ok)
[2022-12-17 10:04:17] INFO     BIST:Header (ok)
[2022-12-17 10:04:29] INFO     BIST:Header (ok)
[2022-12-17 10:04:41] INFO     BIST:Header (ok)
[2022-12-17 10:04:52] INFO     BIST:Header (ok)
[2022-12-17 10:05:04] INFO     BIST:Header (ok)
[2022-12-17 10:05:15] INFO     BIST:Header (ok)
[2022-12-17 10:05:27] INFO     BIST:Header (ok)
[2022-12-17 10:05:39] INFO     BIST:Header (ok)
[2022-12-17 10:05:50] INFO     BIST:Header (ok)
[2022-12-17 10:06:02] INFO     BIST:Header (ok)
[2022-12-17 10:06:13] INFO     BIST:Header (ok)
[2022-12-17 10:06:25] INFO     BIST:Header (ok)
[2022-12-17 10:06:37] INFO     BIST:Header (ok)
[2022-12-17 10:06:48] INFO     BIST:Header (ok)
[2022-12-17 10:07:00] INFO     BIST:Header (ok)
[2022-12-17 10:07:12] INFO     BIST:Header (ok)
[2022-12-17 10:07:23] INFO     BIST:Header (ok)
[2022-12-17 10:07:35] INFO     BIST:Header (ok)
[2022-12-17 10:07:46] INFO     BIST:Header (ok)
[2022-12-17 10:07:58] INFO     BIST:Header (ok)
[2022-12-17 10:08:10] INFO     BIST:Header (ok)
[2022-12-17 10:08:21] INFO     BIST:Header (ok)
[2022-12-17 10:08:33] INFO     BIST:Header (ok)
[2022-12-17 10:08:44] INFO     BIST:Header (ok)
[2022-12-17 10:08:56] INFO     BIST:Header (ok)
[2022-12-17 10:09:08] INFO     BIST:Header (ok)
[2022-12-17 10:09:19] INFO     BIST:Header (ok)
[2022-12-17 10:09:31] INFO     BIST:Header (ok)
[2022-12-17 10:09:43] INFO     BIST:Header (ok)
[2022-12-17 10:09:54] INFO     BIST:Header (ok)
[2022-12-17 10:10:06] INFO     BIST:Header (ok)
[2022-12-17 10:10:17] INFO     BIST:Header (ok)
[2022-12-17 10:10:29] INFO     BIST:Header (ok)
[2022-12-17 10:10:41] INFO     BIST:Header (ok)
[2022-12-17 10:10:52] INFO     BIST:Header (ok)
[2022-12-17 10:11:04] INFO     BIST:Header (ok)
[2022-12-17 10:11:15] INFO     BIST:Header (ok)
[2022-12-17 10:11:27] INFO     BIST:Header (ok)
[2022-12-17 10:11:39] INFO     BIST:Header (ok)
[2022-12-17 10:11:50] INFO     BIST:Header (ok)
[2022-12-17 10:12:02] INFO     BIST:Header (ok)
[2022-12-17 10:12:13] INFO     BIST:Header (ok)
[2022-12-17 10:12:25] INFO     BIST:Header (ok)
[2022-12-17 10:12:37] INFO     BIST:Header (ok)
[2022-12-17 10:12:48] INFO     BIST:Header (ok)
[2022-12-17 10:13:00] INFO     BIST:Header (ok)
[2022-12-17 10:13:12] INFO     BIST:Header (ok)
[2022-12-17 10:13:23] INFO     BIST:Header (ok)
[2022-12-17 10:13:35] INFO     BIST:Header (ok)
[2022-12-17 10:13:46] INFO     BIST:Header (ok)
[2022-12-17 10:13:58] INFO     BIST:Header (ok)
[2022-12-17 10:14:10] INFO     BIST:Header (ok)
[2022-12-17 10:14:21] INFO     BIST:Header (ok)
[2022-12-17 10:14:33] INFO     BIST:Header (ok)
[2022-12-17 10:14:44] INFO     BIST:Header (ok)
[2022-12-17 10:14:56] INFO     BIST:Header (ok)
[2022-12-17 10:15:08] INFO     BIST:Header (ok)
[2022-12-17 10:15:19] INFO     BIST:Header (ok)
[2022-12-17 10:15:31] INFO     BIST:Header (ok)
[2022-12-17 10:15:42] INFO     BIST:Header (ok)
[2022-12-17 10:15:54] INFO     BIST:Header (ok)
[2022-12-17 10:16:06] INFO     BIST:Header (ok)
[2022-12-17 10:16:17] INFO     BIST:Header (ok)
[2022-12-17 10:16:29] INFO     BIST:Header (ok)
[2022-12-17 10:16:41] INFO     BIST:Header (ok)
[2022-12-17 10:16:52] INFO     BIST:Header (ok)
[2022-12-17 10:17:04] INFO     BIST:Header (ok)
[2022-12-17 10:17:15] INFO     BIST:Header (ok)
[2022-12-17 10:17:27] INFO     BIST:Header (ok)
[2022-12-17 10:17:39] INFO     BIST:Header (ok)
[2022-12-17 10:17:50] INFO     BIST:Header (ok)
[2022-12-17 10:18:02] INFO     BIST:Header (ok)
[2022-12-17 10:18:13] INFO     BIST:Header (ok)
[2022-12-17 10:18:25] INFO     BIST:Header (ok)
[2022-12-17 10:18:37] INFO     BIST:Header (ok)
[2022-12-17 10:18:48] INFO     BIST:Header (ok)
[2022-12-17 10:19:00] INFO     BIST:Header (ok)
[2022-12-17 10:19:11] INFO     BIST:Header (ok)
[2022-12-17 10:19:23] INFO     BIST:Header (ok)
[2022-12-17 10:19:35] INFO     BIST:Header (ok)
[2022-12-17 10:19:46] INFO     BIST:Header (ok)
[2022-12-17 10:19:58] INFO     BIST:Header (ok)
[2022-12-17 10:20:10] INFO     BIST:Header (ok)
[2022-12-17 10:20:21] INFO     BIST:Header (ok)
[2022-12-17 10:20:33] INFO     BIST:Header (ok)
[2022-12-17 10:20:44] INFO     BIST:Header (ok)
[2022-12-17 10:20:56] INFO     BIST:Header (ok)
[2022-12-17 10:21:08] INFO     BIST:Header (ok)
[2022-12-17 10:21:19] INFO     BIST:Header (ok)
[2022-12-17 10:21:31] INFO     BIST:Header (ok)
[2022-12-17 10:21:42] INFO     BIST:Header (ok)
[2022-12-17 10:21:54] INFO     BIST:Header (ok)
[2022-12-17 10:22:06] INFO     BIST:Header (ok)
[2022-12-17 10:22:17] INFO     BIST:Header (ok)
[2022-12-17 10:22:29] INFO     BIST:Header (ok)
[2022-12-17 10:22:40] INFO     BIST:Header (ok)
[2022-12-17 10:22:52] INFO     BIST:Header (ok)
[2022-12-17 10:23:04] INFO     BIST:Header (ok)
[2022-12-17 10:23:15] INFO     BIST:Header (ok)
[2022-12-17 10:23:27] INFO     BIST:Header (ok)
[2022-12-17 10:23:39] INFO     BIST:Header (ok)
[2022-12-17 10:23:50] INFO     BIST:Header (ok)
[2022-12-17 10:24:02] INFO     BIST:Header (ok)
[2022-12-17 10:24:13] INFO     BIST:Header (ok)
[2022-12-17 10:24:25] INFO     BIST:Header (ok)
[2022-12-17 10:24:37] INFO     BIST:Header (ok)
[2022-12-17 10:24:48] INFO     BIST:Header (ok)
[2022-12-17 10:25:00] INFO     BIST:Header (ok)
[2022-12-17 10:25:11] INFO     BIST:Header (ok)
[2022-12-17 10:25:23] INFO     BIST:Header (ok)
[2022-12-17 10:25:35] INFO     BIST:Header (ok)
[2022-12-17 10:25:46] INFO     BIST:Header (ok)
[2022-12-17 10:25:58] INFO     BIST:Header (ok)
[2022-12-17 10:26:10] INFO     BIST:Header (ok)
[2022-12-17 10:26:21] INFO     BIST:Header (ok)
[2022-12-17 10:26:33] INFO     BIST:Header (ok)
[2022-12-17 10:26:44] INFO     BIST:Header (ok)
[2022-12-17 10:26:56] INFO     BIST:Header (ok)
[2022-12-17 10:27:08] INFO     BIST:Header (ok)
[2022-12-17 10:27:19] INFO     BIST:Header (ok)
[2022-12-17 10:27:31] INFO     BIST:Header (ok)
[2022-12-17 10:27:42] INFO     BIST:Header (ok)
[2022-12-17 10:27:54] INFO     BIST:Header (ok)
[2022-12-17 10:28:06] INFO     BIST:Header (ok)
[2022-12-17 10:28:17] INFO     BIST:Header (ok)
[2022-12-17 10:28:29] INFO     BIST:Header (ok)
[2022-12-17 10:28:40] INFO     BIST:Header (ok)
[2022-12-17 10:28:52] INFO     BIST:Header (ok)
[2022-12-17 10:29:04] INFO     BIST:Header (ok)
[2022-12-17 10:29:15] INFO     BIST:Header (ok)
[2022-12-17 10:29:27] INFO     BIST:Header (ok)
[2022-12-17 10:29:39] INFO     BIST:Header (ok)
[2022-12-17 10:29:50] INFO     BIST:Header (ok)
[2022-12-17 10:30:02] INFO     BIST:Header (ok)
[2022-12-17 10:30:13] INFO     BIST:Header (ok)
[2022-12-17 10:30:25] INFO     BIST:Header (ok)
[2022-12-17 10:30:37] INFO     BIST:Header (ok)
[2022-12-17 10:30:48] INFO     BIST:Header (ok)
[2022-12-17 10:31:00] INFO     BIST:Header (ok)
[2022-12-17 10:31:11] INFO     BIST:Header (ok)
[2022-12-17 10:31:23] INFO     BIST:Header (ok)
[2022-12-17 10:31:35] INFO     BIST:Header (ok)
[2022-12-17 10:31:46] INFO     BIST:Header (ok)
[2022-12-17 10:31:58] INFO     BIST:Header (ok)
[2022-12-17 10:32:09] INFO     BIST:Header (ok)
[2022-12-17 10:32:21] INFO     BIST:Header (ok)
[2022-12-17 10:32:33] INFO     BIST:Header (ok)
[2022-12-17 10:32:44] INFO     BIST:Header (ok)
[2022-12-17 10:32:56] INFO     BIST:Header (ok)
[2022-12-17 10:33:08] INFO     BIST:Header (ok)
[2022-12-17 10:33:19] INFO     BIST:Header (ok)
[2022-12-17 10:33:31] INFO     BIST:Header (ok)
[2022-12-17 10:33:42] INFO     BIST:Header (ok)
[2022-12-17 10:33:54] INFO     BIST:Header (ok)
[2022-12-17 10:34:06] INFO     BIST:Header (ok)
[2022-12-17 10:34:17] INFO     BIST:Header (ok)
[2022-12-17 10:34:29] INFO     BIST:Header (ok)
[2022-12-17 10:34:40] INFO     BIST:Header (ok)
[2022-12-17 10:34:52] INFO     BIST:Header (ok)
[2022-12-17 10:35:04] INFO     BIST:Header (ok)
[2022-12-17 10:35:15] INFO     BIST:Header (ok)
[2022-12-17 10:35:27] INFO     BIST:Header (ok)
[2022-12-17 10:35:38] INFO     BIST:Header (ok)
[2022-12-17 10:35:50] INFO     BIST:Header (ok)
[2022-12-17 10:36:02] INFO     BIST:Header (ok)
[2022-12-17 10:36:13] INFO     BIST:Header (ok)
[2022-12-17 10:36:25] INFO     BIST:Header (ok)
[2022-12-17 10:36:37] INFO     BIST:Header (ok)
[2022-12-17 10:36:48] INFO     BIST:Header (ok)
[2022-12-17 10:37:00] INFO     BIST:Header (ok)
[2022-12-17 10:37:11] INFO     BIST:Header (ok)
[2022-12-17 10:37:23] INFO     BIST:Header (ok)
[2022-12-17 10:37:35] INFO     BIST:Header (ok)
[2022-12-17 10:37:46] INFO     BIST:Header (ok)
[2022-12-17 10:37:58] INFO     BIST:Header (ok)
[2022-12-17 10:38:09] INFO     BIST:Header (ok)
[2022-12-17 10:38:21] INFO     BIST:Header (ok)
[2022-12-17 10:38:33] INFO     BIST:Header (ok)
[2022-12-17 10:38:44] INFO     BIST:Header (ok)
[2022-12-17 10:38:56] INFO     BIST:Header (ok)
[2022-12-17 10:39:07] INFO     BIST:Header (ok)
[2022-12-17 10:39:19] INFO     BIST:Header (ok)
[2022-12-17 10:39:31] INFO     BIST:Header (ok)
[2022-12-17 10:39:42] INFO     BIST:Header (ok)
[2022-12-17 10:39:54] INFO     BIST:Header (ok)
[2022-12-17 10:40:06] INFO     BIST:Header (ok)
[2022-12-17 10:40:17] INFO     BIST:Header (ok)
[2022-12-17 10:40:29] INFO     BIST:Header (ok)
[2022-12-17 10:40:40] INFO     BIST:Header (ok)
[2022-12-17 10:40:52] INFO     BIST:Header (ok)
[2022-12-17 10:41:04] INFO     BIST:Header (ok)
[2022-12-17 10:41:15] INFO     BIST:Header (ok)
[2022-12-17 10:41:27] INFO     BIST:Header (ok)
[2022-12-17 10:41:38] INFO     BIST:Header (ok)
[2022-12-17 10:41:50] INFO     BIST:Header (ok)
[2022-12-17 10:42:02] INFO     BIST:Header (ok)
[2022-12-17 10:42:13] INFO     BIST:Header (ok)
[2022-12-17 10:42:25] INFO     BIST:Header (ok)
[2022-12-17 10:42:37] INFO     BIST:Header (ok)
[2022-12-17 10:42:48] INFO     BIST:Header (ok)
[2022-12-17 10:43:00] INFO     BIST:Header (ok)
[2022-12-17 10:43:11] INFO     BIST:Header (ok)
[2022-12-17 10:43:23] INFO     BIST:Header (ok)
[2022-12-17 10:43:35] INFO     BIST:Header (ok)
[2022-12-17 10:43:46] INFO     BIST:Header (ok)
[2022-12-17 10:43:58] INFO     BIST:Header (ok)
[2022-12-17 10:44:09] INFO     BIST:Header (ok)
[2022-12-17 10:44:21] INFO     BIST:Header (ok)
[2022-12-17 10:44:33] INFO     BIST:Header (ok)
[2022-12-17 10:44:44] INFO     BIST:Header (ok)
[2022-12-17 10:44:56] INFO     BIST:Header (ok)
[2022-12-17 10:45:07] INFO     BIST:Header (ok)
[2022-12-17 10:45:19] INFO     BIST:Header (ok)
[2022-12-17 10:45:31] INFO     BIST:Header (ok)
[2022-12-17 10:45:42] INFO     BIST:Header (ok)
[2022-12-17 10:45:54] INFO     BIST:Header (ok)
[2022-12-17 10:46:06] INFO     BIST:Header (ok)
[2022-12-17 10:46:17] INFO     BIST:Header (ok)
[2022-12-17 10:46:29] INFO     BIST:Header (ok)
[2022-12-17 10:46:40] INFO     BIST:Header (ok)
[2022-12-17 10:46:52] INFO     BIST:Header (ok)
[2022-12-17 10:47:04] INFO     BIST:Header (ok)
[2022-12-17 10:47:15] INFO     BIST:Header (ok)
[2022-12-17 10:47:27] INFO     BIST:Header (ok)
[2022-12-17 10:47:38] INFO     BIST:Header (ok)
[2022-12-17 10:47:50] INFO     BIST:Header (ok)
[2022-12-17 10:48:02] INFO     BIST:Header (ok)
[2022-12-17 10:48:13] INFO     BIST:Header (ok)
[2022-12-17 10:48:25] INFO     BIST:Header (ok)
[2022-12-17 10:48:36] INFO     BIST:Header (ok)
[2022-12-17 10:48:48] INFO     BIST:Header (ok)
[2022-12-17 10:49:00] INFO     BIST:Header (ok)
[2022-12-17 10:49:11] INFO     BIST:Header (ok)
[2022-12-17 10:49:23] INFO     BIST:Header (ok)
[2022-12-17 10:49:35] INFO     BIST:Header (ok)
[2022-12-17 10:49:46] INFO     BIST:Header (ok)
[2022-12-17 10:49:58] INFO     BIST:Header (ok)
[2022-12-17 10:50:09] INFO     BIST:Header (ok)
[2022-12-17 10:50:21] INFO     BIST:Header (ok)
[2022-12-17 10:50:33] INFO     BIST:Header (ok)
[2022-12-17 10:50:44] INFO     BIST:Header (ok)
[2022-12-17 10:50:56] INFO     BIST:Header (ok)
[2022-12-17 10:51:07] INFO     BIST:Header (ok)
[2022-12-17 10:51:19] INFO     BIST:Header (ok)
[2022-12-17 10:51:31] INFO     BIST:Header (ok)
[2022-12-17 10:51:42] INFO     BIST:Header (ok)
[2022-12-17 10:51:54] INFO     BIST:Header (ok)
[2022-12-17 10:52:05] INFO     BIST:Header (ok)
[2022-12-17 10:52:17] INFO     BIST:Header (ok)
[2022-12-17 10:52:29] INFO     BIST:Header (ok)
[2022-12-17 10:52:40] INFO     BIST:Header (ok)
[2022-12-17 10:52:52] INFO     BIST:Header (ok)
[2022-12-17 10:53:04] INFO     BIST:Header (ok)
[2022-12-17 10:53:15] INFO     BIST:Header (ok)
[2022-12-17 10:53:27] INFO     BIST:Header (ok)
[2022-12-17 10:53:38] INFO     BIST:Header (ok)
[2022-12-17 10:53:50] INFO     BIST:Header (ok)
[2022-12-17 10:54:02] INFO     BIST:Header (ok)
[2022-12-17 10:54:13] INFO     BIST:Header (ok)
[2022-12-17 10:54:25] INFO     BIST:Header (ok)
[2022-12-17 10:54:36] INFO     BIST:Header (ok)
[2022-12-17 10:54:48] INFO     BIST:Header (ok)
[2022-12-17 10:55:00] INFO     BIST:Header (ok)
[2022-12-17 10:55:11] INFO     BIST:Header (ok)
[2022-12-17 10:55:23] INFO     BIST:Header (ok)
[2022-12-17 10:55:34] INFO     BIST:Header (ok)
[2022-12-17 10:55:46] INFO     BIST:Header (ok)
[2022-12-17 10:55:58] INFO     BIST:Header (ok)
[2022-12-17 10:56:09] INFO     BIST:Header (ok)
[2022-12-17 10:56:21] INFO     BIST:Header (ok)
[2022-12-17 10:56:33] INFO     BIST:Header (ok)
[2022-12-17 10:56:44] INFO     BIST:Header (ok)
[2022-12-17 10:56:56] INFO     BIST:Header (ok)
[2022-12-17 10:57:07] INFO     BIST:Header (ok)
[2022-12-17 10:57:19] INFO     BIST:Header (ok)
[2022-12-17 10:57:31] INFO     BIST:Header (ok)
[2022-12-17 10:57:42] INFO     BIST:Header (ok)
[2022-12-17 10:57:54] INFO     BIST:Header (ok)
[2022-12-17 10:58:05] INFO     BIST:Header (ok)
[2022-12-17 10:58:17] INFO     BIST:Header (ok)
[2022-12-17 10:58:29] INFO     BIST:Header (ok)
[2022-12-17 10:58:40] INFO     BIST:Header (ok)
[2022-12-17 10:58:52] INFO     BIST:Header (ok)
[2022-12-17 10:59:03] INFO     BIST:Header (ok)
[2022-12-17 10:59:15] INFO     BIST:Header (ok)
[2022-12-17 10:59:27] INFO     BIST:Header (ok)
[2022-12-17 10:59:38] INFO     BIST:Header (ok)
[2022-12-17 10:59:50] INFO     BIST:Header (ok)
[2022-12-17 11:00:02] INFO     BIST:Header (ok)
[2022-12-17 11:00:13] INFO     BIST:Header (ok)
[2022-12-17 11:00:25] INFO     BIST:Header (ok)
[2022-12-17 11:00:36] INFO     BIST:Header (ok)
[2022-12-17 11:00:48] INFO     BIST:Header (ok)
[2022-12-17 11:01:00] INFO     BIST:Header (ok)
[2022-12-17 11:01:11] INFO     BIST:Header (ok)
[2022-12-17 11:01:23] INFO     BIST:Header (ok)
[2022-12-17 11:01:34] INFO     BIST:Header (ok)
[2022-12-17 11:01:46] INFO     BIST:Header (ok)
[2022-12-17 11:01:58] INFO     BIST:Header (ok)
[2022-12-17 11:02:09] INFO     BIST:Header (ok)
[2022-12-17 11:02:21] INFO     BIST:Header (ok)
[2022-12-17 11:02:32] INFO     BIST:Header (ok)
[2022-12-17 11:02:44] INFO     BIST:Header (ok)
[2022-12-17 11:02:56] INFO     BIST:Header (ok)
[2022-12-17 11:03:07] INFO     BIST:Header (ok)
[2022-12-17 11:03:19] INFO     BIST:Header (ok)
[2022-12-17 11:03:31] INFO     BIST:Header (ok)
[2022-12-17 11:03:42] INFO     BIST:Header (ok)
[2022-12-17 11:03:54] INFO     BIST:Header (ok)
[2022-12-17 11:04:05] INFO     BIST:Header (ok)
[2022-12-17 11:04:17] INFO     BIST:Header (ok)
[2022-12-17 11:04:29] INFO     BIST:Header (ok)
[2022-12-17 11:04:40] INFO     BIST:Header (ok)
[2022-12-17 11:04:52] INFO     BIST:Header (ok)
[2022-12-17 11:05:03] INFO     BIST:Header (ok)
[2022-12-17 11:05:15] INFO     BIST:Header (ok)
[2022-12-17 11:05:27] INFO     BIST:Header (ok)
[2022-12-17 11:05:38] INFO     BIST:Header (ok)
[2022-12-17 11:05:50] INFO     BIST:Header (ok)
[2022-12-17 11:06:02] INFO     BIST:Header (ok)
[2022-12-17 11:06:13] INFO     BIST:Header (ok)
[2022-12-17 11:06:25] INFO     BIST:Header (ok)
[2022-12-17 11:06:36] INFO     BIST:Header (ok)
[2022-12-17 11:06:48] INFO     BIST:Header (ok)
[2022-12-17 11:07:00] INFO     BIST:Header (ok)
[2022-12-17 11:07:11] INFO     BIST:Header (ok)
[2022-12-17 11:07:23] INFO     BIST:Header (ok)
[2022-12-17 11:07:34] INFO     BIST:Header (ok)
[2022-12-17 11:07:46] INFO     BIST:Header (ok)
[2022-12-17 11:07:58] INFO     BIST:Header (ok)
[2022-12-17 11:08:09] INFO     BIST:Header (ok)
[2022-12-17 11:08:21] INFO     BIST:Header (ok)
[2022-12-17 11:08:32] INFO     BIST:Header (ok)
[2022-12-17 11:08:44] INFO     BIST:Header (ok)
[2022-12-17 11:08:56] INFO     BIST:Header (ok)
[2022-12-17 11:09:07] INFO     BIST:Header (ok)
[2022-12-17 11:09:19] INFO     BIST:Header (ok)
[2022-12-17 11:09:31] INFO     BIST:Header (ok)
[2022-12-17 11:09:42] INFO     BIST:Header (ok)
[2022-12-17 11:09:54] INFO     BIST:Header (ok)
[2022-12-17 11:10:05] INFO     BIST:Header (ok)
[2022-12-17 11:10:17] INFO     BIST:Header (ok)
[2022-12-17 11:10:29] INFO     BIST:Header (ok)
[2022-12-17 11:10:40] INFO     BIST:Header (ok)
[2022-12-17 11:10:52] INFO     BIST:Header (ok)
[2022-12-17 11:11:03] INFO     BIST:Header (ok)
[2022-12-17 11:11:15] INFO     BIST:Header (ok)
[2022-12-17 11:11:27] INFO     BIST:Header (ok)
[2022-12-17 11:11:38] INFO     BIST:Header (ok)
[2022-12-17 11:11:50] INFO     BIST:Header (ok)
[2022-12-17 11:12:01] INFO     BIST:Header (ok)
[2022-12-17 11:12:13] INFO     BIST:Header (ok)
[2022-12-17 11:12:25] INFO     BIST:Header (ok)
[2022-12-17 11:12:36] INFO     BIST:Header (ok)
[2022-12-17 11:12:48] INFO     BIST:Header (ok)
[2022-12-17 11:13:00] INFO     BIST:Header (ok)
[2022-12-17 11:13:11] INFO     BIST:Header (ok)
[2022-12-17 11:13:23] INFO     BIST:Header (ok)
[2022-12-17 11:13:34] INFO     BIST:Header (ok)
[2022-12-17 11:13:46] INFO     BIST:Header (ok)
[2022-12-17 11:13:58] INFO     BIST:Header (ok)
[2022-12-17 11:14:09] INFO     BIST:Header (ok)
[2022-12-17 11:14:21] INFO     BIST:Header (ok)
[2022-12-17 11:14:32] INFO     BIST:Header (ok)
[2022-12-17 11:14:44] INFO     BIST:Header (ok)
[2022-12-17 11:14:56] INFO     BIST:Header (ok)
[2022-12-17 11:15:07] INFO     BIST:Header (ok)
[2022-12-17 11:15:19] INFO     BIST:Header (ok)
[2022-12-17 11:15:30] INFO     BIST:Header (ok)
[2022-12-17 11:15:42] INFO     BIST:Header (ok)
[2022-12-17 11:15:54] INFO     BIST:Header (ok)
[2022-12-17 11:16:05] INFO     BIST:Header (ok)
[2022-12-17 11:16:17] INFO     BIST:Header (ok)
[2022-12-17 11:16:29] INFO     BIST:Header (ok)
[2022-12-17 11:16:40] INFO     BIST:Header (ok)
[2022-12-17 11:16:52] INFO     BIST:Header (ok)
[2022-12-17 11:17:03] INFO     BIST:Header (ok)
[2022-12-17 11:17:15] INFO     BIST:Header (ok)
[2022-12-17 11:17:27] INFO     BIST:Header (ok)
[2022-12-17 11:17:38] INFO     BIST:Header (ok)
[2022-12-17 11:17:50] INFO     BIST:Header (ok)
[2022-12-17 11:18:01] INFO     BIST:Header (ok)
[2022-12-17 11:18:13] INFO     BIST:Header (ok)
[2022-12-17 11:18:25] INFO     BIST:Header (ok)
[2022-12-17 11:18:36] INFO     BIST:Header (ok)
[2022-12-17 11:18:48] INFO     BIST:Header (ok)
[2022-12-17 11:18:59] INFO     BIST:Header (ok)
[2022-12-17 11:19:11] INFO     BIST:Header (ok)
[2022-12-17 11:19:23] INFO     BIST:Header (ok)
[2022-12-17 11:19:34] INFO     BIST:Header (ok)
[2022-12-17 11:19:46] INFO     BIST:Header (ok)
[2022-12-17 11:19:58] INFO     BIST:Header (ok)
[2022-12-17 11:20:09] INFO     BIST:Header (ok)
[2022-12-17 11:20:21] INFO     BIST:Header (ok)
[2022-12-17 11:20:32] INFO     BIST:Header (ok)
[2022-12-17 11:20:44] INFO     BIST:Header (ok)
[2022-12-17 11:20:56] INFO     BIST:Header (ok)
[2022-12-17 11:21:07] INFO     BIST:Header (ok)
[2022-12-17 11:21:19] INFO     BIST:Header (ok)
[2022-12-17 11:21:30] INFO     BIST:Header (ok)
[2022-12-17 11:21:42] INFO     BIST:Header (ok)
[2022-12-17 11:21:54] INFO     BIST:Header (ok)
[2022-12-17 11:22:05] INFO     BIST:Header (ok)
[2022-12-17 11:22:17] INFO     BIST:Header (ok)
[2022-12-17 11:22:29] INFO     BIST:Header (ok)
[2022-12-17 11:22:40] INFO     BIST:Header (ok)
[2022-12-17 11:22:58] ERROR    UART:expect timeout (delay 15s)
[2022-12-17 11:22:58] INFO     STATE:Terminal Recovery State
[2022-12-17 11:22:58] INFO     UART:Serial port /dev/ttyUSB7 closed
[2022-12-17 11:23:01] INFO     UART:Searching for ttyUSB device (Attempt 1)
[2022-12-17 11:23:01] INFO     UART:Found tty device:/dev/ttyUSB7
[2022-12-17 11:23:01] INFO     UART:Serial port /dev/ttyUSB7 open
[2022-12-17 11:23:11] ERROR    UART:expect timeout (delay 10s)
[2022-12-17 11:23:11] INFO     STATE:Reset Recovery State
[2022-12-17 11:23:11] INFO     UARTBONE I ADDR=000013C8
[2022-12-17 11:23:11] INFO     Issuing UART bone reset
[2022-12-17 11:23:12] INFO     UARTBONE I ADDR=000001F8
[2022-12-17 11:23:12] INFO     STATE:LiteX Login State
[2022-12-17 11:23:12] INFO     STATE:Start BIST State
[2022-12-17 11:23:22] ERROR    UART:expect timeout (delay 10s)
[2022-12-17 11:23:22] INFO     STATE:BIST Execution State
[2022-12-17 11:23:37] ERROR    UART:expect timeout (delay 15s)
[2022-12-17 11:23:37] INFO     STATE:Terminal Recovery State
[2022-12-17 11:23:37] INFO     UART:Serial port /dev/ttyUSB7 closed
[2022-12-17 11:23:40] INFO     UART:Searching for ttyUSB device (Attempt 1)
[2022-12-17 11:23:40] INFO     UART:Found tty device:/dev/ttyUSB7
[2022-12-17 11:23:40] INFO     UART:Serial port /dev/ttyUSB7 open
[2022-12-17 11:23:50] ERROR    UART:expect timeout (delay 10s)
[2022-12-17 11:23:50] INFO     STATE:Reset Recovery State
[2022-12-17 11:23:50] INFO     UARTBONE I ADDR=00001350
[2022-12-17 11:23:50] INFO     Issuing UART bone reset
[2022-12-17 11:23:51] INFO     UARTBONE I ADDR=000001F8
[2022-12-17 11:23:51] INFO     STATE:LiteX Login State
[2022-12-17 11:23:51] INFO     STATE:Start BIST State
[2022-12-17 11:24:01] ERROR    UART:expect timeout (delay 10s)
[2022-12-17 11:24:01] INFO     STATE:BIST Execution State
[2022-12-17 11:24:16] ERROR    UART:expect timeout (delay 15s)
[2022-12-17 11:24:16] INFO     STATE:Terminal Recovery State
[2022-12-17 11:24:16] INFO     UART:Serial port /dev/ttyUSB7 closed
[2022-12-17 11:24:19] INFO     UART:Searching for ttyUSB device (Attempt 1)
[2022-12-17 11:24:19] INFO     UART:Found tty device:/dev/ttyUSB7
[2022-12-17 11:24:19] INFO     UART:Serial port /dev/ttyUSB7 open
[2022-12-17 11:24:29] ERROR    UART:expect timeout (delay 10s)
[2022-12-17 11:24:29] INFO     STATE:Reset Recovery State
[2022-12-17 11:24:29] INFO     UARTBONE I ADDR=00001350
[2022-12-17 11:24:29] INFO     Issuing UART bone reset
[2022-12-17 11:24:30] INFO     UARTBONE I ADDR=000001F8
[2022-12-17 11:24:30] INFO     STATE:LiteX Login State
[2022-12-17 11:24:31] INFO     STATE:Start BIST State
[2022-12-17 11:24:41] ERROR    UART:expect timeout (delay 10s)
[2022-12-17 11:24:41] INFO     STATE:BIST Execution State
[2022-12-17 11:24:56] ERROR    UART:expect timeout (delay 15s)
[2022-12-17 11:24:56] INFO     STATE:Terminal Recovery State
[2022-12-17 11:24:56] INFO     UART:Serial port /dev/ttyUSB7 closed
[2022-12-17 11:24:59] INFO     UART:Searching for ttyUSB device (Attempt 1)
[2022-12-17 11:24:59] INFO     UART:Found tty device:/dev/ttyUSB7
[2022-12-17 11:24:59] INFO     UART:Serial port /dev/ttyUSB7 open
[2022-12-17 11:25:09] ERROR    UART:expect timeout (delay 10s)
[2022-12-17 11:25:09] INFO     STATE:Reset Recovery State
[2022-12-17 11:25:09] INFO     UARTBONE I ADDR=00001350
[2022-12-17 11:25:09] INFO     Issuing UART bone reset
[2022-12-17 11:25:10] INFO     UARTBONE I ADDR=000001F8
[2022-12-17 11:25:10] INFO     STATE:LiteX Login State
[2022-12-17 11:25:10] INFO     STATE:Start BIST State
[2022-12-17 11:25:20] ERROR    UART:expect timeout (delay 10s)
[2022-12-17 11:25:20] INFO     STATE:BIST Execution State
[2022-12-17 11:25:35] ERROR    UART:expect timeout (delay 15s)
[2022-12-17 11:25:35] INFO     STATE:Terminal Recovery State
[2022-12-17 11:25:35] INFO     UART:Serial port /dev/ttyUSB7 closed
[2022-12-17 11:25:38] INFO     UART:Searching for ttyUSB device (Attempt 1)
[2022-12-17 11:25:38] INFO     UART:Found tty device:/dev/ttyUSB7
[2022-12-17 11:25:38] INFO     UART:Serial port /dev/ttyUSB7 open
[2022-12-17 11:25:48] ERROR    UART:expect timeout (delay 10s)
[2022-12-17 11:25:48] INFO     STATE:Reset Recovery State
[2022-12-17 11:25:48] INFO     UARTBONE I ADDR=00001350
[2022-12-17 11:25:48] INFO     Issuing UART bone reset
[2022-12-17 11:25:49] INFO     UARTBONE I ADDR=000001F8
[2022-12-17 11:25:49] INFO     STATE:LiteX Login State
[2022-12-17 11:25:49] INFO     STATE:Start BIST State
[2022-12-17 11:25:59] ERROR    UART:expect timeout (delay 10s)
[2022-12-17 11:25:59] INFO     STATE:BIST Execution State
[2022-12-17 11:26:14] ERROR    UART:expect timeout (delay 15s)
[2022-12-17 11:26:14] INFO     STATE:Terminal Recovery State
[2022-12-17 11:26:14] INFO     UART:Serial port /dev/ttyUSB7 closed
[2022-12-17 11:26:17] INFO     UART:Searching for ttyUSB device (Attempt 1)
[2022-12-17 11:26:17] INFO     UART:Found tty device:/dev/ttyUSB7
[2022-12-17 11:26:17] INFO     UART:Serial port /dev/ttyUSB7 open
[2022-12-17 11:26:27] ERROR    UART:expect timeout (delay 10s)
[2022-12-17 11:26:27] INFO     STATE:Reset Recovery State
[2022-12-17 11:26:27] INFO     UARTBONE I ADDR=00001350
[2022-12-17 11:26:27] INFO     Issuing UART bone reset
[2022-12-17 11:26:28] INFO     UARTBONE I ADDR=000001F8
[2022-12-17 11:26:28] INFO     STATE:LiteX Login State
[2022-12-17 11:26:28] INFO     STATE:Start BIST State
[2022-12-17 11:26:38] ERROR    UART:expect timeout (delay 10s)
[2022-12-17 11:26:38] INFO     STATE:BIST Execution State
[2022-12-17 11:26:53] ERROR    UART:expect timeout (delay 15s)
[2022-12-17 11:26:53] INFO     STATE:Terminal Recovery State
[2022-12-17 11:26:53] INFO     UART:Serial port /dev/ttyUSB7 closed
[2022-12-17 11:26:56] INFO     UART:Searching for ttyUSB device (Attempt 1)
[2022-12-17 11:26:56] INFO     UART:Found tty device:/dev/ttyUSB7
[2022-12-17 11:26:56] INFO     UART:Serial port /dev/ttyUSB7 open
[2022-12-17 11:27:06] ERROR    UART:expect timeout (delay 10s)
[2022-12-17 11:27:06] INFO     STATE:Reset Recovery State
[2022-12-17 11:27:06] INFO     UARTBONE I ADDR=00001350
[2022-12-17 11:27:06] INFO     Issuing UART bone reset
[2022-12-17 11:27:07] INFO     UARTBONE I ADDR=000001F8
[2022-12-17 11:27:07] INFO     STATE:LiteX Login State
[2022-12-17 11:27:07] INFO     STATE:Start BIST State
[2022-12-17 11:27:17] ERROR    UART:expect timeout (delay 10s)
[2022-12-17 11:27:17] INFO     STATE:BIST Execution State
[2022-12-17 11:27:32] ERROR    UART:expect timeout (delay 15s)
[2022-12-17 11:27:32] INFO     STATE:Terminal Recovery State
[2022-12-17 11:27:32] INFO     UART:Serial port /dev/ttyUSB7 closed
[2022-12-17 11:27:35] INFO     UART:Searching for ttyUSB device (Attempt 1)
[2022-12-17 11:27:35] INFO     UART:Found tty device:/dev/ttyUSB7
[2022-12-17 11:27:35] INFO     UART:Serial port /dev/ttyUSB7 open
[2022-12-17 11:27:45] ERROR    UART:expect timeout (delay 10s)
[2022-12-17 11:27:45] INFO     STATE:Reset Recovery State
[2022-12-17 11:27:45] INFO     UARTBONE I ADDR=00001350
[2022-12-17 11:27:45] INFO     Issuing UART bone reset
[2022-12-17 11:27:46] INFO     UARTBONE I ADDR=000001F8
[2022-12-17 11:27:46] INFO     STATE:LiteX Login State
[2022-12-17 11:27:47] INFO     STATE:Start BIST State
[2022-12-17 11:27:57] ERROR    UART:expect timeout (delay 10s)
[2022-12-17 11:27:57] INFO     STATE:BIST Execution State
[2022-12-17 11:28:12] ERROR    UART:expect timeout (delay 15s)
[2022-12-17 11:28:12] INFO     STATE:Terminal Recovery State
[2022-12-17 11:28:12] INFO     UART:Serial port /dev/ttyUSB7 closed
[2022-12-17 11:28:15] INFO     UART:Searching for ttyUSB device (Attempt 1)
[2022-12-17 11:28:15] INFO     UART:Found tty device:/dev/ttyUSB7
[2022-12-17 11:28:15] INFO     UART:Serial port /dev/ttyUSB7 open
[2022-12-17 11:28:25] ERROR    UART:expect timeout (delay 10s)
[2022-12-17 11:28:25] INFO     STATE:Reset Recovery State
[2022-12-17 11:28:25] INFO     UARTBONE I ADDR=00001350
[2022-12-17 11:28:25] INFO     Issuing UART bone reset
[2022-12-17 11:28:26] INFO     UARTBONE I ADDR=000001F8
[2022-12-17 11:28:26] INFO     STATE:LiteX Login State
[2022-12-17 11:28:26] INFO     STATE:Start BIST State
[2022-12-17 11:28:36] ERROR    UART:expect timeout (delay 10s)
[2022-12-17 11:28:36] INFO     STATE:BIST Execution State
[2022-12-17 11:28:51] ERROR    UART:expect timeout (delay 15s)
[2022-12-17 11:28:51] INFO     STATE:Terminal Recovery State
[2022-12-17 11:28:51] INFO     UART:Serial port /dev/ttyUSB7 closed
[2022-12-17 11:28:54] INFO     UART:Searching for ttyUSB device (Attempt 1)
[2022-12-17 11:28:54] INFO     UART:Found tty device:/dev/ttyUSB7
[2022-12-17 11:28:54] INFO     UART:Serial port /dev/ttyUSB7 open
[2022-12-17 11:29:04] ERROR    UART:expect timeout (delay 10s)
[2022-12-17 11:29:04] INFO     STATE:Reset Recovery State
[2022-12-17 11:29:04] INFO     UARTBONE I ADDR=00001350
[2022-12-17 11:29:04] INFO     Issuing UART bone reset
[2022-12-17 11:29:05] INFO     UARTBONE I ADDR=000001F8
[2022-12-17 11:29:05] INFO     STATE:LiteX Login State
[2022-12-17 11:29:05] INFO     STATE:Start BIST State
[2022-12-17 11:29:15] ERROR    UART:expect timeout (delay 10s)
[2022-12-17 11:29:15] INFO     STATE:BIST Execution State
[2022-12-17 11:29:30] ERROR    UART:expect timeout (delay 15s)
[2022-12-17 11:29:30] INFO     STATE:Terminal Recovery State
[2022-12-17 11:29:30] INFO     UART:Serial port /dev/ttyUSB7 closed
[2022-12-17 11:29:33] INFO     UART:Searching for ttyUSB device (Attempt 1)
[2022-12-17 11:29:33] INFO     UART:Found tty device:/dev/ttyUSB7
[2022-12-17 11:29:33] INFO     UART:Serial port /dev/ttyUSB7 open
[2022-12-17 11:29:43] ERROR    UART:expect timeout (delay 10s)
[2022-12-17 11:29:43] INFO     STATE:Reset Recovery State
[2022-12-17 11:29:43] INFO     UARTBONE I ADDR=00001350
[2022-12-17 11:29:43] INFO     Issuing UART bone reset
[2022-12-17 11:29:44] INFO     UARTBONE I ADDR=000001F8
[2022-12-17 11:29:44] INFO     STATE:LiteX Login State
[2022-12-17 11:29:44] INFO     STATE:Start BIST State
[2022-12-17 11:29:54] ERROR    UART:expect timeout (delay 10s)
[2022-12-17 11:29:54] INFO     STATE:BIST Execution State
[2022-12-17 11:30:09] ERROR    UART:expect timeout (delay 15s)
[2022-12-17 11:30:09] INFO     STATE:Terminal Recovery State
[2022-12-17 11:30:09] INFO     UART:Serial port /dev/ttyUSB7 closed
[2022-12-17 11:30:12] INFO     UART:Searching for ttyUSB device (Attempt 1)
[2022-12-17 11:30:12] INFO     UART:Found tty device:/dev/ttyUSB7
[2022-12-17 11:30:12] INFO     UART:Serial port /dev/ttyUSB7 open
[2022-12-17 11:30:22] ERROR    UART:expect timeout (delay 10s)
[2022-12-17 11:30:22] INFO     STATE:Reset Recovery State
[2022-12-17 11:30:22] INFO     UARTBONE I ADDR=00001350
[2022-12-17 11:30:22] INFO     Issuing UART bone reset
[2022-12-17 11:30:23] INFO     UARTBONE I ADDR=000001F8
[2022-12-17 11:30:23] INFO     STATE:LiteX Login State
[2022-12-17 11:30:23] INFO     STATE:Start BIST State
[2022-12-17 11:30:33] ERROR    UART:expect timeout (delay 10s)
[2022-12-17 11:30:33] INFO     STATE:BIST Execution State
[2022-12-17 11:30:48] ERROR    UART:expect timeout (delay 15s)
[2022-12-17 11:30:48] INFO     STATE:Terminal Recovery State
[2022-12-17 11:30:48] INFO     UART:Serial port /dev/ttyUSB7 closed
[2022-12-17 11:30:51] INFO     UART:Searching for ttyUSB device (Attempt 1)
[2022-12-17 11:30:51] INFO     UART:Found tty device:/dev/ttyUSB7
[2022-12-17 11:30:51] INFO     UART:Serial port /dev/ttyUSB7 open
[2022-12-17 11:31:01] ERROR    UART:expect timeout (delay 10s)
[2022-12-17 11:31:01] INFO     STATE:Reset Recovery State
[2022-12-17 11:31:01] INFO     UARTBONE I ADDR=00001350
[2022-12-17 11:31:01] INFO     Issuing UART bone reset
[2022-12-17 11:31:02] INFO     UARTBONE I ADDR=000001F8
[2022-12-17 11:31:02] INFO     STATE:LiteX Login State
[2022-12-17 11:31:02] INFO     STATE:Start BIST State
[2022-12-17 11:31:12] ERROR    UART:expect timeout (delay 10s)
[2022-12-17 11:31:12] INFO     STATE:BIST Execution State
[2022-12-17 11:31:28] ERROR    UART:expect timeout (delay 15s)
[2022-12-17 11:31:28] INFO     STATE:Terminal Recovery State
[2022-12-17 11:31:28] INFO     UART:Serial port /dev/ttyUSB7 closed
[2022-12-17 11:31:31] INFO     UART:Searching for ttyUSB device (Attempt 1)
[2022-12-17 11:31:31] INFO     UART:Found tty device:/dev/ttyUSB7
[2022-12-17 11:31:31] INFO     UART:Serial port /dev/ttyUSB7 open
[2022-12-17 11:31:41] ERROR    UART:expect timeout (delay 10s)
[2022-12-17 11:31:41] INFO     STATE:Reset Recovery State
[2022-12-17 11:31:41] INFO     UARTBONE I ADDR=00001350
[2022-12-17 11:31:41] INFO     Issuing UART bone reset
[2022-12-17 11:31:42] INFO     UARTBONE I ADDR=000001F8
[2022-12-17 11:31:42] INFO     STATE:LiteX Login State
[2022-12-17 11:31:42] INFO     STATE:Start BIST State
[2022-12-17 11:31:52] ERROR    UART:expect timeout (delay 10s)
[2022-12-17 11:31:52] INFO     STATE:BIST Execution State
[2022-12-17 11:32:07] ERROR    UART:expect timeout (delay 15s)
[2022-12-17 11:32:07] INFO     STATE:Terminal Recovery State
[2022-12-17 11:32:07] INFO     UART:Serial port /dev/ttyUSB7 closed
[2022-12-17 11:32:10] INFO     UART:Searching for ttyUSB device (Attempt 1)
[2022-12-17 11:32:10] INFO     UART:Found tty device:/dev/ttyUSB7
[2022-12-17 11:32:10] INFO     UART:Serial port /dev/ttyUSB7 open
[2022-12-17 11:32:20] ERROR    UART:expect timeout (delay 10s)
[2022-12-17 11:32:20] INFO     STATE:Reset Recovery State
[2022-12-17 11:32:20] INFO     UARTBONE I ADDR=00001350
[2022-12-17 11:32:20] INFO     Issuing UART bone reset
[2022-12-17 11:32:21] INFO     UARTBONE I ADDR=000001F8
[2022-12-17 11:32:21] INFO     STATE:LiteX Login State
[2022-12-17 11:32:21] INFO     STATE:Start BIST State
[2022-12-17 11:32:31] ERROR    UART:expect timeout (delay 10s)
[2022-12-17 11:32:31] INFO     STATE:BIST Execution State
[2022-12-17 11:32:46] ERROR    UART:expect timeout (delay 15s)
[2022-12-17 11:32:46] INFO     STATE:Terminal Recovery State
[2022-12-17 11:32:46] INFO     UART:Serial port /dev/ttyUSB7 closed
[2022-12-17 11:32:49] INFO     UART:Searching for ttyUSB device (Attempt 1)
[2022-12-17 11:32:49] INFO     UART:Found tty device:/dev/ttyUSB7
[2022-12-17 11:32:49] INFO     UART:Serial port /dev/ttyUSB7 open
[2022-12-17 11:32:59] ERROR    UART:expect timeout (delay 10s)
[2022-12-17 11:32:59] INFO     STATE:Reset Recovery State
[2022-12-17 11:32:59] INFO     UARTBONE I ADDR=00001350
[2022-12-17 11:32:59] INFO     Issuing UART bone reset
[2022-12-17 11:33:00] INFO     UARTBONE I ADDR=000001F8
[2022-12-17 11:33:00] INFO     STATE:LiteX Login State
[2022-12-17 11:33:00] INFO     STATE:Start BIST State
[2022-12-17 11:33:10] ERROR    UART:expect timeout (delay 10s)
[2022-12-17 11:33:10] INFO     STATE:BIST Execution State
[2022-12-17 11:33:25] ERROR    UART:expect timeout (delay 15s)
[2022-12-17 11:33:25] INFO     STATE:Terminal Recovery State
[2022-12-17 11:33:25] INFO     UART:Serial port /dev/ttyUSB7 closed
[2022-12-17 11:33:28] INFO     UART:Searching for ttyUSB device (Attempt 1)
[2022-12-17 11:33:28] INFO     UART:Found tty device:/dev/ttyUSB7
[2022-12-17 11:33:28] INFO     UART:Serial port /dev/ttyUSB7 open
[2022-12-17 11:33:38] ERROR    UART:expect timeout (delay 10s)
[2022-12-17 11:33:38] INFO     STATE:Reset Recovery State
[2022-12-17 11:33:38] INFO     UARTBONE I ADDR=00001350
[2022-12-17 11:33:38] INFO     Issuing UART bone reset
[2022-12-17 11:33:39] INFO     UARTBONE I ADDR=000001F8
[2022-12-17 11:33:39] INFO     STATE:LiteX Login State
[2022-12-17 11:33:39] INFO     STATE:Start BIST State
[2022-12-17 11:33:49] ERROR    UART:expect timeout (delay 10s)
[2022-12-17 11:33:49] INFO     STATE:BIST Execution State
[2022-12-17 11:34:04] ERROR    UART:expect timeout (delay 15s)
[2022-12-17 11:34:04] INFO     STATE:Terminal Recovery State
[2022-12-17 11:34:04] INFO     UART:Serial port /dev/ttyUSB7 closed
[2022-12-17 11:34:07] INFO     UART:Searching for ttyUSB device (Attempt 1)
[2022-12-17 11:34:07] INFO     UART:Found tty device:/dev/ttyUSB7
[2022-12-17 11:34:07] INFO     UART:Serial port /dev/ttyUSB7 open
[2022-12-17 11:34:17] ERROR    UART:expect timeout (delay 10s)
[2022-12-17 11:34:17] INFO     STATE:Reset Recovery State
[2022-12-17 11:34:17] INFO     UARTBONE I ADDR=00001350
[2022-12-17 11:34:17] INFO     Issuing UART bone reset
[2022-12-17 11:34:18] INFO     UARTBONE I ADDR=000001F8
[2022-12-17 11:34:18] INFO     STATE:LiteX Login State
[2022-12-17 11:34:18] INFO     STATE:Start BIST State
[2022-12-17 11:34:28] ERROR    UART:expect timeout (delay 10s)
[2022-12-17 11:34:28] INFO     STATE:BIST Execution State
[2022-12-17 11:34:43] ERROR    UART:expect timeout (delay 15s)
[2022-12-17 11:34:43] INFO     STATE:Terminal Recovery State
[2022-12-17 11:34:43] INFO     UART:Serial port /dev/ttyUSB7 closed
[2022-12-17 11:34:46] INFO     UART:Searching for ttyUSB device (Attempt 1)
[2022-12-17 11:34:46] INFO     UART:Found tty device:/dev/ttyUSB7
[2022-12-17 11:34:46] INFO     UART:Serial port /dev/ttyUSB7 open
[2022-12-17 11:34:56] ERROR    UART:expect timeout (delay 10s)
[2022-12-17 11:34:56] INFO     STATE:Reset Recovery State
[2022-12-17 11:34:56] INFO     UARTBONE I ADDR=00001350
[2022-12-17 11:34:56] INFO     Issuing UART bone reset
[2022-12-17 11:34:58] INFO     UARTBONE I ADDR=000001F8
[2022-12-17 11:34:58] INFO     STATE:LiteX Login State
[2022-12-17 11:34:58] INFO     STATE:Start BIST State
[2022-12-17 11:35:08] ERROR    UART:expect timeout (delay 10s)
[2022-12-17 11:35:08] INFO     STATE:BIST Execution State
[2022-12-17 11:35:23] ERROR    UART:expect timeout (delay 15s)
[2022-12-17 11:35:23] INFO     STATE:Terminal Recovery State
[2022-12-17 11:35:23] INFO     UART:Serial port /dev/ttyUSB7 closed
[2022-12-17 11:35:26] INFO     UART:Searching for ttyUSB device (Attempt 1)
[2022-12-17 11:35:26] INFO     UART:Found tty device:/dev/ttyUSB7
[2022-12-17 11:35:26] INFO     UART:Serial port /dev/ttyUSB7 open
[2022-12-17 11:35:36] ERROR    UART:expect timeout (delay 10s)
[2022-12-17 11:35:36] INFO     STATE:Reset Recovery State
[2022-12-17 11:35:36] INFO     UARTBONE I ADDR=00001350
[2022-12-17 11:35:36] INFO     Issuing UART bone reset
[2022-12-17 11:35:37] INFO     UARTBONE I ADDR=000001F8
[2022-12-17 11:35:37] INFO     STATE:LiteX Login State
[2022-12-17 11:35:37] INFO     STATE:Start BIST State
[2022-12-17 11:35:47] ERROR    UART:expect timeout (delay 10s)
[2022-12-17 11:35:47] INFO     STATE:BIST Execution State
[2022-12-17 11:36:02] ERROR    UART:expect timeout (delay 15s)
[2022-12-17 11:36:02] INFO     STATE:Terminal Recovery State
[2022-12-17 11:36:02] INFO     UART:Serial port /dev/ttyUSB7 closed
[2022-12-17 11:36:05] INFO     UART:Searching for ttyUSB device (Attempt 1)
[2022-12-17 11:36:05] INFO     UART:Found tty device:/dev/ttyUSB7
[2022-12-17 11:36:05] INFO     UART:Serial port /dev/ttyUSB7 open
[2022-12-17 11:36:15] ERROR    UART:expect timeout (delay 10s)
[2022-12-17 11:36:15] INFO     STATE:Reset Recovery State
[2022-12-17 11:36:15] INFO     UARTBONE I ADDR=00001350
[2022-12-17 11:36:15] INFO     Issuing UART bone reset
[2022-12-17 11:36:16] INFO     UARTBONE I ADDR=000001F8
[2022-12-17 11:36:16] INFO     STATE:LiteX Login State
[2022-12-17 11:36:16] INFO     STATE:Start BIST State
[2022-12-17 11:36:26] ERROR    UART:expect timeout (delay 10s)
[2022-12-17 11:36:26] INFO     STATE:BIST Execution State
[2022-12-17 11:36:41] ERROR    UART:expect timeout (delay 15s)
[2022-12-17 11:36:41] INFO     STATE:Terminal Recovery State
[2022-12-17 11:36:41] INFO     UART:Serial port /dev/ttyUSB7 closed
[2022-12-17 11:36:44] INFO     UART:Searching for ttyUSB device (Attempt 1)
[2022-12-17 11:36:44] INFO     UART:Found tty device:/dev/ttyUSB7
[2022-12-17 11:36:44] INFO     UART:Serial port /dev/ttyUSB7 open
[2022-12-17 11:36:54] ERROR    UART:expect timeout (delay 10s)
[2022-12-17 11:36:54] INFO     STATE:Reset Recovery State
[2022-12-17 11:36:54] INFO     UARTBONE I ADDR=00001350
[2022-12-17 11:36:54] INFO     Issuing UART bone reset
[2022-12-17 11:36:55] INFO     UARTBONE I ADDR=000001F8
[2022-12-17 11:36:55] INFO     STATE:LiteX Login State
[2022-12-17 11:36:55] INFO     STATE:Start BIST State
[2022-12-17 11:37:05] ERROR    UART:expect timeout (delay 10s)
[2022-12-17 11:37:05] INFO     STATE:BIST Execution State
[2022-12-17 11:37:20] ERROR    UART:expect timeout (delay 15s)
[2022-12-17 11:37:20] INFO     STATE:Terminal Recovery State
[2022-12-17 11:37:20] INFO     UART:Serial port /dev/ttyUSB7 closed
[2022-12-17 11:37:23] INFO     UART:Searching for ttyUSB device (Attempt 1)
[2022-12-17 11:37:23] INFO     UART:Found tty device:/dev/ttyUSB7
[2022-12-17 11:37:23] INFO     UART:Serial port /dev/ttyUSB7 open
[2022-12-17 11:37:33] ERROR    UART:expect timeout (delay 10s)
[2022-12-17 11:37:33] INFO     STATE:Reset Recovery State
[2022-12-17 11:37:33] INFO     UARTBONE I ADDR=00001350
[2022-12-17 11:37:33] INFO     Issuing UART bone reset
[2022-12-17 11:37:34] INFO     UARTBONE I ADDR=000001F8
[2022-12-17 11:37:34] INFO     STATE:LiteX Login State
[2022-12-17 11:37:34] INFO     STATE:Start BIST State
[2022-12-17 11:37:44] ERROR    UART:expect timeout (delay 10s)
[2022-12-17 11:37:44] INFO     STATE:BIST Execution State
[2022-12-17 11:37:59] ERROR    UART:expect timeout (delay 15s)
[2022-12-17 11:37:59] INFO     STATE:Terminal Recovery State
[2022-12-17 11:37:59] INFO     UART:Serial port /dev/ttyUSB7 closed
[2022-12-17 11:38:02] INFO     UART:Searching for ttyUSB device (Attempt 1)
[2022-12-17 11:38:02] INFO     UART:Found tty device:/dev/ttyUSB7
[2022-12-17 11:38:02] INFO     UART:Serial port /dev/ttyUSB7 open
[2022-12-17 11:38:12] ERROR    UART:expect timeout (delay 10s)
[2022-12-17 11:38:12] INFO     STATE:Reset Recovery State
[2022-12-17 11:38:12] INFO     UARTBONE I ADDR=00001350
[2022-12-17 11:38:12] INFO     Issuing UART bone reset
[2022-12-17 11:38:13] INFO     UARTBONE I ADDR=000001F8
[2022-12-17 11:38:13] INFO     STATE:LiteX Login State
[2022-12-17 11:38:14] INFO     STATE:Start BIST State
[2022-12-17 11:38:24] ERROR    UART:expect timeout (delay 10s)
[2022-12-17 11:38:24] INFO     STATE:BIST Execution State
[2022-12-17 11:38:39] ERROR    UART:expect timeout (delay 15s)
[2022-12-17 11:38:39] INFO     STATE:Terminal Recovery State
[2022-12-17 11:38:39] INFO     UART:Serial port /dev/ttyUSB7 closed
[2022-12-17 11:38:42] INFO     UART:Searching for ttyUSB device (Attempt 1)
[2022-12-17 11:38:42] INFO     UART:Found tty device:/dev/ttyUSB7
[2022-12-17 11:38:42] INFO     UART:Serial port /dev/ttyUSB7 open
[2022-12-17 11:38:52] ERROR    UART:expect timeout (delay 10s)
[2022-12-17 11:38:52] INFO     STATE:Reset Recovery State
[2022-12-17 11:38:52] INFO     UARTBONE I ADDR=00001350
[2022-12-17 11:38:52] INFO     Issuing UART bone reset
[2022-12-17 11:38:53] INFO     UARTBONE I ADDR=000001F8
[2022-12-17 11:38:53] INFO     STATE:LiteX Login State
[2022-12-17 11:38:53] INFO     STATE:Start BIST State
[2022-12-17 11:39:03] ERROR    UART:expect timeout (delay 10s)
[2022-12-17 11:39:03] INFO     STATE:BIST Execution State
[2022-12-17 11:39:18] ERROR    UART:expect timeout (delay 15s)
[2022-12-17 11:39:18] INFO     STATE:Terminal Recovery State
[2022-12-17 11:39:18] INFO     UART:Serial port /dev/ttyUSB7 closed
[2022-12-17 11:39:21] INFO     UART:Searching for ttyUSB device (Attempt 1)
[2022-12-17 11:39:21] INFO     UART:Found tty device:/dev/ttyUSB7
[2022-12-17 11:39:21] INFO     UART:Serial port /dev/ttyUSB7 open
[2022-12-17 11:39:31] ERROR    UART:expect timeout (delay 10s)
[2022-12-17 11:39:31] INFO     STATE:Reset Recovery State
[2022-12-17 11:39:31] INFO     UARTBONE I ADDR=00001350
[2022-12-17 11:39:31] INFO     Issuing UART bone reset
[2022-12-17 11:39:32] INFO     UARTBONE I ADDR=000001F8
[2022-12-17 11:39:32] INFO     STATE:LiteX Login State
[2022-12-17 11:39:32] INFO     STATE:Start BIST State
[2022-12-17 11:39:42] ERROR    UART:expect timeout (delay 10s)
[2022-12-17 11:39:42] INFO     STATE:BIST Execution State
[2022-12-17 11:39:57] ERROR    UART:expect timeout (delay 15s)
[2022-12-17 11:39:57] INFO     STATE:Terminal Recovery State
[2022-12-17 11:39:57] INFO     UART:Serial port /dev/ttyUSB7 closed
[2022-12-17 11:40:00] INFO     UART:Searching for ttyUSB device (Attempt 1)
[2022-12-17 11:40:00] INFO     UART:Found tty device:/dev/ttyUSB7
[2022-12-17 11:40:00] INFO     UART:Serial port /dev/ttyUSB7 open
[2022-12-17 11:40:10] ERROR    UART:expect timeout (delay 10s)
[2022-12-17 11:40:10] INFO     STATE:Reset Recovery State
[2022-12-17 11:40:10] INFO     UARTBONE I ADDR=00001350
[2022-12-17 11:40:10] INFO     Issuing UART bone reset
[2022-12-17 11:40:11] INFO     UARTBONE I ADDR=000001F8
[2022-12-17 11:40:11] INFO     STATE:LiteX Login State
[2022-12-17 11:40:11] INFO     STATE:Start BIST State
[2022-12-17 11:40:21] ERROR    UART:expect timeout (delay 10s)
[2022-12-17 11:40:21] INFO     STATE:BIST Execution State
[2022-12-17 11:40:36] ERROR    UART:expect timeout (delay 15s)
[2022-12-17 11:40:36] INFO     STATE:Terminal Recovery State
[2022-12-17 11:40:36] INFO     UART:Serial port /dev/ttyUSB7 closed
[2022-12-17 11:40:39] INFO     UART:Searching for ttyUSB device (Attempt 1)
[2022-12-17 11:40:39] INFO     UART:Found tty device:/dev/ttyUSB7
[2022-12-17 11:40:39] INFO     UART:Serial port /dev/ttyUSB7 open
[2022-12-17 11:40:49] ERROR    UART:expect timeout (delay 10s)
[2022-12-17 11:40:49] INFO     STATE:Reset Recovery State
[2022-12-17 11:40:49] INFO     UARTBONE I ADDR=00001350
[2022-12-17 11:40:49] INFO     Issuing UART bone reset
[2022-12-17 11:40:50] INFO     UARTBONE I ADDR=000001F8
[2022-12-17 11:40:50] INFO     STATE:LiteX Login State
[2022-12-17 11:40:50] INFO     STATE:Start BIST State
[2022-12-17 11:41:00] ERROR    UART:expect timeout (delay 10s)
[2022-12-17 11:41:00] INFO     STATE:BIST Execution State
