[2022-12-18 07:16:11] Creating JCM Hardware on port 0 with 0 shifts
[2022-12-18 07:16:11] Using Default Chain String: [ 6 ]
[2022-12-18 07:16:11] Changing JCM Clock. Old Rate=29411765 Request Rate=1000000 Actual rate=1000000
[2022-12-18 07:16:11] Register 0x32=
[2022-12-18 07:16:11]  0:0x812c023b
[2022-12-18 07:16:11]  1:0x2a0f6504
[2022-12-18 07:16:11] Changing JCM Clock. Old Rate=1000000 Request Rate=30000000 Actual rate=29411765
[2022-12-18 07:16:11] Creating JCM Hardware on port 0 with 0 shifts
[2022-12-18 07:16:11] Using Default Chain String: [ 6 ]
[2022-12-18 07:16:11] **** Warning ****
[2022-12-18 07:16:11]   Filename /root/ddr_11_28_tmr.bit does not have a '.bin' extension. Only '.bin' files can be used for this configuration command
[2022-12-18 07:16:11] Configuring with file: /root/ddr_11_28_tmr.bit
[2022-12-18 07:16:16] Configured Successfully
[2022-12-18 07:16:17] JCM Scrubbing. Build Date Thu Jul 28 15:32:32 MDT 2022
[2022-12-18 07:16:17] Execution time: Sat Jul 30 14:32:18 2022
[2022-12-18 07:16:17] 
[2022-12-18 07:16:17] Changing JCM Clock. Old Rate=29411765 Request Rate=30000000 Actual rate=29411765
[2022-12-18 07:16:17] Creating JCM Hardware on port 0 with 0 shifts
[2022-12-18 07:16:17] Using Default Chain String: [ 6 ]
[2022-12-18 07:16:21] FPGA: xc7a200t (7_Series family) IDCode=0x13636093
[2022-12-18 07:16:21] Read IDCODE Matched=0x13636093
[2022-12-18 07:16:21] No readback file specified
[2022-12-18 07:16:21] Number of OffSet words 101
[2022-12-18 07:16:21] No readback file specified. Reading 18310 frames
[2022-12-18 07:16:21] Number of OffSet words 101
[2022-12-18 07:16:21] Number of OffSet words 101
[2022-12-18 07:16:21] Part xc7a200t has 24802 frames. Family 7_Series has 101 words per frame
[2022-12-18 07:16:21] Cycle 0: 2022-07-30 14:32:22
[2022-12-18 07:16:26] Cycle 1: 2022-07-30 14:32:26
[2022-12-18 07:16:30] Cycle 2: 2022-07-30 14:32:31
[2022-12-18 07:16:34] Cycle 3: 2022-07-30 14:32:35
[2022-12-18 07:16:38] Cycle 4: 2022-07-30 14:32:39
[2022-12-18 07:16:42] Cycle 5: 2022-07-30 14:32:43
[2022-12-18 07:16:46] Cycle 6: 2022-07-30 14:32:47
[2022-12-18 07:16:51] Cycle 7: 2022-07-30 14:32:51
[2022-12-18 07:16:55] Cycle 8: 2022-07-30 14:32:55
[2022-12-18 07:16:59] Cycle 9: 2022-07-30 14:33:00
[2022-12-18 07:17:03] Cycle 10: 2022-07-30 14:33:04
[2022-12-18 07:17:07] Cycle 11: 2022-07-30 14:33:08
[2022-12-18 07:17:11] Cycle 12: 2022-07-30 14:33:12
[2022-12-18 07:17:16] Cycle 13: 2022-07-30 14:33:16
[2022-12-18 07:17:20] Cycle 14: 2022-07-30 14:33:20
[2022-12-18 07:17:24] Cycle 15: 2022-07-30 14:33:25
[2022-12-18 07:17:28] Cycle 16: 2022-07-30 14:33:29
[2022-12-18 07:17:32] Cycle 17: 2022-07-30 14:33:33
[2022-12-18 07:17:36] Cycle 18: 2022-07-30 14:33:37
[2022-12-18 07:17:40] Cycle 19: 2022-07-30 14:33:41
[2022-12-18 07:17:45] Cycle 20: 2022-07-30 14:33:45
[2022-12-18 07:17:49] Cycle 21: 2022-07-30 14:33:50
[2022-12-18 07:17:53] Cycle 22: 2022-07-30 14:33:54
[2022-12-18 07:17:57] Cycle 23: 2022-07-30 14:33:58
[2022-12-18 07:18:01] Cycle 24: 2022-07-30 14:34:02
[2022-12-18 07:18:05] Cycle 25: 2022-07-30 14:34:06
[2022-12-18 07:18:10] Cycle 26: 2022-07-30 14:34:10
[2022-12-18 07:18:14] Cycle 27: 2022-07-30 14:34:15
[2022-12-18 07:18:18] Cycle 28: 2022-07-30 14:34:19
[2022-12-18 07:18:22] Cycle 29: 2022-07-30 14:34:23
[2022-12-18 07:18:26] Cycle 30: 2022-07-30 14:34:27
[2022-12-18 07:18:30] Cycle 31: 2022-07-30 14:34:31
[2022-12-18 07:18:35] Cycle 32: 2022-07-30 14:34:35
[2022-12-18 07:18:39] Cycle 33: 2022-07-30 14:34:40
[2022-12-18 07:18:43] Cycle 34: 2022-07-30 14:34:44
[2022-12-18 07:18:47] Cycle 35: 2022-07-30 14:34:48
[2022-12-18 07:18:51] Cycle 36: 2022-07-30 14:34:52
[2022-12-18 07:18:55] Cycle 37: 2022-07-30 14:34:56
[2022-12-18 07:19:00] Cycle 38: 2022-07-30 14:35:00
[2022-12-18 07:19:04] Cycle 39: 2022-07-30 14:35:05
[2022-12-18 07:19:08] Cycle 40: 2022-07-30 14:35:09
[2022-12-18 07:19:12] Cycle 41: 2022-07-30 14:35:13
[2022-12-18 07:19:16] Cycle 42: 2022-07-30 14:35:17
[2022-12-18 07:19:20] Cycle 43: 2022-07-30 14:35:21
[2022-12-18 07:19:25] Cycle 44: 2022-07-30 14:35:25
[2022-12-18 07:19:29] Cycle 45: 2022-07-30 14:35:29
[2022-12-18 07:19:33] Cycle 46: 2022-07-30 14:35:34
[2022-12-18 07:19:37] Cycle 47: 2022-07-30 14:35:38
[2022-12-18 07:19:41] Cycle 48: 2022-07-30 14:35:42
[2022-12-18 07:19:45] Cycle 49: 2022-07-30 14:35:46
[2022-12-18 07:19:49] Cycle 50: 2022-07-30 14:35:50
[2022-12-18 07:19:54] Cycle 51: 2022-07-30 14:35:54
[2022-12-18 07:19:58] Cycle 52: 2022-07-30 14:35:59
[2022-12-18 07:20:02] Cycle 53: 2022-07-30 14:36:03
[2022-12-18 07:20:06] Cycle 54: 2022-07-30 14:36:07
[2022-12-18 07:20:10] Cycle 55: 2022-07-30 14:36:11
[2022-12-18 07:20:14] Cycle 56: 2022-07-30 14:36:15
[2022-12-18 07:20:19] Cycle 57: 2022-07-30 14:36:19
[2022-12-18 07:20:23] Cycle 58: 2022-07-30 14:36:24
[2022-12-18 07:20:27] Cycle 59: 2022-07-30 14:36:28
[2022-12-18 07:20:31] Cycle 60: 2022-07-30 14:36:32
[2022-12-18 07:20:35] Cycle 61: 2022-07-30 14:36:36
[2022-12-18 07:20:39] Cycle 62: 2022-07-30 14:36:40
[2022-12-18 07:20:44] Cycle 63: 2022-07-30 14:36:44
[2022-12-18 07:20:48] Cycle 64: 2022-07-30 14:36:49
[2022-12-18 07:20:52] Cycle 65: 2022-07-30 14:36:53
[2022-12-18 07:20:56] Cycle 66: 2022-07-30 14:36:57
[2022-12-18 07:21:00] Cycle 67: 2022-07-30 14:37:01
[2022-12-18 07:21:04] Cycle 68: 2022-07-30 14:37:05
[2022-12-18 07:21:09] Cycle 69: 2022-07-30 14:37:09
[2022-12-18 07:21:13] Cycle 70: 2022-07-30 14:37:14
[2022-12-18 07:21:17] Cycle 71: 2022-07-30 14:37:18
[2022-12-18 07:21:21] Cycle 72: 2022-07-30 14:37:22
[2022-12-18 07:21:25] Cycle 73: 2022-07-30 14:37:26
[2022-12-18 07:21:29] Cycle 74: 2022-07-30 14:37:30
[2022-12-18 07:21:34] Cycle 75: 2022-07-30 14:37:34
[2022-12-18 07:21:38] Cycle 76: 2022-07-30 14:37:39
[2022-12-18 07:21:42] Cycle 77: 2022-07-30 14:37:43
[2022-12-18 07:21:46] Cycle 78: 2022-07-30 14:37:47
[2022-12-18 07:21:50] Cycle 79: 2022-07-30 14:37:51
[2022-12-18 07:21:54] Cycle 80: 2022-07-30 14:37:55
[2022-12-18 07:21:59] Cycle 81: 2022-07-30 14:37:59
[2022-12-18 07:22:03] Cycle 82: 2022-07-30 14:38:03
[2022-12-18 07:22:07] Cycle 83: 2022-07-30 14:38:08
[2022-12-18 07:22:11] Cycle 84: 2022-07-30 14:38:12
[2022-12-18 07:22:15] Cycle 85: 2022-07-30 14:38:16
[2022-12-18 07:22:19] Cycle 86: 2022-07-30 14:38:20
[2022-12-18 07:22:23] Cycle 87: 2022-07-30 14:38:24
[2022-12-18 07:22:28] Cycle 88: 2022-07-30 14:38:28
[2022-12-18 07:22:32] Cycle 89: 2022-07-30 14:38:33
[2022-12-18 07:22:36] Cycle 90: 2022-07-30 14:38:37
[2022-12-18 07:22:40] Cycle 91: 2022-07-30 14:38:41
[2022-12-18 07:22:44] Cycle 92: 2022-07-30 14:38:45
[2022-12-18 07:22:48] Cycle 93: 2022-07-30 14:38:49
[2022-12-18 07:22:53] Cycle 94: 2022-07-30 14:38:53
[2022-12-18 07:22:57] Cycle 95: 2022-07-30 14:38:58
[2022-12-18 07:23:01] Cycle 96: 2022-07-30 14:39:02
[2022-12-18 07:23:05] Cycle 97: 2022-07-30 14:39:06
[2022-12-18 07:23:09] Cycle 98: 2022-07-30 14:39:10
[2022-12-18 07:23:13] Cycle 99: 2022-07-30 14:39:14
[2022-12-18 07:23:18] Cycle 100: 2022-07-30 14:39:18
[2022-12-18 07:23:22] Cycle 101: 2022-07-30 14:39:23
[2022-12-18 07:23:26] Cycle 102: 2022-07-30 14:39:27
[2022-12-18 07:23:30] Cycle 103: 2022-07-30 14:39:31
[2022-12-18 07:23:34] Cycle 104: 2022-07-30 14:39:35
[2022-12-18 07:23:38] Cycle 105: 2022-07-30 14:39:39
[2022-12-18 07:23:43] Cycle 106: 2022-07-30 14:39:43
[2022-12-18 07:23:47] Cycle 107: 2022-07-30 14:39:48
[2022-12-18 07:23:51] Cycle 108: 2022-07-30 14:39:52
[2022-12-18 07:23:55] Cycle 109: 2022-07-30 14:39:56
[2022-12-18 07:23:59] Cycle 110: 2022-07-30 14:40:00
[2022-12-18 07:24:03] Cycle 111: 2022-07-30 14:40:04
[2022-12-18 07:24:08] Cycle 112: 2022-07-30 14:40:08
[2022-12-18 07:24:12] Cycle 113: 2022-07-30 14:40:13
[2022-12-18 07:24:16] Cycle 114: 2022-07-30 14:40:17
[2022-12-18 07:24:20] Cycle 115: 2022-07-30 14:40:21
[2022-12-18 07:24:24] Cycle 116: 2022-07-30 14:40:25
[2022-12-18 07:24:28] Cycle 117: 2022-07-30 14:40:29
[2022-12-18 07:24:33] Cycle 118: 2022-07-30 14:40:33
[2022-12-18 07:24:37] Cycle 119: 2022-07-30 14:40:37
[2022-12-18 07:24:41] Cycle 120: 2022-07-30 14:40:42
[2022-12-18 07:24:45] Cycle 121: 2022-07-30 14:40:46
[2022-12-18 07:24:49] Cycle 122: 2022-07-30 14:40:50
[2022-12-18 07:24:53] Cycle 123: 2022-07-30 14:40:54
[2022-12-18 07:24:57] Cycle 124: 2022-07-30 14:40:58
[2022-12-18 07:25:02] Cycle 125: 2022-07-30 14:41:02
[2022-12-18 07:25:06] Cycle 126: 2022-07-30 14:41:07
[2022-12-18 07:25:10] Cycle 127: 2022-07-30 14:41:11
[2022-12-18 07:25:14] Cycle 128: 2022-07-30 14:41:15
[2022-12-18 07:25:18] Cycle 129: 2022-07-30 14:41:19
[2022-12-18 07:25:22] Cycle 130: 2022-07-30 14:41:23
[2022-12-18 07:25:27] Cycle 131: 2022-07-30 14:41:27
[2022-12-18 07:25:31] Cycle 132: 2022-07-30 14:41:32
[2022-12-18 07:25:35] Cycle 133: 2022-07-30 14:41:36
[2022-12-18 07:25:39] Cycle 134: 2022-07-30 14:41:40
[2022-12-18 07:25:43] Cycle 135: 2022-07-30 14:41:44
[2022-12-18 07:25:47] Cycle 136: 2022-07-30 14:41:48
[2022-12-18 07:25:52] Cycle 137: 2022-07-30 14:41:52
[2022-12-18 07:25:56] Cycle 138: 2022-07-30 14:41:57
[2022-12-18 07:26:00] Cycle 139: 2022-07-30 14:42:01
[2022-12-18 07:26:04] Cycle 140: 2022-07-30 14:42:05
[2022-12-18 07:26:08] Cycle 141: 2022-07-30 14:42:09
[2022-12-18 07:26:12] Cycle 142: 2022-07-30 14:42:13
[2022-12-18 07:26:17] Cycle 143: 2022-07-30 14:42:17
[2022-12-18 07:26:21] Cycle 144: 2022-07-30 14:42:22
[2022-12-18 07:26:25] Cycle 145: 2022-07-30 14:42:26
[2022-12-18 07:26:29] Cycle 146: 2022-07-30 14:42:30
[2022-12-18 07:26:33] Cycle 147: 2022-07-30 14:42:34
[2022-12-18 07:26:37] Cycle 148: 2022-07-30 14:42:38
[2022-12-18 07:26:42] Cycle 149: 2022-07-30 14:42:42
[2022-12-18 07:26:46] Cycle 150: 2022-07-30 14:42:47
