[2022-12-16 15:57:38] INFO     STATE:Initial Starting State
[2022-12-16 15:57:38] INFO     git commit information
[2022-12-16 15:57:38] INFO     	git commit:15a23c6 More notes on the rowhammer test.
[2022-12-16 15:57:38] INFO     	git commit date:Wed Dec 14 12:36:53 2022
[2022-12-16 15:57:38] INFO     	git status:Wed Dec 14 12:36:53 2022
[2022-12-16 15:57:38] INFO     		M beam-test/test_scripts/ddrctrl_experiment.py
[2022-12-16 15:57:38] INFO     		M beam-test/test_scripts/readme.md
[2022-12-16 15:57:38] INFO     		M beam-test/test_scripts/rowhammer_test.py
[2022-12-16 15:57:38] INFO     		?? beam-test/test_scripts/lansce2022/
[2022-12-16 15:57:38] INFO     Command line information
[2022-12-16 15:57:38] INFO     	Command line:['ddrctrl_experiment.py', '--jcm_part', 'xc7a200t', '--bitstream', '/root/ddr_11_28.bit', '--log_dir', './lansce2022', '--jcm_clock', '30_000_000', '--frads_file', 'xc7a200t_frad.txt', '--fault_injection', '0', '--uart_bone_ident', '0xf0002000', '--jcm_ip', '169.254.132.152', '--jcm_netbooter_port', '1', '--nexys_netbooter_port', '2', '--usb_uart_phys_port', '1-4.4.2', '--uartbone_phys_port', '1-4.4.1']
[2022-12-16 15:57:38] INFO     	arg:bitstream=/root/ddr_11_28.bit
[2022-12-16 15:57:38] INFO     	arg:netbooter_ip=169.254.131.160
[2022-12-16 15:57:38] INFO     	arg:jcm_ip=169.254.132.152
[2022-12-16 15:57:38] INFO     	arg:jcm_part=xc7a200t
[2022-12-16 15:57:38] INFO     	arg:jcm_clock=30000000
[2022-12-16 15:57:38] INFO     	arg:usb_uart_phys_port=1-4.4.2
[2022-12-16 15:57:38] INFO     	arg:uart_litex_baudrate=115200
[2022-12-16 15:57:38] INFO     	arg:uartbone_phys_port=1-4.4.1
[2022-12-16 15:57:38] INFO     	arg:uartbone_phys_if=0
[2022-12-16 15:57:38] INFO     	arg:uartbone_baudrate=115200
[2022-12-16 15:57:38] INFO     	arg:repower_jcm=False
[2022-12-16 15:57:38] INFO     	arg:disable_scrubbing=False
[2022-12-16 15:57:38] INFO     	arg:fault_injection=0
[2022-12-16 15:57:38] INFO     	arg:frads_file=xc7a200t_frad.txt
[2022-12-16 15:57:38] INFO     	arg:jcm_netbooter_port=1
[2022-12-16 15:57:38] INFO     	arg:nexys_netbooter_port=2
[2022-12-16 15:57:38] INFO     	arg:log_dir=./lansce2022
[2022-12-16 15:57:38] INFO     	arg:single_step=False
[2022-12-16 15:57:38] INFO     	arg:bist_mem_burst_length=8192
[2022-12-16 15:57:38] INFO     	arg:bist_addr_mode=1
[2022-12-16 15:57:38] INFO     	arg:bist_pattern=165
[2022-12-16 15:57:38] INFO     	arg:no_uart_bone=False
[2022-12-16 15:57:38] INFO     	arg:uart_bone_ident=0xf0002000
[2022-12-16 15:57:38] INFO     STATE:Netbooter Setup State
[2022-12-16 15:57:38] INFO     STATE:JCM Setup State
[2022-12-16 15:57:38] INFO     NETBOOTER:Attempt 1 to set port 1 with cycle=False
[2022-12-16 15:57:40] INFO     NETBOOTER:Setting port 1 to On
[2022-12-16 15:57:41] INFO     JCM ping attempt 1
[2022-12-16 15:57:41] INFO     JCM:Logging in to JCM
[2022-12-16 15:57:41] INFO     JCM:Connecting to JCM over SSH... (Attempt 1)
[2022-12-16 15:57:41] INFO     JCM:SSH successful
[2022-12-16 15:57:41] INFO     STATE:UART Setup State
[2022-12-16 15:57:41] INFO     STATE:Power Nexys State
[2022-12-16 15:57:41] INFO     NETBOOTER:Attempt 1 to set port 2 with cycle=False
[2022-12-16 15:57:44] INFO     NETBOOTER:Setting port 2 to Off
[2022-12-16 15:57:45] INFO     NETBOOTER:Attempt 1 to set port 2 with cycle=False
[2022-12-16 15:57:47] INFO     NETBOOTER:Setting port 2 to On
[2022-12-16 15:57:48] INFO     STATE:Connect UART State
[2022-12-16 15:57:50] INFO     UART:Searching for ttyUSB device (Attempt 1)
[2022-12-16 15:57:50] INFO     UART:Found tty device:/dev/ttyUSB2
[2022-12-16 15:57:50] INFO     UART:Serial port /dev/ttyUSB2 open
[2022-12-16 15:57:50] INFO     STATE:Configure Nexys State
[2022-12-16 15:57:50] INFO     JCM:Attempting JCM device DNA read
[2022-12-16 15:57:50] INFO     JCM:Executing commmand on JCM
	~/jcm_apps/jcm_jtag_reg.elf -r 50 --swap -w 64
[2022-12-16 15:57:50] INFO     Device DNA:0:0x812c023b 1:0x2a0f6504
[2022-12-16 15:57:50] INFO     JCM:Attempting JCM configuration
[2022-12-16 15:57:50] INFO     JCM:Executing commmand on JCM
	~/jcm_apps/jcm_config.elf --part xc7a200t -c 30000000 --jtag --config_file /root/ddr_11_28.bit
[2022-12-16 15:57:55] INFO     JCM:Configuration Success
[2022-12-16 15:57:55] INFO     STATE:Setup UARTBone State
[2022-12-16 15:57:55] INFO     UARTBONE:Searching for ttyUSB device (Attempt 1) for port '1-4.4.1' IF '0'
[2022-12-16 15:57:55] INFO     UARTBONE:Found tty device:/dev/ttyUSB0
[2022-12-16 15:57:55] INFO     UARTBONE:Attempting to open:/dev/ttyUSB0 at baud 115200 with timeout=5
[2022-12-16 15:57:55] INFO     UARTBONE:Serial port /dev/ttyUSB0 open
[2022-12-16 15:57:56] INFO     UARTBONE ID Str=LiteX SoC on Nexys Video 2022-11-28 18:17:18
[2022-12-16 15:57:56] INFO     UARTBONE I ADDR=000012E8
[2022-12-16 15:57:56] INFO     STATE:Enable Scrubbing State
[2022-12-16 15:57:56] INFO     JCM:Starting JCM scrubber
[2022-12-16 15:57:56] INFO     JCM:Executing commmand on JCM
	~/jcm_apps/jcm_scrubbing.elf --part xc7a200t -c 30000000 --jtag --iterations 100000000 --frad_file xc7a200t_frad.txt
[2022-12-16 15:57:56] INFO     STATE:LiteX Login State
[2022-12-16 15:57:56] INFO     STATE:Start BIST State
[2022-12-16 15:57:56] INFO     STATE:BIST Execution State
[2022-12-16 15:57:56] INFO     BIST:Bad title line (1):8192 1 0 2
[2022-12-16 15:57:56] INFO     BIST:Header (first)
[2022-12-16 15:58:08] INFO     BIST:Header (ok)
[2022-12-16 15:58:20] INFO     BIST:Header (ok)
[2022-12-16 15:58:31] INFO     BIST:Header (ok)
[2022-12-16 15:58:43] INFO     BIST:Header (ok)
[2022-12-16 15:58:55] INFO     BIST:Header (ok)
[2022-12-16 15:59:06] INFO     BIST:Header (ok)
[2022-12-16 15:59:18] INFO     BIST:Header (ok)
[2022-12-16 15:59:29] INFO     BIST:Header (ok)
[2022-12-16 15:59:41] INFO     BIST:Header (ok)
[2022-12-16 15:59:53] INFO     BIST:Header (ok)
[2022-12-16 16:00:04] INFO     BIST:Header (ok)
[2022-12-16 16:00:16] INFO     BIST:Header (ok)
[2022-12-16 16:00:27] INFO     BIST:Header (ok)
[2022-12-16 16:00:39] INFO     BIST:Header (ok)
[2022-12-16 16:00:51] INFO     BIST:Header (ok)
[2022-12-16 16:01:02] INFO     BIST:Header (ok)
[2022-12-16 16:01:14] INFO     BIST:Header (ok)
[2022-12-16 16:01:26] INFO     BIST:Header (ok)
[2022-12-16 16:01:37] INFO     BIST:Header (ok)
[2022-12-16 16:01:49] INFO     BIST:Header (ok)
[2022-12-16 16:02:00] INFO     BIST:Header (ok)
[2022-12-16 16:02:12] INFO     BIST:Header (ok)
[2022-12-16 16:02:24] INFO     BIST:Header (ok)
[2022-12-16 16:02:35] INFO     BIST:Header (ok)
[2022-12-16 16:02:47] INFO     BIST:Header (ok)
[2022-12-16 16:02:58] INFO     BIST:Header (ok)
[2022-12-16 16:03:10] INFO     BIST:Header (ok)
[2022-12-16 16:03:22] INFO     BIST:Header (ok)
[2022-12-16 16:03:33] INFO     BIST:Header (ok)
[2022-12-16 16:03:45] INFO     BIST:Header (ok)
[2022-12-16 16:03:56] INFO     BIST:Header (ok)
[2022-12-16 16:04:08] INFO     BIST:Header (ok)
[2022-12-16 16:04:20] INFO     BIST:Header (ok)
[2022-12-16 16:04:31] INFO     BIST:Header (ok)
[2022-12-16 16:04:43] INFO     BIST:Header (ok)
[2022-12-16 16:04:55] INFO     BIST:Header (ok)
[2022-12-16 16:05:06] INFO     BIST:Header (ok)
[2022-12-16 16:05:18] INFO     BIST:Header (ok)
[2022-12-16 16:05:29] INFO     BIST:Header (ok)
[2022-12-16 16:05:41] INFO     BIST:Header (ok)
[2022-12-16 16:05:53] INFO     BIST:Header (ok)
[2022-12-16 16:06:04] INFO     BIST:Header (ok)
[2022-12-16 16:06:16] INFO     BIST:Header (ok)
[2022-12-16 16:06:27] INFO     BIST:Header (ok)
[2022-12-16 16:06:39] INFO     BIST:Header (ok)
[2022-12-16 16:06:51] INFO     BIST:Header (ok)
[2022-12-16 16:07:02] INFO     BIST:Header (ok)
[2022-12-16 16:07:14] INFO     BIST:Header (ok)
[2022-12-16 16:07:26] INFO     BIST:Header (ok)
[2022-12-16 16:07:37] INFO     BIST:Header (ok)
[2022-12-16 16:07:49] INFO     BIST:Header (ok)
[2022-12-16 16:08:00] INFO     BIST:Header (ok)
[2022-12-16 16:08:12] INFO     BIST:Header (ok)
[2022-12-16 16:08:24] INFO     BIST:Header (ok)
[2022-12-16 16:08:35] INFO     BIST:Header (ok)
[2022-12-16 16:08:47] INFO     BIST:Header (ok)
[2022-12-16 16:08:58] INFO     BIST:Header (ok)
[2022-12-16 16:09:10] INFO     BIST:Header (ok)
[2022-12-16 16:09:22] INFO     BIST:Header (ok)
