[2022-12-16 19:34:20] Creating JCM Hardware on port 0 with 0 shifts
[2022-12-16 19:34:20] Using Default Chain String: [ 6 ]
[2022-12-16 19:34:20] Changing JCM Clock. Old Rate=29411765 Request Rate=1000000 Actual rate=1000000
[2022-12-16 19:34:20] Register 0x32=
[2022-12-16 19:34:20]  0:0x812c023b
[2022-12-16 19:34:20]  1:0x2a0f6504
[2022-12-16 19:34:20] Changing JCM Clock. Old Rate=1000000 Request Rate=30000000 Actual rate=29411765
[2022-12-16 19:34:20] Creating JCM Hardware on port 0 with 0 shifts
[2022-12-16 19:34:20] Using Default Chain String: [ 6 ]
[2022-12-16 19:34:20] **** Warning ****
[2022-12-16 19:34:20]   Filename /root/ddr_11_28.bit does not have a '.bin' extension. Only '.bin' files can be used for this configuration command
[2022-12-16 19:34:20] Configuring with file: /root/ddr_11_28.bit
[2022-12-16 19:34:25] Configured Successfully
[2022-12-16 19:34:26] JCM Scrubbing. Build Date Thu Jul 28 15:32:32 MDT 2022
[2022-12-16 19:34:26] Execution time: Fri Jul 29 02:50:24 2022
[2022-12-16 19:34:26] 
[2022-12-16 19:34:26] Changing JCM Clock. Old Rate=29411765 Request Rate=30000000 Actual rate=29411765
[2022-12-16 19:34:26] Creating JCM Hardware on port 0 with 0 shifts
[2022-12-16 19:34:26] Using Default Chain String: [ 6 ]
[2022-12-16 19:34:30] FPGA: xc7a200t (7_Series family) IDCode=0x13636093
[2022-12-16 19:34:30] Read IDCODE Matched=0x13636093
[2022-12-16 19:34:30] No readback file specified
[2022-12-16 19:34:30] Number of OffSet words 101
[2022-12-16 19:34:30] No readback file specified. Reading 18310 frames
[2022-12-16 19:34:30] Number of OffSet words 101
[2022-12-16 19:34:30] Number of OffSet words 101
[2022-12-16 19:34:30] Part xc7a200t has 24802 frames. Family 7_Series has 101 words per frame
[2022-12-16 19:34:30] Cycle 0: 2022-07-29 02:50:28
[2022-12-16 19:34:35] Word 1200116 (Frame index=11882 frame address=0x00420ca2 word=34 mask=0x04000000)
[2022-12-16 19:34:35] 1 bit errors
[2022-12-16 19:34:35] Cycle 1: 2022-07-29 02:50:32
[2022-12-16 19:34:39] Cycle 2: 2022-07-29 02:50:36
[2022-12-16 19:34:43] Cycle 3: 2022-07-29 02:50:41
[2022-12-16 19:34:47] Word 205518 (Frame index=2034 frame address=0x00001d8a word=84 mask=0x00080000)
[2022-12-16 19:34:47] Word 205619 (Frame index=2035 frame address=0x00001d8b word=84 mask=0x00040000)
[2022-12-16 19:34:47] 2 bit errors
[2022-12-16 19:34:47] Cycle 4: 2022-07-29 02:50:45
[2022-12-16 19:34:51] Cycle 5: 2022-07-29 02:50:49
[2022-12-16 19:34:55] Word 1308556 (Frame index=12956 frame address=0x00421c8a word=0 mask=0x00004000)
[2022-12-16 19:34:55] 1 bit errors
[2022-12-16 19:34:55] Cycle 6: 2022-07-29 02:50:53
[2022-12-16 19:35:00] Word 211782 (Frame index=2096 frame address=0x00001e80 word=86 mask=0x80000000)
[2022-12-16 19:35:00] 1 bit errors
[2022-12-16 19:35:00] Cycle 7: 2022-07-29 02:50:57
[2022-12-16 19:35:04] Cycle 8: 2022-07-29 02:51:01
[2022-12-16 19:35:08] Word 339813 (Frame index=3364 frame address=0x00003094 word=49 mask=0x00400000)
[2022-12-16 19:35:08] 1 bit errors
[2022-12-16 19:35:08] Cycle 9: 2022-07-29 02:51:06
[2022-12-16 19:35:12] Word 1098072 (Frame index=10872 frame address=0x00403320 word=0 mask=0x00040000)
[2022-12-16 19:35:12] 1 bit errors
[2022-12-16 19:35:12] Cycle 10: 2022-07-29 02:51:10
[2022-12-16 19:35:16] Cycle 11: 2022-07-29 02:51:14
[2022-12-16 19:35:20] Word 1427026 (Frame index=14128 frame address=0x00422d22 word=98 mask=0x00800000)
[2022-12-16 19:35:20] 1 bit errors
[2022-12-16 19:35:20] Cycle 12: 2022-07-29 02:51:18
[2022-12-16 19:35:24] Word 44921 (Frame index=444 frame address=0x0000061c word=77 mask=0x20000000)
[2022-12-16 19:35:24] Word 992589 (Frame index=9827 frame address=0x00402423 word=62 mask=0x00000100)
[2022-12-16 19:35:24] 2 bit errors
[2022-12-16 19:35:24] Cycle 13: 2022-07-29 02:51:22
[2022-12-16 19:35:29] Word 35296 (Frame index=349 frame address=0x00000505 word=47 mask=0x00000004)
[2022-12-16 19:35:29] 1 bit errors
[2022-12-16 19:35:29] Cycle 14: 2022-07-29 02:51:26
[2022-12-16 19:35:33] Word 787695 (Frame index=7798 frame address=0x00400696 word=97 mask=0x00200000)
[2022-12-16 19:35:33] Word 1431259 (Frame index=14170 frame address=0x00422e0c word=89 mask=0x00008000)
[2022-12-16 19:35:33] 2 bit errors
[2022-12-16 19:35:33] Cycle 15: 2022-07-29 02:51:31
[2022-12-16 19:35:37] Cycle 16: 2022-07-29 02:51:35
[2022-12-16 19:35:41] Cycle 17: 2022-07-29 02:51:39
[2022-12-16 19:35:45] Cycle 18: 2022-07-29 02:51:43
[2022-12-16 19:35:49] Cycle 19: 2022-07-29 02:51:47
[2022-12-16 19:35:54] Cycle 20: 2022-07-29 02:51:51
[2022-12-16 19:35:58] Word 1419669 (Frame index=14056 frame address=0x00422c1a word=13 mask=0x00001000)
[2022-12-16 19:35:58] 1 bit errors
[2022-12-16 19:35:58] Cycle 21: 2022-07-29 02:51:55
[2022-12-16 19:36:02] Cycle 22: 2022-07-29 02:52:00
[2022-12-16 19:36:06] Cycle 23: 2022-07-29 02:52:04
[2022-12-16 19:36:10] Word 823974 (Frame index=8158 frame address=0x00400c02 word=16 mask=0x20000000)
[2022-12-16 19:36:10] 1 bit errors
[2022-12-16 19:36:10] Cycle 24: 2022-07-29 02:52:08
[2022-12-16 19:36:14] Cycle 25: 2022-07-29 02:52:12
[2022-12-16 19:36:19] Cycle 26: 2022-07-29 02:52:16
[2022-12-16 19:36:23] Word 716958 (Frame index=7098 frame address=0x00023194 word=60 mask=0x00040000)
[2022-12-16 19:36:23] 1 bit errors
[2022-12-16 19:36:23] Cycle 27: 2022-07-29 02:52:20
[2022-12-16 19:36:27] Word 1398573 (Frame index=13847 frame address=0x00422921 word=26 mask=0x00001000)
[2022-12-16 19:36:27] 1 bit errors
[2022-12-16 19:36:27] Cycle 28: 2022-07-29 02:52:25
[2022-12-16 19:36:31] Cycle 29: 2022-07-29 02:52:29
[2022-12-16 19:36:35] Cycle 30: 2022-07-29 02:52:33
[2022-12-16 19:36:39] Word 1490020 (Frame index=14752 frame address=0x00440120 word=68 mask=0x00800000)
[2022-12-16 19:36:39] 1 bit errors
[2022-12-16 19:36:39] Cycle 31: 2022-07-29 02:52:37
[2022-12-16 19:36:44] Cycle 32: 2022-07-29 02:52:41
[2022-12-16 19:36:48] Cycle 33: 2022-07-29 02:52:45
[2022-12-16 19:36:52] Cycle 34: 2022-07-29 02:52:50
[2022-12-16 19:36:56] Word 1272530 (Frame index=12599 frame address=0x0042171b word=31 mask=0x00100000)
[2022-12-16 19:36:56] 1 bit errors
[2022-12-16 19:36:56] Cycle 35: 2022-07-29 02:52:54
[2022-12-16 19:37:00] Word 1207809 (Frame index=11958 frame address=0x00420e02 word=51 mask=0x00008000)
[2022-12-16 19:37:00] Word 1207910 (Frame index=11959 frame address=0x00420e03 word=51 mask=0x00004000)
[2022-12-16 19:37:00] 2 bit errors
[2022-12-16 19:37:00] Cycle 36: 2022-07-29 02:52:58
[2022-12-16 19:37:04] Word 917004 (Frame index=9079 frame address=0x00401921 word=25 mask=0x00000100)
[2022-12-16 19:37:04] 1 bit errors
[2022-12-16 19:37:04] Cycle 37: 2022-07-29 02:53:02
[2022-12-16 19:37:09] Word 1168266 (Frame index=11566 frame address=0x0042081c word=100 mask=0x00006000)
[2022-12-16 19:37:09] Word 1168367 (Frame index=11567 frame address=0x0042081d word=100 mask=0x00002000)
[2022-12-16 19:37:09] 3 bit errors
[2022-12-16 19:37:09] Cycle 38: 2022-07-29 02:53:06
[2022-12-16 19:37:13] Word 637099 (Frame index=6307 frame address=0x00022621 word=92 mask=0x00008000)
[2022-12-16 19:37:13] 1 bit errors
[2022-12-16 19:37:13] Cycle 39: 2022-07-29 02:53:10
[2022-12-16 19:37:17] Cycle 40: 2022-07-29 02:53:15
[2022-12-16 19:37:21] Cycle 41: 2022-07-29 02:53:19
[2022-12-16 19:37:25] Cycle 42: 2022-07-29 02:53:23
[2022-12-16 19:37:29] Word 133640 (Frame index=1323 frame address=0x00001309 word=17 mask=0x00000800)
[2022-12-16 19:37:29] Word 1433075 (Frame index=14188 frame address=0x00422e1e word=87 mask=0x20000000)
[2022-12-16 19:37:29] 2 bit errors
[2022-12-16 19:37:29] Cycle 43: 2022-07-29 02:53:27
[2022-12-16 19:37:34] Cycle 44: 2022-07-29 02:53:31
[2022-12-16 19:37:38] Word 1060724 (Frame index=10502 frame address=0x00402e06 word=22 mask=0x00000040)
[2022-12-16 19:37:38] Word 1255318 (Frame index=12428 frame address=0x0042149c word=90 mask=0x00003000)
[2022-12-16 19:37:38] Word 1255419 (Frame index=12429 frame address=0x0042149d word=90 mask=0x00001800)
[2022-12-16 19:37:38] 5 bit errors
[2022-12-16 19:37:38] Cycle 45: 2022-07-29 02:53:35
[2022-12-16 19:37:42] Word 978601 (Frame index=9689 frame address=0x00402221 word=12 mask=0x20000000)
[2022-12-16 19:37:42] 1 bit errors
[2022-12-16 19:37:42] Cycle 46: 2022-07-29 02:53:40
[2022-12-16 19:37:46] Word 180970 (Frame index=1791 frame address=0x00001a05 word=79 mask=0x00000002)
[2022-12-16 19:37:46] Word 1158582 (Frame index=11471 frame address=0x004206a1 word=11 mask=0x00000020)
[2022-12-16 19:37:46] 2 bit errors
[2022-12-16 19:37:46] Cycle 47: 2022-07-29 02:53:44
[2022-12-16 19:37:50] Cycle 48: 2022-07-29 02:53:48
[2022-12-16 19:37:54] Word 391881 (Frame index=3880 frame address=0x00020302 word=1 mask=0x00004000)
[2022-12-16 19:37:54] 1 bit errors
[2022-12-16 19:37:54] Cycle 49: 2022-07-29 02:53:52
[2022-12-16 19:37:59] Cycle 50: 2022-07-29 02:53:56
[2022-12-16 19:38:03] Cycle 51: 2022-07-29 02:54:00
[2022-12-16 19:38:07] Cycle 52: 2022-07-29 02:54:05
[2022-12-16 19:38:11] Cycle 53: 2022-07-29 02:54:09
[2022-12-16 19:38:15] Cycle 54: 2022-07-29 02:54:13
[2022-12-16 19:38:19] Word 1172465 (Frame index=11608 frame address=0x00420906 word=57 mask=0x00400000)
[2022-12-16 19:38:19] Word 1172566 (Frame index=11609 frame address=0x00420907 word=57 mask=0x00200000)
[2022-12-16 19:38:19] 2 bit errors
[2022-12-16 19:38:19] Cycle 55: 2022-07-29 02:54:17
[2022-12-16 19:38:23] Cycle 56: 2022-07-29 02:54:21
[2022-12-16 19:38:28] Cycle 57: 2022-07-29 02:54:25
[2022-12-16 19:38:32] Cycle 58: 2022-07-29 02:54:30
[2022-12-16 19:38:36] Word 163536 (Frame index=1619 frame address=0x00001721 word=17 mask=0x40000000)
[2022-12-16 19:38:36] 1 bit errors
[2022-12-16 19:38:36] Cycle 59: 2022-07-29 02:54:34
[2022-12-16 19:38:40] Cycle 60: 2022-07-29 02:54:38
[2022-12-16 19:38:44] Cycle 61: 2022-07-29 02:54:42
[2022-12-16 19:38:48] Word 215786 (Frame index=2136 frame address=0x00001f0c word=50 mask=0x00000400)
[2022-12-16 19:38:48] 1 bit errors
[2022-12-16 19:38:48] Cycle 62: 2022-07-29 02:54:46
[2022-12-16 19:38:53] Word 331183 (Frame index=3279 frame address=0x00002f23 word=4 mask=0x10000000)
[2022-12-16 19:38:53] 1 bit errors
[2022-12-16 19:38:53] Cycle 63: 2022-07-29 02:54:50
[2022-12-16 19:38:57] Word 394390 (Frame index=3904 frame address=0x0002031a word=86 mask=0x00006000)
[2022-12-16 19:38:57] Word 1170288 (Frame index=11587 frame address=0x0042088d word=1 mask=0x00000080)
[2022-12-16 19:38:57] 3 bit errors
[2022-12-16 19:38:57] Cycle 64: 2022-07-29 02:54:54
[2022-12-16 19:39:01] Word 427740 (Frame index=4235 frame address=0x00020815 word=5 mask=0x00000080)
[2022-12-16 19:39:01] 1 bit errors
[2022-12-16 19:39:01] Cycle 65: 2022-07-29 02:54:59
[2022-12-16 19:39:05] Word 379502 (Frame index=3757 frame address=0x00020117 word=45 mask=0x00040000)
[2022-12-16 19:39:05] Word 1017676 (Frame index=10076 frame address=0x004027a0 word=0 mask=0x00000020)
[2022-12-16 19:39:05] 2 bit errors
[2022-12-16 19:39:05] Cycle 66: 2022-07-29 02:55:03
[2022-12-16 19:39:09] Cycle 67: 2022-07-29 02:55:07
[2022-12-16 19:39:13] Cycle 68: 2022-07-29 02:55:11
[2022-12-16 19:39:18] Cycle 69: 2022-07-29 02:55:15
[2022-12-16 19:39:22] Cycle 70: 2022-07-29 02:55:19
[2022-12-16 19:39:26] Cycle 71: 2022-07-29 02:55:24
[2022-12-16 19:39:30] Cycle 72: 2022-07-29 02:55:28
[2022-12-16 19:39:34] Word 1280480 (Frame index=12678 frame address=0x00421886 word=2 mask=0x00000100)
[2022-12-16 19:39:34] Word 1484976 (Frame index=14702 frame address=0x0044008c word=74 mask=0x01000000)
[2022-12-16 19:39:34] 2 bit errors
[2022-12-16 19:39:34] Cycle 73: 2022-07-29 02:55:32
[2022-12-16 19:39:38] Cycle 74: 2022-07-29 02:55:36
[2022-12-16 19:39:43] Cycle 75: 2022-07-29 02:55:40
[2022-12-16 19:39:47] Word 57149 (Frame index=565 frame address=0x0000080d word=84 mask=0x00002000)
[2022-12-16 19:39:47] 1 bit errors
[2022-12-16 19:39:47] Cycle 76: 2022-07-29 02:55:44
[2022-12-16 19:39:51] Cycle 77: 2022-07-29 02:55:49
[2022-12-16 19:39:55] Cycle 78: 2022-07-29 02:55:53
[2022-12-16 19:39:59] Word 48936 (Frame index=484 frame address=0x000006a0 word=52 mask=0x00010000)
[2022-12-16 19:39:59] Word 49496 (Frame index=490 frame address=0x00000702 word=6 mask=0x00000040)
[2022-12-16 19:39:59] Word 49597 (Frame index=491 frame address=0x00000703 word=6 mask=0x00000020)
[2022-12-16 19:39:59] 3 bit errors
[2022-12-16 19:39:59] Cycle 79: 2022-07-29 02:55:57
[2022-12-16 19:40:03] Word 211646 (Frame index=2095 frame address=0x00001e23 word=51 mask=0x00020000)
[2022-12-16 19:40:03] 1 bit errors
[2022-12-16 19:40:03] Cycle 80: 2022-07-29 02:56:01
[2022-12-16 19:40:08] Word 425847 (Frame index=4216 frame address=0x00020802 word=31 mask=0x00000004)
[2022-12-16 19:40:08] 1 bit errors
[2022-12-16 19:40:08] Cycle 81: 2022-07-29 02:56:05
[2022-12-16 19:40:12] Cycle 82: 2022-07-29 02:56:09
[2022-12-16 19:40:16] Cycle 83: 2022-07-29 02:56:14
[2022-12-16 19:40:20] Word 942285 (Frame index=9329 frame address=0x00401d09 word=56 mask=0x00001000)
[2022-12-16 19:40:20] Word 1282205 (Frame index=12695 frame address=0x00421897 word=10 mask=0x00000040)
[2022-12-16 19:40:20] 2 bit errors
[2022-12-16 19:40:20] Cycle 84: 2022-07-29 02:56:18
[2022-12-16 19:40:24] Cycle 85: 2022-07-29 02:56:22
[2022-12-16 19:40:28] Cycle 86: 2022-07-29 02:56:26
[2022-12-16 19:40:33] Cycle 87: 2022-07-29 02:56:30
[2022-12-16 19:40:37] Word 976402 (Frame index=9667 frame address=0x0040220b word=35 mask=0x00080000)
[2022-12-16 19:40:37] Word 1136937 (Frame index=11256 frame address=0x0042039a word=81 mask=0x04000000)
[2022-12-16 19:40:37] 2 bit errors
[2022-12-16 19:40:37] Cycle 88: 2022-07-29 02:56:34
[2022-12-16 19:40:41] Word 22815 (Frame index=225 frame address=0x00000309 word=90 mask=0x20000000)
[2022-12-16 19:40:41] Word 693610 (Frame index=6867 frame address=0x00022e21 word=43 mask=0x00004000)
[2022-12-16 19:40:41] 2 bit errors
[2022-12-16 19:40:41] Cycle 89: 2022-07-29 02:56:39
[2022-12-16 19:40:45] Cycle 90: 2022-07-29 02:56:43
[2022-12-16 19:40:49] Cycle 91: 2022-07-29 02:56:47
[2022-12-16 19:40:53] Word 724270 (Frame index=7170 frame address=0x0002329c word=100 mask=0x00001000)
[2022-12-16 19:40:53] Word 724371 (Frame index=7171 frame address=0x0002329d word=100 mask=0x00001800)
[2022-12-16 19:40:53] 3 bit errors
[2022-12-16 19:40:53] Cycle 92: 2022-07-29 02:56:51
[2022-12-16 19:40:58] Cycle 93: 2022-07-29 02:56:55
[2022-12-16 19:41:02] Word 1591010 (Frame index=15752 frame address=0x00441006 word=58 mask=0x00000004)
[2022-12-16 19:41:02] 1 bit errors
[2022-12-16 19:41:02] Cycle 94: 2022-07-29 02:56:59
[2022-12-16 19:41:06] Word 1738672 (Frame index=17214 frame address=0x0044251a word=58 mask=0x04000000)
[2022-12-16 19:41:06] 1 bit errors
[2022-12-16 19:41:06] Cycle 95: 2022-07-29 02:57:04
[2022-12-16 19:41:10] Word 726237 (Frame index=7190 frame address=0x0002330c word=47 mask=0x00001000)
[2022-12-16 19:41:10] 1 bit errors
[2022-12-16 19:41:10] Cycle 96: 2022-07-29 02:57:08
[2022-12-16 19:41:14] Word 411694 (Frame index=4076 frame address=0x000205a2 word=18 mask=0x00001800)
[2022-12-16 19:41:14] Word 411795 (Frame index=4077 frame address=0x000205a3 word=18 mask=0x00001000)
[2022-12-16 19:41:14] Word 702548 (Frame index=6955 frame address=0x00022f8d word=93 mask=0x00400000)
[2022-12-16 19:41:14] Word 1352173 (Frame index=13387 frame address=0x00422305 word=86 mask=0x20000000)
[2022-12-16 19:41:14] Word 1792949 (Frame index=17751 frame address=0x00442c9f word=98 mask=0x80000000)
[2022-12-16 19:41:14] 6 bit errors
[2022-12-16 19:41:14] Cycle 97: 2022-07-29 02:57:12
[2022-12-16 19:41:18] Cycle 98: 2022-07-29 02:57:16
[2022-12-16 19:41:23] Cycle 99: 2022-07-29 02:57:20
[2022-12-16 19:41:27] Word 256077 (Frame index=2535 frame address=0x0000249f word=42 mask=0x00000004)
[2022-12-16 19:41:27] 1 bit errors
[2022-12-16 19:41:27] Cycle 100: 2022-07-29 02:57:24
[2022-12-16 19:41:31] Word 642602 (Frame index=6362 frame address=0x00022710 word=40 mask=0x00000100)
[2022-12-16 19:41:31] 1 bit errors
[2022-12-16 19:41:31] Cycle 101: 2022-07-29 02:57:29
[2022-12-16 19:41:35] Word 1796532 (Frame index=17787 frame address=0x00442d1f word=45 mask=0x00100000)
[2022-12-16 19:41:35] 1 bit errors
[2022-12-16 19:41:35] Cycle 102: 2022-07-29 02:57:33
[2022-12-16 19:41:39] Word 1143567 (Frame index=11322 frame address=0x00420494 word=45 mask=0x00800000)
[2022-12-16 19:41:39] Word 1143668 (Frame index=11323 frame address=0x00420495 word=45 mask=0x00400000)
[2022-12-16 19:41:39] 2 bit errors
[2022-12-16 19:41:39] Cycle 103: 2022-07-29 02:57:37
[2022-12-16 19:41:43] Cycle 104: 2022-07-29 02:57:41
[2022-12-16 19:41:47] Cycle 105: 2022-07-29 02:57:45
[2022-12-16 19:41:52] Word 173171 (Frame index=1714 frame address=0x0000189c word=57 mask=0x00080000)
[2022-12-16 19:41:52] Word 173272 (Frame index=1715 frame address=0x0000189d word=57 mask=0x00040000)
[2022-12-16 19:41:52] 2 bit errors
[2022-12-16 19:41:52] Cycle 106: 2022-07-29 02:57:49
[2022-12-16 19:41:56] Word 1241899 (Frame index=12296 frame address=0x004212a0 word=3 mask=0x00004000)
[2022-12-16 19:41:56] 1 bit errors
[2022-12-16 19:41:56] Cycle 107: 2022-07-29 02:57:53
[2022-12-16 19:42:00] Cycle 108: 2022-07-29 02:57:58
[2022-12-16 19:42:04] Cycle 109: 2022-07-29 02:58:02
[2022-12-16 19:42:08] Cycle 110: 2022-07-29 02:58:06
[2022-12-16 19:42:12] Cycle 111: 2022-07-29 02:58:10
[2022-12-16 19:42:17] Word 457653 (Frame index=4531 frame address=0x00020c87 word=22 mask=0x00000080)
[2022-12-16 19:42:17] Word 1217036 (Frame index=12049 frame address=0x00420f1d word=87 mask=0x00800000)
[2022-12-16 19:42:17] 2 bit errors
[2022-12-16 19:42:17] Cycle 112: 2022-07-29 02:58:14
[2022-12-16 19:42:21] Cycle 113: 2022-07-29 02:58:18
[2022-12-16 19:42:25] Cycle 114: 2022-07-29 02:58:23
[2022-12-16 19:42:29] Cycle 115: 2022-07-29 02:58:27
[2022-12-16 19:42:33] Word 662051 (Frame index=6554 frame address=0x0002299c word=97 mask=0x20000000)
[2022-12-16 19:42:33] 1 bit errors
[2022-12-16 19:42:33] Cycle 116: 2022-07-29 02:58:31
[2022-12-16 19:42:37] Word 392482 (Frame index=3885 frame address=0x00020307 word=97 mask=0x00000100)
[2022-12-16 19:42:37] 1 bit errors
[2022-12-16 19:42:37] Cycle 117: 2022-07-29 02:58:35
[2022-12-16 19:42:42] Word 369981 (Frame index=3663 frame address=0x00020001 word=18 mask=0x04000000)
[2022-12-16 19:42:42] 1 bit errors
[2022-12-16 19:42:42] Cycle 118: 2022-07-29 02:58:39
[2022-12-16 19:42:46] Word 1172647 (Frame index=11610 frame address=0x00420908 word=37 mask=0x00004000)
[2022-12-16 19:42:46] Word 1172748 (Frame index=11611 frame address=0x00420909 word=37 mask=0x00002000)
[2022-12-16 19:42:46] 2 bit errors
[2022-12-16 19:42:46] Cycle 119: 2022-07-29 02:58:43
[2022-12-16 19:42:50] Cycle 120: 2022-07-29 02:58:48
[2022-12-16 19:42:54] Cycle 121: 2022-07-29 02:58:52
[2022-12-16 19:42:58] Cycle 122: 2022-07-29 02:58:56
[2022-12-16 19:43:02] Cycle 123: 2022-07-29 02:59:00
[2022-12-16 19:43:07] Word 784518 (Frame index=7767 frame address=0x0040061b word=51 mask=0x10000000)
[2022-12-16 19:43:07] Word 1848309 (Frame index=18300 frame address=0x004434a2 word=9 mask=0x04000000)
[2022-12-16 19:43:07] 2 bit errors
[2022-12-16 19:43:07] Cycle 124: 2022-07-29 02:59:04
[2022-12-16 19:43:11] Word 1170444 (Frame index=11588 frame address=0x0042088e word=56 mask=0x00800000)
[2022-12-16 19:43:11] 1 bit errors
[2022-12-16 19:43:11] Cycle 125: 2022-07-29 02:59:08
[2022-12-16 19:43:15] Word 693896 (Frame index=6870 frame address=0x00022e80 word=26 mask=0x00000004)
[2022-12-16 19:43:15] Word 693997 (Frame index=6871 frame address=0x00022e81 word=26 mask=0x00000002)
[2022-12-16 19:43:15] 2 bit errors
[2022-12-16 19:43:15] Cycle 126: 2022-07-29 02:59:13
[2022-12-16 19:43:19] Cycle 127: 2022-07-29 02:59:17
[2022-12-16 19:43:23] Cycle 128: 2022-07-29 02:59:21
[2022-12-16 19:43:27] Cycle 129: 2022-07-29 02:59:25
[2022-12-16 19:43:32] Cycle 130: 2022-07-29 02:59:29
[2022-12-16 19:43:36] Cycle 131: 2022-07-29 02:59:33
[2022-12-16 19:43:40] Cycle 132: 2022-07-29 02:59:38
[2022-12-16 19:43:44] Cycle 133: 2022-07-29 02:59:42
[2022-12-16 19:43:48] Word 1481012 (Frame index=14663 frame address=0x0044000f word=49 mask=0x00002000)
[2022-12-16 19:43:48] 1 bit errors
[2022-12-16 19:43:48] Cycle 134: 2022-07-29 02:59:46
[2022-12-16 19:43:52] Word 1235301 (Frame index=12230 frame address=0x00421202 word=71 mask=0x00000400)
[2022-12-16 19:43:52] 1 bit errors
[2022-12-16 19:43:52] Cycle 135: 2022-07-29 02:59:50
[2022-12-16 19:43:57] Cycle 136: 2022-07-29 02:59:54
[2022-12-16 19:44:01] Cycle 137: 2022-07-29 02:59:58
[2022-12-16 19:44:05] Cycle 138: 2022-07-29 03:00:03
[2022-12-16 19:44:09] Word 278078 (Frame index=2753 frame address=0x000027a1 word=25 mask=0x01000000)
[2022-12-16 19:44:09] 1 bit errors
[2022-12-16 19:44:09] Cycle 139: 2022-07-29 03:00:07
[2022-12-16 19:44:13] Word 724937 (Frame index=7177 frame address=0x000232a3 word=60 mask=0x04000000)
[2022-12-16 19:44:13] 1 bit errors
[2022-12-16 19:44:13] Cycle 140: 2022-07-29 03:00:11
[2022-12-16 19:44:17] Cycle 141: 2022-07-29 03:00:15
[2022-12-16 19:44:22] Cycle 142: 2022-07-29 03:00:19
[2022-12-16 19:44:26] Cycle 143: 2022-07-29 03:00:23
[2022-12-16 19:44:30] Word 156389 (Frame index=1548 frame address=0x00001622 word=41 mask=0x00004000)
[2022-12-16 19:44:30] Word 156490 (Frame index=1549 frame address=0x00001623 word=41 mask=0x00008000)
[2022-12-16 19:44:30] 2 bit errors
[2022-12-16 19:44:30] Cycle 144: 2022-07-29 03:00:28
[2022-12-16 19:44:34] Word 662012 (Frame index=6554 frame address=0x0002299c word=58 mask=0x00100000)
[2022-12-16 19:44:34] Word 662113 (Frame index=6555 frame address=0x0002299d word=58 mask=0x00080000)
[2022-12-16 19:44:34] Word 712466 (Frame index=7054 frame address=0x0002310c word=12 mask=0x20000000)
[2022-12-16 19:44:34] 3 bit errors
[2022-12-16 19:44:34] Cycle 145: 2022-07-29 03:00:32
[2022-12-16 19:44:38] Cycle 146: 2022-07-29 03:00:36
[2022-12-16 19:44:42] Word 1557825 (Frame index=15424 frame address=0x00440b10 word=1 mask=0x80000000)
[2022-12-16 19:44:42] 1 bit errors
[2022-12-16 19:44:42] Cycle 147: 2022-07-29 03:00:40
[2022-12-16 19:44:47] Cycle 148: 2022-07-29 03:00:44
[2022-12-16 19:44:51] Cycle 149: 2022-07-29 03:00:48
[2022-12-16 19:44:55] Cycle 150: 2022-07-29 03:00:53
[2022-12-16 19:44:59] Word 793819 (Frame index=7859 frame address=0x00400793 word=60 mask=0x00010000)
[2022-12-16 19:44:59] Word 1180588 (Frame index=11688 frame address=0x00420a0e word=100 mask=0x00080000)
[2022-12-16 19:44:59] Word 1180689 (Frame index=11689 frame address=0x00420a0f word=100 mask=0x00040000)
[2022-12-16 19:44:59] 3 bit errors
[2022-12-16 19:44:59] Cycle 151: 2022-07-29 03:00:57
[2022-12-16 19:45:03] Word 1101841 (Frame index=10909 frame address=0x004033a1 word=32 mask=0x00800000)
[2022-12-16 19:45:03] 1 bit errors
[2022-12-16 19:45:03] Cycle 152: 2022-07-29 03:01:01
[2022-12-16 19:45:07] Word 833935 (Frame index=8256 frame address=0x00400d22 word=79 mask=0x10000000)
[2022-12-16 19:45:07] Word 834036 (Frame index=8257 frame address=0x00400d23 word=79 mask=0x10000000)
[2022-12-16 19:45:07] 2 bit errors
[2022-12-16 19:45:07] Cycle 153: 2022-07-29 03:01:05
[2022-12-16 19:45:11] Word 971904 (Frame index=9622 frame address=0x00402182 word=82 mask=0x00200000)
[2022-12-16 19:45:11] Word 972005 (Frame index=9623 frame address=0x00402183 word=82 mask=0x00100000)
[2022-12-16 19:45:11] 2 bit errors
[2022-12-16 19:45:11] Cycle 154: 2022-07-29 03:01:09
[2022-12-16 19:45:16] Word 1282544 (Frame index=12698 frame address=0x0042189a word=46 mask=0x40000000)
[2022-12-16 19:45:16] 1 bit errors
[2022-12-16 19:45:16] Cycle 155: 2022-07-29 03:01:13
[2022-12-16 19:45:20] Word 715148 (Frame index=7080 frame address=0x00023182 word=68 mask=0x00000300)
[2022-12-16 19:45:20] Word 715249 (Frame index=7081 frame address=0x00023183 word=68 mask=0x00000100)
[2022-12-16 19:45:20] 3 bit errors
[2022-12-16 19:45:20] Cycle 156: 2022-07-29 03:01:17
[2022-12-16 19:45:24] Word 91142 (Frame index=902 frame address=0x00000d04 word=40 mask=0x10000000)
[2022-12-16 19:45:24] Word 128297 (Frame index=1270 frame address=0x0000121c word=27 mask=0x02000000)
[2022-12-16 19:45:24] Word 128398 (Frame index=1271 frame address=0x0000121d word=27 mask=0x01000000)
[2022-12-16 19:45:24] Word 1583217 (Frame index=15675 frame address=0x00440e9d word=42 mask=0x00040000)
[2022-12-16 19:45:24] 4 bit errors
[2022-12-16 19:45:24] Cycle 157: 2022-07-29 03:01:22
[2022-12-16 19:45:28] Cycle 158: 2022-07-29 03:01:26
[2022-12-16 19:45:32] Word 981161 (Frame index=9714 frame address=0x00402296 word=47 mask=0x02000000)
[2022-12-16 19:45:32] 1 bit errors
[2022-12-16 19:45:32] Cycle 159: 2022-07-29 03:01:30
[2022-12-16 19:45:36] Word 639487 (Frame index=6331 frame address=0x00022695 word=56 mask=0x00400000)
[2022-12-16 19:45:36] Word 953254 (Frame index=9438 frame address=0x00401e92 word=16 mask=0x00000010)
[2022-12-16 19:45:36] Word 1581452 (Frame index=15657 frame address=0x00440e8b word=95 mask=0x00000001)
[2022-12-16 19:45:36] 3 bit errors
[2022-12-16 19:45:36] Cycle 160: 2022-07-29 03:01:34
[2022-12-16 19:45:41] Cycle 161: 2022-07-29 03:01:38
[2022-12-16 19:45:45] Word 174775 (Frame index=1730 frame address=0x00001908 word=45 mask=0x00000008)
[2022-12-16 19:45:45] 1 bit errors
[2022-12-16 19:45:45] Cycle 162: 2022-07-29 03:01:42
[2022-12-16 19:45:49] Word 1531507 (Frame index=15163 frame address=0x0044071b word=44 mask=0x00100000)
[2022-12-16 19:45:49] 1 bit errors
[2022-12-16 19:45:49] Cycle 163: 2022-07-29 03:01:47
[2022-12-16 19:45:53] Cycle 164: 2022-07-29 03:01:51
[2022-12-16 19:45:57] Word 1578721 (Frame index=15630 frame address=0x00440e0c word=91 mask=0x00000008)
[2022-12-16 19:45:57] Word 1578822 (Frame index=15631 frame address=0x00440e0d word=91 mask=0x00000008)
[2022-12-16 19:45:57] 2 bit errors
[2022-12-16 19:45:57] Cycle 165: 2022-07-29 03:01:55
[2022-12-16 19:46:01] Word 725701 (Frame index=7185 frame address=0x00023307 word=16 mask=0x08000000)
[2022-12-16 19:46:01] 1 bit errors
[2022-12-16 19:46:01] Cycle 166: 2022-07-29 03:01:59
[2022-12-16 19:46:06] Cycle 167: 2022-07-29 03:02:03
[2022-12-16 19:46:10] Cycle 168: 2022-07-29 03:02:07
[2022-12-16 19:46:14] Word 897442 (Frame index=8885 frame address=0x0040168b word=57 mask=0x02000000)
[2022-12-16 19:46:14] 1 bit errors
[2022-12-16 19:46:14] Cycle 169: 2022-07-29 03:02:12
[2022-12-16 19:46:18] Cycle 170: 2022-07-29 03:02:16
[2022-12-16 19:46:22] Cycle 171: 2022-07-29 03:02:20
[2022-12-16 19:46:26] Word 1249197 (Frame index=12368 frame address=0x004213a0 word=29 mask=0x00000002)
[2022-12-16 19:46:26] 1 bit errors
[2022-12-16 19:46:26] Cycle 172: 2022-07-29 03:02:24
[2022-12-16 19:46:31] Cycle 173: 2022-07-29 03:02:28
[2022-12-16 19:46:35] Word 384818 (Frame index=3810 frame address=0x00020204 word=8 mask=0x00040000)
[2022-12-16 19:46:35] Word 384919 (Frame index=3811 frame address=0x00020205 word=8 mask=0x00020000)
[2022-12-16 19:46:35] 2 bit errors
[2022-12-16 19:46:35] Cycle 174: 2022-07-29 03:02:32
[2022-12-16 19:46:39] Word 1022156 (Frame index=10120 frame address=0x00402884 word=36 mask=0x40000000)
[2022-12-16 19:46:39] 1 bit errors
[2022-12-16 19:46:39] Cycle 175: 2022-07-29 03:02:37
[2022-12-16 19:46:43] Cycle 176: 2022-07-29 03:02:41
[2022-12-16 19:46:47] Word 665802 (Frame index=6592 frame address=0x00022a1e word=10 mask=0x00000100)
[2022-12-16 19:46:47] 1 bit errors
[2022-12-16 19:46:47] Cycle 177: 2022-07-29 03:02:45
[2022-12-16 19:46:51] Cycle 178: 2022-07-29 03:02:49
[2022-12-16 19:46:56] Word 1385370 (Frame index=13716 frame address=0x0042278a word=54 mask=0x00002000)
[2022-12-16 19:46:56] Word 1837454 (Frame index=18192 frame address=0x0044331c word=62 mask=0x00000300)
[2022-12-16 19:46:56] Word 1837555 (Frame index=18193 frame address=0x0044331d word=62 mask=0x00000180)
[2022-12-16 19:46:56] 5 bit errors
[2022-12-16 19:46:56] Cycle 179: 2022-07-29 03:02:53
[2022-12-16 19:47:00] Cycle 180: 2022-07-29 03:02:57
[2022-12-16 19:47:04] Cycle 181: 2022-07-29 03:03:02
[2022-12-16 19:47:08] Word 1321124 (Frame index=13080 frame address=0x00421e22 word=44 mask=0x00400000)
[2022-12-16 19:47:08] Word 1321225 (Frame index=13081 frame address=0x00421e23 word=44 mask=0x00800000)
[2022-12-16 19:47:08] 2 bit errors
[2022-12-16 19:47:08] Cycle 182: 2022-07-29 03:03:06
[2022-12-16 19:47:12] Cycle 183: 2022-07-29 03:03:10
[2022-12-16 19:47:16] Cycle 184: 2022-07-29 03:03:14
[2022-12-16 19:47:21] Word 1768980 (Frame index=17514 frame address=0x00442982 word=66 mask=0x20000000)
[2022-12-16 19:47:21] 1 bit errors
[2022-12-16 19:47:21] Cycle 185: 2022-07-29 03:03:18
[2022-12-16 19:47:25] Word 1437082 (Frame index=14228 frame address=0x00422ea2 word=54 mask=0x00000200)
[2022-12-16 19:47:25] Word 1437183 (Frame index=14229 frame address=0x00422ea3 word=54 mask=0x00000400)
[2022-12-16 19:47:25] 2 bit errors
[2022-12-16 19:47:25] Cycle 186: 2022-07-29 03:03:22
[2022-12-16 19:47:29] Word 1576960 (Frame index=15613 frame address=0x00440d9f word=47 mask=0x04000000)
[2022-12-16 19:47:29] 1 bit errors
[2022-12-16 19:47:29] Cycle 187: 2022-07-29 03:03:27
[2022-12-16 19:47:33] Word 630360 (Frame index=6241 frame address=0x00022583 word=19 mask=0x00000004)
[2022-12-16 19:47:33] 1 bit errors
[2022-12-16 19:47:33] Cycle 188: 2022-07-29 03:03:31
[2022-12-16 19:47:37] Word 1010637 (Frame index=10006 frame address=0x004026a2 word=31 mask=0x00008000)
[2022-12-16 19:47:37] Word 1738744 (Frame index=17215 frame address=0x0044251b word=29 mask=0x00001000)
[2022-12-16 19:47:37] 2 bit errors
[2022-12-16 19:47:37] Cycle 189: 2022-07-29 03:03:35
[2022-12-16 19:47:41] Cycle 190: 2022-07-29 03:03:39
[2022-12-16 19:47:46] Word 447435 (Frame index=4430 frame address=0x00020b08 word=5 mask=0x00000400)
[2022-12-16 19:47:46] Word 447536 (Frame index=4431 frame address=0x00020b09 word=5 mask=0x00000200)
[2022-12-16 19:47:46] Word 721143 (Frame index=7140 frame address=0x00023222 word=3 mask=0x40000000)
[2022-12-16 19:47:46] Word 1593510 (Frame index=15777 frame address=0x0044101f word=33 mask=0x08000000)
[2022-12-16 19:47:46] 4 bit errors
[2022-12-16 19:47:46] Cycle 191: 2022-07-29 03:03:43
[2022-12-16 19:47:50] Word 1021078 (Frame index=10109 frame address=0x0040281d word=69 mask=0x00008000)
[2022-12-16 19:47:50] 1 bit errors
[2022-12-16 19:47:50] Cycle 192: 2022-07-29 03:03:47
[2022-12-16 19:47:54] Cycle 193: 2022-07-29 03:03:52
[2022-12-16 19:47:58] Word 929906 (Frame index=9206 frame address=0x00401b18 word=100 mask=0x00000002)
[2022-12-16 19:47:58] Word 1291762 (Frame index=12789 frame address=0x00421a11 word=73 mask=0x00000400)
[2022-12-16 19:47:58] 2 bit errors
[2022-12-16 19:47:58] Cycle 194: 2022-07-29 03:03:56
[2022-12-16 19:48:02] Word 1202966 (Frame index=11910 frame address=0x00420d1a word=56 mask=0x00000200)
[2022-12-16 19:48:02] Word 1203067 (Frame index=11911 frame address=0x00420d1b word=56 mask=0x00000400)
[2022-12-16 19:48:02] 2 bit errors
[2022-12-16 19:48:02] Cycle 195: 2022-07-29 03:04:00
[2022-12-16 19:48:06] Cycle 196: 2022-07-29 03:04:04
[2022-12-16 19:48:11] Cycle 197: 2022-07-29 03:04:08
[2022-12-16 19:48:15] Cycle 198: 2022-07-29 03:04:12
[2022-12-16 19:48:19] Word 885418 (Frame index=8766 frame address=0x0040149c word=52 mask=0x00000100)
[2022-12-16 19:48:19] Word 885519 (Frame index=8767 frame address=0x0040149d word=52 mask=0x00000080)
[2022-12-16 19:48:19] 2 bit errors
[2022-12-16 19:48:19] Cycle 199: 2022-07-29 03:04:17
[2022-12-16 19:48:23] Cycle 200: 2022-07-29 03:04:21
[2022-12-16 19:48:27] Word 389644 (Frame index=3857 frame address=0x0002028f word=87 mask=0x00020000)
[2022-12-16 19:48:27] Word 857424 (Frame index=8489 frame address=0x0040109f word=35 mask=0x00000002)
[2022-12-16 19:48:27] 2 bit errors
[2022-12-16 19:48:27] Cycle 201: 2022-07-29 03:04:25
[2022-12-16 19:48:31] Cycle 202: 2022-07-29 03:04:29
[2022-12-16 19:48:36] Word 1517172 (Frame index=15021 frame address=0x0044051d word=51 mask=0x00000200)
[2022-12-16 19:48:36] 1 bit errors
[2022-12-16 19:48:36] Cycle 203: 2022-07-29 03:04:33
[2022-12-16 19:48:40] Cycle 204: 2022-07-29 03:04:37
[2022-12-16 19:48:44] Word 1262377 (Frame index=12498 frame address=0x0042159a word=79 mask=0x00080000)
[2022-12-16 19:48:44] Word 1262478 (Frame index=12499 frame address=0x0042159b word=79 mask=0x00040000)
[2022-12-16 19:48:44] Word 1534863 (Frame index=15196 frame address=0x004407a0 word=67 mask=0x00010000)
[2022-12-16 19:48:44] Word 1534964 (Frame index=15197 frame address=0x004407a1 word=67 mask=0x00008000)
[2022-12-16 19:48:44] 4 bit errors
[2022-12-16 19:48:44] Cycle 205: 2022-07-29 03:04:42
[2022-12-16 19:48:48] Cycle 206: 2022-07-29 03:04:46
[2022-12-16 19:48:52] Word 1238669 (Frame index=12264 frame address=0x00421280 word=5 mask=0x00040000)
[2022-12-16 19:48:52] 1 bit errors
[2022-12-16 19:48:52] Cycle 207: 2022-07-29 03:04:50
[2022-12-16 19:48:56] Word 173190 (Frame index=1714 frame address=0x0000189c word=76 mask=0x08000000)
[2022-12-16 19:48:56] Word 173291 (Frame index=1715 frame address=0x0000189d word=76 mask=0x04000000)
[2022-12-16 19:48:56] Word 299860 (Frame index=2968 frame address=0x00002aa0 word=92 mask=0x00000040)
[2022-12-16 19:48:56] 3 bit errors
[2022-12-16 19:48:56] Cycle 208: 2022-07-29 03:04:54
[2022-12-16 19:49:01] Cycle 209: 2022-07-29 03:04:58
[2022-12-16 19:49:05] Word 778270 (Frame index=7705 frame address=0x00400581 word=65 mask=0x00020000)
[2022-12-16 19:49:05] 1 bit errors
[2022-12-16 19:49:05] Cycle 210: 2022-07-29 03:05:02
[2022-12-16 19:49:09] Cycle 211: 2022-07-29 03:05:07
[2022-12-16 19:49:13] Cycle 212: 2022-07-29 03:05:11
[2022-12-16 19:49:17] Cycle 213: 2022-07-29 03:05:15
[2022-12-16 19:49:21] Word 1222097 (Frame index=12099 frame address=0x0042100f word=98 mask=0x08000000)
[2022-12-16 19:49:21] 1 bit errors
[2022-12-16 19:49:21] Cycle 214: 2022-07-29 03:05:19
[2022-12-16 19:49:25] Word 1587323 (Frame index=15716 frame address=0x00440f22 word=7 mask=0x00000800)
[2022-12-16 19:49:25] 1 bit errors
[2022-12-16 19:49:25] Cycle 215: 2022-07-29 03:05:23
[2022-12-16 19:49:30] Word 431088 (Frame index=4268 frame address=0x00020892 word=20 mask=0x00000400)
[2022-12-16 19:49:30] Word 431189 (Frame index=4269 frame address=0x00020893 word=20 mask=0x00000200)
[2022-12-16 19:49:30] 2 bit errors
[2022-12-16 19:49:30] Cycle 216: 2022-07-29 03:05:27
[2022-12-16 19:49:34] Cycle 217: 2022-07-29 03:05:31
[2022-12-16 19:49:38] Word 487903 (Frame index=4830 frame address=0x000210a2 word=73 mask=0x40000000)
[2022-12-16 19:49:38] Word 1362367 (Frame index=13488 frame address=0x00422422 word=79 mask=0x00000400)
[2022-12-16 19:49:38] Word 1362468 (Frame index=13489 frame address=0x00422423 word=79 mask=0x00000800)
[2022-12-16 19:49:38] 3 bit errors
[2022-12-16 19:49:38] Cycle 218: 2022-07-29 03:05:36
[2022-12-16 19:49:42] Cycle 219: 2022-07-29 03:05:40
[2022-12-16 19:49:46] Word 1353240 (Frame index=13398 frame address=0x00422310 word=42 mask=0x00000800)
[2022-12-16 19:49:46] Word 1353341 (Frame index=13399 frame address=0x00422311 word=42 mask=0x00000400)
[2022-12-16 19:49:46] 2 bit errors
[2022-12-16 19:49:46] Cycle 220: 2022-07-29 03:05:44
[2022-12-16 19:49:50] Cycle 221: 2022-07-29 03:05:48
[2022-12-16 19:49:55] Word 201845 (Frame index=1998 frame address=0x00001d02 word=47 mask=0x00010000)
[2022-12-16 19:49:55] 1 bit errors
[2022-12-16 19:49:55] Cycle 222: 2022-07-29 03:05:52
[2022-12-16 19:49:59] Cycle 223: 2022-07-29 03:05:56
[2022-12-16 19:50:03] Cycle 224: 2022-07-29 03:06:01
[2022-12-16 19:50:07] Cycle 225: 2022-07-29 03:06:05
[2022-12-16 19:50:11] Word 1065379 (Frame index=10548 frame address=0x00402e90 word=31 mask=0x00000010)
[2022-12-16 19:50:11] Word 1065480 (Frame index=10549 frame address=0x00402e91 word=31 mask=0x00000008)
[2022-12-16 19:50:11] 2 bit errors
[2022-12-16 19:50:11] Cycle 226: 2022-07-29 03:06:09
[2022-12-16 19:50:15] Word 1104581 (Frame index=10936 frame address=0x00403418 word=45 mask=0x00000040)
[2022-12-16 19:50:15] Word 1104682 (Frame index=10937 frame address=0x00403419 word=45 mask=0x00000020)
[2022-12-16 19:50:15] 2 bit errors
[2022-12-16 19:50:15] Cycle 227: 2022-07-29 03:06:13
[2022-12-16 19:50:20] Cycle 228: 2022-07-29 03:06:17
[2022-12-16 19:50:24] Cycle 229: 2022-07-29 03:06:21
[2022-12-16 19:50:28] Cycle 230: 2022-07-29 03:06:26
[2022-12-16 19:50:32] Word 1134225 (Frame index=11229 frame address=0x0042031b word=96 mask=0x02000000)
[2022-12-16 19:50:32] Word 1395559 (Frame index=13817 frame address=0x00422903 word=42 mask=0x00800000)
[2022-12-16 19:50:32] 2 bit errors
[2022-12-16 19:50:32] Cycle 231: 2022-07-29 03:06:30
[2022-12-16 19:50:36] Cycle 232: 2022-07-29 03:06:34
