[2022-12-16 19:51:21] 
[2022-12-16 19:51:21] [1m        __   _ __      _  __[0m
[2022-12-16 19:51:21] [1m       / /  (_) /____ | |/_/[0m
[2022-12-16 19:51:21] [1m      / /__/ / __/ -_)>  <[0m
[2022-12-16 19:51:21] [1m     /____/_/\__/\__/_/|_|[0m
[2022-12-16 19:51:21] [1m   Build your hardware, easily![0m
[2022-12-16 19:51:21]  (c) Copyright 2012-2022 Enjoy-Digital
[2022-12-16 19:51:21]  (c) Copyright 2007-2015 M-Labs
[2022-12-16 19:51:21]  BIOS built on Nov 28 2022 18:17:22
[2022-12-16 19:51:21]  BIOS CRC passed (b0e744c8)
[2022-12-16 19:51:21]  LiteX git sha1: f707551c
[2022-12-16 19:51:21] --=============== [1mSoC[0m ==================--
[2022-12-16 19:51:21] [1mCPU[0m:		VexRiscv @ 75MHz
[2022-12-16 19:51:21] [1mBUS[0m:		WISHBONE 32-bit @ 4GiB
[2022-12-16 19:51:21] [1mCSR[0m:		32-bit data
[2022-12-16 19:51:21] [1mROM[0m:		128KiB
[2022-12-16 19:51:21] [1mSRAM[0m:		8KiB
[2022-12-16 19:51:21] [1mL2[0m:		8KiB
[2022-12-16 19:51:21] [1mSDRAM[0m:		524288KiB 16-bit @ 600MT/s (CL-7 CWL-5)
[2022-12-16 19:51:21] --========== [1mInitialization[0m ============--
[2022-12-16 19:51:21] Initializing SDRAM @0x40000000...
[2022-12-16 19:51:21] Switching SDRAM to software control.
[2022-12-16 19:51:21] Read leveling:
[2022-12-16 19:51:21]   m0, b00: |00000000000000000000000000000000| delays: -
[2022-12-16 19:51:21]   m0, b01: |11111111100000000000000000000000| delays: 04+-04
[2022-12-16 19:51:21]   m0, b02: |00000000000111111111111111111100| delays: 21+-10
[2022-12-16 19:51:21]   m0, b03: |00000000000000000000000000000000| delays: -
[2022-12-16 19:51:21]   m0, b04: |00000000000000000000000000000000| delays: -
[2022-12-16 19:51:21]   m0, b05: |00000000000000000000000000000000| delays: -
[2022-12-16 19:51:21]   m0, b06: |00000000000000000000000000000000| delays: -
[2022-12-16 19:51:21]   m0, b07: |00000000000000000000000000000000| delays: -
[2022-12-16 19:51:21]   best: m0, b02 delays: 21+-10
[2022-12-16 19:51:21]   m1, b00: |00000000000000000000000000000000| delays: -
[2022-12-16 19:51:21]   m1, b01: |11111111100000000000000000000000| delays: 04+-04
[2022-12-16 19:51:21]   m1, b02: |00000000001111111111111111111100| delays: 20+-10
[2022-12-16 19:51:21]   m1, b03: |00000000000000000000000000000000| delays: -
[2022-12-16 19:51:21]   m1, b04: |00000000000000000000000000000000| delays: -
[2022-12-16 19:51:21]   m1, b05: |00000000000000000000000000000000| delays: -
[2022-12-16 19:51:21]   m1, b06: |00000000000000000000000000000000| delays: -
[2022-12-16 19:51:21]   m1, b07: |00000000000000000000000000000000| delays: -
[2022-12-16 19:51:21]   best: m1, b02 delays: 20+-10
[2022-12-16 19:51:21] Switching SDRAM to hardware control.
[2022-12-16 19:51:21] Memtest at 0x40000000 (2.0MiB)...
[2022-12-16 19:51:21]   Write: 0x40000000-0x40000000 0B   
[2022-12-16 19:51:21]   Write: 0x40000000-0x40200000 2.0MiB   
[2022-12-16 19:51:21]    Read: 0x40000000-0x40000000 0B   
[2022-12-16 19:51:21]    Read: 0x40000000-0x40200000 2.0MiB   
[2022-12-16 19:51:21] Memtest OK
[2022-12-16 19:51:21] Memspeed at 0x40000000 (Sequential, 2.0MiB)...
[2022-12-16 19:51:21]   Write speed: 26.2MiB/s
[2022-12-16 19:51:21]    Read speed: 35.1MiB/s
[2022-12-16 19:51:21] --============== [1mBoot[0m ==================--
[2022-12-16 19:51:21] Booting from serial...
[2022-12-16 19:51:21] Press Q or ESC to abort boot completely.
[2022-12-16 19:51:21] sL5DdSMmkekro
[2022-12-16 19:51:21] Timeout
[2022-12-16 19:51:21] No boot medium found
[2022-12-16 19:51:21] --============= [1mConsole[0m ================--
[2022-12-16 19:51:21] [92;1mlitex[0m> sdram_bist_pat 165
[2022-12-16 19:51:21] sdram_bist_pat 165
[2022-12-16 19:51:21] [92;1mlitex[0m> 
[2022-12-16 19:51:21] [92;1mlitex[0m> 
[2022-12-16 19:51:21] [92;1mlitex[0m> sdram_bist 8192 1 0 2
[2022-12-16 19:51:21] sdram_bist 8192 1 0 2
[2022-12-16 19:51:21] Starting SDRAM BIST with length=8192, addr_mode=1, data_mode=0 wmode=2
[2022-12-16 19:51:21] WR-BW(MiB/s) RD-BW(MiB/s)  TESTED(MiB)     ERRORS
[2022-12-16 19:51:23]          940          940          473          0
[2022-12-16 19:51:24]          941          940          947          0
[2022-12-16 19:51:26]          941          940         1421          0
[2022-12-16 19:51:27]          941          940         1895          0
[2022-12-16 19:51:29]          941          940         2369          0
[2022-12-16 19:51:30]          941          940         2843          0
[2022-12-16 19:51:32]          941          940         3316          0
[2022-12-16 19:51:33]          941          940         3790          0
[2022-12-16 19:51:33] WR-BW(MiB/s) RD-BW(MiB/s)  TESTED(MiB)     ERRORS
[2022-12-16 19:51:34]          941          940          168          0
[2022-12-16 19:51:36]          941          940          642          0
[2022-12-16 19:51:37]          941          940         1116          0
[2022-12-16 19:51:39]          941          940         1590          0
[2022-12-16 19:51:40]          941          940         2063          0
