[2022-12-16 21:38:10] INFO     STATE:Initial Starting State
[2022-12-16 21:38:10] INFO     git commit information
[2022-12-16 21:38:10] INFO     	git commit:8f8859a Tried to get jcm scrubbing working. Added coutner for rowhammer
[2022-12-16 21:38:10] INFO     	git commit date:Fri Dec 16 20:36:08 2022
[2022-12-16 21:38:10] INFO     	git status:Fri Dec 16 20:36:08 2022
[2022-12-16 21:38:10] INFO     		M beam-test/test_scripts/readme.md
[2022-12-16 21:38:10] INFO     Command line information
[2022-12-16 21:38:10] INFO     	Command line:['ddrctrl_experiment.py', '--jcm_part', 'xc7a200t', '--bitstream', '/root/ddr_11_28.bit', '--log_dir', './lansce2022', '--jcm_clock', '30_000_000', '--frads_file', 'xc7a200t_frad.txt', '--fault_injection', '0', '--uart_bone_ident', '0xf0002000', '--jcm_ip', '169.254.132.152', '--jcm_netbooter_port', '1', '--nexys_netbooter_port', '2', '--usb_uart_phys_port', '1-4.4.2', '--uartbone_phys_port', '1-4.4.1']
[2022-12-16 21:38:10] INFO     	arg:bitstream=/root/ddr_11_28.bit
[2022-12-16 21:38:10] INFO     	arg:netbooter_ip=169.254.131.160
[2022-12-16 21:38:10] INFO     	arg:jcm_ip=169.254.132.152
[2022-12-16 21:38:10] INFO     	arg:jcm_part=xc7a200t
[2022-12-16 21:38:10] INFO     	arg:jcm_clock=30000000
[2022-12-16 21:38:10] INFO     	arg:usb_uart_phys_port=1-4.4.2
[2022-12-16 21:38:10] INFO     	arg:uart_litex_baudrate=115200
[2022-12-16 21:38:10] INFO     	arg:uartbone_phys_port=1-4.4.1
[2022-12-16 21:38:10] INFO     	arg:uartbone_phys_if=0
[2022-12-16 21:38:10] INFO     	arg:uartbone_baudrate=115200
[2022-12-16 21:38:10] INFO     	arg:repower_jcm=False
[2022-12-16 21:38:10] INFO     	arg:disable_scrubbing=False
[2022-12-16 21:38:10] INFO     	arg:fault_injection=0
[2022-12-16 21:38:10] INFO     	arg:frads_file=xc7a200t_frad.txt
[2022-12-16 21:38:10] INFO     	arg:jcm_netbooter_port=1
[2022-12-16 21:38:10] INFO     	arg:nexys_netbooter_port=2
[2022-12-16 21:38:10] INFO     	arg:log_dir=./lansce2022
[2022-12-16 21:38:10] INFO     	arg:single_step=False
[2022-12-16 21:38:10] INFO     	arg:bist_mem_burst_length=8192
[2022-12-16 21:38:10] INFO     	arg:bist_addr_mode=1
[2022-12-16 21:38:10] INFO     	arg:bist_pattern=165
[2022-12-16 21:38:10] INFO     	arg:no_uart_bone=False
[2022-12-16 21:38:10] INFO     	arg:uart_bone_ident=0xf0002000
[2022-12-16 21:38:10] INFO     STATE:Netbooter Setup State
[2022-12-16 21:38:10] INFO     STATE:JCM Setup State
[2022-12-16 21:38:10] INFO     NETBOOTER:Attempt 1 to set port 1 with cycle=False
[2022-12-16 21:38:12] INFO     NETBOOTER:Setting port 1 to On
[2022-12-16 21:38:13] INFO     JCM ping attempt 1
[2022-12-16 21:38:13] INFO     JCM:Logging in to JCM
[2022-12-16 21:38:13] INFO     JCM:Connecting to JCM over SSH... (Attempt 1)
[2022-12-16 21:38:13] INFO     JCM:SSH successful
[2022-12-16 21:38:13] INFO     STATE:UART Setup State
[2022-12-16 21:38:13] INFO     STATE:Power Nexys State
[2022-12-16 21:38:13] INFO     NETBOOTER:Attempt 1 to set port 2 with cycle=False
[2022-12-16 21:38:15] INFO     NETBOOTER:Setting port 2 to Off
[2022-12-16 21:38:16] INFO     NETBOOTER:Attempt 1 to set port 2 with cycle=False
[2022-12-16 21:38:18] INFO     NETBOOTER:Setting port 2 to On
[2022-12-16 21:38:19] INFO     STATE:Connect UART State
[2022-12-16 21:38:21] INFO     UART:Searching for ttyUSB device (Attempt 1)
[2022-12-16 21:38:21] INFO     UART:Found tty device:/dev/ttyUSB2
[2022-12-16 21:38:21] INFO     UART:Serial port /dev/ttyUSB2 open
[2022-12-16 21:38:21] INFO     STATE:Configure Nexys State
[2022-12-16 21:38:21] INFO     JCM:Attempting JCM device DNA read
[2022-12-16 21:38:21] INFO     JCM:Executing commmand on JCM
	~/jcm_apps/jcm_jtag_reg.elf -r 50 --swap -w 64
[2022-12-16 21:38:22] INFO     Device DNA:0:0x812c023b 1:0x2a0f6504
[2022-12-16 21:38:22] INFO     JCM:Attempting JCM configuration
[2022-12-16 21:38:22] INFO     JCM:Executing commmand on JCM
	~/jcm_apps/jcm_config.elf --part xc7a200t -c 30000000 --jtag --config_file /root/ddr_11_28.bit
[2022-12-16 21:38:27] INFO     JCM:Configuration Success
[2022-12-16 21:38:27] INFO     STATE:Setup UARTBone State
[2022-12-16 21:38:27] INFO     UARTBONE:Searching for ttyUSB device (Attempt 1) for port '1-4.4.1' IF '0'
[2022-12-16 21:38:27] INFO     UARTBONE:Found tty device:/dev/ttyUSB0
[2022-12-16 21:38:27] INFO     UARTBONE:Attempting to open:/dev/ttyUSB0 at baud 115200 with timeout=5
[2022-12-16 21:38:27] INFO     UARTBONE:Serial port /dev/ttyUSB0 open
[2022-12-16 21:38:28] INFO     UARTBONE ID Str=LiteX SoC on Nexys Video 2022-11-28 18:17:18
[2022-12-16 21:38:28] INFO     UARTBONE I ADDR=000012E8
[2022-12-16 21:38:28] INFO     STATE:Enable Scrubbing State
[2022-12-16 21:38:28] INFO     JCM:Starting JCM scrubber
[2022-12-16 21:38:28] INFO     JCM:Executing commmand on JCM
	~/jcm_apps/jcm_scrubbing.elf --part xc7a200t -c 30000000 --jtag --iterations 100000000 --frad_file xc7a200t_frad.txt
[2022-12-16 21:38:28] INFO     STATE:LiteX Login State
[2022-12-16 21:38:28] INFO     STATE:Start BIST State
[2022-12-16 21:38:28] INFO     STATE:BIST Execution State
[2022-12-16 21:38:28] INFO     BIST:Bad title line (1):8192 1 0 2
[2022-12-16 21:38:28] INFO     BIST:Header (first)
[2022-12-16 21:38:40] INFO     BIST:Header (ok)
[2022-12-16 21:38:52] INFO     BIST:Header (ok)
[2022-12-16 21:39:03] INFO     BIST:Header (ok)
[2022-12-16 21:39:15] INFO     BIST:Header (ok)
[2022-12-16 21:39:26] INFO     BIST:Header (ok)
[2022-12-16 21:39:38] INFO     BIST:Header (ok)
[2022-12-16 21:39:50] INFO     BIST:Header (ok)
[2022-12-16 21:40:01] INFO     BIST:Header (ok)
[2022-12-16 21:40:13] INFO     BIST:Header (ok)
[2022-12-16 21:40:29] ERROR    UART:expect timeout (delay 15s)
[2022-12-16 21:40:29] INFO     STATE:Terminal Recovery State
[2022-12-16 21:40:29] INFO     UART:Serial port /dev/ttyUSB2 closed
[2022-12-16 21:40:32] INFO     UART:Searching for ttyUSB device (Attempt 1)
[2022-12-16 21:40:32] INFO     UART:Found tty device:/dev/ttyUSB2
[2022-12-16 21:40:32] INFO     UART:Serial port /dev/ttyUSB2 open
[2022-12-16 21:40:42] ERROR    UART:expect timeout (delay 10s)
[2022-12-16 21:40:42] INFO     STATE:Reset Recovery State
[2022-12-16 21:40:42] INFO     UARTBONE I ADDR=00001350
[2022-12-16 21:40:42] INFO     Issuing UART bone reset
[2022-12-16 21:40:43] INFO     UARTBONE I ADDR=000001F8
[2022-12-16 21:40:43] INFO     STATE:LiteX Login State
[2022-12-16 21:40:43] INFO     STATE:Start BIST State
[2022-12-16 21:40:43] INFO     STATE:BIST Execution State
[2022-12-16 21:40:43] INFO     BIST:Bad title line (1):8192 1 0 2
[2022-12-16 21:40:43] INFO     BIST:Header (first)
[2022-12-16 21:40:58] ERROR    UART:expect timeout (delay 15s)
[2022-12-16 21:40:58] INFO     STATE:Terminal Recovery State
[2022-12-16 21:40:58] INFO     UART:Serial port /dev/ttyUSB2 closed
[2022-12-16 21:41:01] INFO     UART:Searching for ttyUSB device (Attempt 1)
[2022-12-16 21:41:02] INFO     UART:Found tty device:/dev/ttyUSB2
[2022-12-16 21:41:02] INFO     UART:Serial port /dev/ttyUSB2 open
[2022-12-16 21:41:12] ERROR    UART:expect timeout (delay 10s)
[2022-12-16 21:41:12] INFO     STATE:Reset Recovery State
[2022-12-16 21:41:12] INFO     UARTBONE I ADDR=00001350
[2022-12-16 21:41:12] INFO     Issuing UART bone reset
[2022-12-16 21:41:13] INFO     UARTBONE I ADDR=000001F8
[2022-12-16 21:41:13] INFO     STATE:LiteX Login State
[2022-12-16 21:41:13] INFO     STATE:Start BIST State
[2022-12-16 21:41:13] INFO     STATE:BIST Execution State
[2022-12-16 21:41:13] INFO     BIST:Bad title line (1):8192 1 0 2
[2022-12-16 21:41:13] INFO     BIST:Header (first)
[2022-12-16 21:41:28] ERROR    UART:expect timeout (delay 15s)
[2022-12-16 21:41:28] INFO     STATE:Terminal Recovery State
[2022-12-16 21:41:28] INFO     UART:Serial port /dev/ttyUSB2 closed
[2022-12-16 21:41:31] INFO     UART:Searching for ttyUSB device (Attempt 1)
[2022-12-16 21:41:31] INFO     UART:Found tty device:/dev/ttyUSB2
[2022-12-16 21:41:31] INFO     UART:Serial port /dev/ttyUSB2 open
[2022-12-16 21:41:41] ERROR    UART:expect timeout (delay 10s)
[2022-12-16 21:41:41] INFO     STATE:Reset Recovery State
[2022-12-16 21:41:41] INFO     UARTBONE I ADDR=00001350
[2022-12-16 21:41:41] INFO     Issuing UART bone reset
[2022-12-16 21:41:42] INFO     UARTBONE I ADDR=000001F8
[2022-12-16 21:41:42] INFO     STATE:LiteX Login State
[2022-12-16 21:41:42] INFO     STATE:Start BIST State
[2022-12-16 21:41:42] INFO     STATE:BIST Execution State
[2022-12-16 21:41:42] INFO     BIST:Bad title line (1):8192 1 0 2
[2022-12-16 21:41:42] INFO     BIST:Header (first)
[2022-12-16 21:41:57] ERROR    UART:expect timeout (delay 15s)
[2022-12-16 21:41:57] INFO     STATE:Terminal Recovery State
[2022-12-16 21:41:57] INFO     UART:Serial port /dev/ttyUSB2 closed
[2022-12-16 21:42:00] INFO     UART:Searching for ttyUSB device (Attempt 1)
[2022-12-16 21:42:00] INFO     UART:Found tty device:/dev/ttyUSB2
[2022-12-16 21:42:00] INFO     UART:Serial port /dev/ttyUSB2 open
[2022-12-16 21:42:10] ERROR    UART:expect timeout (delay 10s)
[2022-12-16 21:42:10] INFO     STATE:Reset Recovery State
[2022-12-16 21:42:10] INFO     UARTBONE I ADDR=00001350
[2022-12-16 21:42:10] INFO     Issuing UART bone reset
[2022-12-16 21:42:11] INFO     UARTBONE I ADDR=000001F8
[2022-12-16 21:42:11] INFO     STATE:LiteX Login State
[2022-12-16 21:42:11] INFO     STATE:Start BIST State
[2022-12-16 21:42:11] INFO     STATE:BIST Execution State
[2022-12-16 21:42:11] INFO     BIST:Bad title line (1):8192 1 0 2
[2022-12-16 21:42:11] INFO     BIST:Header (first)
[2022-12-16 21:42:26] ERROR    UART:expect timeout (delay 15s)
[2022-12-16 21:42:26] INFO     STATE:Terminal Recovery State
[2022-12-16 21:42:26] INFO     UART:Serial port /dev/ttyUSB2 closed
[2022-12-16 21:42:29] INFO     UART:Searching for ttyUSB device (Attempt 1)
[2022-12-16 21:42:29] INFO     UART:Found tty device:/dev/ttyUSB2
[2022-12-16 21:42:29] INFO     UART:Serial port /dev/ttyUSB2 open
[2022-12-16 21:42:39] ERROR    UART:expect timeout (delay 10s)
[2022-12-16 21:42:39] INFO     STATE:Reset Recovery State
[2022-12-16 21:42:39] INFO     UARTBONE I ADDR=00001350
[2022-12-16 21:42:39] INFO     Issuing UART bone reset
[2022-12-16 21:42:40] INFO     UARTBONE I ADDR=000001F8
[2022-12-16 21:42:40] INFO     STATE:LiteX Login State
[2022-12-16 21:42:40] INFO     STATE:Start BIST State
[2022-12-16 21:42:40] INFO     STATE:BIST Execution State
[2022-12-16 21:42:40] INFO     BIST:Bad title line (1):8192 1 0 2
[2022-12-16 21:42:40] INFO     BIST:Header (first)
[2022-12-16 21:42:55] ERROR    UART:expect timeout (delay 15s)
[2022-12-16 21:42:55] INFO     STATE:Terminal Recovery State
[2022-12-16 21:42:55] INFO     UART:Serial port /dev/ttyUSB2 closed
[2022-12-16 21:42:58] INFO     UART:Searching for ttyUSB device (Attempt 1)
[2022-12-16 21:42:59] INFO     UART:Found tty device:/dev/ttyUSB2
[2022-12-16 21:42:59] INFO     UART:Serial port /dev/ttyUSB2 open
[2022-12-16 21:43:09] ERROR    UART:expect timeout (delay 10s)
[2022-12-16 21:43:09] INFO     STATE:Reset Recovery State
[2022-12-16 21:43:09] INFO     UARTBONE I ADDR=00001350
[2022-12-16 21:43:09] INFO     Issuing UART bone reset
[2022-12-16 21:43:10] INFO     UARTBONE I ADDR=000001F8
[2022-12-16 21:43:10] INFO     STATE:LiteX Login State
[2022-12-16 21:43:10] INFO     STATE:Start BIST State
[2022-12-16 21:43:10] INFO     STATE:BIST Execution State
[2022-12-16 21:43:10] INFO     BIST:Bad title line (1):8192 1 0 2
[2022-12-16 21:43:10] INFO     BIST:Header (first)
[2022-12-16 21:43:25] ERROR    UART:expect timeout (delay 15s)
[2022-12-16 21:43:25] INFO     STATE:Terminal Recovery State
[2022-12-16 21:43:25] INFO     UART:Serial port /dev/ttyUSB2 closed
[2022-12-16 21:43:28] INFO     UART:Searching for ttyUSB device (Attempt 1)
[2022-12-16 21:43:28] INFO     UART:Found tty device:/dev/ttyUSB2
[2022-12-16 21:43:28] INFO     UART:Serial port /dev/ttyUSB2 open
[2022-12-16 21:43:38] ERROR    UART:expect timeout (delay 10s)
[2022-12-16 21:43:38] INFO     STATE:Reset Recovery State
[2022-12-16 21:43:38] INFO     UARTBONE I ADDR=00001350
[2022-12-16 21:43:38] INFO     Issuing UART bone reset
[2022-12-16 21:43:39] INFO     UARTBONE I ADDR=000001F8
[2022-12-16 21:43:39] INFO     STATE:LiteX Login State
[2022-12-16 21:43:39] INFO     STATE:Start BIST State
[2022-12-16 21:43:39] INFO     STATE:BIST Execution State
[2022-12-16 21:43:39] INFO     BIST:Bad title line (1):8192 1 0 2
[2022-12-16 21:43:39] INFO     BIST:Header (first)
[2022-12-16 21:43:54] ERROR    UART:expect timeout (delay 15s)
[2022-12-16 21:43:54] INFO     STATE:Terminal Recovery State
[2022-12-16 21:43:54] INFO     UART:Serial port /dev/ttyUSB2 closed
[2022-12-16 21:43:57] INFO     UART:Searching for ttyUSB device (Attempt 1)
[2022-12-16 21:43:57] INFO     UART:Found tty device:/dev/ttyUSB2
[2022-12-16 21:43:57] INFO     UART:Serial port /dev/ttyUSB2 open
