[2022-12-19 08:39:03] INFO     STATE:Initial Starting State
[2022-12-19 08:39:03] INFO     git commit information
[2022-12-19 08:39:03] INFO     	git commit:f266f91 More debugging code to understand bist error
[2022-12-19 08:39:03] INFO     	git commit date:Mon Dec 19 08:38:59 2022
[2022-12-19 08:39:03] INFO     	git status:Mon Dec 19 08:38:59 2022
[2022-12-19 08:39:03] INFO     		M beam-test/test_scripts/readme.md
[2022-12-19 08:39:03] INFO     Command line information
[2022-12-19 08:39:03] INFO     	Command line:['ddrctrl_experiment.py', '--jcm_part', 'xc7a200t', '--bitstream', '/root/ddr_11_28_tmr.bit', '--log_dir', './lansce2022', '--jcm_clock', '30_000_000', '--frads_file', 'xc7a200t_frad.txt', '--fault_injection', '0', '--uart_bone_ident', '0xf0002000', '--jcm_ip', '169.254.132.152', '--jcm_netbooter_port', '1', '--nexys_netbooter_port', '2', '--usb_uart_phys_port', '1-4.4.2', '--uartbone_phys_port', '1-4.4.1']
[2022-12-19 08:39:03] INFO     	arg:bitstream=/root/ddr_11_28_tmr.bit
[2022-12-19 08:39:03] INFO     	arg:netbooter_ip=169.254.131.160
[2022-12-19 08:39:03] INFO     	arg:jcm_ip=169.254.132.152
[2022-12-19 08:39:03] INFO     	arg:jcm_part=xc7a200t
[2022-12-19 08:39:03] INFO     	arg:jcm_clock=30000000
[2022-12-19 08:39:03] INFO     	arg:usb_uart_phys_port=1-4.4.2
[2022-12-19 08:39:03] INFO     	arg:uart_litex_baudrate=115200
[2022-12-19 08:39:03] INFO     	arg:uartbone_phys_port=1-4.4.1
[2022-12-19 08:39:03] INFO     	arg:uartbone_phys_if=0
[2022-12-19 08:39:03] INFO     	arg:uartbone_baudrate=115200
[2022-12-19 08:39:03] INFO     	arg:repower_jcm=False
[2022-12-19 08:39:03] INFO     	arg:disable_scrubbing=False
[2022-12-19 08:39:03] INFO     	arg:fault_injection=0
[2022-12-19 08:39:03] INFO     	arg:frads_file=xc7a200t_frad.txt
[2022-12-19 08:39:03] INFO     	arg:jcm_netbooter_port=1
[2022-12-19 08:39:03] INFO     	arg:nexys_netbooter_port=2
[2022-12-19 08:39:03] INFO     	arg:log_dir=./lansce2022
[2022-12-19 08:39:03] INFO     	arg:single_step=False
[2022-12-19 08:39:03] INFO     	arg:bist_mem_burst_length=8192
[2022-12-19 08:39:03] INFO     	arg:bist_addr_mode=1
[2022-12-19 08:39:03] INFO     	arg:bist_pattern=165
[2022-12-19 08:39:03] INFO     	arg:no_uart_bone=False
[2022-12-19 08:39:03] INFO     	arg:uart_bone_ident=0xf0002000
[2022-12-19 08:39:03] INFO     STATE:Netbooter Setup State
[2022-12-19 08:39:03] INFO     STATE:JCM Setup State
[2022-12-19 08:39:03] INFO     NETBOOTER:Attempt 1 to set port 1 with cycle=False
[2022-12-19 08:39:05] INFO     NETBOOTER:Setting port 1 to On
[2022-12-19 08:39:06] INFO     JCM ping attempt 1
[2022-12-19 08:39:06] INFO     JCM:Logging in to JCM
[2022-12-19 08:39:06] INFO     JCM:Connecting to JCM over SSH... (Attempt 1)
[2022-12-19 08:39:07] INFO     JCM:SSH successful
[2022-12-19 08:39:07] INFO     STATE:UART Setup State
[2022-12-19 08:39:07] INFO     STATE:Power Nexys State
[2022-12-19 08:39:07] INFO     NETBOOTER:Attempt 1 to set port 2 with cycle=False
[2022-12-19 08:39:09] INFO     NETBOOTER:Setting port 2 to Off
[2022-12-19 08:39:10] INFO     NETBOOTER:Attempt 1 to set port 2 with cycle=False
[2022-12-19 08:39:12] INFO     NETBOOTER:Setting port 2 to On
[2022-12-19 08:39:13] INFO     STATE:Connect UART State
[2022-12-19 08:39:15] INFO     UART:Searching for ttyUSB device (Attempt 1)
[2022-12-19 08:39:15] INFO     UART:Found tty device:/dev/ttyUSB2
[2022-12-19 08:39:15] INFO     UART:Serial port /dev/ttyUSB2 open
[2022-12-19 08:39:15] INFO     STATE:Configure Nexys State
[2022-12-19 08:39:15] INFO     JCM:Attempting JCM device DNA read
[2022-12-19 08:39:15] INFO     JCM:Executing commmand on JCM
	~/jcm_apps/jcm_jtag_reg.elf -r 50 --swap -w 64
[2022-12-19 08:39:15] INFO     Device DNA:0:0x812c023b 1:0x2a0f6504
[2022-12-19 08:39:15] INFO     JCM:Attempting JCM configuration
[2022-12-19 08:39:15] INFO     JCM:Executing commmand on JCM
	~/jcm_apps/jcm_config.elf --part xc7a200t -c 30000000 --jtag --config_file /root/ddr_11_28_tmr.bit
[2022-12-19 08:39:20] INFO     JCM:Configuration Success
[2022-12-19 08:39:20] INFO     STATE:Setup UARTBone State
[2022-12-19 08:39:20] INFO     UARTBONE:Searching for ttyUSB device (Attempt 1) for port '1-4.4.1' IF '0'
[2022-12-19 08:39:20] INFO     UARTBONE:Found tty device:/dev/ttyUSB0
[2022-12-19 08:39:20] INFO     UARTBONE:Attempting to open:/dev/ttyUSB0 at baud 115200 with timeout=5
[2022-12-19 08:39:20] INFO     UARTBONE:Serial port /dev/ttyUSB0 open
[2022-12-19 08:39:21] INFO     UARTBONE ID Str=LiteX SoC on Nexys Video 2022-11-28 18:17:18
[2022-12-19 08:39:21] INFO     UARTBONE I ADDR=000012E8
[2022-12-19 08:39:21] INFO     STATE:Enable Scrubbing State
[2022-12-19 08:39:21] INFO     JCM:Starting JCM scrubber
[2022-12-19 08:39:21] INFO     JCM:Executing commmand on JCM
	~/jcm_apps/jcm_scrubbing.elf --part xc7a200t -c 30000000 --jtag --iterations 100000000 --frad_file xc7a200t_frad.txt
[2022-12-19 08:39:21] INFO     STATE:LiteX Login State
[2022-12-19 08:39:21] INFO     STATE:Start BIST State
[2022-12-19 08:39:21] INFO     STATE:BIST Execution State
[2022-12-19 08:39:21] INFO     BIST:Bad title line (1):8192 1 0 2
[2022-12-19 08:39:21] INFO     BIST:Header (first)
[2022-12-19 08:39:33] INFO     BIST:Header (ok)
[2022-12-19 08:39:45] INFO     BIST:Header (ok)
[2022-12-19 08:39:56] INFO     BIST:Header (ok)
[2022-12-19 08:40:08] INFO     BIST:Header (ok)
[2022-12-19 08:40:19] INFO     BIST:Header (ok)
[2022-12-19 08:40:31] INFO     BIST:Header (ok)
[2022-12-19 08:40:43] INFO     BIST:Header (ok)
[2022-12-19 08:40:54] INFO     BIST:Header (ok)
[2022-12-19 08:41:06] INFO     BIST:Header (ok)
[2022-12-19 08:41:18] INFO     BIST:Header (ok)
[2022-12-19 08:41:29] INFO     BIST:Header (ok)
[2022-12-19 08:41:41] INFO     BIST:Header (ok)
[2022-12-19 08:41:52] INFO     BIST:Header (ok)
[2022-12-19 08:42:04] INFO     BIST:Header (ok)
[2022-12-19 08:42:16] INFO     BIST:Header (ok)
[2022-12-19 08:42:27] INFO     BIST:Header (ok)
[2022-12-19 08:42:39] INFO     BIST:Header (ok)
[2022-12-19 08:42:50] INFO     BIST:Header (ok)
[2022-12-19 08:43:02] INFO     BIST:Header (ok)
[2022-12-19 08:43:14] INFO     BIST:Header (ok)
[2022-12-19 08:43:25] INFO     BIST:Header (ok)
[2022-12-19 08:43:37] INFO     BIST:Header (ok)
[2022-12-19 08:43:48] INFO     BIST:Header (ok)
[2022-12-19 08:44:00] INFO     BIST:Header (ok)
[2022-12-19 08:44:12] INFO     BIST:Header (ok)
[2022-12-19 08:44:23] INFO     BIST:Header (ok)
[2022-12-19 08:44:35] INFO     BIST:Header (ok)
[2022-12-19 08:44:47] INFO     BIST:Header (ok)
[2022-12-19 08:44:58] INFO     BIST:Header (ok)
[2022-12-19 08:45:10] INFO     BIST:Header (ok)
[2022-12-19 08:45:21] INFO     BIST:Header (ok)
[2022-12-19 08:45:33] INFO     BIST:Header (ok)
[2022-12-19 08:45:45] INFO     BIST:Header (ok)
[2022-12-19 08:45:56] INFO     BIST:Header (ok)
[2022-12-19 08:46:08] INFO     BIST:Header (ok)
[2022-12-19 08:46:19] INFO     BIST:Header (ok)
[2022-12-19 08:46:31] INFO     BIST:Header (ok)
[2022-12-19 08:46:43] INFO     BIST:Header (ok)
[2022-12-19 08:46:54] INFO     BIST:Header (ok)
[2022-12-19 08:47:06] INFO     BIST:Header (ok)
[2022-12-19 08:47:17] INFO     BIST:Header (ok)
[2022-12-19 08:47:29] INFO     BIST:Header (ok)
[2022-12-19 08:47:41] INFO     BIST:Header (ok)
[2022-12-19 08:47:52] INFO     BIST:Header (ok)
[2022-12-19 08:48:04] INFO     BIST:Header (ok)
[2022-12-19 08:48:16] INFO     BIST:Header (ok)
[2022-12-19 08:48:27] INFO     BIST:Header (ok)
[2022-12-19 08:48:39] INFO     BIST:Header (ok)
[2022-12-19 08:48:50] INFO     BIST:Header (ok)
[2022-12-19 08:49:02] INFO     BIST:Header (ok)
[2022-12-19 08:49:14] INFO     BIST:Header (ok)
[2022-12-19 08:49:25] INFO     BIST:Header (ok)
[2022-12-19 08:49:37] INFO     BIST:Header (ok)
[2022-12-19 08:49:48] INFO     BIST:Header (ok)
[2022-12-19 08:50:00] INFO     BIST:Header (ok)
[2022-12-19 08:50:12] INFO     BIST:Header (ok)
[2022-12-19 08:50:23] INFO     BIST:Header (ok)
[2022-12-19 08:50:35] INFO     BIST:Header (ok)
[2022-12-19 08:50:46] INFO     BIST:Header (ok)
[2022-12-19 08:50:58] INFO     BIST:Header (ok)
[2022-12-19 08:51:10] INFO     BIST:Header (ok)
[2022-12-19 08:51:21] INFO     BIST:Header (ok)
[2022-12-19 08:51:33] INFO     BIST:Header (ok)
[2022-12-19 08:51:45] INFO     BIST:Header (ok)
[2022-12-19 08:51:56] INFO     BIST:Header (ok)
[2022-12-19 08:52:08] INFO     BIST:Header (ok)
[2022-12-19 08:52:19] INFO     BIST:Header (ok)
[2022-12-19 08:52:31] INFO     BIST:Header (ok)
[2022-12-19 08:52:43] INFO     BIST:Header (ok)
[2022-12-19 08:52:54] INFO     BIST:Header (ok)
[2022-12-19 08:53:06] INFO     BIST:Header (ok)
[2022-12-19 08:53:17] INFO     BIST:Header (ok)
[2022-12-19 08:53:29] INFO     BIST:Header (ok)
[2022-12-19 08:53:41] INFO     BIST:Header (ok)
[2022-12-19 08:53:52] INFO     BIST:Header (ok)
[2022-12-19 08:54:04] INFO     BIST:Header (ok)
[2022-12-19 08:54:15] INFO     BIST:Header (ok)
[2022-12-19 08:54:27] INFO     BIST:Header (ok)
[2022-12-19 08:54:39] INFO     BIST:Header (ok)
[2022-12-19 08:54:50] INFO     BIST:Header (ok)
[2022-12-19 08:55:02] INFO     BIST:Header (ok)
[2022-12-19 08:55:14] INFO     BIST:Header (ok)
[2022-12-19 08:55:25] INFO     BIST:Header (ok)
[2022-12-19 08:55:37] INFO     BIST:Header (ok)
[2022-12-19 08:55:48] INFO     BIST:Header (ok)
[2022-12-19 08:56:00] INFO     BIST:Header (ok)
[2022-12-19 08:56:12] INFO     BIST:Header (ok)
[2022-12-19 08:56:23] INFO     BIST:Header (ok)
[2022-12-19 08:56:35] INFO     BIST:Header (ok)
[2022-12-19 08:56:46] INFO     BIST:Header (ok)
[2022-12-19 08:56:58] INFO     BIST:Header (ok)
[2022-12-19 08:57:10] INFO     BIST:Header (ok)
[2022-12-19 08:57:21] INFO     BIST:Header (ok)
[2022-12-19 08:57:33] INFO     BIST:Header (ok)
[2022-12-19 08:57:44] INFO     BIST:Header (ok)
[2022-12-19 08:57:56] INFO     BIST:Header (ok)
[2022-12-19 08:58:08] INFO     BIST:Header (ok)
[2022-12-19 08:58:19] INFO     BIST:Header (ok)
[2022-12-19 08:58:31] INFO     BIST:Header (ok)
[2022-12-19 08:58:43] INFO     BIST:Header (ok)
[2022-12-19 08:58:54] INFO     BIST:Header (ok)
[2022-12-19 08:59:06] INFO     BIST:Header (ok)
[2022-12-19 08:59:17] INFO     BIST:Header (ok)
[2022-12-19 08:59:29] INFO     BIST:Header (ok)
[2022-12-19 08:59:41] INFO     BIST:Header (ok)
[2022-12-19 08:59:52] INFO     BIST:Header (ok)
[2022-12-19 09:00:04] INFO     BIST:Header (ok)
[2022-12-19 09:00:15] INFO     BIST:Header (ok)
[2022-12-19 09:00:27] INFO     BIST:Header (ok)
[2022-12-19 09:00:39] INFO     BIST:Header (ok)
[2022-12-19 09:00:50] INFO     BIST:Header (ok)
[2022-12-19 09:01:02] INFO     BIST:Header (ok)
[2022-12-19 09:01:14] INFO     BIST:Header (ok)
[2022-12-19 09:01:25] INFO     BIST:Header (ok)
[2022-12-19 09:01:37] INFO     BIST:Header (ok)
[2022-12-19 09:01:48] INFO     BIST:Header (ok)
[2022-12-19 09:02:00] INFO     BIST:Header (ok)
[2022-12-19 09:02:12] INFO     BIST:Header (ok)
[2022-12-19 09:02:23] INFO     BIST:Header (ok)
[2022-12-19 09:02:35] INFO     BIST:Header (ok)
[2022-12-19 09:02:46] INFO     BIST:Header (ok)
[2022-12-19 09:02:58] INFO     BIST:Header (ok)
[2022-12-19 09:03:10] INFO     BIST:Header (ok)
[2022-12-19 09:03:21] INFO     BIST:Header (ok)
[2022-12-19 09:03:33] INFO     BIST:Header (ok)
[2022-12-19 09:03:44] INFO     BIST:Header (ok)
[2022-12-19 09:03:56] INFO     BIST:Header (ok)
[2022-12-19 09:04:08] INFO     BIST:Header (ok)
[2022-12-19 09:04:19] INFO     BIST:Header (ok)
[2022-12-19 09:04:31] INFO     BIST:Header (ok)
[2022-12-19 09:04:43] INFO     BIST:Header (ok)
[2022-12-19 09:04:54] INFO     BIST:Header (ok)
[2022-12-19 09:05:06] INFO     BIST:Header (ok)
[2022-12-19 09:05:17] INFO     BIST:Header (ok)
[2022-12-19 09:05:29] INFO     BIST:Header (ok)
[2022-12-19 09:05:41] INFO     BIST:Header (ok)
[2022-12-19 09:05:52] INFO     BIST:Header (ok)
[2022-12-19 09:06:04] INFO     BIST:Header (ok)
[2022-12-19 09:06:15] INFO     BIST:Header (ok)
[2022-12-19 09:06:27] INFO     BIST:Header (ok)
[2022-12-19 09:06:39] INFO     BIST:Header (ok)
[2022-12-19 09:06:50] INFO     BIST:Header (ok)
[2022-12-19 09:07:02] INFO     BIST:Header (ok)
[2022-12-19 09:07:13] INFO     BIST:Header (ok)
[2022-12-19 09:07:25] INFO     BIST:Header (ok)
[2022-12-19 09:07:37] INFO     BIST:Header (ok)
[2022-12-19 09:07:48] INFO     BIST:Header (ok)
[2022-12-19 09:08:00] INFO     BIST:Header (ok)
[2022-12-19 09:08:12] INFO     BIST:Header (ok)
[2022-12-19 09:08:23] INFO     BIST:Header (ok)
[2022-12-19 09:08:35] INFO     BIST:Header (ok)
[2022-12-19 09:08:46] INFO     BIST:Header (ok)
[2022-12-19 09:08:58] INFO     BIST:Header (ok)
[2022-12-19 09:09:10] INFO     BIST:Header (ok)
[2022-12-19 09:09:21] INFO     BIST:Header (ok)
[2022-12-19 09:09:33] INFO     BIST:Header (ok)
[2022-12-19 09:09:44] INFO     BIST:Header (ok)
[2022-12-19 09:09:56] INFO     BIST:Header (ok)
[2022-12-19 09:10:08] INFO     BIST:Header (ok)
[2022-12-19 09:10:19] INFO     BIST:Header (ok)
[2022-12-19 09:10:31] INFO     BIST:Header (ok)
[2022-12-19 09:10:42] INFO     BIST:Header (ok)
[2022-12-19 09:10:54] INFO     BIST:Header (ok)
[2022-12-19 09:11:06] INFO     BIST:Header (ok)
[2022-12-19 09:11:17] INFO     BIST:Header (ok)
[2022-12-19 09:11:29] INFO     BIST:Header (ok)
[2022-12-19 09:11:41] INFO     BIST:Header (ok)
[2022-12-19 09:11:52] INFO     BIST:Header (ok)
[2022-12-19 09:12:04] INFO     BIST:Header (ok)
[2022-12-19 09:12:15] INFO     BIST:Header (ok)
[2022-12-19 09:12:27] INFO     BIST:Header (ok)
[2022-12-19 09:12:39] INFO     BIST:Header (ok)
[2022-12-19 09:12:50] INFO     BIST:Header (ok)
[2022-12-19 09:13:02] INFO     BIST:Header (ok)
[2022-12-19 09:13:13] INFO     BIST:Header (ok)
[2022-12-19 09:13:25] INFO     BIST:Header (ok)
[2022-12-19 09:13:37] INFO     BIST:Header (ok)
[2022-12-19 09:13:48] INFO     BIST:Header (ok)
[2022-12-19 09:14:00] INFO     BIST:Header (ok)
[2022-12-19 09:14:11] INFO     BIST:Header (ok)
[2022-12-19 09:14:23] INFO     BIST:Header (ok)
[2022-12-19 09:14:35] INFO     BIST:Header (ok)
[2022-12-19 09:14:46] INFO     BIST:Header (ok)
[2022-12-19 09:14:58] INFO     BIST:Header (ok)
[2022-12-19 09:15:10] INFO     BIST:Header (ok)
[2022-12-19 09:15:21] INFO     BIST:Header (ok)
[2022-12-19 09:15:33] INFO     BIST:Header (ok)
[2022-12-19 09:15:44] INFO     BIST:Header (ok)
[2022-12-19 09:15:56] INFO     BIST:Header (ok)
[2022-12-19 09:16:08] INFO     BIST:Header (ok)
[2022-12-19 09:16:19] INFO     BIST:Header (ok)
[2022-12-19 09:16:31] INFO     BIST:Header (ok)
[2022-12-19 09:16:42] INFO     BIST:Header (ok)
[2022-12-19 09:16:54] INFO     BIST:Header (ok)
[2022-12-19 09:17:06] INFO     BIST:Header (ok)
[2022-12-19 09:17:17] INFO     BIST:Header (ok)
[2022-12-19 09:17:29] INFO     BIST:Header (ok)
[2022-12-19 09:17:40] INFO     BIST:Header (ok)
[2022-12-19 09:17:52] INFO     BIST:Header (ok)
[2022-12-19 09:18:04] INFO     BIST:Header (ok)
[2022-12-19 09:18:15] INFO     BIST:Header (ok)
[2022-12-19 09:18:27] INFO     BIST:Header (ok)
[2022-12-19 09:18:39] INFO     BIST:Header (ok)
[2022-12-19 09:18:50] INFO     BIST:Header (ok)
[2022-12-19 09:19:02] INFO     BIST:Header (ok)
[2022-12-19 09:19:13] INFO     BIST:Header (ok)
[2022-12-19 09:19:25] INFO     BIST:Header (ok)
[2022-12-19 09:19:37] INFO     BIST:Header (ok)
[2022-12-19 09:19:48] INFO     BIST:Header (ok)
[2022-12-19 09:20:00] INFO     BIST:Header (ok)
[2022-12-19 09:20:11] INFO     BIST:Header (ok)
[2022-12-19 09:20:23] INFO     BIST:Header (ok)
[2022-12-19 09:20:35] INFO     BIST:Header (ok)
[2022-12-19 09:20:46] INFO     BIST:Header (ok)
[2022-12-19 09:20:58] INFO     BIST:Header (ok)
[2022-12-19 09:21:10] INFO     BIST:Header (ok)
[2022-12-19 09:21:21] INFO     BIST:Header (ok)
[2022-12-19 09:21:33] INFO     BIST:Header (ok)
[2022-12-19 09:21:44] INFO     BIST:Header (ok)
[2022-12-19 09:21:56] INFO     BIST:Header (ok)
[2022-12-19 09:22:08] INFO     BIST:Header (ok)
[2022-12-19 09:22:19] INFO     BIST:Header (ok)
[2022-12-19 09:22:31] INFO     BIST:Header (ok)
[2022-12-19 09:22:42] INFO     BIST:Header (ok)
[2022-12-19 09:22:54] INFO     BIST:Header (ok)
[2022-12-19 09:23:06] INFO     BIST:Header (ok)
[2022-12-19 09:23:17] INFO     BIST:Header (ok)
[2022-12-19 09:23:29] INFO     BIST:Header (ok)
[2022-12-19 09:23:40] INFO     BIST:Header (ok)
[2022-12-19 09:23:52] INFO     BIST:Header (ok)
[2022-12-19 09:24:04] INFO     BIST:Header (ok)
[2022-12-19 09:24:15] INFO     BIST:Header (ok)
[2022-12-19 09:24:27] INFO     BIST:Header (ok)
[2022-12-19 09:24:39] INFO     BIST:Header (ok)
[2022-12-19 09:24:50] INFO     BIST:Header (ok)
[2022-12-19 09:25:02] INFO     BIST:Header (ok)
[2022-12-19 09:25:13] INFO     BIST:Header (ok)
[2022-12-19 09:25:25] INFO     BIST:Header (ok)
[2022-12-19 09:25:37] INFO     BIST:Header (ok)
[2022-12-19 09:25:48] INFO     BIST:Header (ok)
[2022-12-19 09:26:00] INFO     BIST:Header (ok)
[2022-12-19 09:26:11] INFO     BIST:Header (ok)
[2022-12-19 09:26:23] INFO     BIST:Header (ok)
[2022-12-19 09:26:35] INFO     BIST:Header (ok)
[2022-12-19 09:26:46] INFO     BIST:Header (ok)
[2022-12-19 09:26:58] INFO     BIST:Header (ok)
[2022-12-19 09:27:09] INFO     BIST:Header (ok)
[2022-12-19 09:27:21] INFO     BIST:Header (ok)
[2022-12-19 09:27:33] INFO     BIST:Header (ok)
[2022-12-19 09:27:44] INFO     BIST:Header (ok)
[2022-12-19 09:27:56] INFO     BIST:Header (ok)
[2022-12-19 09:28:08] INFO     BIST:Header (ok)
[2022-12-19 09:28:19] INFO     BIST:Header (ok)
[2022-12-19 09:28:31] INFO     BIST:Header (ok)
[2022-12-19 09:28:42] INFO     BIST:Header (ok)
[2022-12-19 09:28:54] INFO     BIST:Header (ok)
[2022-12-19 09:29:06] INFO     BIST:Header (ok)
[2022-12-19 09:29:17] INFO     BIST:Header (ok)
[2022-12-19 09:29:29] INFO     BIST:Header (ok)
[2022-12-19 09:29:40] INFO     BIST:Header (ok)
[2022-12-19 09:29:52] INFO     BIST:Header (ok)
[2022-12-19 09:30:04] INFO     BIST:Header (ok)
[2022-12-19 09:30:15] INFO     BIST:Header (ok)
[2022-12-19 09:30:27] INFO     BIST:Header (ok)
[2022-12-19 09:30:38] INFO     BIST:Header (ok)
[2022-12-19 09:30:50] INFO     BIST:Header (ok)
[2022-12-19 09:31:02] INFO     BIST:Header (ok)
[2022-12-19 09:31:13] INFO     BIST:Header (ok)
[2022-12-19 09:31:25] INFO     BIST:Header (ok)
[2022-12-19 09:31:37] INFO     BIST:Header (ok)
[2022-12-19 09:31:48] INFO     BIST:Header (ok)
[2022-12-19 09:32:00] INFO     BIST:Header (ok)
[2022-12-19 09:32:11] INFO     BIST:Header (ok)
[2022-12-19 09:32:23] INFO     BIST:Header (ok)
[2022-12-19 09:32:35] INFO     BIST:Header (ok)
[2022-12-19 09:32:46] INFO     BIST:Header (ok)
[2022-12-19 09:32:58] INFO     BIST:Header (ok)
[2022-12-19 09:33:09] INFO     BIST:Header (ok)
[2022-12-19 09:33:21] INFO     BIST:Header (ok)
[2022-12-19 09:33:33] INFO     BIST:Header (ok)
[2022-12-19 09:33:44] INFO     BIST:Header (ok)
[2022-12-19 09:33:56] INFO     BIST:Header (ok)
[2022-12-19 09:34:07] INFO     BIST:Header (ok)
[2022-12-19 09:34:19] INFO     BIST:Header (ok)
[2022-12-19 09:34:31] INFO     BIST:Header (ok)
[2022-12-19 09:34:42] INFO     BIST:Header (ok)
[2022-12-19 09:34:54] INFO     BIST:Header (ok)
[2022-12-19 09:35:06] INFO     BIST:Header (ok)
[2022-12-19 09:35:17] INFO     BIST:Header (ok)
[2022-12-19 09:35:29] INFO     BIST:Header (ok)
[2022-12-19 09:35:40] INFO     BIST:Header (ok)
[2022-12-19 09:35:52] INFO     BIST:Header (ok)
[2022-12-19 09:36:04] INFO     BIST:Header (ok)
[2022-12-19 09:36:15] INFO     BIST:Header (ok)
[2022-12-19 09:36:27] INFO     BIST:Header (ok)
[2022-12-19 09:36:38] INFO     BIST:Header (ok)
[2022-12-19 09:36:50] INFO     BIST:Header (ok)
[2022-12-19 09:37:02] INFO     BIST:Header (ok)
[2022-12-19 09:37:13] INFO     BIST:Header (ok)
[2022-12-19 09:37:25] INFO     BIST:Header (ok)
[2022-12-19 09:37:37] INFO     BIST:Header (ok)
[2022-12-19 09:37:48] INFO     BIST:Header (ok)
[2022-12-19 09:38:00] INFO     BIST:Header (ok)
[2022-12-19 09:38:11] INFO     BIST:Header (ok)
[2022-12-19 09:38:23] INFO     BIST:Header (ok)
[2022-12-19 09:38:35] INFO     BIST:Header (ok)
[2022-12-19 09:38:46] INFO     BIST:Header (ok)
[2022-12-19 09:38:58] INFO     BIST:Header (ok)
[2022-12-19 09:39:09] INFO     BIST:Header (ok)
[2022-12-19 09:39:21] INFO     BIST:Header (ok)
[2022-12-19 09:39:33] INFO     BIST:Header (ok)
[2022-12-19 09:39:44] INFO     BIST:Header (ok)
[2022-12-19 09:39:56] INFO     BIST:Header (ok)
[2022-12-19 09:40:07] INFO     BIST:Header (ok)
[2022-12-19 09:40:19] INFO     BIST:Header (ok)
[2022-12-19 09:40:31] INFO     BIST:Header (ok)
[2022-12-19 09:40:42] INFO     BIST:Header (ok)
[2022-12-19 09:40:54] INFO     BIST:Header (ok)
[2022-12-19 09:41:06] INFO     BIST:Header (ok)
[2022-12-19 09:41:17] INFO     BIST:Header (ok)
[2022-12-19 09:41:29] INFO     BIST:Header (ok)
[2022-12-19 09:41:40] INFO     BIST:Header (ok)
[2022-12-19 09:41:52] INFO     BIST:Header (ok)
[2022-12-19 09:42:04] INFO     BIST:Header (ok)
[2022-12-19 09:42:15] INFO     BIST:Header (ok)
[2022-12-19 09:42:27] INFO     BIST:Header (ok)
[2022-12-19 09:42:38] INFO     BIST:Header (ok)
[2022-12-19 09:42:50] INFO     BIST:Header (ok)
[2022-12-19 09:43:02] INFO     BIST:Header (ok)
[2022-12-19 09:43:13] INFO     BIST:Header (ok)
[2022-12-19 09:43:25] INFO     BIST:Header (ok)
[2022-12-19 09:43:36] INFO     BIST:Header (ok)
[2022-12-19 09:43:48] INFO     BIST:Header (ok)
[2022-12-19 09:44:00] INFO     BIST:Header (ok)
[2022-12-19 09:44:11] INFO     BIST:Header (ok)
[2022-12-19 09:44:23] INFO     BIST:Header (ok)
[2022-12-19 09:44:35] INFO     BIST:Header (ok)
[2022-12-19 09:44:46] INFO     BIST:Header (ok)
[2022-12-19 09:44:58] INFO     BIST:Header (ok)
[2022-12-19 09:45:09] INFO     BIST:Header (ok)
[2022-12-19 09:45:21] INFO     BIST:Header (ok)
[2022-12-19 09:45:33] INFO     BIST:Header (ok)
[2022-12-19 09:45:44] INFO     BIST:Header (ok)
[2022-12-19 09:45:56] INFO     BIST:Header (ok)
[2022-12-19 09:46:07] INFO     BIST:Header (ok)
[2022-12-19 09:46:19] INFO     BIST:Header (ok)
[2022-12-19 09:46:31] INFO     BIST:Header (ok)
[2022-12-19 09:46:42] INFO     BIST:Header (ok)
[2022-12-19 09:46:54] INFO     BIST:Header (ok)
[2022-12-19 09:47:05] INFO     BIST:Header (ok)
[2022-12-19 09:47:17] INFO     BIST:Header (ok)
[2022-12-19 09:47:29] INFO     BIST:Header (ok)
[2022-12-19 09:47:40] INFO     BIST:Header (ok)
[2022-12-19 09:47:52] INFO     BIST:Header (ok)
[2022-12-19 09:48:04] INFO     BIST:Header (ok)
[2022-12-19 09:48:15] INFO     BIST:Header (ok)
[2022-12-19 09:48:27] INFO     BIST:Header (ok)
[2022-12-19 09:48:38] INFO     BIST:Header (ok)
[2022-12-19 09:48:50] INFO     BIST:Header (ok)
[2022-12-19 09:49:02] INFO     BIST:Header (ok)
[2022-12-19 09:49:13] INFO     BIST:Header (ok)
[2022-12-19 09:49:25] INFO     BIST:Header (ok)
[2022-12-19 09:49:36] INFO     BIST:Header (ok)
[2022-12-19 09:49:48] INFO     BIST:Header (ok)
[2022-12-19 09:50:00] INFO     BIST:Header (ok)
[2022-12-19 09:50:11] INFO     BIST:Header (ok)
[2022-12-19 09:50:23] INFO     BIST:Header (ok)
[2022-12-19 09:50:34] INFO     BIST:Header (ok)
[2022-12-19 09:50:46] INFO     BIST:Header (ok)
[2022-12-19 09:50:58] INFO     BIST:Header (ok)
[2022-12-19 09:51:09] INFO     BIST:Header (ok)
[2022-12-19 09:51:21] INFO     BIST:Header (ok)
[2022-12-19 09:51:33] INFO     BIST:Header (ok)
[2022-12-19 09:51:44] INFO     BIST:Header (ok)
[2022-12-19 09:51:56] INFO     BIST:Header (ok)
[2022-12-19 09:52:07] INFO     BIST:Header (ok)
[2022-12-19 09:52:19] INFO     BIST:Header (ok)
[2022-12-19 09:52:31] INFO     BIST:Header (ok)
[2022-12-19 09:52:42] INFO     BIST:Header (ok)
[2022-12-19 09:52:54] INFO     BIST:Header (ok)
[2022-12-19 09:53:05] INFO     BIST:Header (ok)
[2022-12-19 09:53:17] INFO     BIST:Header (ok)
[2022-12-19 09:53:29] INFO     BIST:Header (ok)
[2022-12-19 09:53:40] INFO     BIST:Header (ok)
[2022-12-19 09:53:52] INFO     BIST:Header (ok)
[2022-12-19 09:54:03] INFO     BIST:Header (ok)
[2022-12-19 09:54:15] INFO     BIST:Header (ok)
[2022-12-19 09:54:27] INFO     BIST:Header (ok)
[2022-12-19 09:54:38] INFO     BIST:Header (ok)
[2022-12-19 09:54:50] INFO     BIST:Header (ok)
[2022-12-19 09:55:02] INFO     BIST:Header (ok)
[2022-12-19 09:55:13] INFO     BIST:Header (ok)
[2022-12-19 09:55:25] INFO     BIST:Header (ok)
[2022-12-19 09:55:36] INFO     BIST:Header (ok)
[2022-12-19 09:55:48] INFO     BIST:Header (ok)
[2022-12-19 09:56:00] INFO     BIST:Header (ok)
[2022-12-19 09:56:11] INFO     BIST:Header (ok)
[2022-12-19 09:56:23] INFO     BIST:Header (ok)
[2022-12-19 09:56:34] INFO     BIST:Header (ok)
[2022-12-19 09:56:46] INFO     BIST:Header (ok)
[2022-12-19 09:56:58] INFO     BIST:Header (ok)
[2022-12-19 09:57:09] INFO     BIST:Header (ok)
[2022-12-19 09:57:21] INFO     BIST:Header (ok)
[2022-12-19 09:57:33] INFO     BIST:Header (ok)
[2022-12-19 09:57:44] INFO     BIST:Header (ok)
[2022-12-19 09:57:56] INFO     BIST:Header (ok)
[2022-12-19 09:58:07] INFO     BIST:Header (ok)
[2022-12-19 09:58:19] INFO     BIST:Header (ok)
[2022-12-19 09:58:31] INFO     BIST:Header (ok)
[2022-12-19 09:58:42] INFO     BIST:Header (ok)
[2022-12-19 09:58:54] INFO     BIST:Header (ok)
[2022-12-19 09:59:05] INFO     BIST:Header (ok)
[2022-12-19 09:59:17] INFO     BIST:Header (ok)
[2022-12-19 09:59:29] INFO     BIST:Header (ok)
[2022-12-19 09:59:40] INFO     BIST:Header (ok)
[2022-12-19 09:59:52] INFO     BIST:Header (ok)
[2022-12-19 10:00:03] INFO     BIST:Header (ok)
[2022-12-19 10:00:15] INFO     BIST:Header (ok)
[2022-12-19 10:00:27] INFO     BIST:Header (ok)
[2022-12-19 10:00:38] INFO     BIST:Header (ok)
[2022-12-19 10:00:50] INFO     BIST:Header (ok)
[2022-12-19 10:01:02] INFO     BIST:Header (ok)
[2022-12-19 10:01:13] INFO     BIST:Header (ok)
[2022-12-19 10:01:25] INFO     BIST:Header (ok)
[2022-12-19 10:01:36] INFO     BIST:Header (ok)
[2022-12-19 10:01:48] INFO     BIST:Header (ok)
[2022-12-19 10:02:00] INFO     BIST:Header (ok)
[2022-12-19 10:02:11] INFO     BIST:Header (ok)
[2022-12-19 10:02:23] INFO     BIST:Header (ok)
[2022-12-19 10:02:34] INFO     BIST:Header (ok)
[2022-12-19 10:02:46] INFO     BIST:Header (ok)
[2022-12-19 10:02:58] INFO     BIST:Header (ok)
[2022-12-19 10:03:09] INFO     BIST:Header (ok)
[2022-12-19 10:03:21] INFO     BIST:Header (ok)
[2022-12-19 10:03:32] INFO     BIST:Header (ok)
[2022-12-19 10:03:44] INFO     BIST:Header (ok)
[2022-12-19 10:03:56] INFO     BIST:Header (ok)
[2022-12-19 10:04:07] INFO     BIST:Header (ok)
[2022-12-19 10:04:19] INFO     BIST:Header (ok)
[2022-12-19 10:04:31] INFO     BIST:Header (ok)
[2022-12-19 10:04:42] INFO     BIST:Header (ok)
[2022-12-19 10:04:54] INFO     BIST:Header (ok)
[2022-12-19 10:05:05] INFO     BIST:Header (ok)
[2022-12-19 10:05:17] INFO     BIST:Header (ok)
[2022-12-19 10:05:29] INFO     BIST:Header (ok)
[2022-12-19 10:05:40] INFO     BIST:Header (ok)
[2022-12-19 10:05:52] INFO     BIST:Header (ok)
[2022-12-19 10:06:03] INFO     BIST:Header (ok)
[2022-12-19 10:06:15] INFO     BIST:Header (ok)
[2022-12-19 10:06:27] INFO     BIST:Header (ok)
[2022-12-19 10:06:38] INFO     BIST:Header (ok)
[2022-12-19 10:06:50] INFO     BIST:Header (ok)
[2022-12-19 10:07:01] INFO     BIST:Header (ok)
[2022-12-19 10:07:13] INFO     BIST:Header (ok)
[2022-12-19 10:07:25] INFO     BIST:Header (ok)
[2022-12-19 10:07:36] INFO     BIST:Header (ok)
[2022-12-19 10:07:48] INFO     BIST:Header (ok)
[2022-12-19 10:08:00] INFO     BIST:Header (ok)
[2022-12-19 10:08:11] INFO     BIST:Header (ok)
[2022-12-19 10:08:23] INFO     BIST:Header (ok)
[2022-12-19 10:08:34] INFO     BIST:Header (ok)
[2022-12-19 10:08:46] INFO     BIST:Header (ok)
[2022-12-19 10:08:58] INFO     BIST:Header (ok)
[2022-12-19 10:09:09] INFO     BIST:Header (ok)
[2022-12-19 10:09:21] INFO     BIST:Header (ok)
[2022-12-19 10:09:32] INFO     BIST:Header (ok)
[2022-12-19 10:09:44] INFO     BIST:Header (ok)
[2022-12-19 10:09:56] INFO     BIST:Header (ok)
[2022-12-19 10:10:07] INFO     BIST:Header (ok)
[2022-12-19 10:10:19] INFO     BIST:Header (ok)
[2022-12-19 10:10:30] INFO     BIST:Header (ok)
[2022-12-19 10:10:42] INFO     BIST:Header (ok)
[2022-12-19 10:10:54] INFO     BIST:Header (ok)
[2022-12-19 10:11:05] INFO     BIST:Header (ok)
[2022-12-19 10:11:17] INFO     BIST:Header (ok)
[2022-12-19 10:11:29] INFO     BIST:Header (ok)
[2022-12-19 10:11:40] INFO     BIST:Header (ok)
[2022-12-19 10:11:52] INFO     BIST:Header (ok)
[2022-12-19 10:12:03] INFO     BIST:Header (ok)
[2022-12-19 10:12:15] INFO     BIST:Header (ok)
[2022-12-19 10:12:27] INFO     BIST:Header (ok)
[2022-12-19 10:12:38] INFO     BIST:Header (ok)
[2022-12-19 10:12:50] INFO     BIST:Header (ok)
[2022-12-19 10:13:01] INFO     BIST:Header (ok)
[2022-12-19 10:13:13] INFO     BIST:Header (ok)
[2022-12-19 10:13:25] INFO     BIST:Header (ok)
[2022-12-19 10:13:36] INFO     BIST:Header (ok)
[2022-12-19 10:13:48] INFO     BIST:Header (ok)
[2022-12-19 10:14:00] INFO     BIST:Header (ok)
[2022-12-19 10:14:11] INFO     BIST:Header (ok)
[2022-12-19 10:14:23] INFO     BIST:Header (ok)
[2022-12-19 10:14:34] INFO     BIST:Header (ok)
[2022-12-19 10:14:46] INFO     BIST:Header (ok)
[2022-12-19 10:14:58] INFO     BIST:Header (ok)
[2022-12-19 10:15:09] INFO     BIST:Header (ok)
[2022-12-19 10:15:21] INFO     BIST:Header (ok)
[2022-12-19 10:15:32] INFO     BIST:Header (ok)
[2022-12-19 10:15:44] INFO     BIST:Header (ok)
[2022-12-19 10:15:56] INFO     BIST:Header (ok)
[2022-12-19 10:16:07] INFO     BIST:Header (ok)
[2022-12-19 10:16:19] INFO     BIST:Header (ok)
[2022-12-19 10:16:30] INFO     BIST:Header (ok)
[2022-12-19 10:16:42] INFO     BIST:Header (ok)
[2022-12-19 10:16:54] INFO     BIST:Header (ok)
[2022-12-19 10:17:05] INFO     BIST:Header (ok)
[2022-12-19 10:17:17] INFO     BIST:Header (ok)
[2022-12-19 10:17:29] INFO     BIST:Header (ok)
[2022-12-19 10:17:40] INFO     BIST:Header (ok)
[2022-12-19 10:17:52] INFO     BIST:Header (ok)
[2022-12-19 10:18:03] INFO     BIST:Header (ok)
[2022-12-19 10:18:15] INFO     BIST:Header (ok)
[2022-12-19 10:18:27] INFO     BIST:Header (ok)
[2022-12-19 10:18:38] INFO     BIST:Header (ok)
[2022-12-19 10:18:50] INFO     BIST:Header (ok)
[2022-12-19 10:19:01] INFO     BIST:Header (ok)
[2022-12-19 10:19:13] INFO     BIST:Header (ok)
[2022-12-19 10:19:25] INFO     BIST:Header (ok)
[2022-12-19 10:19:36] INFO     BIST:Header (ok)
[2022-12-19 10:19:48] INFO     BIST:Header (ok)
[2022-12-19 10:19:59] INFO     BIST:Header (ok)
[2022-12-19 10:20:11] INFO     BIST:Header (ok)
[2022-12-19 10:20:23] INFO     BIST:Header (ok)
[2022-12-19 10:20:34] INFO     BIST:Header (ok)
[2022-12-19 10:20:46] INFO     BIST:Header (ok)
[2022-12-19 10:20:58] INFO     BIST:Header (ok)
[2022-12-19 10:21:09] INFO     BIST:Header (ok)
[2022-12-19 10:21:21] INFO     BIST:Header (ok)
[2022-12-19 10:21:32] INFO     BIST:Header (ok)
[2022-12-19 10:21:44] INFO     BIST:Header (ok)
[2022-12-19 10:21:56] INFO     BIST:Header (ok)
[2022-12-19 10:22:07] INFO     BIST:Header (ok)
[2022-12-19 10:22:19] INFO     BIST:Header (ok)
[2022-12-19 10:22:30] INFO     BIST:Header (ok)
[2022-12-19 10:22:42] INFO     BIST:Header (ok)
[2022-12-19 10:22:54] INFO     BIST:Header (ok)
[2022-12-19 10:23:05] INFO     BIST:Header (ok)
[2022-12-19 10:23:17] INFO     BIST:Header (ok)
[2022-12-19 10:23:28] INFO     BIST:Header (ok)
[2022-12-19 10:23:40] INFO     BIST:Header (ok)
[2022-12-19 10:23:52] INFO     BIST:Header (ok)
[2022-12-19 10:24:03] INFO     BIST:Header (ok)
[2022-12-19 10:24:15] INFO     BIST:Header (ok)
[2022-12-19 10:24:27] INFO     BIST:Header (ok)
[2022-12-19 10:24:38] INFO     BIST:Header (ok)
[2022-12-19 10:24:50] INFO     BIST:Header (ok)
[2022-12-19 10:25:01] INFO     BIST:Header (ok)
[2022-12-19 10:25:13] INFO     BIST:Header (ok)
[2022-12-19 10:25:25] INFO     BIST:Header (ok)
[2022-12-19 10:25:36] INFO     BIST:Header (ok)
[2022-12-19 10:25:48] INFO     BIST:Header (ok)
[2022-12-19 10:25:59] INFO     BIST:Header (ok)
[2022-12-19 10:26:11] INFO     BIST:Header (ok)
[2022-12-19 10:26:23] INFO     BIST:Header (ok)
[2022-12-19 10:26:34] INFO     BIST:Header (ok)
[2022-12-19 10:26:46] INFO     BIST:Header (ok)
[2022-12-19 10:26:57] INFO     BIST:Header (ok)
[2022-12-19 10:27:09] INFO     BIST:Header (ok)
[2022-12-19 10:27:21] INFO     BIST:Header (ok)
[2022-12-19 10:27:32] INFO     BIST:Header (ok)
[2022-12-19 10:27:44] INFO     BIST:Header (ok)
[2022-12-19 10:27:56] INFO     BIST:Header (ok)
[2022-12-19 10:28:07] INFO     BIST:Header (ok)
[2022-12-19 10:28:19] INFO     BIST:Header (ok)
[2022-12-19 10:28:30] INFO     BIST:Header (ok)
[2022-12-19 10:28:42] INFO     BIST:Header (ok)
[2022-12-19 10:28:54] INFO     BIST:Header (ok)
[2022-12-19 10:29:05] INFO     BIST:Header (ok)
[2022-12-19 10:29:17] INFO     BIST:Header (ok)
[2022-12-19 10:29:28] INFO     BIST:Header (ok)
[2022-12-19 10:29:40] INFO     BIST:Header (ok)
[2022-12-19 10:29:52] INFO     BIST:Header (ok)
[2022-12-19 10:30:03] INFO     BIST:Header (ok)
[2022-12-19 10:30:15] INFO     BIST:Header (ok)
[2022-12-19 10:30:26] INFO     BIST:Header (ok)
[2022-12-19 10:30:38] INFO     BIST:Header (ok)
[2022-12-19 10:30:50] INFO     BIST:Header (ok)
[2022-12-19 10:31:01] INFO     BIST:Header (ok)
[2022-12-19 10:31:13] INFO     BIST:Header (ok)
[2022-12-19 10:31:25] INFO     BIST:Header (ok)
[2022-12-19 10:31:36] INFO     BIST:Header (ok)
[2022-12-19 10:31:48] INFO     BIST:Header (ok)
[2022-12-19 10:31:59] INFO     BIST:Header (ok)
