[2022-12-18 20:01:01] INFO     STATE:Initial Starting State
[2022-12-18 20:01:01] INFO     git commit information
[2022-12-18 20:01:01] INFO     	git commit:8d1bc87 Fewer enters for mem_compare
[2022-12-18 20:01:01] INFO     	git commit date:Sun Dec 18 17:28:16 2022
[2022-12-18 20:01:01] INFO     Command line information
[2022-12-18 20:01:01] INFO     	Command line:['ddrctrl_experiment.py', '--jcm_part', 'xc7a200t', '--bitstream', '/root/ddr_11_28_tmr.bit', '--log_dir', './lansce2022', '--jcm_clock', '30_000_000', '--frads_file', 'xc7a200t_frad.txt', '--fault_injection', '0', '--uart_bone_ident', '0xf0002000', '--jcm_ip', '169.254.132.152', '--jcm_netbooter_port', '1', '--nexys_netbooter_port', '2', '--usb_uart_phys_port', '1-4.4.2', '--uartbone_phys_port', '1-4.4.1']
[2022-12-18 20:01:01] INFO     	arg:bitstream=/root/ddr_11_28_tmr.bit
[2022-12-18 20:01:01] INFO     	arg:netbooter_ip=169.254.131.160
[2022-12-18 20:01:01] INFO     	arg:jcm_ip=169.254.132.152
[2022-12-18 20:01:01] INFO     	arg:jcm_part=xc7a200t
[2022-12-18 20:01:01] INFO     	arg:jcm_clock=30000000
[2022-12-18 20:01:01] INFO     	arg:usb_uart_phys_port=1-4.4.2
[2022-12-18 20:01:01] INFO     	arg:uart_litex_baudrate=115200
[2022-12-18 20:01:01] INFO     	arg:uartbone_phys_port=1-4.4.1
[2022-12-18 20:01:01] INFO     	arg:uartbone_phys_if=0
[2022-12-18 20:01:01] INFO     	arg:uartbone_baudrate=115200
[2022-12-18 20:01:01] INFO     	arg:repower_jcm=False
[2022-12-18 20:01:01] INFO     	arg:disable_scrubbing=False
[2022-12-18 20:01:01] INFO     	arg:fault_injection=0
[2022-12-18 20:01:01] INFO     	arg:frads_file=xc7a200t_frad.txt
[2022-12-18 20:01:01] INFO     	arg:jcm_netbooter_port=1
[2022-12-18 20:01:01] INFO     	arg:nexys_netbooter_port=2
[2022-12-18 20:01:01] INFO     	arg:log_dir=./lansce2022
[2022-12-18 20:01:01] INFO     	arg:single_step=False
[2022-12-18 20:01:01] INFO     	arg:bist_mem_burst_length=8192
[2022-12-18 20:01:01] INFO     	arg:bist_addr_mode=1
[2022-12-18 20:01:01] INFO     	arg:bist_pattern=165
[2022-12-18 20:01:01] INFO     	arg:no_uart_bone=False
[2022-12-18 20:01:01] INFO     	arg:uart_bone_ident=0xf0002000
[2022-12-18 20:01:01] INFO     STATE:Netbooter Setup State
[2022-12-18 20:01:01] INFO     STATE:JCM Setup State
[2022-12-18 20:01:01] INFO     NETBOOTER:Attempt 1 to set port 1 with cycle=False
[2022-12-18 20:01:03] INFO     NETBOOTER:Setting port 1 to On
[2022-12-18 20:01:04] INFO     JCM ping attempt 1
[2022-12-18 20:01:04] INFO     JCM:Logging in to JCM
[2022-12-18 20:01:04] INFO     JCM:Connecting to JCM over SSH... (Attempt 1)
[2022-12-18 20:01:04] INFO     JCM:SSH successful
[2022-12-18 20:01:04] INFO     STATE:UART Setup State
[2022-12-18 20:01:04] INFO     STATE:Power Nexys State
[2022-12-18 20:01:04] INFO     NETBOOTER:Attempt 1 to set port 2 with cycle=False
[2022-12-18 20:01:06] INFO     NETBOOTER:Setting port 2 to Off
[2022-12-18 20:01:07] INFO     NETBOOTER:Attempt 1 to set port 2 with cycle=False
[2022-12-18 20:01:09] INFO     NETBOOTER:Setting port 2 to On
[2022-12-18 20:01:10] INFO     STATE:Connect UART State
[2022-12-18 20:01:12] INFO     UART:Searching for ttyUSB device (Attempt 1)
[2022-12-18 20:01:12] INFO     UART:Found tty device:/dev/ttyUSB2
[2022-12-18 20:01:12] INFO     UART:Serial port /dev/ttyUSB2 open
[2022-12-18 20:01:12] INFO     STATE:Configure Nexys State
[2022-12-18 20:01:12] INFO     JCM:Attempting JCM device DNA read
[2022-12-18 20:01:12] INFO     JCM:Executing commmand on JCM
	~/jcm_apps/jcm_jtag_reg.elf -r 50 --swap -w 64
[2022-12-18 20:01:12] INFO     Device DNA:0:0x812c023b 1:0x2a0f6504
[2022-12-18 20:01:12] INFO     JCM:Attempting JCM configuration
[2022-12-18 20:01:12] INFO     JCM:Executing commmand on JCM
	~/jcm_apps/jcm_config.elf --part xc7a200t -c 30000000 --jtag --config_file /root/ddr_11_28_tmr.bit
[2022-12-18 20:01:18] INFO     JCM:Configuration Success
[2022-12-18 20:01:18] INFO     STATE:Setup UARTBone State
[2022-12-18 20:01:18] INFO     UARTBONE:Searching for ttyUSB device (Attempt 1) for port '1-4.4.1' IF '0'
[2022-12-18 20:01:18] INFO     UARTBONE:Found tty device:/dev/ttyUSB0
[2022-12-18 20:01:18] INFO     UARTBONE:Attempting to open:/dev/ttyUSB0 at baud 115200 with timeout=5
[2022-12-18 20:01:18] INFO     UARTBONE:Serial port /dev/ttyUSB0 open
[2022-12-18 20:01:18] INFO     UARTBONE ID Str=LiteX SoC on Nexys Video 2022-11-28 18:17:18
[2022-12-18 20:01:18] INFO     UARTBONE I ADDR=000012E8
[2022-12-18 20:01:18] INFO     STATE:Enable Scrubbing State
[2022-12-18 20:01:18] INFO     JCM:Starting JCM scrubber
[2022-12-18 20:01:18] INFO     JCM:Executing commmand on JCM
	~/jcm_apps/jcm_scrubbing.elf --part xc7a200t -c 30000000 --jtag --iterations 100000000 --frad_file xc7a200t_frad.txt
[2022-12-18 20:01:18] INFO     STATE:LiteX Login State
[2022-12-18 20:01:19] INFO     STATE:Start BIST State
[2022-12-18 20:01:19] INFO     STATE:BIST Execution State
[2022-12-18 20:01:19] INFO     BIST:Bad title line (1):8192 1 0 2
[2022-12-18 20:01:19] INFO     BIST:Header (first)
[2022-12-18 20:01:30] INFO     BIST:Header (ok)
[2022-12-18 20:01:42] INFO     BIST:Header (ok)
[2022-12-18 20:01:54] INFO     BIST:Header (ok)
[2022-12-18 20:02:05] INFO     BIST:Header (ok)
[2022-12-18 20:02:17] INFO     BIST:Header (ok)
[2022-12-18 20:02:28] INFO     BIST:Header (ok)
[2022-12-18 20:02:40] INFO     BIST:Header (ok)
[2022-12-18 20:02:52] INFO     BIST:Header (ok)
[2022-12-18 20:03:03] INFO     BIST:Header (ok)
[2022-12-18 20:03:15] INFO     BIST:Header (ok)
[2022-12-18 20:03:26] INFO     BIST:Header (ok)
[2022-12-18 20:03:38] INFO     BIST:Header (ok)
[2022-12-18 20:03:50] INFO     BIST:Header (ok)
[2022-12-18 20:04:01] INFO     BIST:Header (ok)
[2022-12-18 20:04:13] INFO     BIST:Header (ok)
[2022-12-18 20:04:25] INFO     BIST:Header (ok)
[2022-12-18 20:04:36] INFO     BIST:Header (ok)
[2022-12-18 20:04:48] INFO     BIST:Header (ok)
[2022-12-18 20:04:59] INFO     BIST:Header (ok)
[2022-12-18 20:05:11] INFO     BIST:Header (ok)
[2022-12-18 20:05:23] INFO     BIST:Header (ok)
[2022-12-18 20:05:34] INFO     BIST:Header (ok)
[2022-12-18 20:05:46] INFO     BIST:Header (ok)
[2022-12-18 20:05:57] INFO     BIST:Header (ok)
[2022-12-18 20:06:09] INFO     BIST:Header (ok)
[2022-12-18 20:06:21] INFO     BIST:Header (ok)
[2022-12-18 20:06:32] INFO     BIST:Header (ok)
[2022-12-18 20:06:44] INFO     BIST:Header (ok)
[2022-12-18 20:06:55] INFO     BIST:Header (ok)
[2022-12-18 20:07:07] INFO     BIST:Header (ok)
[2022-12-18 20:07:19] INFO     BIST:Header (ok)
[2022-12-18 20:07:30] INFO     BIST:Header (ok)
[2022-12-18 20:07:42] INFO     BIST:Header (ok)
[2022-12-18 20:07:54] INFO     BIST:Header (ok)
[2022-12-18 20:08:05] INFO     BIST:Header (ok)
[2022-12-18 20:08:17] INFO     BIST:Header (ok)
[2022-12-18 20:08:28] INFO     BIST:Header (ok)
[2022-12-18 20:08:40] INFO     BIST:Header (ok)
[2022-12-18 20:08:52] INFO     BIST:Header (ok)
[2022-12-18 20:09:03] INFO     BIST:Header (ok)
[2022-12-18 20:09:15] INFO     BIST:Header (ok)
[2022-12-18 20:09:26] INFO     BIST:Header (ok)
[2022-12-18 20:09:38] INFO     BIST:Header (ok)
[2022-12-18 20:09:50] INFO     BIST:Header (ok)
[2022-12-18 20:10:01] INFO     BIST:Header (ok)
[2022-12-18 20:10:13] INFO     BIST:Header (ok)
[2022-12-18 20:10:24] INFO     BIST:Header (ok)
[2022-12-18 20:10:36] INFO     BIST:Header (ok)
[2022-12-18 20:10:48] INFO     BIST:Header (ok)
[2022-12-18 20:10:59] INFO     BIST:Header (ok)
[2022-12-18 20:11:11] INFO     BIST:Header (ok)
[2022-12-18 20:11:23] INFO     BIST:Header (ok)
[2022-12-18 20:11:34] INFO     BIST:Header (ok)
[2022-12-18 20:11:46] INFO     BIST:Header (ok)
[2022-12-18 20:11:57] INFO     BIST:Header (ok)
[2022-12-18 20:12:09] INFO     BIST:Header (ok)
[2022-12-18 20:12:21] INFO     BIST:Header (ok)
[2022-12-18 20:12:32] INFO     BIST:Header (ok)
[2022-12-18 20:12:44] INFO     BIST:Header (ok)
[2022-12-18 20:12:55] INFO     BIST:Header (ok)
[2022-12-18 20:13:07] INFO     BIST:Header (ok)
[2022-12-18 20:13:19] INFO     BIST:Header (ok)
[2022-12-18 20:13:30] INFO     BIST:Header (ok)
[2022-12-18 20:13:42] INFO     BIST:Header (ok)
[2022-12-18 20:13:53] INFO     BIST:Header (ok)
[2022-12-18 20:14:05] INFO     BIST:Header (ok)
[2022-12-18 20:14:17] INFO     BIST:Header (ok)
[2022-12-18 20:14:28] INFO     BIST:Header (ok)
[2022-12-18 20:14:40] INFO     BIST:Header (ok)
[2022-12-18 20:14:52] INFO     BIST:Header (ok)
[2022-12-18 20:15:03] INFO     BIST:Header (ok)
[2022-12-18 20:15:15] INFO     BIST:Header (ok)
[2022-12-18 20:15:26] INFO     BIST:Header (ok)
[2022-12-18 20:15:38] INFO     BIST:Header (ok)
[2022-12-18 20:15:50] INFO     BIST:Header (ok)
[2022-12-18 20:16:01] INFO     BIST:Header (ok)
[2022-12-18 20:16:13] INFO     BIST:Header (ok)
[2022-12-18 20:16:24] INFO     BIST:Header (ok)
[2022-12-18 20:16:36] INFO     BIST:Header (ok)
[2022-12-18 20:16:48] INFO     BIST:Header (ok)
[2022-12-18 20:16:59] INFO     BIST:Header (ok)
[2022-12-18 20:17:11] INFO     BIST:Header (ok)
[2022-12-18 20:17:22] INFO     BIST:Header (ok)
[2022-12-18 20:17:34] INFO     BIST:Header (ok)
[2022-12-18 20:17:46] INFO     BIST:Header (ok)
[2022-12-18 20:17:57] INFO     BIST:Header (ok)
[2022-12-18 20:18:09] INFO     BIST:Header (ok)
[2022-12-18 20:18:21] INFO     BIST:Header (ok)
[2022-12-18 20:18:32] INFO     BIST:Header (ok)
[2022-12-18 20:18:44] INFO     BIST:Header (ok)
[2022-12-18 20:18:55] INFO     BIST:Header (ok)
[2022-12-18 20:19:07] INFO     BIST:Header (ok)
[2022-12-18 20:19:19] INFO     BIST:Header (ok)
[2022-12-18 20:19:30] INFO     BIST:Header (ok)
[2022-12-18 20:19:42] INFO     BIST:Header (ok)
[2022-12-18 20:19:53] INFO     BIST:Header (ok)
[2022-12-18 20:20:05] INFO     BIST:Header (ok)
[2022-12-18 20:20:17] INFO     BIST:Header (ok)
[2022-12-18 20:20:28] INFO     BIST:Header (ok)
[2022-12-18 20:20:40] INFO     BIST:Header (ok)
[2022-12-18 20:20:52] INFO     BIST:Header (ok)
[2022-12-18 20:21:03] INFO     BIST:Header (ok)
[2022-12-18 20:21:15] INFO     BIST:Header (ok)
[2022-12-18 20:21:26] INFO     BIST:Header (ok)
[2022-12-18 20:21:38] INFO     BIST:Header (ok)
[2022-12-18 20:21:50] INFO     BIST:Header (ok)
[2022-12-18 20:22:01] INFO     BIST:Header (ok)
[2022-12-18 20:22:13] INFO     BIST:Header (ok)
[2022-12-18 20:22:24] INFO     BIST:Header (ok)
[2022-12-18 20:22:36] INFO     BIST:Header (ok)
[2022-12-18 20:22:48] INFO     BIST:Header (ok)
[2022-12-18 20:22:59] INFO     BIST:Header (ok)
[2022-12-18 20:23:11] INFO     BIST:Header (ok)
[2022-12-18 20:23:22] INFO     BIST:Header (ok)
[2022-12-18 20:23:34] INFO     BIST:Header (ok)
[2022-12-18 20:23:46] INFO     BIST:Header (ok)
[2022-12-18 20:23:57] INFO     BIST:Header (ok)
[2022-12-18 20:24:09] INFO     BIST:Header (ok)
[2022-12-18 20:24:21] INFO     BIST:Header (ok)
[2022-12-18 20:24:32] INFO     BIST:Header (ok)
[2022-12-18 20:24:44] INFO     BIST:Header (ok)
[2022-12-18 20:24:55] INFO     BIST:Header (ok)
[2022-12-18 20:25:07] INFO     BIST:Header (ok)
[2022-12-18 20:25:19] INFO     BIST:Header (ok)
[2022-12-18 20:25:30] INFO     BIST:Header (ok)
[2022-12-18 20:25:42] INFO     BIST:Header (ok)
[2022-12-18 20:25:53] INFO     BIST:Header (ok)
[2022-12-18 20:26:05] INFO     BIST:Header (ok)
[2022-12-18 20:26:17] INFO     BIST:Header (ok)
[2022-12-18 20:26:28] INFO     BIST:Header (ok)
[2022-12-18 20:26:40] INFO     BIST:Header (ok)
[2022-12-18 20:26:51] INFO     BIST:Header (ok)
[2022-12-18 20:27:03] INFO     BIST:Header (ok)
[2022-12-18 20:27:15] INFO     BIST:Header (ok)
[2022-12-18 20:27:26] INFO     BIST:Header (ok)
[2022-12-18 20:27:38] INFO     BIST:Header (ok)
[2022-12-18 20:27:50] INFO     BIST:Header (ok)
[2022-12-18 20:28:01] INFO     BIST:Header (ok)
[2022-12-18 20:28:13] INFO     BIST:Header (ok)
[2022-12-18 20:28:24] INFO     BIST:Header (ok)
[2022-12-18 20:28:36] INFO     BIST:Header (ok)
[2022-12-18 20:28:48] INFO     BIST:Header (ok)
[2022-12-18 20:28:59] INFO     BIST:Header (ok)
[2022-12-18 20:29:11] INFO     BIST:Header (ok)
[2022-12-18 20:29:22] INFO     BIST:Header (ok)
[2022-12-18 20:29:34] INFO     BIST:Header (ok)
[2022-12-18 20:29:46] INFO     BIST:Header (ok)
[2022-12-18 20:29:57] INFO     BIST:Header (ok)
[2022-12-18 20:30:09] INFO     BIST:Header (ok)
[2022-12-18 20:30:20] INFO     BIST:Header (ok)
[2022-12-18 20:30:32] INFO     BIST:Header (ok)
[2022-12-18 20:30:44] INFO     BIST:Header (ok)
[2022-12-18 20:30:55] INFO     BIST:Header (ok)
[2022-12-18 20:31:07] INFO     BIST:Header (ok)
[2022-12-18 20:31:19] INFO     BIST:Header (ok)
[2022-12-18 20:31:30] INFO     BIST:Header (ok)
[2022-12-18 20:31:42] INFO     BIST:Header (ok)
[2022-12-18 20:31:53] INFO     BIST:Header (ok)
[2022-12-18 20:32:05] INFO     BIST:Header (ok)
[2022-12-18 20:32:17] INFO     BIST:Header (ok)
[2022-12-18 20:32:28] INFO     BIST:Header (ok)
[2022-12-18 20:32:40] INFO     BIST:Header (ok)
[2022-12-18 20:32:51] INFO     BIST:Header (ok)
[2022-12-18 20:33:03] INFO     BIST:Header (ok)
[2022-12-18 20:33:15] INFO     BIST:Header (ok)
[2022-12-18 20:33:26] INFO     BIST:Header (ok)
[2022-12-18 20:33:38] INFO     BIST:Header (ok)
[2022-12-18 20:33:49] INFO     BIST:Header (ok)
[2022-12-18 20:34:01] INFO     BIST:Header (ok)
[2022-12-18 20:34:13] INFO     BIST:Header (ok)
[2022-12-18 20:34:24] INFO     BIST:Header (ok)
[2022-12-18 20:34:36] INFO     BIST:Header (ok)
[2022-12-18 20:34:48] INFO     BIST:Header (ok)
[2022-12-18 20:34:59] INFO     BIST:Header (ok)
[2022-12-18 20:35:11] INFO     BIST:Header (ok)
[2022-12-18 20:35:22] INFO     BIST:Header (ok)
[2022-12-18 20:35:34] INFO     BIST:Header (ok)
[2022-12-18 20:35:46] INFO     BIST:Header (ok)
[2022-12-18 20:35:57] INFO     BIST:Header (ok)
[2022-12-18 20:36:09] INFO     BIST:Header (ok)
[2022-12-18 20:36:20] INFO     BIST:Header (ok)
[2022-12-18 20:36:32] INFO     BIST:Header (ok)
[2022-12-18 20:36:44] INFO     BIST:Header (ok)
[2022-12-18 20:36:55] INFO     BIST:Header (ok)
[2022-12-18 20:37:07] INFO     BIST:Header (ok)
[2022-12-18 20:37:19] INFO     BIST:Header (ok)
[2022-12-18 20:37:30] INFO     BIST:Header (ok)
[2022-12-18 20:37:42] INFO     BIST:Header (ok)
[2022-12-18 20:37:53] INFO     BIST:Header (ok)
[2022-12-18 20:38:05] INFO     BIST:Header (ok)
[2022-12-18 20:38:17] INFO     BIST:Header (ok)
[2022-12-18 20:38:28] INFO     BIST:Header (ok)
[2022-12-18 20:38:40] INFO     BIST:Header (ok)
[2022-12-18 20:38:51] INFO     BIST:Header (ok)
[2022-12-18 20:39:03] INFO     BIST:Header (ok)
[2022-12-18 20:39:15] INFO     BIST:Header (ok)
[2022-12-18 20:39:26] INFO     BIST:Header (ok)
[2022-12-18 20:39:38] INFO     BIST:Header (ok)
[2022-12-18 20:39:49] INFO     BIST:Header (ok)
[2022-12-18 20:40:01] INFO     BIST:Header (ok)
[2022-12-18 20:40:13] INFO     BIST:Header (ok)
[2022-12-18 20:40:24] INFO     BIST:Header (ok)
[2022-12-18 20:40:36] INFO     BIST:Header (ok)
[2022-12-18 20:40:48] INFO     BIST:Header (ok)
[2022-12-18 20:40:59] INFO     BIST:Header (ok)
[2022-12-18 20:41:11] INFO     BIST:Header (ok)
[2022-12-18 20:41:22] INFO     BIST:Header (ok)
[2022-12-18 20:41:34] INFO     BIST:Header (ok)
[2022-12-18 20:41:46] INFO     BIST:Header (ok)
[2022-12-18 20:41:57] INFO     BIST:Header (ok)
[2022-12-18 20:42:09] INFO     BIST:Header (ok)
[2022-12-18 20:42:20] INFO     BIST:Header (ok)
[2022-12-18 20:42:32] INFO     BIST:Header (ok)
[2022-12-18 20:42:44] INFO     BIST:Header (ok)
[2022-12-18 20:42:55] INFO     BIST:Header (ok)
[2022-12-18 20:43:07] INFO     BIST:Header (ok)
[2022-12-18 20:43:18] INFO     BIST:Header (ok)
[2022-12-18 20:43:30] INFO     BIST:Header (ok)
[2022-12-18 20:43:42] INFO     BIST:Header (ok)
[2022-12-18 20:43:53] INFO     BIST:Header (ok)
[2022-12-18 20:44:05] INFO     BIST:Header (ok)
[2022-12-18 20:44:17] INFO     BIST:Header (ok)
[2022-12-18 20:44:28] INFO     BIST:Header (ok)
[2022-12-18 20:44:40] INFO     BIST:Header (ok)
[2022-12-18 20:44:51] INFO     BIST:Header (ok)
[2022-12-18 20:45:03] INFO     BIST:Header (ok)
[2022-12-18 20:45:15] INFO     BIST:Header (ok)
[2022-12-18 20:45:26] INFO     BIST:Header (ok)
[2022-12-18 20:45:38] INFO     BIST:Header (ok)
[2022-12-18 20:45:49] INFO     BIST:Header (ok)
[2022-12-18 20:46:01] INFO     BIST:Header (ok)
[2022-12-18 20:46:13] INFO     BIST:Header (ok)
[2022-12-18 20:46:24] INFO     BIST:Header (ok)
[2022-12-18 20:46:36] INFO     BIST:Header (ok)
[2022-12-18 20:46:47] INFO     BIST:Header (ok)
[2022-12-18 20:46:59] INFO     BIST:Header (ok)
[2022-12-18 20:47:11] INFO     BIST:Header (ok)
[2022-12-18 20:47:22] INFO     BIST:Header (ok)
[2022-12-18 20:47:34] INFO     BIST:Header (ok)
[2022-12-18 20:47:46] INFO     BIST:Header (ok)
[2022-12-18 20:47:57] INFO     BIST:Header (ok)
[2022-12-18 20:48:09] INFO     BIST:Header (ok)
[2022-12-18 20:48:20] INFO     BIST:Header (ok)
[2022-12-18 20:48:32] INFO     BIST:Header (ok)
[2022-12-18 20:48:44] INFO     BIST:Header (ok)
[2022-12-18 20:48:55] INFO     BIST:Header (ok)
[2022-12-18 20:49:07] INFO     BIST:Header (ok)
[2022-12-18 20:49:18] INFO     BIST:Header (ok)
[2022-12-18 20:49:30] INFO     BIST:Header (ok)
[2022-12-18 20:49:42] INFO     BIST:Header (ok)
[2022-12-18 20:49:53] INFO     BIST:Header (ok)
[2022-12-18 20:50:05] INFO     BIST:Header (ok)
[2022-12-18 20:50:16] INFO     BIST:Header (ok)
[2022-12-18 20:50:28] INFO     BIST:Header (ok)
[2022-12-18 20:50:40] INFO     BIST:Header (ok)
[2022-12-18 20:50:51] INFO     BIST:Header (ok)
[2022-12-18 20:51:03] INFO     BIST:Header (ok)
[2022-12-18 20:51:15] INFO     BIST:Header (ok)
[2022-12-18 20:51:26] INFO     BIST:Header (ok)
[2022-12-18 20:51:38] INFO     BIST:Header (ok)
[2022-12-18 20:51:49] INFO     BIST:Header (ok)
[2022-12-18 20:52:01] INFO     BIST:Header (ok)
[2022-12-18 20:52:13] INFO     BIST:Header (ok)
[2022-12-18 20:52:24] INFO     BIST:Header (ok)
[2022-12-18 20:52:36] INFO     BIST:Header (ok)
[2022-12-18 20:52:47] INFO     BIST:Header (ok)
[2022-12-18 20:52:59] INFO     BIST:Header (ok)
[2022-12-18 20:53:11] INFO     BIST:Header (ok)
[2022-12-18 20:53:22] INFO     BIST:Header (ok)
[2022-12-18 20:53:34] INFO     BIST:Header (ok)
[2022-12-18 20:53:45] INFO     BIST:Header (ok)
[2022-12-18 20:53:57] INFO     BIST:Header (ok)
[2022-12-18 20:54:09] INFO     BIST:Header (ok)
[2022-12-18 20:54:20] INFO     BIST:Header (ok)
[2022-12-18 20:54:32] INFO     BIST:Header (ok)
[2022-12-18 20:54:44] INFO     BIST:Header (ok)
[2022-12-18 20:54:55] INFO     BIST:Header (ok)
[2022-12-18 20:55:07] INFO     BIST:Header (ok)
[2022-12-18 20:55:18] INFO     BIST:Header (ok)
[2022-12-18 20:55:30] INFO     BIST:Header (ok)
[2022-12-18 20:55:42] INFO     BIST:Header (ok)
[2022-12-18 20:55:53] INFO     BIST:Header (ok)
[2022-12-18 20:56:05] INFO     BIST:Header (ok)
[2022-12-18 20:56:16] INFO     BIST:Header (ok)
[2022-12-18 20:56:28] INFO     BIST:Header (ok)
[2022-12-18 20:56:40] INFO     BIST:Header (ok)
[2022-12-18 20:56:51] INFO     BIST:Header (ok)
[2022-12-18 20:57:03] INFO     BIST:Header (ok)
[2022-12-18 20:57:15] INFO     BIST:Header (ok)
[2022-12-18 20:57:26] INFO     BIST:Header (ok)
[2022-12-18 20:57:38] INFO     BIST:Header (ok)
[2022-12-18 20:57:49] INFO     BIST:Header (ok)
[2022-12-18 20:58:01] INFO     BIST:Header (ok)
[2022-12-18 20:58:13] INFO     BIST:Header (ok)
[2022-12-18 20:58:24] INFO     BIST:Header (ok)
[2022-12-18 20:58:36] INFO     BIST:Header (ok)
[2022-12-18 20:58:47] INFO     BIST:Header (ok)
[2022-12-18 20:58:59] INFO     BIST:Header (ok)
[2022-12-18 20:59:11] INFO     BIST:Header (ok)
[2022-12-18 20:59:22] INFO     BIST:Header (ok)
[2022-12-18 20:59:34] INFO     BIST:Header (ok)
[2022-12-18 20:59:45] INFO     BIST:Header (ok)
[2022-12-18 20:59:57] INFO     BIST:Header (ok)
[2022-12-18 21:00:09] INFO     BIST:Header (ok)
[2022-12-18 21:00:20] INFO     BIST:Header (ok)
[2022-12-18 21:00:32] INFO     BIST:Header (ok)
[2022-12-18 21:00:44] INFO     BIST:Header (ok)
[2022-12-18 21:00:55] INFO     BIST:Header (ok)
[2022-12-18 21:01:07] INFO     BIST:Header (ok)
[2022-12-18 21:01:18] INFO     BIST:Header (ok)
[2022-12-18 21:01:30] INFO     BIST:Header (ok)
[2022-12-18 21:01:42] INFO     BIST:Header (ok)
[2022-12-18 21:01:53] INFO     BIST:Header (ok)
[2022-12-18 21:02:05] INFO     BIST:Header (ok)
[2022-12-18 21:02:16] INFO     BIST:Header (ok)
[2022-12-18 21:02:28] INFO     BIST:Header (ok)
