[2022-12-20 17:48:07] Creating JCM Hardware on port 0 with 0 shifts
[2022-12-20 17:48:07] Using Default Chain String: [ 6 ]
[2022-12-20 17:48:07] Changing JCM Clock. Old Rate=29411765 Request Rate=1000000 Actual rate=1000000
[2022-12-20 17:48:07] Register 0x32=
[2022-12-20 17:48:07]  0:0x812c023b
[2022-12-20 17:48:07]  1:0x2a0f6504
[2022-12-20 17:48:07] Changing JCM Clock. Old Rate=1000000 Request Rate=30000000 Actual rate=29411765
[2022-12-20 17:48:07] Creating JCM Hardware on port 0 with 0 shifts
[2022-12-20 17:48:07] Using Default Chain String: [ 6 ]
[2022-12-20 17:48:07] **** Warning ****
[2022-12-20 17:48:07]   Filename /root/ddr_11_28_tmr.bit does not have a '.bin' extension. Only '.bin' files can be used for this configuration command
[2022-12-20 17:48:07] Configuring with file: /root/ddr_11_28_tmr.bit
[2022-12-20 17:48:13] Configured Successfully
[2022-12-20 17:48:14] JCM Scrubbing. Build Date Thu Jul 28 15:32:32 MDT 2022
[2022-12-20 17:48:14] Execution time: Tue Aug  2 01:04:10 2022
[2022-12-20 17:48:14] 
[2022-12-20 17:48:14] Changing JCM Clock. Old Rate=29411765 Request Rate=30000000 Actual rate=29411765
[2022-12-20 17:48:14] Creating JCM Hardware on port 0 with 0 shifts
[2022-12-20 17:48:14] Using Default Chain String: [ 6 ]
[2022-12-20 17:48:18] FPGA: xc7a200t (7_Series family) IDCode=0x13636093
[2022-12-20 17:48:18] Read IDCODE Matched=0x13636093
[2022-12-20 17:48:18] No readback file specified
[2022-12-20 17:48:18] Number of OffSet words 101
[2022-12-20 17:48:18] No readback file specified. Reading 18310 frames
[2022-12-20 17:48:18] Number of OffSet words 101
[2022-12-20 17:48:18] Number of OffSet words 101
[2022-12-20 17:48:18] Part xc7a200t has 24802 frames. Family 7_Series has 101 words per frame
[2022-12-20 17:48:18] Cycle 0: 2022-08-02 01:04:14
[2022-12-20 17:48:22] Cycle 1: 2022-08-02 01:04:18
[2022-12-20 17:48:26] Cycle 2: 2022-08-02 01:04:22
[2022-12-20 17:48:30] Cycle 3: 2022-08-02 01:04:27
[2022-12-20 17:48:34] Cycle 4: 2022-08-02 01:04:31
[2022-12-20 17:48:39] Cycle 5: 2022-08-02 01:04:35
[2022-12-20 17:48:43] Cycle 6: 2022-08-02 01:04:39
[2022-12-20 17:48:47] Cycle 7: 2022-08-02 01:04:43
[2022-12-20 17:48:51] Cycle 8: 2022-08-02 01:04:47
[2022-12-20 17:48:55] Cycle 9: 2022-08-02 01:04:52
[2022-12-20 17:48:59] Cycle 10: 2022-08-02 01:04:56
[2022-12-20 17:49:04] Cycle 11: 2022-08-02 01:05:00
[2022-12-20 17:49:08] Cycle 12: 2022-08-02 01:05:04
[2022-12-20 17:49:12] Cycle 13: 2022-08-02 01:05:08
[2022-12-20 17:49:16] Cycle 14: 2022-08-02 01:05:12
[2022-12-20 17:49:20] Cycle 15: 2022-08-02 01:05:17
[2022-12-20 17:49:24] Cycle 16: 2022-08-02 01:05:21
[2022-12-20 17:49:29] Cycle 17: 2022-08-02 01:05:25
[2022-12-20 17:49:33] Cycle 18: 2022-08-02 01:05:29
[2022-12-20 17:49:37] Cycle 19: 2022-08-02 01:05:33
[2022-12-20 17:49:41] Cycle 20: 2022-08-02 01:05:37
[2022-12-20 17:49:45] Cycle 21: 2022-08-02 01:05:42
[2022-12-20 17:49:49] Cycle 22: 2022-08-02 01:05:46
[2022-12-20 17:49:54] Cycle 23: 2022-08-02 01:05:50
[2022-12-20 17:49:58] Cycle 24: 2022-08-02 01:05:54
[2022-12-20 17:50:02] Cycle 25: 2022-08-02 01:05:58
[2022-12-20 17:50:06] Cycle 26: 2022-08-02 01:06:02
[2022-12-20 17:50:10] Cycle 27: 2022-08-02 01:06:06
[2022-12-20 17:50:14] Cycle 28: 2022-08-02 01:06:11
[2022-12-20 17:50:18] Cycle 29: 2022-08-02 01:06:15
[2022-12-20 17:50:23] Cycle 30: 2022-08-02 01:06:19
[2022-12-20 17:50:27] Cycle 31: 2022-08-02 01:06:23
[2022-12-20 17:50:31] Cycle 32: 2022-08-02 01:06:27
[2022-12-20 17:50:35] Cycle 33: 2022-08-02 01:06:31
[2022-12-20 17:50:39] Cycle 34: 2022-08-02 01:06:36
[2022-12-20 17:50:43] Cycle 35: 2022-08-02 01:06:40
[2022-12-20 17:50:48] Cycle 36: 2022-08-02 01:06:44
[2022-12-20 17:50:52] Cycle 37: 2022-08-02 01:06:48
[2022-12-20 17:50:56] Cycle 38: 2022-08-02 01:06:52
[2022-12-20 17:51:00] Cycle 39: 2022-08-02 01:06:56
[2022-12-20 17:51:04] Cycle 40: 2022-08-02 01:07:01
[2022-12-20 17:51:08] Cycle 41: 2022-08-02 01:07:05
[2022-12-20 17:51:13] Cycle 42: 2022-08-02 01:07:09
[2022-12-20 17:51:17] Cycle 43: 2022-08-02 01:07:13
[2022-12-20 17:51:21] Cycle 44: 2022-08-02 01:07:17
[2022-12-20 17:51:25] Cycle 45: 2022-08-02 01:07:21
[2022-12-20 17:51:29] Word 1263143 (Frame index=12506 frame address=0x00421606 word=37 mask=0x00000008)
[2022-12-20 17:51:29] 1 bit errors
[2022-12-20 17:51:29] Cycle 46: 2022-08-02 01:07:26
[2022-12-20 17:51:33] Cycle 47: 2022-08-02 01:07:30
[2022-12-20 17:51:38] Cycle 48: 2022-08-02 01:07:34
[2022-12-20 17:51:42] Cycle 49: 2022-08-02 01:07:38
[2022-12-20 17:51:46] Cycle 50: 2022-08-02 01:07:42
[2022-12-20 17:51:50] Cycle 51: 2022-08-02 01:07:46
[2022-12-20 17:51:54] Cycle 52: 2022-08-02 01:07:51
[2022-12-20 17:51:58] Cycle 53: 2022-08-02 01:07:55
[2022-12-20 17:52:03] Cycle 54: 2022-08-02 01:07:59
[2022-12-20 17:52:07] Cycle 55: 2022-08-02 01:08:03
[2022-12-20 17:52:11] Cycle 56: 2022-08-02 01:08:07
[2022-12-20 17:52:15] Cycle 57: 2022-08-02 01:08:11
[2022-12-20 17:52:19] Word 207721 (Frame index=2056 frame address=0x00001da0 word=65 mask=0x02000000)
[2022-12-20 17:52:19] Word 207822 (Frame index=2057 frame address=0x00001da1 word=65 mask=0x04000000)
[2022-12-20 17:52:19] Word 1155196 (Frame index=11437 frame address=0x00420623 word=59 mask=0x00010000)
[2022-12-20 17:52:19] 3 bit errors
[2022-12-20 17:52:19] Cycle 58: 2022-08-02 01:08:16
[2022-12-20 17:52:23] Cycle 59: 2022-08-02 01:08:20
[2022-12-20 17:52:28] Word 797386 (Frame index=7894 frame address=0x00400812 word=92 mask=0x00080000)
[2022-12-20 17:52:28] Word 797487 (Frame index=7895 frame address=0x00400813 word=92 mask=0x00040000)
[2022-12-20 17:52:28] 2 bit errors
[2022-12-20 17:52:28] Cycle 60: 2022-08-02 01:08:24
[2022-12-20 17:52:32] Cycle 61: 2022-08-02 01:08:28
[2022-12-20 17:52:36] Cycle 62: 2022-08-02 01:08:32
[2022-12-20 17:52:40] Word 908943 (Frame index=8999 frame address=0x00401811 word=44 mask=0x00200000)
[2022-12-20 17:52:40] 1 bit errors
[2022-12-20 17:52:40] Cycle 63: 2022-08-02 01:08:36
[2022-12-20 17:52:44] Cycle 64: 2022-08-02 01:08:41
[2022-12-20 17:52:48] Word 1756939 (Frame index=17395 frame address=0x0044279b word=44 mask=0x00000100)
[2022-12-20 17:52:48] 1 bit errors
[2022-12-20 17:52:48] Cycle 65: 2022-08-02 01:08:45
[2022-12-20 17:52:53] Word 259200 (Frame index=2566 frame address=0x0000251a word=34 mask=0x00004000)
[2022-12-20 17:52:53] Word 259301 (Frame index=2567 frame address=0x0000251b word=34 mask=0x00008000)
[2022-12-20 17:52:53] 2 bit errors
[2022-12-20 17:52:53] Cycle 66: 2022-08-02 01:08:49
[2022-12-20 17:52:57] Word 1535042 (Frame index=15198 frame address=0x004407a2 word=44 mask=0x00040000)
[2022-12-20 17:52:57] Word 1535143 (Frame index=15199 frame address=0x004407a3 word=44 mask=0x00080000)
[2022-12-20 17:52:57] 2 bit errors
[2022-12-20 17:52:57] Cycle 67: 2022-08-02 01:08:53
[2022-12-20 17:53:01] Cycle 68: 2022-08-02 01:08:57
[2022-12-20 17:53:05] Cycle 69: 2022-08-02 01:09:01
[2022-12-20 17:53:09] Word 359033 (Frame index=3554 frame address=0x00003382 word=79 mask=0x00200000)
[2022-12-20 17:53:09] 1 bit errors
[2022-12-20 17:53:09] Cycle 70: 2022-08-02 01:09:06
[2022-12-20 17:53:13] Cycle 71: 2022-08-02 01:09:10
[2022-12-20 17:53:18] Cycle 72: 2022-08-02 01:09:14
[2022-12-20 17:53:22] Cycle 73: 2022-08-02 01:09:18
[2022-12-20 17:53:26] Word 788569 (Frame index=7807 frame address=0x0040069f word=62 mask=0x08000000)
[2022-12-20 17:53:26] Word 1578553 (Frame index=15629 frame address=0x00440e0b word=24 mask=0x00020000)
[2022-12-20 17:53:26] 2 bit errors
[2022-12-20 17:53:26] Cycle 74: 2022-08-02 01:09:22
[2022-12-20 17:53:30] Word 1335568 (Frame index=13223 frame address=0x00422085 word=45 mask=0x01000000)
[2022-12-20 17:53:30] 1 bit errors
[2022-12-20 17:53:30] Cycle 75: 2022-08-02 01:09:26
[2022-12-20 17:53:34] Word 1522934 (Frame index=15078 frame address=0x0044060e word=56 mask=0x00000080)
[2022-12-20 17:53:34] 1 bit errors
[2022-12-20 17:53:34] Cycle 76: 2022-08-02 01:09:31
[2022-12-20 17:53:38] Cycle 77: 2022-08-02 01:09:35
[2022-12-20 17:53:43] Cycle 78: 2022-08-02 01:09:39
[2022-12-20 17:53:47] Word 1184852 (Frame index=11731 frame address=0x00420a95 word=21 mask=0x00000010)
[2022-12-20 17:53:47] 1 bit errors
[2022-12-20 17:53:47] Cycle 79: 2022-08-02 01:09:43
[2022-12-20 17:53:51] Cycle 80: 2022-08-02 01:09:47
[2022-12-20 17:53:55] Word 50919 (Frame index=504 frame address=0x00000710 word=15 mask=0x00000200)
[2022-12-20 17:53:55] Word 269672 (Frame index=2670 frame address=0x00002696 word=2 mask=0x00100000)
[2022-12-20 17:53:55] 2 bit errors
[2022-12-20 17:53:55] Cycle 81: 2022-08-02 01:09:51
[2022-12-20 17:53:59] Word 1786099 (Frame index=17684 frame address=0x00442b9c word=15 mask=0x10000000)
[2022-12-20 17:53:59] 1 bit errors
[2022-12-20 17:53:59] Cycle 82: 2022-08-02 01:09:55
[2022-12-20 17:54:03] Cycle 83: 2022-08-02 01:10:00
[2022-12-20 17:54:07] Word 1255994 (Frame index=12435 frame address=0x004214a3 word=59 mask=0x10000000)
[2022-12-20 17:54:07] Word 1383846 (Frame index=13701 frame address=0x0042271f word=45 mask=0x00100000)
[2022-12-20 17:54:07] 2 bit errors
[2022-12-20 17:54:07] Cycle 84: 2022-08-02 01:10:04
[2022-12-20 17:54:12] Cycle 85: 2022-08-02 01:10:08
[2022-12-20 17:54:16] Word 284850 (Frame index=2820 frame address=0x0000289c word=30 mask=0xe0000000)
[2022-12-20 17:54:16] Word 284951 (Frame index=2821 frame address=0x0000289d word=30 mask=0x70000000)
[2022-12-20 17:54:16] 6 bit errors
[2022-12-20 17:54:16] Cycle 86: 2022-08-02 01:10:12
[2022-12-20 17:54:20] Word 730402 (Frame index=7231 frame address=0x00023391 word=71 mask=0x00000800)
[2022-12-20 17:54:20] 1 bit errors
[2022-12-20 17:54:20] Cycle 87: 2022-08-02 01:10:16
[2022-12-20 17:54:24] Cycle 88: 2022-08-02 01:10:20
[2022-12-20 17:54:28] Word 57807 (Frame index=572 frame address=0x00000814 word=35 mask=0x00040000)
[2022-12-20 17:54:28] Word 1101115 (Frame index=10902 frame address=0x0040339a word=13 mask=0x00000200)
[2022-12-20 17:54:28] 2 bit errors
[2022-12-20 17:54:28] Cycle 89: 2022-08-02 01:10:25
[2022-12-20 17:54:32] Cycle 90: 2022-08-02 01:10:29
[2022-12-20 17:54:37] Cycle 91: 2022-08-02 01:10:33
[2022-12-20 17:54:41] Word 706192 (Frame index=6992 frame address=0x0002300e word=0 mask=0x00000008)
[2022-12-20 17:54:41] Word 1337642 (Frame index=13243 frame address=0x00422099 word=99 mask=0x80000000)
[2022-12-20 17:54:41] 2 bit errors
[2022-12-20 17:54:41] Cycle 92: 2022-08-02 01:10:37
[2022-12-20 17:54:45] Word 1830768 (Frame index=18126 frame address=0x00443222 word=42 mask=0x00038000)
[2022-12-20 17:54:45] Word 1830869 (Frame index=18127 frame address=0x00443223 word=42 mask=0x0001c000)
[2022-12-20 17:54:45] 6 bit errors
[2022-12-20 17:54:45] Cycle 93: 2022-08-02 01:10:41
[2022-12-20 17:54:49] Cycle 94: 2022-08-02 01:10:45
[2022-12-20 17:54:53] Cycle 95: 2022-08-02 01:10:50
[2022-12-20 17:54:57] Cycle 96: 2022-08-02 01:10:54
[2022-12-20 17:55:02] Word 452968 (Frame index=4484 frame address=0x00020b9a word=84 mask=0x00400000)
[2022-12-20 17:55:02] 1 bit errors
[2022-12-20 17:55:02] Cycle 97: 2022-08-02 01:10:58
[2022-12-20 17:55:06] Cycle 98: 2022-08-02 01:11:02
[2022-12-20 17:55:10] Cycle 99: 2022-08-02 01:11:06
[2022-12-20 17:55:14] Word 359659 (Frame index=3560 frame address=0x00003388 word=99 mask=0x40000000)
[2022-12-20 17:55:14] Word 944399 (Frame index=9350 frame address=0x00401d82 word=49 mask=0x00400000)
[2022-12-20 17:55:14] 2 bit errors
[2022-12-20 17:55:14] Cycle 100: 2022-08-02 01:11:10
[2022-12-20 17:55:18] Word 889005 (Frame index=8802 frame address=0x0040151c word=3 mask=0x01000000)
[2022-12-20 17:55:18] Word 889106 (Frame index=8803 frame address=0x0040151d word=3 mask=0x00800000)
[2022-12-20 17:55:18] 2 bit errors
[2022-12-20 17:55:18] Cycle 101: 2022-08-02 01:11:15
[2022-12-20 17:55:22] Word 221679 (Frame index=2194 frame address=0x00001fa2 word=85 mask=0x00000800)
[2022-12-20 17:55:22] Word 1403712 (Frame index=13898 frame address=0x00422a0c word=14 mask=0x00000002)
[2022-12-20 17:55:22] Word 1403813 (Frame index=13899 frame address=0x00422a0d word=14 mask=0x00000002)
[2022-12-20 17:55:22] 3 bit errors
[2022-12-20 17:55:22] Cycle 102: 2022-08-02 01:11:19
[2022-12-20 17:55:27] Cycle 103: 2022-08-02 01:11:23
[2022-12-20 17:55:31] Cycle 104: 2022-08-02 01:11:27
[2022-12-20 17:55:35] Word 1395020 (Frame index=13812 frame address=0x004228a2 word=8 mask=0x02000000)
[2022-12-20 17:55:35] Word 1396542 (Frame index=13827 frame address=0x0042290d word=15 mask=0x00000008)
[2022-12-20 17:55:35] 2 bit errors
[2022-12-20 17:55:35] Cycle 105: 2022-08-02 01:11:31
[2022-12-20 17:55:39] Cycle 106: 2022-08-02 01:11:35
[2022-12-20 17:55:43] Cycle 107: 2022-08-02 01:11:40
[2022-12-20 17:55:47] Cycle 108: 2022-08-02 01:11:44
[2022-12-20 17:55:52] Word 1596743 (Frame index=15809 frame address=0x0044109b word=34 mask=0x10000000)
[2022-12-20 17:55:52] 1 bit errors
[2022-12-20 17:55:52] Cycle 109: 2022-08-02 01:11:48
[2022-12-20 17:55:56] Word 1304242 (Frame index=12913 frame address=0x00421c03 word=29 mask=0x10000000)
[2022-12-20 17:55:56] 1 bit errors
[2022-12-20 17:55:56] Cycle 110: 2022-08-02 01:11:52
[2022-12-20 17:56:00] Word 1548572 (Frame index=15332 frame address=0x004409a0 word=40 mask=0x00002000)
[2022-12-20 17:56:00] Word 1548673 (Frame index=15333 frame address=0x004409a1 word=40 mask=0x00004000)
[2022-12-20 17:56:00] 2 bit errors
[2022-12-20 17:56:00] Cycle 111: 2022-08-02 01:11:56
[2022-12-20 17:56:04] Cycle 112: 2022-08-02 01:12:00
[2022-12-20 17:56:08] Word 114178 (Frame index=1130 frame address=0x00001020 word=48 mask=0x00000800)
[2022-12-20 17:56:08] Word 114279 (Frame index=1131 frame address=0x00001021 word=48 mask=0x00001000)
[2022-12-20 17:56:08] 2 bit errors
[2022-12-20 17:56:08] Cycle 113: 2022-08-02 01:12:05
[2022-12-20 17:56:12] Word 1028854 (Frame index=10186 frame address=0x00402922 word=68 mask=0x00040000)
[2022-12-20 17:56:12] Word 1168488 (Frame index=11569 frame address=0x0042081f word=19 mask=0x00000020)
[2022-12-20 17:56:12] 2 bit errors
[2022-12-20 17:56:12] Cycle 114: 2022-08-02 01:12:09
[2022-12-20 17:56:17] Word 32276 (Frame index=319 frame address=0x00000483 word=57 mask=0x00000002)
[2022-12-20 17:56:17] Word 114210 (Frame index=1130 frame address=0x00001020 word=80 mask=0x10000000)
[2022-12-20 17:56:17] 2 bit errors
[2022-12-20 17:56:17] Cycle 115: 2022-08-02 01:12:13
[2022-12-20 17:56:21] Cycle 116: 2022-08-02 01:12:17
[2022-12-20 17:56:25] Cycle 117: 2022-08-02 01:12:21
[2022-12-20 17:56:29] Word 1115577 (Frame index=11045 frame address=0x00420091 word=32 mask=0x00100000)
[2022-12-20 17:56:29] Word 1261991 (Frame index=12494 frame address=0x00421596 word=97 mask=0x00000008)
[2022-12-20 17:56:29] 2 bit errors
[2022-12-20 17:56:29] Cycle 118: 2022-08-02 01:12:25
[2022-12-20 17:56:33] Word 1600492 (Frame index=15846 frame address=0x0044111c word=46 mask=0x60000000)
[2022-12-20 17:56:33] Word 1600593 (Frame index=15847 frame address=0x0044111d word=46 mask=0x70000000)
[2022-12-20 17:56:33] 5 bit errors
[2022-12-20 17:56:33] Cycle 119: 2022-08-02 01:12:30
[2022-12-20 17:56:37] Cycle 120: 2022-08-02 01:12:34
[2022-12-20 17:56:42] Word 1320004 (Frame index=13069 frame address=0x00421e17 word=35 mask=0x00100000)
[2022-12-20 17:56:42] 1 bit errors
[2022-12-20 17:56:42] Cycle 121: 2022-08-02 01:12:38
[2022-12-20 17:56:46] Word 261939 (Frame index=2593 frame address=0x00002591 word=46 mask=0x00400000)
[2022-12-20 17:56:46] Word 1116132 (Frame index=11050 frame address=0x00420096 word=82 mask=0x00040000)
[2022-12-20 17:56:46] Word 1116233 (Frame index=11051 frame address=0x00420097 word=82 mask=0x00020000)
[2022-12-20 17:56:46] 3 bit errors
[2022-12-20 17:56:46] Cycle 122: 2022-08-02 01:12:42
[2022-12-20 17:56:50] Cycle 123: 2022-08-02 01:12:46
[2022-12-20 17:56:54] Cycle 124: 2022-08-02 01:12:50
[2022-12-20 17:56:58] Cycle 125: 2022-08-02 01:12:55
[2022-12-20 17:57:02] Word 1155020 (Frame index=11435 frame address=0x00420621 word=85 mask=0x00000800)
[2022-12-20 17:57:02] 1 bit errors
[2022-12-20 17:57:02] Cycle 126: 2022-08-02 01:12:59
[2022-12-20 17:57:07] Word 854116 (Frame index=8456 frame address=0x00401022 word=60 mask=0x00004000)
[2022-12-20 17:57:07] Word 1011818 (Frame index=10018 frame address=0x0040270a word=0 mask=0x00400000)
[2022-12-20 17:57:07] 2 bit errors
[2022-12-20 17:57:07] Cycle 127: 2022-08-02 01:13:03
[2022-12-20 17:57:11] Word 824051 (Frame index=8158 frame address=0x00400c02 word=93 mask=0x00000800)
[2022-12-20 17:57:11] Word 824152 (Frame index=8159 frame address=0x00400c03 word=93 mask=0x00000400)
[2022-12-20 17:57:11] 2 bit errors
[2022-12-20 17:57:11] Cycle 128: 2022-08-02 01:13:07
[2022-12-20 17:57:15] Word 385549 (Frame index=3817 frame address=0x0002020b word=32 mask=0x00010000)
[2022-12-20 17:57:15] Word 1742914 (Frame index=17256 frame address=0x004425a0 word=58 mask=0x00000010)
[2022-12-20 17:57:15] 2 bit errors
[2022-12-20 17:57:15] Cycle 129: 2022-08-02 01:13:11
[2022-12-20 17:57:19] Cycle 130: 2022-08-02 01:13:15
[2022-12-20 17:57:23] Word 1334658 (Frame index=13214 frame address=0x00422020 word=44 mask=0x00200000)
[2022-12-20 17:57:23] 1 bit errors
[2022-12-20 17:57:23] Cycle 131: 2022-08-02 01:13:20
[2022-12-20 17:57:27] Word 88870 (Frame index=879 frame address=0x00000c91 word=91 mask=0x00200000)
[2022-12-20 17:57:27] Word 1841125 (Frame index=18228 frame address=0x0044339c word=97 mask=0x00800000)
[2022-12-20 17:57:27] Word 1841226 (Frame index=18229 frame address=0x0044339d word=97 mask=0x00400000)
[2022-12-20 17:57:27] 3 bit errors
[2022-12-20 17:57:27] Cycle 132: 2022-08-02 01:13:24
[2022-12-20 17:57:32] Word 166572 (Frame index=1649 frame address=0x0000179b word=23 mask=0x80000000)
[2022-12-20 17:57:32] Word 443189 (Frame index=4388 frame address=0x00020a82 word=1 mask=0x02000000)
[2022-12-20 17:57:32] Word 1278836 (Frame index=12661 frame address=0x00421811 word=75 mask=0x40000000)
[2022-12-20 17:57:32] 3 bit errors
[2022-12-20 17:57:32] Cycle 133: 2022-08-02 01:13:28
[2022-12-20 17:57:36] Word 119105 (Frame index=1179 frame address=0x00001109 word=26 mask=0x20000000)
[2022-12-20 17:57:36] Word 1233665 (Frame index=12214 frame address=0x00421196 word=51 mask=0x00100000)
[2022-12-20 17:57:36] 2 bit errors
[2022-12-20 17:57:36] Cycle 134: 2022-08-02 01:13:32
[2022-12-20 17:57:40] Cycle 135: 2022-08-02 01:13:36
[2022-12-20 17:57:44] Cycle 136: 2022-08-02 01:13:40
[2022-12-20 17:57:48] Cycle 137: 2022-08-02 01:13:44
[2022-12-20 17:57:52] Word 375406 (Frame index=3716 frame address=0x0002008c word=90 mask=0x00000100)
[2022-12-20 17:57:52] Word 964516 (Frame index=9549 frame address=0x0040201d word=67 mask=0x00000010)
[2022-12-20 17:57:52] 2 bit errors
[2022-12-20 17:57:52] Cycle 138: 2022-08-02 01:13:49
[2022-12-20 17:57:57] Word 1435337 (Frame index=14211 frame address=0x00422e91 word=26 mask=0x00040000)
[2022-12-20 17:57:57] 1 bit errors
[2022-12-20 17:57:57] Cycle 139: 2022-08-02 01:13:53
[2022-12-20 17:58:01] Cycle 140: 2022-08-02 01:13:57
[2022-12-20 17:58:05] Word 1783536 (Frame index=17658 frame address=0x00442b82 word=78 mask=0x80000000)
[2022-12-20 17:58:05] Word 1783637 (Frame index=17659 frame address=0x00442b83 word=78 mask=0x40000000)
[2022-12-20 17:58:05] 2 bit errors
[2022-12-20 17:58:05] Cycle 141: 2022-08-02 01:14:01
[2022-12-20 17:58:09] Cycle 142: 2022-08-02 01:14:05
[2022-12-20 17:58:13] Cycle 143: 2022-08-02 01:14:09
[2022-12-20 17:58:17] Word 1374412 (Frame index=13608 frame address=0x0042260a word=4 mask=0x00000002)
[2022-12-20 17:58:17] 1 bit errors
[2022-12-20 17:58:17] Cycle 144: 2022-08-02 01:14:14
[2022-12-20 17:58:21] Cycle 145: 2022-08-02 01:14:18
[2022-12-20 17:58:26] Word 228908 (Frame index=2266 frame address=0x000020a2 word=42 mask=0x00000100)
[2022-12-20 17:58:26] Word 229009 (Frame index=2267 frame address=0x000020a3 word=42 mask=0x00000200)
[2022-12-20 17:58:26] 2 bit errors
[2022-12-20 17:58:26] Cycle 146: 2022-08-02 01:14:22
[2022-12-20 17:58:30] Word 735549 (Frame index=7282 frame address=0x00023482 word=67 mask=0x01000000)
[2022-12-20 17:58:30] 1 bit errors
[2022-12-20 17:58:30] Cycle 147: 2022-08-02 01:14:26
[2022-12-20 17:58:34] Cycle 148: 2022-08-02 01:14:30
[2022-12-20 17:58:38] Cycle 149: 2022-08-02 01:14:34
[2022-12-20 17:58:42] Word 25127 (Frame index=248 frame address=0x00000384 word=79 mask=0x00000200)
[2022-12-20 17:58:42] 1 bit errors
[2022-12-20 17:58:42] Cycle 150: 2022-08-02 01:14:39
[2022-12-20 17:58:46] Cycle 151: 2022-08-02 01:14:43
[2022-12-20 17:58:51] Word 950642 (Frame index=9412 frame address=0x00401e1c word=30 mask=0x02000000)
[2022-12-20 17:58:51] Word 950743 (Frame index=9413 frame address=0x00401e1d word=30 mask=0x01000000)
[2022-12-20 17:58:51] 2 bit errors
[2022-12-20 17:58:51] Cycle 152: 2022-08-02 01:14:47
[2022-12-20 17:58:55] Word 180480 (Frame index=1786 frame address=0x00001a00 word=94 mask=0x20000000)
[2022-12-20 17:58:55] 1 bit errors
[2022-12-20 17:58:55] Cycle 153: 2022-08-02 01:14:51
[2022-12-20 17:58:59] Cycle 154: 2022-08-02 01:14:55
[2022-12-20 17:59:03] Word 474513 (Frame index=4698 frame address=0x00020f02 word=15 mask=0x00002000)
[2022-12-20 17:59:03] Word 474614 (Frame index=4699 frame address=0x00020f03 word=15 mask=0x00001000)
[2022-12-20 17:59:03] Word 1785324 (Frame index=17676 frame address=0x00442b94 word=48 mask=0x00000800)
[2022-12-20 17:59:03] 3 bit errors
[2022-12-20 17:59:03] Cycle 155: 2022-08-02 01:14:59
[2022-12-20 17:59:07] Word 735256 (Frame index=7279 frame address=0x0002341d word=77 mask=0x08000000)
[2022-12-20 17:59:07] Word 1750832 (Frame index=17334 frame address=0x00442702 word=98 mask=0x00000008)
[2022-12-20 17:59:07] 2 bit errors
[2022-12-20 17:59:07] Cycle 156: 2022-08-02 01:15:04
[2022-12-20 17:59:11] Word 877489 (Frame index=8688 frame address=0x0040138e word=1 mask=0x00100000)
[2022-12-20 17:59:11] Word 877590 (Frame index=8689 frame address=0x0040138f word=1 mask=0x00080000)
[2022-12-20 17:59:11] 2 bit errors
[2022-12-20 17:59:11] Cycle 157: 2022-08-02 01:15:08
[2022-12-20 17:59:16] Cycle 158: 2022-08-02 01:15:12
[2022-12-20 17:59:20] Cycle 159: 2022-08-02 01:15:16
[2022-12-20 17:59:24] Cycle 160: 2022-08-02 01:15:20
[2022-12-20 17:59:28] Cycle 161: 2022-08-02 01:15:24
[2022-12-20 17:59:32] Cycle 162: 2022-08-02 01:15:29
[2022-12-20 17:59:36] Cycle 163: 2022-08-02 01:15:33
[2022-12-20 17:59:41] Cycle 164: 2022-08-02 01:15:37
[2022-12-20 17:59:45] Cycle 165: 2022-08-02 01:15:41
[2022-12-20 17:59:49] Cycle 166: 2022-08-02 01:15:45
[2022-12-20 17:59:53] Cycle 167: 2022-08-02 01:15:49
[2022-12-20 17:59:57] Cycle 168: 2022-08-02 01:15:54
[2022-12-20 18:00:01] Cycle 169: 2022-08-02 01:15:58
[2022-12-20 18:00:06] Cycle 170: 2022-08-02 01:16:02
[2022-12-20 18:00:10] Cycle 171: 2022-08-02 01:16:06
[2022-12-20 18:00:14] Cycle 172: 2022-08-02 01:16:10
[2022-12-20 18:00:18] Cycle 173: 2022-08-02 01:16:14
[2022-12-20 18:00:22] Word 1081250 (Frame index=10705 frame address=0x00403101 word=45 mask=0x00020000)
[2022-12-20 18:00:22] 1 bit errors
[2022-12-20 18:00:22] Cycle 174: 2022-08-02 01:16:19
[2022-12-20 18:00:26] Cycle 175: 2022-08-02 01:16:23
[2022-12-20 18:00:31] Cycle 176: 2022-08-02 01:16:27
[2022-12-20 18:00:35] Word 1826883 (Frame index=18087 frame address=0x00443197 word=96 mask=0x00000200)
[2022-12-20 18:00:35] 1 bit errors
[2022-12-20 18:00:35] Cycle 177: 2022-08-02 01:16:31
[2022-12-20 18:00:39] Cycle 178: 2022-08-02 01:16:35
[2022-12-20 18:00:43] Cycle 179: 2022-08-02 01:16:39
[2022-12-20 18:00:47] Cycle 180: 2022-08-02 01:16:43
[2022-12-20 18:00:51] Word 938826 (Frame index=9295 frame address=0x00401c8b word=31 mask=0x00000004)
[2022-12-20 18:00:51] 1 bit errors
[2022-12-20 18:00:51] Cycle 181: 2022-08-02 01:16:48
