[2022-12-16 19:52:43] INFO     STATE:Initial Starting State
[2022-12-16 19:52:43] INFO     git commit information
[2022-12-16 19:52:43] INFO     	git commit:1c8fc9e Updated rowhammer script
[2022-12-16 19:52:43] INFO     	git commit date:Fri Dec 16 16:09:45 2022
[2022-12-16 19:52:43] INFO     	git status:Fri Dec 16 16:09:45 2022
[2022-12-16 19:52:43] INFO     		M beam-test/test_scripts/readme.md
[2022-12-16 19:52:43] INFO     		M beam-test/test_scripts/rowhammer_test.py
[2022-12-16 19:52:43] INFO     Command line information
[2022-12-16 19:52:43] INFO     	Command line:['ddrctrl_experiment.py', '--jcm_part', 'xc7a200t', '--bitstream', '/root/ddr_11_28.bit', '--log_dir', './lansce2022', '--jcm_clock', '30_000_000', '--frads_file', 'xc7a200t_frad.txt', '--fault_injection', '0', '--uart_bone_ident', '0xf0002000', '--jcm_ip', '169.254.132.152', '--jcm_netbooter_port', '1', '--nexys_netbooter_port', '2', '--usb_uart_phys_port', '1-4.4.2', '--uartbone_phys_port', '1-4.4.1']
[2022-12-16 19:52:43] INFO     	arg:bitstream=/root/ddr_11_28.bit
[2022-12-16 19:52:43] INFO     	arg:netbooter_ip=169.254.131.160
[2022-12-16 19:52:43] INFO     	arg:jcm_ip=169.254.132.152
[2022-12-16 19:52:43] INFO     	arg:jcm_part=xc7a200t
[2022-12-16 19:52:43] INFO     	arg:jcm_clock=30000000
[2022-12-16 19:52:43] INFO     	arg:usb_uart_phys_port=1-4.4.2
[2022-12-16 19:52:43] INFO     	arg:uart_litex_baudrate=115200
[2022-12-16 19:52:43] INFO     	arg:uartbone_phys_port=1-4.4.1
[2022-12-16 19:52:43] INFO     	arg:uartbone_phys_if=0
[2022-12-16 19:52:43] INFO     	arg:uartbone_baudrate=115200
[2022-12-16 19:52:43] INFO     	arg:repower_jcm=False
[2022-12-16 19:52:43] INFO     	arg:disable_scrubbing=False
[2022-12-16 19:52:43] INFO     	arg:fault_injection=0
[2022-12-16 19:52:43] INFO     	arg:frads_file=xc7a200t_frad.txt
[2022-12-16 19:52:43] INFO     	arg:jcm_netbooter_port=1
[2022-12-16 19:52:43] INFO     	arg:nexys_netbooter_port=2
[2022-12-16 19:52:43] INFO     	arg:log_dir=./lansce2022
[2022-12-16 19:52:43] INFO     	arg:single_step=False
[2022-12-16 19:52:43] INFO     	arg:bist_mem_burst_length=8192
[2022-12-16 19:52:43] INFO     	arg:bist_addr_mode=1
[2022-12-16 19:52:43] INFO     	arg:bist_pattern=165
[2022-12-16 19:52:43] INFO     	arg:no_uart_bone=False
[2022-12-16 19:52:43] INFO     	arg:uart_bone_ident=0xf0002000
[2022-12-16 19:52:43] INFO     STATE:Netbooter Setup State
[2022-12-16 19:52:43] INFO     STATE:JCM Setup State
[2022-12-16 19:52:43] INFO     NETBOOTER:Attempt 1 to set port 1 with cycle=False
[2022-12-16 19:52:45] INFO     NETBOOTER:Setting port 1 to On
[2022-12-16 19:52:46] INFO     JCM ping attempt 1
[2022-12-16 19:52:46] INFO     JCM:Logging in to JCM
[2022-12-16 19:52:46] INFO     JCM:Connecting to JCM over SSH... (Attempt 1)
[2022-12-16 19:52:46] INFO     JCM:SSH successful
[2022-12-16 19:52:46] INFO     STATE:UART Setup State
[2022-12-16 19:52:46] INFO     STATE:Power Nexys State
[2022-12-16 19:52:46] INFO     NETBOOTER:Attempt 1 to set port 2 with cycle=False
[2022-12-16 19:52:48] INFO     NETBOOTER:Setting port 2 to Off
[2022-12-16 19:52:49] INFO     NETBOOTER:Attempt 1 to set port 2 with cycle=False
[2022-12-16 19:52:51] INFO     NETBOOTER:Setting port 2 to On
[2022-12-16 19:52:52] INFO     STATE:Connect UART State
[2022-12-16 19:52:54] INFO     UART:Searching for ttyUSB device (Attempt 1)
[2022-12-16 19:52:54] INFO     UART:Found tty device:/dev/ttyUSB2
[2022-12-16 19:52:54] INFO     UART:Serial port /dev/ttyUSB2 open
[2022-12-16 19:52:54] INFO     STATE:Configure Nexys State
[2022-12-16 19:52:54] INFO     JCM:Attempting JCM device DNA read
[2022-12-16 19:52:54] INFO     JCM:Executing commmand on JCM
	~/jcm_apps/jcm_jtag_reg.elf -r 50 --swap -w 64
[2022-12-16 19:52:54] INFO     Device DNA:0:0x812c023b 1:0x2a0f6504
[2022-12-16 19:52:54] INFO     JCM:Attempting JCM configuration
[2022-12-16 19:52:54] INFO     JCM:Executing commmand on JCM
	~/jcm_apps/jcm_config.elf --part xc7a200t -c 30000000 --jtag --config_file /root/ddr_11_28.bit
[2022-12-16 19:53:00] INFO     JCM:Configuration Success
[2022-12-16 19:53:00] INFO     STATE:Setup UARTBone State
[2022-12-16 19:53:00] INFO     UARTBONE:Searching for ttyUSB device (Attempt 1) for port '1-4.4.1' IF '0'
[2022-12-16 19:53:00] INFO     UARTBONE:Found tty device:/dev/ttyUSB0
[2022-12-16 19:53:00] INFO     UARTBONE:Attempting to open:/dev/ttyUSB0 at baud 115200 with timeout=5
[2022-12-16 19:53:00] INFO     UARTBONE:Serial port /dev/ttyUSB0 open
[2022-12-16 19:53:01] INFO     UARTBONE ID Str=LiteX SoC on Nexys Video 2022-11-28 18:17:18
[2022-12-16 19:53:01] INFO     UARTBONE I ADDR=000012E8
[2022-12-16 19:53:01] INFO     STATE:Enable Scrubbing State
[2022-12-16 19:53:01] INFO     JCM:Starting JCM scrubber
[2022-12-16 19:53:01] INFO     JCM:Executing commmand on JCM
	~/jcm_apps/jcm_scrubbing.elf --part xc7a200t -c 30000000 --jtag --iterations 100000000 --frad_file xc7a200t_frad.txt
[2022-12-16 19:53:01] INFO     STATE:LiteX Login State
[2022-12-16 19:53:01] INFO     STATE:Start BIST State
[2022-12-16 19:53:01] INFO     STATE:BIST Execution State
[2022-12-16 19:53:01] INFO     BIST:Bad title line (1):8192 1 0 2
[2022-12-16 19:53:01] INFO     BIST:Header (first)
[2022-12-16 19:53:13] INFO     BIST:Header (ok)
[2022-12-16 19:53:24] INFO     BIST:Header (ok)
[2022-12-16 19:53:36] INFO     BIST:Header (ok)
[2022-12-16 19:53:48] INFO     BIST:Header (ok)
[2022-12-16 19:53:59] INFO     BIST:Header (ok)
[2022-12-16 19:54:11] INFO     BIST:Header (ok)
[2022-12-16 19:54:22] INFO     BIST:Header (ok)
[2022-12-16 19:54:34] INFO     BIST:Header (ok)
[2022-12-16 19:54:46] INFO     BIST:Header (ok)
[2022-12-16 19:54:57] INFO     BIST:Header (ok)
[2022-12-16 19:55:09] INFO     BIST:Header (ok)
[2022-12-16 19:55:20] INFO     BIST:Header (ok)
[2022-12-16 19:55:32] INFO     BIST:Header (ok)
[2022-12-16 19:55:44] INFO     BIST:Header (ok)
[2022-12-16 19:55:55] INFO     BIST:Header (ok)
[2022-12-16 19:56:07] INFO     BIST:Header (ok)
[2022-12-16 19:56:19] INFO     BIST:Header (ok)
[2022-12-16 19:56:30] INFO     BIST:Header (ok)
[2022-12-16 19:56:42] INFO     BIST:Header (ok)
[2022-12-16 19:56:53] INFO     BIST:Header (ok)
[2022-12-16 19:57:05] INFO     BIST:Header (ok)
[2022-12-16 19:57:17] INFO     BIST:Header (ok)
[2022-12-16 19:57:28] INFO     BIST:Header (ok)
[2022-12-16 19:57:40] INFO     BIST:Header (ok)
[2022-12-16 19:57:51] INFO     BIST:Header (ok)
[2022-12-16 19:58:03] INFO     BIST:Header (ok)
[2022-12-16 19:58:15] INFO     BIST:Header (ok)
[2022-12-16 19:58:26] INFO     BIST:Header (ok)
[2022-12-16 19:58:38] INFO     BIST:Header (ok)
[2022-12-16 19:58:49] INFO     BIST:Header (ok)
[2022-12-16 19:59:01] INFO     BIST:Header (ok)
[2022-12-16 19:59:13] INFO     BIST:Header (ok)
[2022-12-16 19:59:24] INFO     BIST:Header (ok)
[2022-12-16 19:59:36] INFO     BIST:Header (ok)
[2022-12-16 19:59:48] INFO     BIST:Header (ok)
[2022-12-16 19:59:59] INFO     BIST:Header (ok)
[2022-12-16 20:00:11] INFO     BIST:Header (ok)
[2022-12-16 20:00:22] INFO     BIST:Header (ok)
[2022-12-16 20:00:34] INFO     BIST:Header (ok)
[2022-12-16 20:00:46] INFO     BIST:Header (ok)
[2022-12-16 20:00:57] INFO     BIST:Header (ok)
[2022-12-16 20:01:09] INFO     BIST:Header (ok)
[2022-12-16 20:01:20] INFO     BIST:Header (ok)
[2022-12-16 20:01:32] INFO     BIST:Header (ok)
[2022-12-16 20:01:44] INFO     BIST:Header (ok)
[2022-12-16 20:01:55] INFO     BIST:Header (ok)
[2022-12-16 20:02:07] INFO     BIST:Header (ok)
[2022-12-16 20:02:18] INFO     BIST:Header (ok)
[2022-12-16 20:02:30] INFO     BIST:Header (ok)
[2022-12-16 20:02:42] INFO     BIST:Header (ok)
[2022-12-16 20:02:53] INFO     BIST:Header (ok)
[2022-12-16 20:03:05] INFO     BIST:Header (ok)
[2022-12-16 20:03:17] INFO     BIST:Header (ok)
[2022-12-16 20:03:28] INFO     BIST:Header (ok)
[2022-12-16 20:03:40] INFO     BIST:Header (ok)
[2022-12-16 20:03:51] INFO     BIST:Header (ok)
[2022-12-16 20:04:03] INFO     BIST:Header (ok)
[2022-12-16 20:04:15] INFO     BIST:Header (ok)
[2022-12-16 20:04:26] INFO     BIST:Header (ok)
[2022-12-16 20:04:38] INFO     BIST:Header (ok)
[2022-12-16 20:04:49] INFO     BIST:Header (ok)
[2022-12-16 20:05:01] INFO     BIST:Header (ok)
[2022-12-16 20:05:13] INFO     BIST:Header (ok)
[2022-12-16 20:05:24] INFO     BIST:Header (ok)
[2022-12-16 20:05:36] INFO     BIST:Header (ok)
[2022-12-16 20:05:48] INFO     BIST:Header (ok)
[2022-12-16 20:05:59] INFO     BIST:Header (ok)
[2022-12-16 20:06:11] INFO     BIST:Header (ok)
[2022-12-16 20:06:22] INFO     BIST:Header (ok)
[2022-12-16 20:06:34] INFO     BIST:Header (ok)
[2022-12-16 20:06:46] INFO     BIST:Header (ok)
[2022-12-16 20:06:57] INFO     BIST:Header (ok)
[2022-12-16 20:07:09] INFO     BIST:Header (ok)
[2022-12-16 20:07:20] INFO     BIST:Header (ok)
[2022-12-16 20:07:32] INFO     BIST:Header (ok)
[2022-12-16 20:07:44] INFO     BIST:Header (ok)
[2022-12-16 20:07:55] INFO     BIST:Header (ok)
[2022-12-16 20:08:07] INFO     BIST:Header (ok)
[2022-12-16 20:08:18] INFO     BIST:Header (ok)
[2022-12-16 20:08:30] INFO     BIST:Header (ok)
[2022-12-16 20:08:42] INFO     BIST:Header (ok)
[2022-12-16 20:08:53] INFO     BIST:Header (ok)
[2022-12-16 20:09:05] INFO     BIST:Header (ok)
[2022-12-16 20:09:17] INFO     BIST:Header (ok)
[2022-12-16 20:09:28] INFO     BIST:Header (ok)
[2022-12-16 20:09:40] INFO     BIST:Header (ok)
[2022-12-16 20:09:51] INFO     BIST:Header (ok)
[2022-12-16 20:10:03] INFO     BIST:Header (ok)
[2022-12-16 20:10:15] INFO     BIST:Header (ok)
[2022-12-16 20:10:26] INFO     BIST:Header (ok)
[2022-12-16 20:10:38] INFO     BIST:Header (ok)
[2022-12-16 20:10:49] INFO     BIST:Header (ok)
[2022-12-16 20:11:01] INFO     BIST:Header (ok)
[2022-12-16 20:11:13] INFO     BIST:Header (ok)
[2022-12-16 20:11:24] INFO     BIST:Header (ok)
[2022-12-16 20:11:36] INFO     BIST:Header (ok)
[2022-12-16 20:11:47] INFO     BIST:Header (ok)
[2022-12-16 20:11:59] INFO     BIST:Header (ok)
[2022-12-16 20:12:11] INFO     BIST:Header (ok)
[2022-12-16 20:12:22] INFO     BIST:Header (ok)
[2022-12-16 20:12:34] INFO     BIST:Header (ok)
[2022-12-16 20:12:46] INFO     BIST:Header (ok)
[2022-12-16 20:12:57] INFO     BIST:Header (ok)
[2022-12-16 20:13:09] INFO     BIST:Header (ok)
[2022-12-16 20:13:20] INFO     BIST:Header (ok)
[2022-12-16 20:13:32] INFO     BIST:Header (ok)
[2022-12-16 20:13:44] INFO     BIST:Header (ok)
[2022-12-16 20:13:55] INFO     BIST:Header (ok)
[2022-12-16 20:14:07] INFO     BIST:Header (ok)
[2022-12-16 20:14:18] INFO     BIST:Header (ok)
[2022-12-16 20:14:30] INFO     BIST:Header (ok)
[2022-12-16 20:14:42] INFO     BIST:Header (ok)
[2022-12-16 20:14:53] INFO     BIST:Header (ok)
[2022-12-16 20:15:05] INFO     BIST:Header (ok)
[2022-12-16 20:15:16] INFO     BIST:Header (ok)
[2022-12-16 20:15:28] INFO     BIST:Header (ok)
[2022-12-16 20:15:40] INFO     BIST:Header (ok)
[2022-12-16 20:15:51] INFO     BIST:Header (ok)
[2022-12-16 20:16:03] INFO     BIST:Header (ok)
[2022-12-16 20:16:15] INFO     BIST:Header (ok)
[2022-12-16 20:16:26] INFO     BIST:Header (ok)
[2022-12-16 20:16:38] INFO     BIST:Header (ok)
[2022-12-16 20:16:49] INFO     BIST:Header (ok)
[2022-12-16 20:17:01] INFO     BIST:Header (ok)
[2022-12-16 20:17:13] INFO     BIST:Header (ok)
[2022-12-16 20:17:24] INFO     BIST:Header (ok)
[2022-12-16 20:17:36] INFO     BIST:Header (ok)
[2022-12-16 20:17:47] INFO     BIST:Header (ok)
[2022-12-16 20:17:59] INFO     BIST:Header (ok)
[2022-12-16 20:18:11] INFO     BIST:Header (ok)
[2022-12-16 20:18:22] INFO     BIST:Header (ok)
[2022-12-16 20:18:34] INFO     BIST:Header (ok)
[2022-12-16 20:18:46] INFO     BIST:Header (ok)
[2022-12-16 20:18:57] INFO     BIST:Header (ok)
[2022-12-16 20:19:09] INFO     BIST:Header (ok)
[2022-12-16 20:19:20] INFO     BIST:Header (ok)
[2022-12-16 20:19:32] INFO     BIST:Header (ok)
[2022-12-16 20:19:44] INFO     BIST:Header (ok)
[2022-12-16 20:19:55] INFO     BIST:Header (ok)
[2022-12-16 20:20:07] INFO     BIST:Header (ok)
[2022-12-16 20:20:18] INFO     BIST:Header (ok)
[2022-12-16 20:20:30] INFO     BIST:Header (ok)
[2022-12-16 20:20:42] INFO     BIST:Header (ok)
[2022-12-16 20:20:53] INFO     BIST:Header (ok)
[2022-12-16 20:21:05] INFO     BIST:Header (ok)
[2022-12-16 20:21:16] INFO     BIST:Header (ok)
[2022-12-16 20:21:28] INFO     BIST:Header (ok)
[2022-12-16 20:21:40] INFO     BIST:Header (ok)
[2022-12-16 20:21:51] INFO     BIST:Header (ok)
[2022-12-16 20:22:03] INFO     BIST:Header (ok)
[2022-12-16 20:22:15] INFO     BIST:Header (ok)
[2022-12-16 20:22:26] INFO     BIST:Header (ok)
[2022-12-16 20:22:38] INFO     BIST:Header (ok)
[2022-12-16 20:22:49] INFO     BIST:Header (ok)
[2022-12-16 20:23:01] INFO     BIST:Header (ok)
[2022-12-16 20:23:13] INFO     BIST:Header (ok)
[2022-12-16 20:23:24] INFO     BIST:Header (ok)
[2022-12-16 20:23:36] INFO     BIST:Header (ok)
[2022-12-16 20:23:47] INFO     BIST:Header (ok)
[2022-12-16 20:23:59] INFO     BIST:Header (ok)
[2022-12-16 20:24:11] INFO     BIST:Header (ok)
[2022-12-16 20:24:22] INFO     BIST:Header (ok)
[2022-12-16 20:24:34] INFO     BIST:Header (ok)
[2022-12-16 20:24:45] INFO     BIST:Header (ok)
[2022-12-16 20:24:57] INFO     BIST:Header (ok)
[2022-12-16 20:25:09] INFO     BIST:Header (ok)
[2022-12-16 20:25:20] INFO     BIST:Header (ok)
[2022-12-16 20:25:32] INFO     BIST:Header (ok)
[2022-12-16 20:25:44] INFO     BIST:Header (ok)
[2022-12-16 20:25:55] INFO     BIST:Header (ok)
[2022-12-16 20:26:07] INFO     BIST:Header (ok)
[2022-12-16 20:26:18] INFO     BIST:Header (ok)
[2022-12-16 20:26:30] INFO     BIST:Header (ok)
[2022-12-16 20:26:42] INFO     BIST:Header (ok)
[2022-12-16 20:26:53] INFO     BIST:Header (ok)
[2022-12-16 20:27:05] INFO     BIST:Header (ok)
[2022-12-16 20:27:16] INFO     BIST:Header (ok)
[2022-12-16 20:27:28] INFO     BIST:Header (ok)
[2022-12-16 20:27:40] INFO     BIST:Header (ok)
[2022-12-16 20:27:51] INFO     BIST:Header (ok)
[2022-12-16 20:28:03] INFO     BIST:Header (ok)
[2022-12-16 20:28:15] INFO     BIST:Header (ok)
[2022-12-16 20:28:26] INFO     BIST:Header (ok)
[2022-12-16 20:28:38] INFO     BIST:Header (ok)
[2022-12-16 20:28:49] INFO     BIST:Header (ok)
[2022-12-16 20:29:01] INFO     BIST:Header (ok)
[2022-12-16 20:29:13] INFO     BIST:Header (ok)
[2022-12-16 20:29:24] INFO     BIST:Header (ok)
[2022-12-16 20:29:36] INFO     BIST:Header (ok)
[2022-12-16 20:29:47] INFO     BIST:Header (ok)
[2022-12-16 20:29:59] INFO     BIST:Header (ok)
[2022-12-16 20:30:11] INFO     BIST:Header (ok)
[2022-12-16 20:30:22] INFO     BIST:Header (ok)
[2022-12-16 20:30:34] INFO     BIST:Header (ok)
[2022-12-16 20:30:45] INFO     BIST:Header (ok)
[2022-12-16 20:30:57] INFO     BIST:Header (ok)
[2022-12-16 20:31:09] INFO     BIST:Header (ok)
[2022-12-16 20:31:20] INFO     BIST:Header (ok)
[2022-12-16 20:31:32] INFO     BIST:Header (ok)
[2022-12-16 20:31:44] INFO     BIST:Header (ok)
[2022-12-16 20:31:55] INFO     BIST:Header (ok)
[2022-12-16 20:32:07] INFO     BIST:Header (ok)
[2022-12-16 20:32:18] INFO     BIST:Header (ok)
[2022-12-16 20:32:30] INFO     BIST:Header (ok)
[2022-12-16 20:32:42] INFO     BIST:Header (ok)
[2022-12-16 20:32:53] INFO     BIST:Header (ok)
[2022-12-16 20:33:05] INFO     BIST:Header (ok)
[2022-12-16 20:33:16] INFO     BIST:Header (ok)
[2022-12-16 20:33:28] INFO     BIST:Header (ok)
[2022-12-16 20:33:40] INFO     BIST:Header (ok)
[2022-12-16 20:33:51] INFO     BIST:Header (ok)
[2022-12-16 20:34:03] INFO     BIST:Header (ok)
[2022-12-16 20:34:14] INFO     BIST:Header (ok)
[2022-12-16 20:34:26] INFO     BIST:Header (ok)
[2022-12-16 20:34:38] INFO     BIST:Header (ok)
[2022-12-16 20:34:49] INFO     BIST:Header (ok)
[2022-12-16 20:35:01] INFO     BIST:Header (ok)
[2022-12-16 20:35:13] INFO     BIST:Header (ok)
[2022-12-16 20:35:24] INFO     BIST:Header (ok)
[2022-12-16 20:35:36] INFO     BIST:Header (ok)
[2022-12-16 20:35:47] INFO     BIST:Header (ok)
[2022-12-16 20:35:59] INFO     BIST:Header (ok)
[2022-12-16 20:36:11] INFO     BIST:Header (ok)
[2022-12-16 20:36:22] INFO     BIST:Header (ok)
[2022-12-16 20:36:34] INFO     BIST:Header (ok)
[2022-12-16 20:36:45] INFO     BIST:Header (ok)
[2022-12-16 20:36:57] INFO     BIST:Header (ok)
[2022-12-16 20:37:09] INFO     BIST:Header (ok)
[2022-12-16 20:37:20] INFO     BIST:Header (ok)
[2022-12-16 20:37:32] INFO     BIST:Header (ok)
[2022-12-16 20:37:44] INFO     BIST:Header (ok)
[2022-12-16 20:37:55] INFO     BIST:Header (ok)
[2022-12-16 20:38:07] INFO     BIST:Header (ok)
[2022-12-16 20:38:18] INFO     BIST:Header (ok)
[2022-12-16 20:38:30] INFO     BIST:Header (ok)
[2022-12-16 20:38:42] INFO     BIST:Header (ok)
[2022-12-16 20:38:53] INFO     BIST:Header (ok)
[2022-12-16 20:39:05] INFO     BIST:Header (ok)
[2022-12-16 20:39:16] INFO     BIST:Header (ok)
[2022-12-16 20:39:28] INFO     BIST:Header (ok)
[2022-12-16 20:39:40] INFO     BIST:Header (ok)
[2022-12-16 20:39:51] INFO     BIST:Header (ok)
[2022-12-16 20:40:03] INFO     BIST:Header (ok)
[2022-12-16 20:40:14] INFO     BIST:Header (ok)
[2022-12-16 20:40:26] INFO     BIST:Header (ok)
[2022-12-16 20:40:38] INFO     BIST:Header (ok)
[2022-12-16 20:40:49] INFO     BIST:Header (ok)
[2022-12-16 20:41:01] INFO     BIST:Header (ok)
[2022-12-16 20:41:13] INFO     BIST:Header (ok)
[2022-12-16 20:41:24] INFO     BIST:Header (ok)
[2022-12-16 20:41:36] INFO     BIST:Header (ok)
[2022-12-16 20:41:47] INFO     BIST:Header (ok)
[2022-12-16 20:41:59] INFO     BIST:Header (ok)
[2022-12-16 20:42:11] INFO     BIST:Header (ok)
[2022-12-16 20:42:22] INFO     BIST:Header (ok)
[2022-12-16 20:42:34] INFO     BIST:Header (ok)
[2022-12-16 20:42:45] INFO     BIST:Header (ok)
[2022-12-16 20:42:57] INFO     BIST:Header (ok)
[2022-12-16 20:43:09] INFO     BIST:Header (ok)
[2022-12-16 20:43:20] INFO     BIST:Header (ok)
[2022-12-16 20:43:32] INFO     BIST:Header (ok)
[2022-12-16 20:43:44] INFO     BIST:Header (ok)
[2022-12-16 20:43:55] INFO     BIST:Header (ok)
[2022-12-16 20:44:07] INFO     BIST:Header (ok)
[2022-12-16 20:44:18] INFO     BIST:Header (ok)
[2022-12-16 20:44:30] INFO     BIST:Header (ok)
[2022-12-16 20:44:42] INFO     BIST:Header (ok)
[2022-12-16 20:44:53] INFO     BIST:Header (ok)
[2022-12-16 20:45:05] INFO     BIST:Header (ok)
[2022-12-16 20:45:16] INFO     BIST:Header (ok)
[2022-12-16 20:45:28] INFO     BIST:Header (ok)
[2022-12-16 20:45:40] INFO     BIST:Header (ok)
[2022-12-16 20:45:51] INFO     BIST:Header (ok)
[2022-12-16 20:46:03] INFO     BIST:Header (ok)
[2022-12-16 20:46:15] INFO     BIST:Header (ok)
[2022-12-16 20:46:26] INFO     BIST:Header (ok)
[2022-12-16 20:46:38] INFO     BIST:Header (ok)
[2022-12-16 20:46:49] INFO     BIST:Header (ok)
[2022-12-16 20:47:01] INFO     BIST:Header (ok)
[2022-12-16 20:47:13] INFO     BIST:Header (ok)
[2022-12-16 20:47:24] INFO     BIST:Header (ok)
[2022-12-16 20:47:36] INFO     BIST:Header (ok)
[2022-12-16 20:47:47] INFO     BIST:Header (ok)
[2022-12-16 20:47:59] INFO     BIST:Header (ok)
[2022-12-16 20:48:11] INFO     BIST:Header (ok)
[2022-12-16 20:48:22] INFO     BIST:Header (ok)
[2022-12-16 20:48:34] INFO     BIST:Header (ok)
[2022-12-16 20:48:46] INFO     BIST:Header (ok)
[2022-12-16 20:48:57] INFO     BIST:Header (ok)
[2022-12-16 20:49:09] INFO     BIST:Header (ok)
[2022-12-16 20:49:20] INFO     BIST:Header (ok)
[2022-12-16 20:49:32] INFO     BIST:Header (ok)
[2022-12-16 20:49:44] INFO     BIST:Header (ok)
[2022-12-16 20:49:55] INFO     BIST:Header (ok)
[2022-12-16 20:50:07] INFO     BIST:Header (ok)
[2022-12-16 20:50:18] INFO     BIST:Header (ok)
[2022-12-16 20:50:30] INFO     BIST:Header (ok)
[2022-12-16 20:50:42] INFO     BIST:Header (ok)
[2022-12-16 20:50:53] INFO     BIST:Header (ok)
[2022-12-16 20:51:05] INFO     BIST:Header (ok)
[2022-12-16 20:51:16] INFO     BIST:Header (ok)
[2022-12-16 20:51:28] INFO     BIST:Header (ok)
[2022-12-16 20:51:40] INFO     BIST:Header (ok)
[2022-12-16 20:51:51] INFO     BIST:Header (ok)
[2022-12-16 20:52:03] INFO     BIST:Header (ok)
[2022-12-16 20:52:15] INFO     BIST:Header (ok)
[2022-12-16 20:52:26] INFO     BIST:Header (ok)
[2022-12-16 20:52:38] INFO     BIST:Header (ok)
[2022-12-16 20:52:49] INFO     BIST:Header (ok)
[2022-12-16 20:53:01] INFO     BIST:Header (ok)
[2022-12-16 20:53:13] INFO     BIST:Header (ok)
[2022-12-16 20:53:24] INFO     BIST:Header (ok)
[2022-12-16 20:53:36] INFO     BIST:Header (ok)
[2022-12-16 20:53:47] INFO     BIST:Header (ok)
[2022-12-16 20:53:59] INFO     BIST:Header (ok)
[2022-12-16 20:54:11] INFO     BIST:Header (ok)
[2022-12-16 20:54:22] INFO     BIST:Header (ok)
[2022-12-16 20:54:34] INFO     BIST:Header (ok)
[2022-12-16 20:54:46] INFO     BIST:Header (ok)
[2022-12-16 20:54:57] INFO     BIST:Header (ok)
[2022-12-16 20:55:09] INFO     BIST:Header (ok)
[2022-12-16 20:55:20] INFO     BIST:Header (ok)
[2022-12-16 20:55:32] INFO     BIST:Header (ok)
[2022-12-16 20:55:41] ERROR    BIST:Data Errors (633,0,0:633/1)
[2022-12-16 20:55:43] ERROR    BIST:Data Errors (474,0,0:474/2)
[2022-12-16 20:55:44] ERROR    BIST:Data Errors (474,0,0:474/3)
[2022-12-16 20:55:46] ERROR    BIST:Data Errors (474,0,0:474/4)
[2022-12-16 20:55:47] ERROR    BIST:Data Errors (474,0,0:474/5)
[2022-12-16 20:55:49] ERROR    BIST:Data Errors (473,0,0:473/6)
[2022-12-16 20:55:50] ERROR    BIST:Data Errors (474,0,0:474/7)
[2022-12-16 20:55:50] INFO     BIST:Header (err 7)
[2022-12-16 20:56:02] INFO     BIST:Header (ok)
[2022-12-16 20:56:03] ERROR    BIST:Data Errors (862,0,0:862/1)
[2022-12-16 20:56:13] INFO     BIST:Header (err 1)
[2022-12-16 20:56:25] INFO     BIST:Header (ok)
[2022-12-16 20:56:37] INFO     BIST:Header (ok)
[2022-12-16 20:56:38] ERROR    BIST:Data Errors (862,0,0:862/1)
[2022-12-16 20:56:48] INFO     BIST:Header (err 1)
[2022-12-16 20:57:00] INFO     BIST:Header (ok)
[2022-12-16 20:57:11] INFO     BIST:Header (ok)
[2022-12-16 20:57:23] INFO     BIST:Header (ok)
[2022-12-16 20:57:35] INFO     BIST:Header (ok)
[2022-12-16 20:57:46] INFO     BIST:Header (ok)
[2022-12-16 20:57:58] INFO     BIST:Header (ok)
[2022-12-16 20:58:09] INFO     BIST:Header (ok)
[2022-12-16 20:58:21] INFO     BIST:Header (ok)
[2022-12-16 20:58:33] INFO     BIST:Header (ok)
[2022-12-16 20:58:44] INFO     BIST:Header (ok)
[2022-12-16 20:58:56] INFO     BIST:Header (ok)
[2022-12-16 20:59:08] INFO     BIST:Header (ok)
[2022-12-16 20:59:19] INFO     BIST:Header (ok)
[2022-12-16 20:59:31] INFO     BIST:Header (ok)
[2022-12-16 20:59:42] INFO     BIST:Header (ok)
[2022-12-16 20:59:54] INFO     BIST:Header (ok)
[2022-12-16 21:00:06] INFO     BIST:Header (ok)
[2022-12-16 21:00:17] INFO     BIST:Header (ok)
[2022-12-16 21:00:29] INFO     BIST:Header (ok)
[2022-12-16 21:00:40] INFO     BIST:Header (ok)
[2022-12-16 21:00:52] INFO     BIST:Header (ok)
[2022-12-16 21:00:59] ERROR    BIST:Data Errors (1908,0,0:1908/1)
[2022-12-16 21:01:01] ERROR    BIST:Data Errors (474,0,0:474/2)
[2022-12-16 21:01:02] ERROR    BIST:Data Errors (474,0,0:474/3)
[2022-12-16 21:01:04] ERROR    BIST:Data Errors (474,0,0:474/4)
[2022-12-16 21:01:04] INFO     BIST:Header (err 4)
[2022-12-16 21:01:15] INFO     BIST:Header (ok)
[2022-12-16 21:01:27] INFO     BIST:Header (ok)
[2022-12-16 21:01:39] INFO     BIST:Header (ok)
[2022-12-16 21:01:50] INFO     BIST:Header (ok)
[2022-12-16 21:01:52] ERROR    BIST:Data Errors (948,0,0:948/1)
[2022-12-16 21:02:02] INFO     BIST:Header (err 1)
[2022-12-16 21:02:13] INFO     BIST:Header (ok)
[2022-12-16 21:02:25] INFO     BIST:Header (ok)
[2022-12-16 21:02:37] INFO     BIST:Header (ok)
[2022-12-16 21:02:48] INFO     BIST:Header (ok)
[2022-12-16 21:03:00] INFO     BIST:Header (ok)
[2022-12-16 21:03:11] INFO     BIST:Header (ok)
[2022-12-16 21:03:19] ERROR    BIST:Data Errors (2340,0,0:2340/1)
[2022-12-16 21:03:20] ERROR    BIST:Data Errors (474,0,0:474/2)
[2022-12-16 21:03:22] ERROR    BIST:Data Errors (474,0,0:474/3)
[2022-12-16 21:03:23] ERROR    BIST:Data Errors (474,0,0:474/4)
[2022-12-16 21:03:23] INFO     BIST:Header (err 4)
[2022-12-16 21:03:35] INFO     BIST:Header (ok)
[2022-12-16 21:03:46] INFO     BIST:Header (ok)
[2022-12-16 21:03:58] INFO     BIST:Header (ok)
[2022-12-16 21:04:10] INFO     BIST:Header (ok)
[2022-12-16 21:04:21] INFO     BIST:Header (ok)
[2022-12-16 21:04:33] INFO     BIST:Header (ok)
[2022-12-16 21:04:44] INFO     BIST:Header (ok)
[2022-12-16 21:04:56] INFO     BIST:Header (ok)
[2022-12-16 21:05:08] INFO     BIST:Header (ok)
[2022-12-16 21:05:19] INFO     BIST:Header (ok)
[2022-12-16 21:05:31] INFO     BIST:Header (ok)
[2022-12-16 21:05:42] INFO     BIST:Header (ok)
[2022-12-16 21:05:54] INFO     BIST:Header (ok)
[2022-12-16 21:06:06] INFO     BIST:Header (ok)
[2022-12-16 21:06:17] INFO     BIST:Header (ok)
[2022-12-16 21:06:29] INFO     BIST:Header (ok)
[2022-12-16 21:06:40] INFO     BIST:Header (ok)
[2022-12-16 21:06:52] INFO     BIST:Header (ok)
[2022-12-16 21:07:04] INFO     BIST:Header (ok)
[2022-12-16 21:07:15] INFO     BIST:Header (ok)
[2022-12-16 21:07:27] INFO     BIST:Header (ok)
[2022-12-16 21:07:39] INFO     BIST:Header (ok)
[2022-12-16 21:07:50] INFO     BIST:Header (ok)
[2022-12-16 21:08:02] INFO     BIST:Header (ok)
[2022-12-16 21:08:13] INFO     BIST:Header (ok)
[2022-12-16 21:08:25] INFO     BIST:Header (ok)
[2022-12-16 21:08:37] INFO     BIST:Header (ok)
[2022-12-16 21:08:48] INFO     BIST:Header (ok)
[2022-12-16 21:09:00] INFO     BIST:Header (ok)
[2022-12-16 21:09:11] INFO     BIST:Header (ok)
[2022-12-16 21:09:23] INFO     BIST:Header (ok)
[2022-12-16 21:09:35] INFO     BIST:Header (ok)
[2022-12-16 21:09:46] INFO     BIST:Header (ok)
[2022-12-16 21:09:58] INFO     BIST:Header (ok)
[2022-12-16 21:10:10] INFO     BIST:Header (ok)
[2022-12-16 21:10:21] INFO     BIST:Header (ok)
[2022-12-16 21:10:33] INFO     BIST:Header (ok)
[2022-12-16 21:10:44] INFO     BIST:Header (ok)
[2022-12-16 21:10:56] INFO     BIST:Header (ok)
[2022-12-16 21:11:08] INFO     BIST:Header (ok)
[2022-12-16 21:11:19] INFO     BIST:Header (ok)
[2022-12-16 21:11:31] INFO     BIST:Header (ok)
[2022-12-16 21:11:42] INFO     BIST:Header (ok)
[2022-12-16 21:11:54] INFO     BIST:Header (ok)
[2022-12-16 21:12:06] INFO     BIST:Header (ok)
[2022-12-16 21:12:17] INFO     BIST:Header (ok)
[2022-12-16 21:12:29] INFO     BIST:Header (ok)
[2022-12-16 21:12:40] INFO     BIST:Header (ok)
[2022-12-16 21:12:52] INFO     BIST:Header (ok)
[2022-12-16 21:13:04] INFO     BIST:Header (ok)
[2022-12-16 21:13:15] INFO     BIST:Header (ok)
[2022-12-16 21:13:27] INFO     BIST:Header (ok)
[2022-12-16 21:13:39] INFO     BIST:Header (ok)
[2022-12-16 21:13:50] INFO     BIST:Header (ok)
[2022-12-16 21:14:02] INFO     BIST:Header (ok)
[2022-12-16 21:14:13] INFO     BIST:Header (ok)
[2022-12-16 21:14:25] INFO     BIST:Header (ok)
[2022-12-16 21:14:37] INFO     BIST:Header (ok)
[2022-12-16 21:14:48] INFO     BIST:Header (ok)
[2022-12-16 21:15:00] INFO     BIST:Header (ok)
[2022-12-16 21:15:11] INFO     BIST:Header (ok)
[2022-12-16 21:15:23] INFO     BIST:Header (ok)
[2022-12-16 21:15:35] INFO     BIST:Header (ok)
[2022-12-16 21:15:46] INFO     BIST:Header (ok)
[2022-12-16 21:15:58] INFO     BIST:Header (ok)
[2022-12-16 21:16:10] INFO     BIST:Header (ok)
[2022-12-16 21:16:21] INFO     BIST:Header (ok)
[2022-12-16 21:16:32] INFO     BIST:Header (ok)
[2022-12-16 21:16:44] INFO     BIST:Header (ok)
[2022-12-16 21:16:56] INFO     BIST:Header (ok)
[2022-12-16 21:17:07] INFO     BIST:Header (ok)
[2022-12-16 21:17:19] INFO     BIST:Header (ok)
[2022-12-16 21:17:30] INFO     BIST:Header (ok)
[2022-12-16 21:17:42] INFO     BIST:Header (ok)
[2022-12-16 21:17:54] INFO     BIST:Header (ok)
[2022-12-16 21:18:05] INFO     BIST:Header (ok)
[2022-12-16 21:18:17] INFO     BIST:Header (ok)
[2022-12-16 21:18:29] INFO     BIST:Header (ok)
[2022-12-16 21:18:40] INFO     BIST:Header (ok)
[2022-12-16 21:18:52] INFO     BIST:Header (ok)
[2022-12-16 21:19:03] INFO     BIST:Header (ok)
[2022-12-16 21:19:15] INFO     BIST:Header (ok)
[2022-12-16 21:19:27] INFO     BIST:Header (ok)
[2022-12-16 21:19:38] INFO     BIST:Header (ok)
[2022-12-16 21:19:50] INFO     BIST:Header (ok)
[2022-12-16 21:19:57] ERROR    BIST:Data Errors (659,0,0:659/1)
[2022-12-16 21:19:59] ERROR    BIST:Data Errors (474,0,0:474/2)
[2022-12-16 21:20:00] ERROR    BIST:Data Errors (473,0,0:473/3)
[2022-12-16 21:20:02] ERROR    BIST:Data Errors (474,0,0:474/4)
[2022-12-16 21:20:02] INFO     BIST:Header (err 4)
[2022-12-16 21:20:13] INFO     BIST:Header (ok)
[2022-12-16 21:20:25] INFO     BIST:Header (ok)
[2022-12-16 21:20:37] INFO     BIST:Header (ok)
[2022-12-16 21:20:48] INFO     BIST:Header (ok)
[2022-12-16 21:21:00] INFO     BIST:Header (ok)
[2022-12-16 21:21:11] INFO     BIST:Header (ok)
[2022-12-16 21:21:23] INFO     BIST:Header (ok)
[2022-12-16 21:21:35] INFO     BIST:Header (ok)
[2022-12-16 21:21:46] INFO     BIST:Header (ok)
[2022-12-16 21:21:58] INFO     BIST:Header (ok)
[2022-12-16 21:22:09] INFO     BIST:Header (ok)
[2022-12-16 21:22:21] INFO     BIST:Header (ok)
[2022-12-16 21:22:33] INFO     BIST:Header (ok)
[2022-12-16 21:22:44] INFO     BIST:Header (ok)
[2022-12-16 21:22:56] INFO     BIST:Header (ok)
[2022-12-16 21:23:08] INFO     BIST:Header (ok)
[2022-12-16 21:23:19] INFO     BIST:Header (ok)
[2022-12-16 21:23:31] INFO     BIST:Header (ok)
[2022-12-16 21:23:38] ERROR    BIST:Data Errors (3038,0,0:3038/1)
[2022-12-16 21:23:39] ERROR    BIST:Data Errors (474,0,0:474/2)
[2022-12-16 21:23:41] ERROR    BIST:Data Errors (474,0,0:474/3)
[2022-12-16 21:23:42] INFO     BIST:Header (err 3)
[2022-12-16 21:23:44] ERROR    BIST:Data Errors (498,0,0:498/1)
[2022-12-16 21:23:54] INFO     BIST:Header (err 1)
[2022-12-16 21:24:05] INFO     BIST:Header (ok)
[2022-12-16 21:24:17] INFO     BIST:Header (ok)
[2022-12-16 21:24:29] INFO     BIST:Header (ok)
[2022-12-16 21:24:40] INFO     BIST:Header (ok)
[2022-12-16 21:24:52] INFO     BIST:Header (ok)
[2022-12-16 21:25:03] INFO     BIST:Header (ok)
[2022-12-16 21:25:15] INFO     BIST:Header (ok)
[2022-12-16 21:25:27] INFO     BIST:Header (ok)
[2022-12-16 21:25:38] INFO     BIST:Header (ok)
[2022-12-16 21:25:50] INFO     BIST:Header (ok)
[2022-12-16 21:26:01] INFO     BIST:Header (ok)
[2022-12-16 21:26:13] INFO     BIST:Header (ok)
[2022-12-16 21:26:25] INFO     BIST:Header (ok)
[2022-12-16 21:26:36] INFO     BIST:Header (ok)
[2022-12-16 21:26:48] INFO     BIST:Header (ok)
[2022-12-16 21:26:59] INFO     BIST:Header (ok)
[2022-12-16 21:27:01] ERROR    BIST:Data Errors (948,0,0:948/1)
[2022-12-16 21:27:11] INFO     BIST:Header (err 1)
[2022-12-16 21:27:23] INFO     BIST:Header (ok)
[2022-12-16 21:27:34] INFO     BIST:Header (ok)
[2022-12-16 21:27:46] INFO     BIST:Header (ok)
[2022-12-16 21:27:58] INFO     BIST:Header (ok)
[2022-12-16 21:28:09] INFO     BIST:Header (ok)
[2022-12-16 21:28:21] INFO     BIST:Header (ok)
[2022-12-16 21:28:32] INFO     BIST:Header (ok)
[2022-12-16 21:28:44] INFO     BIST:Header (ok)
[2022-12-16 21:28:56] INFO     BIST:Header (ok)
[2022-12-16 21:29:07] INFO     BIST:Header (ok)
[2022-12-16 21:29:19] INFO     BIST:Header (ok)
[2022-12-16 21:29:30] INFO     BIST:Header (ok)
[2022-12-16 21:29:56] ERROR    UART:expect timeout (delay 15s)
[2022-12-16 21:29:56] INFO     STATE:Terminal Recovery State
[2022-12-16 21:29:56] INFO     UART:Serial port /dev/ttyUSB2 closed
[2022-12-16 21:29:59] INFO     UART:Searching for ttyUSB device (Attempt 1)
[2022-12-16 21:29:59] INFO     UART:Found tty device:/dev/ttyUSB2
[2022-12-16 21:29:59] INFO     UART:Serial port /dev/ttyUSB2 open
[2022-12-16 21:30:09] ERROR    UART:expect timeout (delay 10s)
[2022-12-16 21:30:09] INFO     STATE:Reset Recovery State
[2022-12-16 21:30:09] INFO     UARTBONE I ADDR=00001010
[2022-12-16 21:30:09] INFO     Issuing UART bone reset
[2022-12-16 21:30:10] INFO     UARTBONE I ADDR=00000DD0
[2022-12-16 21:30:10] INFO     STATE:LiteX Login State
[2022-12-16 21:30:20] ERROR    UART:expect timeout (delay 10s)
[2022-12-16 21:30:20] INFO     STATE:Power Nexys State
[2022-12-16 21:30:20] INFO     NETBOOTER:Attempt 1 to set port 2 with cycle=False
[2022-12-16 21:30:22] INFO     NETBOOTER:Setting port 2 to Off
[2022-12-16 21:30:23] INFO     NETBOOTER:Attempt 1 to set port 2 with cycle=False
[2022-12-16 21:30:25] INFO     NETBOOTER:Setting port 2 to On
[2022-12-16 21:30:26] INFO     STATE:Connect UART State
[2022-12-16 21:30:28] INFO     UART:Searching for ttyUSB device (Attempt 1)
[2022-12-16 21:30:28] INFO     UART:Found tty device:/dev/ttyUSB7
[2022-12-16 21:30:28] INFO     UART:Serial port /dev/ttyUSB7 open
[2022-12-16 21:30:28] INFO     STATE:Configure Nexys State
[2022-12-16 21:30:28] INFO     JCM:Attempting JCM device DNA read
[2022-12-16 21:30:28] ERROR    JCM:JCM currently executing a command. Cannot perform command
~/jcm_apps/jcm_jtag_reg.elf -r 50 --swap -w 64
[2022-12-16 21:30:28] ERROR    JCM:	jcm_thred:<Thread(Thread-5, started 140472568739584)>
[2022-12-16 21:30:28] ERROR    JCM:Problem reading device DNA
[2022-12-16 21:30:28] ERROR    Failed to read DNA
[2022-12-16 21:30:28] INFO     JCM:Attempting JCM configuration
[2022-12-16 21:30:28] ERROR    JCM:JCM currently executing a command. Cannot perform command
~/jcm_apps/jcm_config.elf --part xc7a200t -c 30000000 --jtag --config_file /root/ddr_11_28.bit
[2022-12-16 21:30:28] ERROR    JCM:	jcm_thred:<Thread(Thread-5, started 140472568739584)>
[2022-12-16 21:30:28] ERROR    JCM:Configuration Failed
[2022-12-16 21:30:28] INFO     STATE:Terminating State
[2022-12-16 21:30:28] INFO     JCM:Stopping JCM scrubber
[2022-12-16 21:30:30] INFO     JCM:JCM SSH closed
