[2022-12-16 15:52:32] 
[2022-12-16 15:52:32] [1m        __   _ __      _  __[0m
[2022-12-16 15:52:32] [1m       / /  (_) /____ | |/_/[0m
[2022-12-16 15:52:32] [1m      / /__/ / __/ -_)>  <[0m
[2022-12-16 15:52:32] [1m     /____/_/\__/\__/_/|_|[0m
[2022-12-16 15:52:32] [1m   Build your hardware, easily![0m
[2022-12-16 15:52:32]  (c) Copyright 2012-2022 Enjoy-Digital
[2022-12-16 15:52:32]  (c) Copyright 2007-2015 M-Labs
[2022-12-16 15:52:32]  BIOS built on Nov 28 2022 18:17:22
[2022-12-16 15:52:32]  BIOS CRC passed (b0e744c8)
[2022-12-16 15:52:32]  LiteX git sha1: f707551c
[2022-12-16 15:52:32] --=============== [1mSoC[0m ==================--
[2022-12-16 15:52:32] [1mCPU[0m:		VexRiscv @ 75MHz
[2022-12-16 15:52:32] [1mBUS[0m:		WISHBONE 32-bit @ 4GiB
[2022-12-16 15:52:32] [1mCSR[0m:		32-bit data
[2022-12-16 15:52:32] [1mROM[0m:		128KiB
[2022-12-16 15:52:32] [1mSRAM[0m:		8KiB
[2022-12-16 15:52:32] [1mL2[0m:		8KiB
[2022-12-16 15:52:32] [1mSDRAM[0m:		524288KiB 16-bit @ 600MT/s (CL-7 CWL-5)
[2022-12-16 15:52:32] --========== [1mInitialization[0m ============--
[2022-12-16 15:52:32] Initializing SDRAM @0x40000000...
[2022-12-16 15:52:32] Switching SDRAM to software control.
[2022-12-16 15:52:32] Read leveling:
[2022-12-16 15:52:32]   m0, b00: |00000000000000000000000000000000| delays: -
[2022-12-16 15:52:32]   m0, b01: |11111111100000000000000000000000| delays: 04+-04
[2022-12-16 15:52:32]   m0, b02: |00000000000111111111111111111110| delays: 21+-10
[2022-12-16 15:52:32]   m0, b03: |00000000000000000000000000000000| delays: -
[2022-12-16 15:52:32]   m0, b04: |00000000000000000000000000000000| delays: -
[2022-12-16 15:52:32]   m0, b05: |00000000000000000000000000000000| delays: -
[2022-12-16 15:52:32]   m0, b06: |00000000000000000000000000000000| delays: -
[2022-12-16 15:52:32]   m0, b07: |00000000000000000000000000000000| delays: -
[2022-12-16 15:52:32]   best: m0, b02 delays: 21+-10
[2022-12-16 15:52:32]   m1, b00: |00000000000000000000000000000000| delays: -
[2022-12-16 15:52:32]   m1, b01: |11111111100000000000000000000000| delays: 04+-04
[2022-12-16 15:52:32]   m1, b02: |00000000001111111111111111111100| delays: 20+-10
[2022-12-16 15:52:32]   m1, b03: |00000000000000000000000000000000| delays: -
[2022-12-16 15:52:32]   m1, b04: |00000000000000000000000000000000| delays: -
[2022-12-16 15:52:32]   m1, b05: |00000000000000000000000000000000| delays: -
[2022-12-16 15:52:32]   m1, b06: |00000000000000000000000000000000| delays: -
[2022-12-16 15:52:32]   m1, b07: |00000000000000000000000000000000| delays: -
[2022-12-16 15:52:32]   best: m1, b02 delays: 20+-10
[2022-12-16 15:52:32] Switching SDRAM to hardware control.
[2022-12-16 15:52:32] Memtest at 0x40000000 (2.0MiB)...
[2022-12-16 15:52:32]   Write: 0x40000000-0x40000000 0B   
[2022-12-16 15:52:32]   Write: 0x40000000-0x40200000 2.0MiB   
[2022-12-16 15:52:32]    Read: 0x40000000-0x40000000 0B   
[2022-12-16 15:52:32]    Read: 0x40000000-0x40200000 2.0MiB   
[2022-12-16 15:52:32] Memtest OK
[2022-12-16 15:52:32] Memspeed at 0x40000000 (Sequential, 2.0MiB)...
[2022-12-16 15:52:32]   Write speed: 26.2MiB/s
[2022-12-16 15:52:32]    Read speed: 35.1MiB/s
[2022-12-16 15:52:32] --============== [1mBoot[0m ==================--
[2022-12-16 15:52:32] Booting from serial...
[2022-12-16 15:52:32] Press Q or ESC to abort boot completely.
[2022-12-16 15:52:32] sL5DdSMmkekro
[2022-12-16 15:52:33] Timeout
[2022-12-16 15:52:33] No boot medium found
[2022-12-16 15:52:33] --============= [1mConsole[0m ================--
[2022-12-16 15:52:33] [92;1mlitex[0m> sdram_bist_pat 165
[2022-12-16 15:52:33] sdram_bist_pat 165
[2022-12-16 15:52:33] [92;1mlitex[0m> 
[2022-12-16 15:52:33] [92;1mlitex[0m> 
[2022-12-16 15:52:33] [92;1mlitex[0m> sdram_bist 8192 1 0 2
[2022-12-16 15:52:33] sdram_bist 8192 1 0 2
[2022-12-16 15:52:33] Starting SDRAM BIST with length=8192, addr_mode=1, data_mode=0 wmode=2
[2022-12-16 15:52:33] WR-BW(MiB/s) RD-BW(MiB/s)  TESTED(MiB)     ERRORS
[2022-12-16 15:52:34]          940          940          473          0
[2022-12-16 15:52:36]          941          940          947          0
[2022-12-16 15:52:37]          941          940         1421          0
[2022-12-16 15:52:39]          941          940         1895          0
[2022-12-16 15:52:40]          941          940         2369          0
[2022-12-16 15:52:41]          941          940         2843          0
[2022-12-16 15:52:43]          941          940         3316          0
[2022-12-16 15:52:44]          941          940         3790          0
[2022-12-16 15:52:44] WR-BW(MiB/s) RD-BW(MiB/s)  TESTED(MiB)     ERRORS
[2022-12-16 15:52:46]          941          940          168          0
[2022-12-16 15:52:47]          941          940          642          0
[2022-12-16 15:52:49]          941          940         1116          0
[2022-12-16 15:52:50]          941          940         1590          0
[2022-12-16 15:52:52]          941          940         2063          0
[2022-12-16 15:52:53]          941          940         2537          0
[2022-12-16 15:52:55]          941          940         3011          0
[2022-12-16 15:52:56]          941          940         3485          0
[2022-12-16 15:52:56] WR-BW(MiB/s) RD-BW(MiB/s)  TESTED(MiB)     ERRORS
[2022-12-16 15:52:57]          940          940         3959          0
[2022-12-16 15:52:59]          941          940          337          0
[2022-12-16 15:53:00]          941          940          810          0
[2022-12-16 15:53:02]          941          940         1284          0
[2022-12-16 15:53:03]          941          940         1758          0
[2022-12-16 15:53:05]          941          940         2232          0
[2022-12-16 15:53:06]          941          940         2706          0
[2022-12-16 15:53:08]          941          940         3180          0
[2022-12-16 15:53:08] WR-BW(MiB/s) RD-BW(MiB/s)  TESTED(MiB)     ERRORS
[2022-12-16 15:53:09]          940          940         3653          0
[2022-12-16 15:53:11]          941          940           31          0
[2022-12-16 15:53:12]          941          940          505          0
[2022-12-16 15:53:14]          941          940          979          0
[2022-12-16 15:53:15]          941          940         1453          0
[2022-12-16 15:53:16]          941          940         1927          0
[2022-12-16 15:53:18]          941          940         2400          0
[2022-12-16 15:53:19]          941          940         2874          0
[2022-12-16 15:53:19] WR-BW(MiB/s) RD-BW(MiB/s)  TESTED(MiB)     ERRORS
[2022-12-16 15:53:21]          940          940         3348          0
[2022-12-16 15:53:22]          941          940         3822          0
[2022-12-16 15:53:24]          941          940          200          0
[2022-12-16 15:53:25]          941          940          674          0
[2022-12-16 15:53:27]          941          940         1147          0
[2022-12-16 15:53:28]          941          940         1621          0
[2022-12-16 15:53:29]          941          940         2095          0
[2022-12-16 15:53:31]          941          940         2569          0
[2022-12-16 15:53:31] WR-BW(MiB/s) RD-BW(MiB/s)  TESTED(MiB)     ERRORS
[2022-12-16 15:53:32]          940          940         3043          0
[2022-12-16 15:53:34]          941          940         3517          0
[2022-12-16 15:53:35]          941          940         3990          0
[2022-12-16 15:53:37]          941          940          368          0
[2022-12-16 15:53:38]          941          940          842          0
[2022-12-16 15:53:40]          941          940         1316          0
[2022-12-16 15:53:41]          941          940         1790          0
[2022-12-16 15:53:42]          941          940         2264          0
[2022-12-16 15:53:42] WR-BW(MiB/s) RD-BW(MiB/s)  TESTED(MiB)     ERRORS
[2022-12-16 15:53:44]          940          940         2737          0
[2022-12-16 15:53:45]          941          940         3211          0
[2022-12-16 15:53:47]          941          940         3685          0
[2022-12-16 15:53:48]          941          940           63          0
[2022-12-16 15:53:50]          941          940          537          0
[2022-12-16 15:53:51]          941          940         1011          0
[2022-12-16 15:53:53]          941          940         1484          0
[2022-12-16 15:53:54]          941          940         1958          0
[2022-12-16 15:53:54] WR-BW(MiB/s) RD-BW(MiB/s)  TESTED(MiB)     ERRORS
[2022-12-16 15:53:55]          940          940         2432          0
[2022-12-16 15:53:57]          941          940         2906          0
[2022-12-16 15:53:58]          941          940         3380          0
[2022-12-16 15:54:00]          941          940         3854          0
[2022-12-16 15:54:01]          941          940          231          0
[2022-12-16 15:54:03]          941          940          705          0
[2022-12-16 15:54:04]          941          940         1179          0
[2022-12-16 15:54:06]          941          940         1653          0
[2022-12-16 15:54:06] WR-BW(MiB/s) RD-BW(MiB/s)  TESTED(MiB)     ERRORS
[2022-12-16 15:54:07]          940          940         2127          0
[2022-12-16 15:54:09]          941          940         2601          0
[2022-12-16 15:54:10]          941          940         3074          0
[2022-12-16 15:54:11]          941          940         3548          0
[2022-12-16 15:54:13]          941          940         4022          0
[2022-12-16 15:54:14]          941          940          400          0
[2022-12-16 15:54:16]          941          940          874          0
[2022-12-16 15:54:17]          941          940         1348          0
[2022-12-16 15:54:17] WR-BW(MiB/s) RD-BW(MiB/s)  TESTED(MiB)     ERRORS
[2022-12-16 15:54:19]          940          940         1821          0
[2022-12-16 15:54:20]          941          940         2295          0
[2022-12-16 15:54:22]          941          940         2769          0
[2022-12-16 15:54:23]          941          940         3243          0
[2022-12-16 15:54:24]          941          940         3717          0
[2022-12-16 15:54:26]          941          940           95          0
[2022-12-16 15:54:27]          941          940          568          0
[2022-12-16 15:54:29]          941          940         1042          0
[2022-12-16 15:54:29] WR-BW(MiB/s) RD-BW(MiB/s)  TESTED(MiB)     ERRORS
[2022-12-16 15:54:30]          941          940         1516          0
[2022-12-16 15:54:32]          941          940         1990          0
[2022-12-16 15:54:33]          941          940         2464          0
[2022-12-16 15:54:35]          941          940         2938          0
[2022-12-16 15:54:36]          941          940         3411          0
[2022-12-16 15:54:38]          941          940         3885          0
[2022-12-16 15:54:39]          941          940          263          0
[2022-12-16 15:54:40]          941          940          737          0
[2022-12-16 15:54:40] WR-BW(MiB/s) RD-BW(MiB/s)  TESTED(MiB)     ERRORS
[2022-12-16 15:54:42]          941          940         1211          0
[2022-12-16 15:54:43]          941          940         1685          0
[2022-12-16 15:54:45]          941          940         2158          0
[2022-12-16 15:54:46]          941          940         2632          0
[2022-12-16 15:54:48]          941          940         3106          0
[2022-12-16 15:54:49]          941          940         3580          0
[2022-12-16 15:54:51]          941          940         4054          0
[2022-12-16 15:54:52]          941          940          432          0
[2022-12-16 15:54:52] WR-BW(MiB/s) RD-BW(MiB/s)  TESTED(MiB)     ERRORS
[2022-12-16 15:54:54]          941          940          906          0
[2022-12-16 15:54:55]          941          940         1379          0
[2022-12-16 15:54:56]          941          940         1853          0
[2022-12-16 15:54:58]          941          940         2327          0
[2022-12-16 15:54:59]          941          940         2801          0
[2022-12-16 15:55:01]          941          940         3275          0
[2022-12-16 15:55:02]          941          940         3749          0
[2022-12-16 15:55:04]          941          940          126          0
[2022-12-16 15:55:04] WR-BW(MiB/s) RD-BW(MiB/s)  TESTED(MiB)     ERRORS
[2022-12-16 15:55:05]          941          940          600          0
[2022-12-16 15:55:07]          941          940         1074          0
[2022-12-16 15:55:08]          941          940         1548          0
[2022-12-16 15:55:09]          941          940         2022          0
[2022-12-16 15:55:11]          941          940         2496          0
[2022-12-16 15:55:12]          941          940         2969          0
[2022-12-16 15:55:14]          941          940         3443          0
[2022-12-16 15:55:15]          941          940         3917          0
[2022-12-16 15:55:15] WR-BW(MiB/s) RD-BW(MiB/s)  TESTED(MiB)     ERRORS
[2022-12-16 15:55:17]          940          940          295          0
[2022-12-16 15:55:18]          941          940          769          0
[2022-12-16 15:55:20]          941          940         1243          0
[2022-12-16 15:55:21]          941          940         1716          0
[2022-12-16 15:55:22]          941          940         2190          0
[2022-12-16 15:55:24]          941          940         2664          0
[2022-12-16 15:55:25]          941          940         3138          0
[2022-12-16 15:55:27]          941          940         3612          0
[2022-12-16 15:55:27] WR-BW(MiB/s) RD-BW(MiB/s)  TESTED(MiB)     ERRORS
[2022-12-16 15:55:28]          941          940         4086          0
[2022-12-16 15:55:30]          941          940          463          0
[2022-12-16 15:55:31]          941          940          937          0
[2022-12-16 15:55:33]          941          940         1411          0
[2022-12-16 15:55:34]          941          940         1885          0
[2022-12-16 15:55:36]          941          940         2359          0
[2022-12-16 15:55:37]          941          940         2833          0
[2022-12-16 15:55:38]          941          940         3306          0
[2022-12-16 15:55:38] WR-BW(MiB/s) RD-BW(MiB/s)  TESTED(MiB)     ERRORS
[2022-12-16 15:55:40]          940          940         3780          0
[2022-12-16 15:55:41]          941          940          158          0
[2022-12-16 15:55:43]          941          940          632          0
[2022-12-16 15:55:44]          941          940         1106          0
[2022-12-16 15:55:46]          941          940         1580          0
[2022-12-16 15:55:47]          941          940         2053          0
[2022-12-16 15:55:49]          941          940         2527          0
[2022-12-16 15:55:50]          941          940         3001          0
[2022-12-16 15:55:50] WR-BW(MiB/s) RD-BW(MiB/s)  TESTED(MiB)     ERRORS
[2022-12-16 15:55:51]          940          940         3475          0
[2022-12-16 15:55:53]          941          940         3949          0
[2022-12-16 15:55:54]          941          940          327          0
[2022-12-16 15:55:56]          941          940          800          0
[2022-12-16 15:55:57]          941          940         1274          0
[2022-12-16 15:55:59]          941          940         1748          0
[2022-12-16 15:56:00]          941          940         2222          0
[2022-12-16 15:56:02]          941          940         2696          0
[2022-12-16 15:56:02] WR-BW(MiB/s) RD-BW(MiB/s)  TESTED(MiB)     ERRORS
[2022-12-16 15:56:03]          941          940         3170          0
[2022-12-16 15:56:05]          941          940         3643          0
[2022-12-16 15:56:06]          941          940           21          0
[2022-12-16 15:56:07]          941          940          495          0
[2022-12-16 15:56:09]          941          940          969          0
[2022-12-16 15:56:10]          941          940         1443          0
[2022-12-16 15:56:12]          941          940         1917          0
[2022-12-16 15:56:13]          941          940         2390          0
[2022-12-16 15:56:13] WR-BW(MiB/s) RD-BW(MiB/s)  TESTED(MiB)     ERRORS
[2022-12-16 15:56:15]          941          940         2864          0
[2022-12-16 15:56:16]          941          940         3338          0
[2022-12-16 15:56:18]          941          940         3812          0
[2022-12-16 15:56:19]          941          940          190          0
[2022-12-16 15:56:21]          941          940          664          0
[2022-12-16 15:56:22]          941          940         1137          0
[2022-12-16 15:56:24]          941          940         1611          0
[2022-12-16 15:56:25]          941          940         2085          0
[2022-12-16 15:56:25] WR-BW(MiB/s) RD-BW(MiB/s)  TESTED(MiB)     ERRORS
[2022-12-16 15:56:27]          940          940         2559          0
[2022-12-16 15:56:28]          941          940         3033          0
[2022-12-16 15:56:29]          941          940         3507          0
[2022-12-16 15:56:31]          941          940         3980          0
[2022-12-16 15:56:32]          941          940          358          0
[2022-12-16 15:56:34]          941          940          832          0
[2022-12-16 15:56:35]          941          940         1306          0
[2022-12-16 15:56:37]          941          940         1780          0
[2022-12-16 15:56:37] WR-BW(MiB/s) RD-BW(MiB/s)  TESTED(MiB)     ERRORS
[2022-12-16 15:56:38]          941          940         2254          0
[2022-12-16 15:56:40]          941          940         2727          0
[2022-12-16 15:56:41]          941          940         3201          0
[2022-12-16 15:56:43]          941          940         3675          0
[2022-12-16 15:56:44]          941          940           53          0
[2022-12-16 15:56:45]          941          940          527          0
[2022-12-16 15:56:47]          941          940         1001          0
[2022-12-16 15:56:48]          941          940         1474          0
[2022-12-16 15:56:48] WR-BW(MiB/s) RD-BW(MiB/s)  TESTED(MiB)     ERRORS
[2022-12-16 15:56:50]          940          940         1948          0
[2022-12-16 15:56:51]          941          940         2422          0
[2022-12-16 15:56:53]          941          940         2896          0
[2022-12-16 15:56:54]          941          940         3370          0
[2022-12-16 15:56:56]          941          940         3844          0
[2022-12-16 15:56:57]          941          940          221          0
[2022-12-16 15:56:58]          941          940          695          0
[2022-12-16 15:57:00]          941          940         1169          0
[2022-12-16 15:57:00] WR-BW(MiB/s) RD-BW(MiB/s)  TESTED(MiB)     ERRORS
[2022-12-16 15:57:01]          940          940         1643          0
[2022-12-16 15:57:03]          941          940         2117          0
[2022-12-16 15:57:04]          941          940         2591          0
[2022-12-16 15:57:06]          941          940         3065          0
[2022-12-16 15:57:07]          941          940         3538          0
[2022-12-16 15:57:09]          941          940         4012          0
[2022-12-16 15:57:10]          941          940          390          0
[2022-12-16 15:57:11]          941          940          864          0
[2022-12-16 15:57:11] WR-BW(MiB/s) RD-BW(MiB/s)  TESTED(MiB)     ERRORS
[2022-12-16 15:57:13]          941          940         1338          0
[2022-12-16 15:57:14]          941          940         1812          0
[2022-12-16 15:57:16]          941          940         2285          0
[2022-12-16 15:57:17]          941          940         2759          0
[2022-12-16 15:57:19]          941          940         3233          0
[2022-12-16 15:57:20]          941          940         3707          0
[2022-12-16 15:57:22]          941          940           85          0
[2022-12-16 15:57:23]          941          940          559          0
[2022-12-16 15:57:23] WR-BW(MiB/s) RD-BW(MiB/s)  TESTED(MiB)     ERRORS
[2022-12-16 15:57:24]          941          940         1032          0
[2022-12-16 15:57:26]          941          940         1506          0
[2022-12-16 15:57:27]          941          940         1980          0
[2022-12-16 15:57:29]          941          940         2454          0
[2022-12-16 15:57:30]          941          940         2928          0
[2022-12-16 15:57:32]          941          940         3402          0
[2022-12-16 15:57:33]          941          940         3875          0
[2022-12-16 15:57:35]          941          940          253          0
[2022-12-16 15:57:35] WR-BW(MiB/s) RD-BW(MiB/s)  TESTED(MiB)     ERRORS
[2022-12-16 15:57:36]          941          940          727          0
