[2022-12-16 19:34:26] 
[2022-12-16 19:34:26] [1m        __   _ __      _  __[0m
[2022-12-16 19:34:26] [1m       / /  (_) /____ | |/_/[0m
[2022-12-16 19:34:26] [1m      / /__/ / __/ -_)>  <[0m
[2022-12-16 19:34:26] [1m     /____/_/\__/\__/_/|_|[0m
[2022-12-16 19:34:26] [1m   Build your hardware, easily![0m
[2022-12-16 19:34:26]  (c) Copyright 2012-2022 Enjoy-Digital
[2022-12-16 19:34:26]  (c) Copyright 2007-2015 M-Labs
[2022-12-16 19:34:26]  BIOS built on Nov 28 2022 18:17:22
[2022-12-16 19:34:26]  BIOS CRC passed (b0e744c8)
[2022-12-16 19:34:26]  LiteX git sha1: f707551c
[2022-12-16 19:34:26] --=============== [1mSoC[0m ==================--
[2022-12-16 19:34:26] [1mCPU[0m:		VexRiscv @ 75MHz
[2022-12-16 19:34:26] [1mBUS[0m:		WISHBONE 32-bit @ 4GiB
[2022-12-16 19:34:26] [1mCSR[0m:		32-bit data
[2022-12-16 19:34:26] [1mROM[0m:		128KiB
[2022-12-16 19:34:26] [1mSRAM[0m:		8KiB
[2022-12-16 19:34:26] [1mL2[0m:		8KiB
[2022-12-16 19:34:26] [1mSDRAM[0m:		524288KiB 16-bit @ 600MT/s (CL-7 CWL-5)
[2022-12-16 19:34:26] --========== [1mInitialization[0m ============--
[2022-12-16 19:34:26] Initializing SDRAM @0x40000000...
[2022-12-16 19:34:26] Switching SDRAM to software control.
[2022-12-16 19:34:26] Read leveling:
[2022-12-16 19:34:26]   m0, b00: |00000000000000000000000000000000| delays: -
[2022-12-16 19:34:26]   m0, b01: |11111111100000000000000000000000| delays: 04+-04
[2022-12-16 19:34:26]   m0, b02: |00000000000111111111111111111100| delays: 20+-09
[2022-12-16 19:34:26]   m0, b03: |00000000000000000000000000000000| delays: -
[2022-12-16 19:34:26]   m0, b04: |00000000000000000000000000000000| delays: -
[2022-12-16 19:34:26]   m0, b05: |00000000000000000000000000000000| delays: -
[2022-12-16 19:34:26]   m0, b06: |00000000000000000000000000000000| delays: -
[2022-12-16 19:34:26]   m0, b07: |00000000000000000000000000000000| delays: -
[2022-12-16 19:34:26]   best: m0, b02 delays: 21+-10
[2022-12-16 19:34:26]   m1, b00: |00000000000000000000000000000000| delays: -
[2022-12-16 19:34:26]   m1, b01: |11111111100000000000000000000000| delays: 04+-04
[2022-12-16 19:34:26]   m1, b02: |00000000001111111111111111111100| delays: 20+-10
[2022-12-16 19:34:26]   m1, b03: |00000000000000000000000000000000| delays: -
[2022-12-16 19:34:26]   m1, b04: |00000000000000000000000000000000| delays: -
[2022-12-16 19:34:26]   m1, b05: |00000000000000000000000000000000| delays: -
[2022-12-16 19:34:26]   m1, b06: |00000000000000000000000000000000| delays: -
[2022-12-16 19:34:26]   m1, b07: |00000000000000000000000000000000| delays: -
[2022-12-16 19:34:26]   best: m1, b02 delays: 20+-10
[2022-12-16 19:34:26] Switching SDRAM to hardware control.
[2022-12-16 19:34:26] Memtest at 0x40000000 (2.0MiB)...
[2022-12-16 19:34:26]   Write: 0x40000000-0x40000000 0B   
[2022-12-16 19:34:26]   Write: 0x40000000-0x40200000 2.0MiB   
[2022-12-16 19:34:26]    Read: 0x40000000-0x40000000 0B   
[2022-12-16 19:34:26]    Read: 0x40000000-0x40200000 2.0MiB   
[2022-12-16 19:34:26] Memtest OK
[2022-12-16 19:34:26] Memspeed at 0x40000000 (Sequential, 2.0MiB)...
[2022-12-16 19:34:26]   Write speed: 26.2MiB/s
[2022-12-16 19:34:26]    Read speed: 35.1MiB/s
[2022-12-16 19:34:26] --============== [1mBoot[0m ==================--
[2022-12-16 19:34:26] Booting from serial...
[2022-12-16 19:34:26] Press Q or ESC to abort boot completely.
[2022-12-16 19:34:26] sL5DdSMmkekro
[2022-12-16 19:34:26] Timeout
[2022-12-16 19:34:26] No boot medium found
[2022-12-16 19:34:26] --============= [1mConsole[0m ================--
[2022-12-16 19:34:26] [92;1mlitex[0m> sdram_bist_pat 165
[2022-12-16 19:34:26] sdram_bist_pat 165
[2022-12-16 19:34:26] [92;1mlitex[0m> 
[2022-12-16 19:34:26] [92;1mlitex[0m> 
[2022-12-16 19:34:26] [92;1mlitex[0m> sdram_bist 8192 1 0 2
[2022-12-16 19:34:26] sdram_bist 8192 1 0 2
[2022-12-16 19:34:26] Starting SDRAM BIST with length=8192, addr_mode=1, data_mode=0 wmode=2
[2022-12-16 19:34:26] WR-BW(MiB/s) RD-BW(MiB/s)  TESTED(MiB)     ERRORS
[2022-12-16 19:34:28]          940          940          473          0
[2022-12-16 19:34:29]          941          940          947          0
[2022-12-16 19:34:31]          941          940         1421          0
[2022-12-16 19:34:32]          941          940         1895          0
[2022-12-16 19:34:34]          941          940         2369          0
[2022-12-16 19:34:35]          941          940         2843          0
[2022-12-16 19:34:37]          941          940         3316          0
[2022-12-16 19:34:38]          941          940         3790          0
[2022-12-16 19:34:38] WR-BW(MiB/s) RD-BW(MiB/s)  TESTED(MiB)     ERRORS
[2022-12-16 19:34:39]          941          940          168          0
[2022-12-16 19:34:41]          941          940          642          0
[2022-12-16 19:34:42]          941          940         1116          0
[2022-12-16 19:34:44]          941          940         1590          0
[2022-12-16 19:34:45]          941          940         2063          0
[2022-12-16 19:34:47]          941          940         2537          0
[2022-12-16 19:34:48]          941          940         3011          0
[2022-12-16 19:34:50]          941          940         3485          0
[2022-12-16 19:34:50] WR-BW(MiB/s) RD-BW(MiB/s)  TESTED(MiB)     ERRORS
[2022-12-16 19:34:51]          941          940         3959          0
[2022-12-16 19:34:53]          941          940          337          0
[2022-12-16 19:34:54]          941          940          810          0
[2022-12-16 19:34:55]          941          940         1284          0
[2022-12-16 19:34:57]          941          940         1758          0
[2022-12-16 19:34:58]          941          940         2232          0
[2022-12-16 19:35:00]          941          940         2706          0
[2022-12-16 19:35:01]          941          940         3180          0
[2022-12-16 19:35:01] WR-BW(MiB/s) RD-BW(MiB/s)  TESTED(MiB)     ERRORS
[2022-12-16 19:35:03]          940          940         3653          0
[2022-12-16 19:35:04]          941          940           31          0
[2022-12-16 19:35:06]          941          940          505          0
[2022-12-16 19:35:07]          941          940          979          0
[2022-12-16 19:35:09]          941          940         1453          0
[2022-12-16 19:35:10]          941          940         1927          0
[2022-12-16 19:35:11]          941          940         2400          0
[2022-12-16 19:35:13]          941          940         2874          0
[2022-12-16 19:35:13] WR-BW(MiB/s) RD-BW(MiB/s)  TESTED(MiB)     ERRORS
[2022-12-16 19:35:14]          941          940         3348          0
[2022-12-16 19:35:16]          941          940         3822          0
[2022-12-16 19:35:17]          941          940          200          0
[2022-12-16 19:35:19]          941          940          674          0
[2022-12-16 19:35:20]          941          940         1147          0
[2022-12-16 19:35:22]          941          940         1621          0
[2022-12-16 19:35:23]          941          940         2095          0
[2022-12-16 19:35:24]          941          940         2569          0
[2022-12-16 19:35:24] WR-BW(MiB/s) RD-BW(MiB/s)  TESTED(MiB)     ERRORS
[2022-12-16 19:35:26]          940          940         3043          0
[2022-12-16 19:35:27]          941          940         3517          0
[2022-12-16 19:35:29]          941          940         3990          0
[2022-12-16 19:35:30]          941          940          368          0
[2022-12-16 19:35:32]          941          940          842          0
[2022-12-16 19:35:33]          941          940         1316          0
[2022-12-16 19:35:35]          941          940         1790          0
[2022-12-16 19:35:36]          941          940         2264          0
[2022-12-16 19:35:36] WR-BW(MiB/s) RD-BW(MiB/s)  TESTED(MiB)     ERRORS
[2022-12-16 19:35:38]          941          940         2737          0
[2022-12-16 19:35:39]          941          940         3211          0
[2022-12-16 19:35:40]          941          940         3685          0
[2022-12-16 19:35:42]          941          940           63          0
[2022-12-16 19:35:43]          941          940          537          0
[2022-12-16 19:35:45]          941          940         1011          0
[2022-12-16 19:35:46]          941          940         1484          0
[2022-12-16 19:35:48]          941          940         1958          0
[2022-12-16 19:35:48] WR-BW(MiB/s) RD-BW(MiB/s)  TESTED(MiB)     ERRORS
[2022-12-16 19:35:49]          940          940         2432          0
[2022-12-16 19:35:51]          941          940         2906          0
[2022-12-16 19:35:52]          941          940         3380          0
[2022-12-16 19:35:54]          941          940         3854          0
[2022-12-16 19:35:55]          941          940          231          0
[2022-12-16 19:35:56]          941          940          705          0
[2022-12-16 19:35:58]          941          940         1179          0
[2022-12-16 19:35:59]          941          940         1653          0
[2022-12-16 19:35:59] WR-BW(MiB/s) RD-BW(MiB/s)  TESTED(MiB)     ERRORS
[2022-12-16 19:36:01]          940          940         2127          0
[2022-12-16 19:36:02]          941          940         2601          0
[2022-12-16 19:36:04]          941          940         3074          0
[2022-12-16 19:36:05]          941          940         3548          0
[2022-12-16 19:36:07]          941          940         4022          0
[2022-12-16 19:36:08]          941          940          400          0
[2022-12-16 19:36:09]          941          940          874          0
[2022-12-16 19:36:11]          941          940         1348          0
[2022-12-16 19:36:11] WR-BW(MiB/s) RD-BW(MiB/s)  TESTED(MiB)     ERRORS
[2022-12-16 19:36:12]          940          940         1821          0
[2022-12-16 19:36:14]          941          940         2295          0
[2022-12-16 19:36:15]          941          940         2769          0
[2022-12-16 19:36:17]          941          940         3243          0
[2022-12-16 19:36:18]          941          940         3717          0
[2022-12-16 19:36:20]          941          940           95          0
[2022-12-16 19:36:21]          941          940          568          0
[2022-12-16 19:36:23]          941          940         1042          0
[2022-12-16 19:36:23] WR-BW(MiB/s) RD-BW(MiB/s)  TESTED(MiB)     ERRORS
[2022-12-16 19:36:24]          941          940         1516          0
[2022-12-16 19:36:25]          941          940         1990          0
[2022-12-16 19:36:27]          941          940         2464          0
[2022-12-16 19:36:28]          941          940         2938          0
[2022-12-16 19:36:30]          941          940         3412          0
[2022-12-16 19:36:31]          941          940         3885          0
[2022-12-16 19:36:33]          941          940          263          0
[2022-12-16 19:36:34]          941          940          737          0
[2022-12-16 19:36:34] WR-BW(MiB/s) RD-BW(MiB/s)  TESTED(MiB)     ERRORS
[2022-12-16 19:36:36]          941          940         1211          0
[2022-12-16 19:36:37]          941          940         1685          0
[2022-12-16 19:36:39]          941          940         2159          0
[2022-12-16 19:36:40]          941          940         2632          0
[2022-12-16 19:36:41]          941          940         3106          0
[2022-12-16 19:36:43]          941          940         3580          0
[2022-12-16 19:36:44]          941          940         4054          0
[2022-12-16 19:36:46]          941          940          432          0
[2022-12-16 19:36:46] WR-BW(MiB/s) RD-BW(MiB/s)  TESTED(MiB)     ERRORS
[2022-12-16 19:36:47]          941          940          906          0
[2022-12-16 19:36:49]          941          940         1379          0
[2022-12-16 19:36:50]          941          940         1853          0
[2022-12-16 19:36:52]          941          940         2327          0
[2022-12-16 19:36:53]          941          940         2801          0
[2022-12-16 19:36:54]          941          940         3275          0
[2022-12-16 19:36:56]          941          940         3749          0
[2022-12-16 19:36:57]          941          940          126          0
[2022-12-16 19:36:57] WR-BW(MiB/s) RD-BW(MiB/s)  TESTED(MiB)     ERRORS
[2022-12-16 19:36:59]          941          940          600          0
[2022-12-16 19:37:00]          941          940         1074          0
[2022-12-16 19:37:02]          941          940         1548          0
[2022-12-16 19:37:03]          941          940         2022          0
[2022-12-16 19:37:05]          941          940         2496          0
[2022-12-16 19:37:06]          941          940         2969          0
[2022-12-16 19:37:08]          941          940         3443          0
[2022-12-16 19:37:09]          941          940         3917          0
[2022-12-16 19:37:09] WR-BW(MiB/s) RD-BW(MiB/s)  TESTED(MiB)     ERRORS
[2022-12-16 19:37:10]          940          940          295          0
[2022-12-16 19:37:12]          941          940          769          0
[2022-12-16 19:37:13]          941          940         1243          0
[2022-12-16 19:37:15]          941          940         1716          0
[2022-12-16 19:37:16]          941          940         2190          0
[2022-12-16 19:37:18]          941          940         2664          0
[2022-12-16 19:37:19]          941          940         3138          0
[2022-12-16 19:37:21]          941          940         3612          0
[2022-12-16 19:37:21] WR-BW(MiB/s) RD-BW(MiB/s)  TESTED(MiB)     ERRORS
[2022-12-16 19:37:22]          941          940         4086          0
[2022-12-16 19:37:24]          941          940          463          0
[2022-12-16 19:37:25]          941          940          937          0
[2022-12-16 19:37:26]          941          940         1411          0
[2022-12-16 19:37:28]          941          940         1885          0
[2022-12-16 19:37:29]          941          940         2359          0
[2022-12-16 19:37:31]          941          940         2833          0
[2022-12-16 19:37:32]          941          940         3306          0
[2022-12-16 19:37:32] WR-BW(MiB/s) RD-BW(MiB/s)  TESTED(MiB)     ERRORS
[2022-12-16 19:37:34]          940          940         3780          0
[2022-12-16 19:37:35]          941          940          158          0
[2022-12-16 19:37:37]          941          940          632          0
[2022-12-16 19:37:38]          941          940         1106          0
[2022-12-16 19:37:39]          941          940         1580          0
[2022-12-16 19:37:41]          941          940         2053          0
[2022-12-16 19:37:42]          941          940         2527          0
[2022-12-16 19:37:44]          941          940         3001          0
[2022-12-16 19:37:44] WR-BW(MiB/s) RD-BW(MiB/s)  TESTED(MiB)     ERRORS
[2022-12-16 19:37:45]          940          940         3475          0
[2022-12-16 19:37:47]          941          940         3949          0
[2022-12-16 19:37:48]          941          940          327          0
[2022-12-16 19:37:50]          941          940          800          0
[2022-12-16 19:37:51]          941          940         1274          0
[2022-12-16 19:37:53]          941          940         1748          0
[2022-12-16 19:37:54]          941          940         2222          0
[2022-12-16 19:37:55]          941          940         2696          0
[2022-12-16 19:37:55] WR-BW(MiB/s) RD-BW(MiB/s)  TESTED(MiB)     ERRORS
[2022-12-16 19:37:57]          941          940         3170          0
[2022-12-16 19:37:58]          941          940         3643          0
[2022-12-16 19:38:00]          941          940           21          0
[2022-12-16 19:38:01]          941          940          495          0
[2022-12-16 19:38:03]          941          940          969          0
[2022-12-16 19:38:04]          941          940         1443          0
[2022-12-16 19:38:06]          941          940         1917          0
[2022-12-16 19:38:07]          941          940         2390          0
[2022-12-16 19:38:07] WR-BW(MiB/s) RD-BW(MiB/s)  TESTED(MiB)     ERRORS
[2022-12-16 19:38:09]          940          940         2864          0
[2022-12-16 19:38:10]          941          940         3338          0
[2022-12-16 19:38:11]          941          940         3812          0
[2022-12-16 19:38:13]          941          940          190          0
[2022-12-16 19:38:14]          941          940          664          0
[2022-12-16 19:38:16]          941          940         1137          0
[2022-12-16 19:38:17]          941          940         1611          0
[2022-12-16 19:38:19]          941          940         2085          0
[2022-12-16 19:38:19] WR-BW(MiB/s) RD-BW(MiB/s)  TESTED(MiB)     ERRORS
[2022-12-16 19:38:20]          940          940         2559          0
[2022-12-16 19:38:22]          941          940         3033          0
[2022-12-16 19:38:23]          941          940         3507          0
[2022-12-16 19:38:24]          941          940         3980          0
[2022-12-16 19:38:26]          941          940          358          0
[2022-12-16 19:38:27]          941          940          832          0
[2022-12-16 19:38:29]          941          940         1306          0
[2022-12-16 19:38:30]          941          940         1780          0
[2022-12-16 19:38:30] WR-BW(MiB/s) RD-BW(MiB/s)  TESTED(MiB)     ERRORS
[2022-12-16 19:38:32]          940          940         2254          0
[2022-12-16 19:38:33]          941          940         2727          0
[2022-12-16 19:38:35]          941          940         3201          0
[2022-12-16 19:38:36]          941          940         3675          0
[2022-12-16 19:38:38]          941          940           53          0
[2022-12-16 19:38:39]          941          940          527          0
[2022-12-16 19:38:40]          941          940         1001          0
[2022-12-16 19:38:42]          941          940         1475          0
[2022-12-16 19:38:42] WR-BW(MiB/s) RD-BW(MiB/s)  TESTED(MiB)     ERRORS
[2022-12-16 19:38:43]          940          940         1948          0
[2022-12-16 19:38:45]          941          940         2422          0
[2022-12-16 19:38:46]          941          940         2896          0
[2022-12-16 19:38:48]          941          940         3370          0
[2022-12-16 19:38:49]          941          940         3844          0
[2022-12-16 19:38:51]          941          940          222          0
[2022-12-16 19:38:52]          941          940          695          0
[2022-12-16 19:38:54]          941          940         1169          0
[2022-12-16 19:38:54] WR-BW(MiB/s) RD-BW(MiB/s)  TESTED(MiB)     ERRORS
[2022-12-16 19:38:55]          941          940         1643          0
[2022-12-16 19:38:56]          941          940         2117          0
[2022-12-16 19:38:58]          941          940         2591          0
[2022-12-16 19:38:59]          941          940         3065          0
[2022-12-16 19:39:01]          941          940         3538          0
[2022-12-16 19:39:02]          941          940         4012          0
[2022-12-16 19:39:04]          941          940          390          0
[2022-12-16 19:39:05]          941          940          864          0
[2022-12-16 19:39:05] WR-BW(MiB/s) RD-BW(MiB/s)  TESTED(MiB)     ERRORS
[2022-12-16 19:39:07]          941          940         1338          0
[2022-12-16 19:39:08]          941          940         1812          0
[2022-12-16 19:39:09]          941          940         2285          0
[2022-12-16 19:39:11]          941          940         2759          0
[2022-12-16 19:39:12]          941          940         3233          0
[2022-12-16 19:39:14]          941          940         3707          0
[2022-12-16 19:39:15]          941          940           85          0
[2022-12-16 19:39:17]          941          940          559          0
[2022-12-16 19:39:17] WR-BW(MiB/s) RD-BW(MiB/s)  TESTED(MiB)     ERRORS
[2022-12-16 19:39:18]          941          940         1032          0
[2022-12-16 19:39:20]          941          940         1506          0
[2022-12-16 19:39:21]          941          940         1980          0
[2022-12-16 19:39:23]          941          940         2454          0
[2022-12-16 19:39:24]          941          940         2928          0
[2022-12-16 19:39:25]          941          940         3402          0
[2022-12-16 19:39:27]          941          940         3875          0
[2022-12-16 19:39:28]          941          940          253          0
[2022-12-16 19:39:28] WR-BW(MiB/s) RD-BW(MiB/s)  TESTED(MiB)     ERRORS
[2022-12-16 19:39:30]          941          940          727          0
[2022-12-16 19:39:31]          941          940         1201          0
[2022-12-16 19:39:33]          941          940         1675          0
[2022-12-16 19:39:34]          941          940         2149          0
[2022-12-16 19:39:36]          941          940         2622          0
[2022-12-16 19:39:37]          941          940         3096          0
[2022-12-16 19:39:39]          941          940         3570          0
[2022-12-16 19:39:40]          941          940         4044          0
[2022-12-16 19:39:40] WR-BW(MiB/s) RD-BW(MiB/s)  TESTED(MiB)     ERRORS
[2022-12-16 19:39:41]          941          940          422          0
[2022-12-16 19:39:43]          941          940          896          0
[2022-12-16 19:39:44]          941          940         1369          0
[2022-12-16 19:39:46]          941          940         1843          0
[2022-12-16 19:39:47]          941          940         2317          0
[2022-12-16 19:39:49]          941          940         2791          0
[2022-12-16 19:39:50]          941          940         3265          0
[2022-12-16 19:39:52]          941          940         3739          0
[2022-12-16 19:39:52] WR-BW(MiB/s) RD-BW(MiB/s)  TESTED(MiB)     ERRORS
[2022-12-16 19:39:53]          941          940          116          0
[2022-12-16 19:39:54]          941          940          590          0
[2022-12-16 19:39:56]          941          940         1064          0
[2022-12-16 19:39:57]          941          940         1538          0
[2022-12-16 19:39:59]          941          940         2012          0
[2022-12-16 19:40:00]          941          940         2486          0
[2022-12-16 19:40:02]          941          940         2959          0
[2022-12-16 19:40:03]          941          940         3433          0
[2022-12-16 19:40:03] WR-BW(MiB/s) RD-BW(MiB/s)  TESTED(MiB)     ERRORS
[2022-12-16 19:40:05]          940          940         3907          0
[2022-12-16 19:40:06]          941          940          285          0
[2022-12-16 19:40:08]          941          940          759          0
[2022-12-16 19:40:09]          941          940         1233          0
[2022-12-16 19:40:10]          941          940         1706          0
[2022-12-16 19:40:12]          941          940         2180          0
[2022-12-16 19:40:13]          941          940         2654          0
[2022-12-16 19:40:15]          941          940         3128          0
[2022-12-16 19:40:15] WR-BW(MiB/s) RD-BW(MiB/s)  TESTED(MiB)     ERRORS
[2022-12-16 19:40:16]          941          940         3602          0
[2022-12-16 19:40:18]          941          940         4076          0
[2022-12-16 19:40:19]          941          940          453          0
[2022-12-16 19:40:21]          941          940          927          0
[2022-12-16 19:40:22]          941          940         1401          0
[2022-12-16 19:40:23]          941          940         1875          0
[2022-12-16 19:40:25]          941          940         2349          0
[2022-12-16 19:40:26]          941          940         2823          0
[2022-12-16 19:40:26] WR-BW(MiB/s) RD-BW(MiB/s)  TESTED(MiB)     ERRORS
[2022-12-16 19:40:28]          941          940         3296          0
[2022-12-16 19:40:29]          941          940         3770          0
[2022-12-16 19:40:31]          941          940          148          0
[2022-12-16 19:40:32]          941          940          622          0
[2022-12-16 19:40:34]          941          940         1096          0
[2022-12-16 19:40:35]          941          940         1570          0
[2022-12-16 19:40:37]          941          940         2043          0
[2022-12-16 19:40:38]          941          940         2517          0
[2022-12-16 19:40:38] WR-BW(MiB/s) RD-BW(MiB/s)  TESTED(MiB)     ERRORS
[2022-12-16 19:40:39]          940          940         2991          0
[2022-12-16 19:40:41]          941          940         3465          0
[2022-12-16 19:40:42]          941          940         3939          0
[2022-12-16 19:40:44]          941          940          317          0
[2022-12-16 19:40:45]          941          940          791          0
[2022-12-16 19:40:47]          941          940         1264          0
[2022-12-16 19:40:48]          941          940         1738          0
[2022-12-16 19:40:50]          941          940         2212          0
[2022-12-16 19:40:50] WR-BW(MiB/s) RD-BW(MiB/s)  TESTED(MiB)     ERRORS
[2022-12-16 19:40:51]          941          940         2686          0
[2022-12-16 19:40:53]          941          940         3160          0
[2022-12-16 19:40:54]          941          940         3634          0
[2022-12-16 19:40:55]          941          940           11          0
[2022-12-16 19:40:57]          941          940          485          0
[2022-12-16 19:40:58]          941          940          959          0
[2022-12-16 19:41:00]          941          940         1433          0
[2022-12-16 19:41:01]          941          940         1907          0
[2022-12-16 19:41:01] WR-BW(MiB/s) RD-BW(MiB/s)  TESTED(MiB)     ERRORS
[2022-12-16 19:41:03]          941          940         2381          0
[2022-12-16 19:41:04]          941          940         2854          0
[2022-12-16 19:41:06]          941          940         3328          0
[2022-12-16 19:41:07]          941          940         3802          0
[2022-12-16 19:41:08]          941          940          180          0
[2022-12-16 19:41:10]          941          940          654          0
[2022-12-16 19:41:11]          941          940         1128          0
[2022-12-16 19:41:13]          941          940         1601          0
[2022-12-16 19:41:13] WR-BW(MiB/s) RD-BW(MiB/s)  TESTED(MiB)     ERRORS
[2022-12-16 19:41:14]          941          940         2075          0
[2022-12-16 19:41:16]          941          940         2549          0
[2022-12-16 19:41:17]          941          940         3023          0
[2022-12-16 19:41:19]          941          940         3497          0
[2022-12-16 19:41:20]          941          940         3971          0
[2022-12-16 19:41:22]          941          940          348          0
[2022-12-16 19:41:23]          941          940          822          0
[2022-12-16 19:41:24]          941          940         1296          0
[2022-12-16 19:41:24] WR-BW(MiB/s) RD-BW(MiB/s)  TESTED(MiB)     ERRORS
[2022-12-16 19:41:26]          940          940         1770          0
[2022-12-16 19:41:27]          941          940         2244          0
[2022-12-16 19:41:29]          941          940         2718          0
[2022-12-16 19:41:30]          941          940         3191          0
[2022-12-16 19:41:32]          941          940         3665          0
[2022-12-16 19:41:33]          941          940           43          0
[2022-12-16 19:41:35]          941          940          517          0
[2022-12-16 19:41:36]          941          940          991          0
[2022-12-16 19:41:36] WR-BW(MiB/s) RD-BW(MiB/s)  TESTED(MiB)     ERRORS
[2022-12-16 19:41:38]          941          940         1465          0
[2022-12-16 19:41:39]          941          940         1938          0
[2022-12-16 19:41:40]          941          940         2412          0
[2022-12-16 19:41:42]          941          940         2886          0
[2022-12-16 19:41:43]          941          940         3360          0
[2022-12-16 19:41:45]          941          940         3834          0
[2022-12-16 19:41:46]          941          940          212          0
[2022-12-16 19:41:48]          941          940          685          0
[2022-12-16 19:41:48] WR-BW(MiB/s) RD-BW(MiB/s)  TESTED(MiB)     ERRORS
[2022-12-16 19:41:49]          941          940         1159          0
[2022-12-16 19:41:51]          941          940         1633          0
[2022-12-16 19:41:52]          941          940         2107          0
[2022-12-16 19:41:54]          941          940         2581          0
[2022-12-16 19:41:55]          941          940         3055          0
[2022-12-16 19:41:56]          941          940         3528          0
[2022-12-16 19:41:58]          941          940         4002          0
[2022-12-16 19:41:59]          941          940          380          0
[2022-12-16 19:41:59] WR-BW(MiB/s) RD-BW(MiB/s)  TESTED(MiB)     ERRORS
[2022-12-16 19:42:01]          941          940          854          0
[2022-12-16 19:42:02]          941          940         1328          0
[2022-12-16 19:42:04]          941          940         1802          0
[2022-12-16 19:42:05]          941          940         2275          0
[2022-12-16 19:42:07]          941          940         2749          0
[2022-12-16 19:42:08]          941          940         3223          0
[2022-12-16 19:42:09]          941          940         3697          0
[2022-12-16 19:42:11]          941          940           75          0
[2022-12-16 19:42:11] WR-BW(MiB/s) RD-BW(MiB/s)  TESTED(MiB)     ERRORS
[2022-12-16 19:42:12]          941          940          549          0
[2022-12-16 19:42:14]          941          940         1022          0
[2022-12-16 19:42:15]          941          940         1496          0
[2022-12-16 19:42:17]          941          940         1970          0
[2022-12-16 19:42:18]          941          940         2444          0
[2022-12-16 19:42:20]          941          940         2918          0
[2022-12-16 19:42:21]          941          940         3392          0
[2022-12-16 19:42:23]          941          940         3865          0
[2022-12-16 19:42:23] WR-BW(MiB/s) RD-BW(MiB/s)  TESTED(MiB)     ERRORS
[2022-12-16 19:42:24]          940          940          243          0
[2022-12-16 19:42:25]          941          940          717          0
[2022-12-16 19:42:27]          941          940         1191          0
[2022-12-16 19:42:28]          941          940         1665          0
[2022-12-16 19:42:30]          941          940         2139          0
[2022-12-16 19:42:31]          941          940         2612          0
[2022-12-16 19:42:33]          941          940         3086          0
[2022-12-16 19:42:34]          941          940         3560          0
[2022-12-16 19:42:34] WR-BW(MiB/s) RD-BW(MiB/s)  TESTED(MiB)     ERRORS
[2022-12-16 19:42:36]          940          940         4034          0
[2022-12-16 19:42:37]          941          940          412          0
[2022-12-16 19:42:38]          941          940          886          0
[2022-12-16 19:42:40]          941          940         1359          0
[2022-12-16 19:42:41]          941          940         1833          0
[2022-12-16 19:42:43]          941          940         2307          0
[2022-12-16 19:42:44]          941          940         2781          0
[2022-12-16 19:42:46]          941          940         3255          0
[2022-12-16 19:42:46] WR-BW(MiB/s) RD-BW(MiB/s)  TESTED(MiB)     ERRORS
[2022-12-16 19:42:47]          941          940         3729          0
[2022-12-16 19:42:49]          941          940          107          0
[2022-12-16 19:42:50]          941          940          580          0
[2022-12-16 19:42:52]          941          940         1054          0
[2022-12-16 19:42:53]          941          940         1528          0
[2022-12-16 19:42:54]          941          940         2002          0
[2022-12-16 19:42:56]          941          940         2476          0
[2022-12-16 19:42:57]          941          940         2950          0
[2022-12-16 19:42:57] WR-BW(MiB/s) RD-BW(MiB/s)  TESTED(MiB)     ERRORS
[2022-12-16 19:42:59]          941          940         3423          0
[2022-12-16 19:43:00]          941          940         3897          0
[2022-12-16 19:43:02]          941          940          275          0
[2022-12-16 19:43:03]          941          940          749          0
[2022-12-16 19:43:05]          941          940         1223          0
[2022-12-16 19:43:06]          941          940         1697          0
[2022-12-16 19:43:08]          941          940         2170          0
[2022-12-16 19:43:09]          941          940         2644          0
[2022-12-16 19:43:09] WR-BW(MiB/s) RD-BW(MiB/s)  TESTED(MiB)     ERRORS
[2022-12-16 19:43:10]          940          940         3118          0
[2022-12-16 19:43:12]          941          940         3592          0
[2022-12-16 19:43:13]          941          940         4066          0
[2022-12-16 19:43:15]          941          940          444          0
[2022-12-16 19:43:16]          941          940          917          0
[2022-12-16 19:43:18]          941          940         1391          0
[2022-12-16 19:43:19]          941          940         1865          0
[2022-12-16 19:43:21]          941          940         2339          0
[2022-12-16 19:43:21] WR-BW(MiB/s) RD-BW(MiB/s)  TESTED(MiB)     ERRORS
[2022-12-16 19:43:22]          941          940         2813          0
[2022-12-16 19:43:23]          941          940         3287          0
[2022-12-16 19:43:25]          941          940         3760          0
[2022-12-16 19:43:26]          941          940          138          0
[2022-12-16 19:43:28]          941          940          612          0
[2022-12-16 19:43:29]          941          940         1086          0
[2022-12-16 19:43:31]          941          940         1560          0
[2022-12-16 19:43:32]          941          940         2034          0
[2022-12-16 19:43:32] WR-BW(MiB/s) RD-BW(MiB/s)  TESTED(MiB)     ERRORS
[2022-12-16 19:43:34]          941          940         2507          0
[2022-12-16 19:43:35]          941          940         2981          0
[2022-12-16 19:43:37]          941          940         3455          0
[2022-12-16 19:43:38]          941          940         3929          0
[2022-12-16 19:43:39]          941          940          307          0
[2022-12-16 19:43:41]          941          940          781          0
[2022-12-16 19:43:42]          941          940         1254          0
[2022-12-16 19:43:44]          941          940         1728          0
[2022-12-16 19:43:44] WR-BW(MiB/s) RD-BW(MiB/s)  TESTED(MiB)     ERRORS
[2022-12-16 19:43:45]          941          940         2202          0
[2022-12-16 19:43:47]          941          940         2676          0
[2022-12-16 19:43:48]          941          940         3150          0
[2022-12-16 19:43:50]          941          940         3624          0
[2022-12-16 19:43:51]          941          940            1          0
[2022-12-16 19:43:53]          941          940          475          0
[2022-12-16 19:43:54]          941          940          949          0
[2022-12-16 19:43:55]          941          940         1423          0
[2022-12-16 19:43:55] WR-BW(MiB/s) RD-BW(MiB/s)  TESTED(MiB)     ERRORS
[2022-12-16 19:43:57]          941          940         1897          0
[2022-12-16 19:43:58]          941          940         2371          0
[2022-12-16 19:44:00]          941          940         2844          0
[2022-12-16 19:44:01]          941          940         3318          0
[2022-12-16 19:44:03]          941          940         3792          0
[2022-12-16 19:44:04]          941          940          170          0
[2022-12-16 19:44:06]          941          940          644          0
[2022-12-16 19:44:07]          941          940         1118          0
[2022-12-16 19:44:07] WR-BW(MiB/s) RD-BW(MiB/s)  TESTED(MiB)     ERRORS
[2022-12-16 19:44:08]          941          940         1591          0
[2022-12-16 19:44:10]          941          940         2065          0
[2022-12-16 19:44:11]          941          940         2539          0
[2022-12-16 19:44:13]          941          940         3013          0
[2022-12-16 19:44:14]          941          940         3487          0
[2022-12-16 19:44:16]          941          940         3961          0
[2022-12-16 19:44:17]          941          940          338          0
[2022-12-16 19:44:19]          941          940          812          0
[2022-12-16 19:44:19] WR-BW(MiB/s) RD-BW(MiB/s)  TESTED(MiB)     ERRORS
[2022-12-16 19:44:20]          941          940         1286          0
[2022-12-16 19:44:22]          941          940         1760          0
[2022-12-16 19:44:23]          941          940         2234          0
[2022-12-16 19:44:24]          941          940         2708          0
[2022-12-16 19:44:26]          941          940         3181          0
[2022-12-16 19:44:27]          941          940         3655          0
[2022-12-16 19:44:29]          941          940           33          0
[2022-12-16 19:44:30]          941          940          507          0
[2022-12-16 19:44:30] WR-BW(MiB/s) RD-BW(MiB/s)  TESTED(MiB)     ERRORS
[2022-12-16 19:44:32]          940          940          981          0
[2022-12-16 19:44:33]          941          940         1455          0
[2022-12-16 19:44:35]          941          940         1928          0
[2022-12-16 19:44:36]          941          940         2402          0
[2022-12-16 19:44:38]          941          940         2876          0
[2022-12-16 19:44:39]          941          940         3350          0
[2022-12-16 19:44:40]          941          940         3824          0
[2022-12-16 19:44:42]          941          940          202          0
[2022-12-16 19:44:42] WR-BW(MiB/s) RD-BW(MiB/s)  TESTED(MiB)     ERRORS
[2022-12-16 19:44:43]          941          940          676          0
[2022-12-16 19:44:45]          941          940         1149          0
[2022-12-16 19:44:46]          941          940         1623          0
[2022-12-16 19:44:48]          941          940         2097          0
[2022-12-16 19:44:49]          941          940         2571          0
[2022-12-16 19:44:51]          941          940         3045          0
[2022-12-16 19:44:52]          941          940         3519          0
[2022-12-16 19:44:53]          941          940         3992          0
[2022-12-16 19:44:53] WR-BW(MiB/s) RD-BW(MiB/s)  TESTED(MiB)     ERRORS
[2022-12-16 19:44:55]          940          940          370          0
[2022-12-16 19:44:56]          941          940          844          0
[2022-12-16 19:44:58]          941          940         1318          0
[2022-12-16 19:44:59]          941          940         1792          0
[2022-12-16 19:45:01]          941          940         2266          0
[2022-12-16 19:45:02]          941          940         2739          0
[2022-12-16 19:45:04]          941          940         3213          0
[2022-12-16 19:45:05]          941          940         3687          0
[2022-12-16 19:45:05] WR-BW(MiB/s) RD-BW(MiB/s)  TESTED(MiB)     ERRORS
[2022-12-16 19:45:07]          940          940           65          0
[2022-12-16 19:45:08]          941          940          539          0
[2022-12-16 19:45:09]          941          940         1013          0
[2022-12-16 19:45:11]          941          940         1486          0
[2022-12-16 19:45:12]          941          940         1960          0
[2022-12-16 19:45:14]          941          940         2434          0
[2022-12-16 19:45:15]          941          940         2908          0
[2022-12-16 19:45:17]          941          940         3382          0
[2022-12-16 19:45:17] WR-BW(MiB/s) RD-BW(MiB/s)  TESTED(MiB)     ERRORS
[2022-12-16 19:45:18]          940          940         3856          0
[2022-12-16 19:45:20]          941          940          233          0
[2022-12-16 19:45:21]          941          940          707          0
[2022-12-16 19:45:23]          941          940         1181          0
[2022-12-16 19:45:24]          941          940         1655          0
[2022-12-16 19:45:25]          941          940         2129          0
[2022-12-16 19:45:27]          941          940         2603          0
[2022-12-16 19:45:28]          941          940         3076          0
[2022-12-16 19:45:28] WR-BW(MiB/s) RD-BW(MiB/s)  TESTED(MiB)     ERRORS
[2022-12-16 19:45:30]          941          940         3550          0
[2022-12-16 19:45:31]          941          940         4024          0
[2022-12-16 19:45:33]          941          940          402          0
[2022-12-16 19:45:34]          941          940          876          0
[2022-12-16 19:45:36]          941          940         1350          0
[2022-12-16 19:45:37]          941          940         1823          0
[2022-12-16 19:45:38]          941          940         2297          0
[2022-12-16 19:45:40]          941          940         2771          0
[2022-12-16 19:45:40] WR-BW(MiB/s) RD-BW(MiB/s)  TESTED(MiB)     ERRORS
[2022-12-16 19:45:41]          940          940         3245          0
[2022-12-16 19:45:43]          941          940         3719          0
[2022-12-16 19:45:44]          941          940           97          0
[2022-12-16 19:45:46]          941          940          570          0
[2022-12-16 19:45:47]          941          940         1044          0
[2022-12-16 19:45:49]          941          940         1518          0
[2022-12-16 19:45:50]          941          940         1992          0
[2022-12-16 19:45:52]          941          940         2466          0
[2022-12-16 19:45:52] WR-BW(MiB/s) RD-BW(MiB/s)  TESTED(MiB)     ERRORS
[2022-12-16 19:45:53]          941          940         2940          0
[2022-12-16 19:45:54]          941          940         3413          0
[2022-12-16 19:45:56]          941          940         3887          0
[2022-12-16 19:45:57]          941          940          265          0
[2022-12-16 19:45:59]          941          940          739          0
[2022-12-16 19:46:00]          941          940         1213          0
[2022-12-16 19:46:02]          941          940         1687          0
[2022-12-16 19:46:03]          941          940         2160          0
[2022-12-16 19:46:03] WR-BW(MiB/s) RD-BW(MiB/s)  TESTED(MiB)     ERRORS
[2022-12-16 19:46:05]          941          940         2634          0
[2022-12-16 19:46:06]          941          940         3108          0
[2022-12-16 19:46:08]          941          940         3582          0
[2022-12-16 19:46:09]          941          940         4056          0
[2022-12-16 19:46:10]          941          940          434          0
[2022-12-16 19:46:12]          941          940          907          0
[2022-12-16 19:46:13]          941          940         1381          0
[2022-12-16 19:46:15]          941          940         1855          0
[2022-12-16 19:46:15] WR-BW(MiB/s) RD-BW(MiB/s)  TESTED(MiB)     ERRORS
[2022-12-16 19:46:16]          940          940         2329          0
[2022-12-16 19:46:18]          941          940         2803          0
[2022-12-16 19:46:19]          941          940         3277          0
[2022-12-16 19:46:21]          941          940         3750          0
[2022-12-16 19:46:22]          941          940          128          0
[2022-12-16 19:46:23]          941          940          602          0
[2022-12-16 19:46:25]          941          940         1076          0
[2022-12-16 19:46:26]          941          940         1550          0
[2022-12-16 19:46:26] WR-BW(MiB/s) RD-BW(MiB/s)  TESTED(MiB)     ERRORS
[2022-12-16 19:46:28]          941          940         2024          0
[2022-12-16 19:46:29]          941          940         2497          0
[2022-12-16 19:46:31]          941          940         2971          0
[2022-12-16 19:46:32]          941          940         3445          0
[2022-12-16 19:46:34]          941          940         3919          0
[2022-12-16 19:46:35]          941          940          297          0
[2022-12-16 19:46:37]          941          940          771          0
[2022-12-16 19:46:38]          941          940         1244          0
[2022-12-16 19:46:38] WR-BW(MiB/s) RD-BW(MiB/s)  TESTED(MiB)     ERRORS
[2022-12-16 19:46:39]          940          940         1718          0
[2022-12-16 19:46:41]          941          940         2192          0
[2022-12-16 19:46:42]          941          940         2666          0
[2022-12-16 19:46:44]          941          940         3140          0
[2022-12-16 19:46:45]          941          940         3614          0
[2022-12-16 19:46:47]          941          940         4087          0
[2022-12-16 19:46:48]          941          940          465          0
[2022-12-16 19:46:50]          941          940          939          0
[2022-12-16 19:46:50] WR-BW(MiB/s) RD-BW(MiB/s)  TESTED(MiB)     ERRORS
[2022-12-16 19:46:51]          941          940         1413          0
[2022-12-16 19:46:53]          941          940         1887          0
[2022-12-16 19:46:54]          941          940         2361          0
[2022-12-16 19:46:55]          941          940         2835          0
[2022-12-16 19:46:57]          941          940         3308          0
[2022-12-16 19:46:58]          941          940         3782          0
[2022-12-16 19:47:00]          941          940          160          0
[2022-12-16 19:47:01]          941          940          634          0
[2022-12-16 19:47:01] WR-BW(MiB/s) RD-BW(MiB/s)  TESTED(MiB)     ERRORS
[2022-12-16 19:47:03]          940          940         1108          0
[2022-12-16 19:47:04]          941          940         1582          0
[2022-12-16 19:47:06]          941          940         2055          0
[2022-12-16 19:47:07]          941          940         2529          0
[2022-12-16 19:47:08]          941          940         3003          0
[2022-12-16 19:47:10]          941          940         3477          0
[2022-12-16 19:47:11]          941          940         3951          0
[2022-12-16 19:47:13]          941          940          329          0
[2022-12-16 19:47:13] WR-BW(MiB/s) RD-BW(MiB/s)  TESTED(MiB)     ERRORS
[2022-12-16 19:47:14]          941          940          802          0
[2022-12-16 19:47:16]          941          940         1276          0
[2022-12-16 19:47:17]          941          940         1750          0
[2022-12-16 19:47:19]          941          940         2224          0
[2022-12-16 19:47:20]          941          940         2698          0
[2022-12-16 19:47:22]          941          940         3172          0
[2022-12-16 19:47:23]          941          940         3645          0
[2022-12-16 19:47:24]          941          940           23          0
[2022-12-16 19:47:24] WR-BW(MiB/s) RD-BW(MiB/s)  TESTED(MiB)     ERRORS
[2022-12-16 19:47:26]          941          940          497          0
[2022-12-16 19:47:27]          941          940          971          0
[2022-12-16 19:47:29]          941          940         1445          0
[2022-12-16 19:47:30]          941          940         1919          0
[2022-12-16 19:47:32]          941          940         2392          0
[2022-12-16 19:47:33]          941          940         2866          0
[2022-12-16 19:47:35]          941          940         3340          0
[2022-12-16 19:47:36]          941          940         3814          0
[2022-12-16 19:47:36] WR-BW(MiB/s) RD-BW(MiB/s)  TESTED(MiB)     ERRORS
[2022-12-16 19:47:38]          941          940          192          0
[2022-12-16 19:47:39]          941          940          666          0
[2022-12-16 19:47:40]          941          940         1139          0
[2022-12-16 19:47:42]          941          940         1613          0
[2022-12-16 19:47:43]          941          940         2087          0
[2022-12-16 19:47:45]          941          940         2561          0
[2022-12-16 19:47:46]          941          940         3035          0
[2022-12-16 19:47:48]          941          940         3509          0
[2022-12-16 19:47:48] WR-BW(MiB/s) RD-BW(MiB/s)  TESTED(MiB)     ERRORS
[2022-12-16 19:47:49]          941          940         3982          0
[2022-12-16 19:47:51]          941          940          360          0
[2022-12-16 19:47:52]          941          940          834          0
[2022-12-16 19:47:53]          941          940         1308          0
[2022-12-16 19:47:55]          941          940         1782          0
[2022-12-16 19:47:56]          941          940         2256          0
[2022-12-16 19:47:58]          941          940         2729          0
[2022-12-16 19:47:59]          941          940         3203          0
[2022-12-16 19:47:59] WR-BW(MiB/s) RD-BW(MiB/s)  TESTED(MiB)     ERRORS
[2022-12-16 19:48:01]          940          940         3677          0
[2022-12-16 19:48:02]          941          940           55          0
[2022-12-16 19:48:04]          941          940          529          0
[2022-12-16 19:48:05]          941          940         1003          0
[2022-12-16 19:48:07]          941          940         1476          0
[2022-12-16 19:48:08]          941          940         1950          0
[2022-12-16 19:48:09]          941          940         2424          0
[2022-12-16 19:48:11]          941          940         2898          0
[2022-12-16 19:48:11] WR-BW(MiB/s) RD-BW(MiB/s)  TESTED(MiB)     ERRORS
[2022-12-16 19:48:12]          940          940         3372          0
[2022-12-16 19:48:14]          941          940         3846          0
[2022-12-16 19:48:15]          941          940          223          0
[2022-12-16 19:48:17]          941          940          697          0
[2022-12-16 19:48:18]          941          940         1171          0
[2022-12-16 19:48:20]          941          940         1645          0
[2022-12-16 19:48:21]          941          940         2119          0
[2022-12-16 19:48:23]          941          940         2593          0
[2022-12-16 19:48:23] WR-BW(MiB/s) RD-BW(MiB/s)  TESTED(MiB)     ERRORS
[2022-12-16 19:48:24]          940          940         3066          0
[2022-12-16 19:48:25]          941          940         3540          0
[2022-12-16 19:48:27]          941          940         4014          0
[2022-12-16 19:48:28]          941          940          392          0
[2022-12-16 19:48:30]          941          940          866          0
[2022-12-16 19:48:31]          941          940         1340          0
[2022-12-16 19:48:33]          941          940         1813          0
[2022-12-16 19:48:34]          941          940         2287          0
[2022-12-16 19:48:34] WR-BW(MiB/s) RD-BW(MiB/s)  TESTED(MiB)     ERRORS
[2022-12-16 19:48:36]          941          940         2761          0
[2022-12-16 19:48:37]          941          940         3235          0
[2022-12-16 19:48:38]          941          940         3709          0
[2022-12-16 19:48:40]          941          940           87          0
[2022-12-16 19:48:41]          941          940          560          0
[2022-12-16 19:48:43]          941          940         1034          0
[2022-12-16 19:48:44]          941          940         1508          0
[2022-12-16 19:48:46]          941          940         1982          0
[2022-12-16 19:48:46] WR-BW(MiB/s) RD-BW(MiB/s)  TESTED(MiB)     ERRORS
[2022-12-16 19:48:47]          940          940         2456          0
[2022-12-16 19:48:49]          941          940         2930          0
[2022-12-16 19:48:50]          941          940         3403          0
[2022-12-16 19:48:52]          941          940         3877          0
[2022-12-16 19:48:53]          941          940          255          0
[2022-12-16 19:48:54]          941          940          729          0
[2022-12-16 19:48:56]          941          940         1203          0
[2022-12-16 19:48:57]          941          940         1677          0
[2022-12-16 19:48:57] WR-BW(MiB/s) RD-BW(MiB/s)  TESTED(MiB)     ERRORS
[2022-12-16 19:48:59]          940          940         2150          0
[2022-12-16 19:49:00]          941          940         2624          0
[2022-12-16 19:49:02]          941          940         3098          0
[2022-12-16 19:49:03]          941          940         3572          0
[2022-12-16 19:49:05]          941          940         4046          0
[2022-12-16 19:49:06]          941          940          424          0
[2022-12-16 19:49:08]          941          940          898          0
[2022-12-16 19:49:09]          941          940         1371          0
[2022-12-16 19:49:09] WR-BW(MiB/s) RD-BW(MiB/s)  TESTED(MiB)     ERRORS
[2022-12-16 19:49:10]          941          940         1845          0
[2022-12-16 19:49:12]          941          940         2319          0
[2022-12-16 19:49:13]          941          940         2793          0
[2022-12-16 19:49:15]          941          940         3267          0
[2022-12-16 19:49:16]          941          940         3741          0
[2022-12-16 19:49:18]          941          940          118          0
[2022-12-16 19:49:19]          941          940          592          0
[2022-12-16 19:49:21]          941          940         1066          0
[2022-12-16 19:49:21] WR-BW(MiB/s) RD-BW(MiB/s)  TESTED(MiB)     ERRORS
[2022-12-16 19:49:22]          940          940         1540          0
[2022-12-16 19:49:23]          941          940         2014          0
[2022-12-16 19:49:25]          941          940         2488          0
[2022-12-16 19:49:26]          941          940         2961          0
[2022-12-16 19:49:28]          941          940         3435          0
[2022-12-16 19:49:29]          941          940         3909          0
[2022-12-16 19:49:31]          941          940          287          0
[2022-12-16 19:49:32]          941          940          761          0
[2022-12-16 19:49:32] WR-BW(MiB/s) RD-BW(MiB/s)  TESTED(MiB)     ERRORS
[2022-12-16 19:49:34]          941          940         1235          0
[2022-12-16 19:49:35]          941          940         1708          0
[2022-12-16 19:49:37]          941          940         2182          0
[2022-12-16 19:49:38]          941          940         2656          0
[2022-12-16 19:49:39]          941          940         3130          0
[2022-12-16 19:49:41]          941          940         3604          0
[2022-12-16 19:49:42]          941          940         4078          0
[2022-12-16 19:49:44]          941          940          455          0
[2022-12-16 19:49:44] WR-BW(MiB/s) RD-BW(MiB/s)  TESTED(MiB)     ERRORS
[2022-12-16 19:49:45]          941          940          929          0
[2022-12-16 19:49:47]          941          940         1403          0
[2022-12-16 19:49:48]          941          940         1877          0
[2022-12-16 19:49:50]          941          940         2351          0
[2022-12-16 19:49:51]          941          940         2825          0
[2022-12-16 19:49:52]          941          940         3298          0
[2022-12-16 19:49:54]          941          940         3772          0
[2022-12-16 19:49:55]          941          940          150          0
[2022-12-16 19:49:55] WR-BW(MiB/s) RD-BW(MiB/s)  TESTED(MiB)     ERRORS
[2022-12-16 19:49:57]          941          940          624          0
[2022-12-16 19:49:58]          941          940         1098          0
[2022-12-16 19:50:00]          941          940         1572          0
[2022-12-16 19:50:01]          941          940         2045          0
[2022-12-16 19:50:03]          941          940         2519          0
[2022-12-16 19:50:04]          941          940         2993          0
[2022-12-16 19:50:06]          941          940         3467          0
[2022-12-16 19:50:07]          941          940         3941          0
[2022-12-16 19:50:07] WR-BW(MiB/s) RD-BW(MiB/s)  TESTED(MiB)     ERRORS
[2022-12-16 19:50:08]          940          940          319          0
[2022-12-16 19:50:10]          941          940          792          0
[2022-12-16 19:50:11]          941          940         1266          0
[2022-12-16 19:50:13]          941          940         1740          0
[2022-12-16 19:50:14]          941          940         2214          0
[2022-12-16 19:50:16]          941          940         2688          0
[2022-12-16 19:50:17]          941          940         3162          0
[2022-12-16 19:50:19]          941          940         3635          0
[2022-12-16 19:50:19] WR-BW(MiB/s) RD-BW(MiB/s)  TESTED(MiB)     ERRORS
[2022-12-16 19:50:20]          940          940           13          0
[2022-12-16 19:50:22]          941          940          487          0
[2022-12-16 19:50:23]          941          940          961          0
[2022-12-16 19:50:24]          941          940         1435          0
[2022-12-16 19:50:26]          941          940         1909          0
[2022-12-16 19:50:27]          941          940         2382          0
[2022-12-16 19:50:29]          941          940         2856          0
[2022-12-16 19:50:30]          941          940         3330          0
[2022-12-16 19:50:30] WR-BW(MiB/s) RD-BW(MiB/s)  TESTED(MiB)     ERRORS
[2022-12-16 19:50:32]          941          940         3804          0
[2022-12-16 19:50:33]          941          940          182          0
[2022-12-16 19:50:35]          941          940          656          0
[2022-12-16 19:50:36]          941          940         1129          0
[2022-12-16 19:50:38]          941          940         1603          0
[2022-12-16 19:50:39]          941          940         2077          0
