[2022-12-18 07:16:17] 
[2022-12-18 07:16:17] [1m        __   _ __      _  __[0m
[2022-12-18 07:16:17] [1m       / /  (_) /____ | |/_/[0m
[2022-12-18 07:16:17] [1m      / /__/ / __/ -_)>  <[0m
[2022-12-18 07:16:17] [1m     /____/_/\__/\__/_/|_|[0m
[2022-12-18 07:16:17] [1m   Build your hardware, easily![0m
[2022-12-18 07:16:17]  (c) Copyright 2012-2022 Enjoy-Digital
[2022-12-18 07:16:17]  (c) Copyright 2007-2015 M-Labs
[2022-12-18 07:16:17]  BIOS built on Nov 28 2022 18:17:22
[2022-12-18 07:16:17]  BIOS CRC passed (b0e744c8)
[2022-12-18 07:16:17]  LiteX git sha1: f707551c
[2022-12-18 07:16:17] --=============== [1mSoC[0m ==================--
[2022-12-18 07:16:17] [1mCPU[0m:		VexRiscv @ 75MHz
[2022-12-18 07:16:17] [1mBUS[0m:		WISHBONE 32-bit @ 4GiB
[2022-12-18 07:16:17] [1mCSR[0m:		32-bit data
[2022-12-18 07:16:17] [1mROM[0m:		128KiB
[2022-12-18 07:16:17] [1mSRAM[0m:		8KiB
[2022-12-18 07:16:17] [1mL2[0m:		8KiB
[2022-12-18 07:16:17] [1mSDRAM[0m:		524288KiB 16-bit @ 600MT/s (CL-7 CWL-5)
[2022-12-18 07:16:17] --========== [1mInitialization[0m ============--
[2022-12-18 07:16:17] Initializing SDRAM @0x40000000...
[2022-12-18 07:16:17] Switching SDRAM to software control.
[2022-12-18 07:16:17] Read leveling:
[2022-12-18 07:16:17]   m0, b00: |00000000000000000000000000000000| delays: -
[2022-12-18 07:16:17]   m0, b01: |11111111100000000000000000000000| delays: 04+-04
[2022-12-18 07:16:17]   m0, b02: |00000000000011111111111111111100| delays: 20+-09
[2022-12-18 07:16:17]   m0, b03: |00000000000000000000000000000000| delays: -
[2022-12-18 07:16:17]   m0, b04: |00000000000000000000000000000000| delays: -
[2022-12-18 07:16:17]   m0, b05: |00000000000000000000000000000000| delays: -
[2022-12-18 07:16:17]   m0, b06: |00000000000000000000000000000000| delays: -
[2022-12-18 07:16:17]   m0, b07: |00000000000000000000000000000000| delays: -
[2022-12-18 07:16:17]   best: m0, b02 delays: 21+-09
[2022-12-18 07:16:17]   m1, b00: |00000000000000000000000000000000| delays: -
[2022-12-18 07:16:17]   m1, b01: |11111111100000000000000000000000| delays: 04+-04
[2022-12-18 07:16:17]   m1, b02: |00000000001111111111111111111100| delays: 20+-10
[2022-12-18 07:16:17]   m1, b03: |00000000000000000000000000000000| delays: -
[2022-12-18 07:16:17]   m1, b04: |00000000000000000000000000000000| delays: -
[2022-12-18 07:16:17]   m1, b05: |00000000000000000000000000000000| delays: -
[2022-12-18 07:16:17]   m1, b06: |00000000000000000000000000000000| delays: -
[2022-12-18 07:16:17]   m1, b07: |00000000000000000000000000000000| delays: -
[2022-12-18 07:16:17]   best: m1, b02 delays: 20+-10
[2022-12-18 07:16:17] Switching SDRAM to hardware control.
[2022-12-18 07:16:17] Memtest at 0x40000000 (2.0MiB)...
[2022-12-18 07:16:17]   Write: 0x40000000-0x40000000 0B   
[2022-12-18 07:16:17]   Write: 0x40000000-0x40200000 2.0MiB   
[2022-12-18 07:16:17]    Read: 0x40000000-0x40000000 0B   
[2022-12-18 07:16:17]    Read: 0x40000000-0x40200000 2.0MiB   
[2022-12-18 07:16:17] Memtest OK
[2022-12-18 07:16:17] Memspeed at 0x40000000 (Sequential, 2.0MiB)...
[2022-12-18 07:16:17]   Write speed: 26.2MiB/s
[2022-12-18 07:16:17]    Read speed: 35.1MiB/s
[2022-12-18 07:16:17] --============== [1mBoot[0m ==================--
[2022-12-18 07:16:17] Booting from serial...
[2022-12-18 07:16:17] Press Q or ESC to abort boot completely.
[2022-12-18 07:16:17] sL5DdSMmkekro
[2022-12-18 07:16:17] Timeout
[2022-12-18 07:16:17] No boot medium found
[2022-12-18 07:16:17] --============= [1mConsole[0m ================--
[2022-12-18 07:16:17] [92;1mlitex[0m> sdram_bist_pat 165
[2022-12-18 07:16:17] sdram_bist_pat 165
[2022-12-18 07:16:17] [92;1mlitex[0m> 
[2022-12-18 07:16:17] [92;1mlitex[0m> 
[2022-12-18 07:16:17] [92;1mlitex[0m> sdram_bist 8192 1 0 2
[2022-12-18 07:16:17] sdram_bist 8192 1 0 2
[2022-12-18 07:16:17] Starting SDRAM BIST with length=8192, addr_mode=1, data_mode=0 wmode=2
[2022-12-18 07:16:17] WR-BW(MiB/s) RD-BW(MiB/s)  TESTED(MiB)     ERRORS
[2022-12-18 07:16:19]          941          940          473          0
[2022-12-18 07:16:20]          941          940          947          0
[2022-12-18 07:16:22]          941          940         1421          0
[2022-12-18 07:16:23]          941          940         1895          0
[2022-12-18 07:16:25]          941          940         2369          0
[2022-12-18 07:16:26]          941          940         2843          0
[2022-12-18 07:16:28]          941          940         3316          0
[2022-12-18 07:16:29]          941          940         3790          0
[2022-12-18 07:16:29] WR-BW(MiB/s) RD-BW(MiB/s)  TESTED(MiB)     ERRORS
[2022-12-18 07:16:31]          941          940          168          0
[2022-12-18 07:16:32]          941          940          642          0
[2022-12-18 07:16:33]          941          940         1116          0
[2022-12-18 07:16:35]          941          940         1590          0
[2022-12-18 07:16:36]          941          940         2063          0
[2022-12-18 07:16:38]          941          940         2537          0
[2022-12-18 07:16:39]          941          940         3011          0
[2022-12-18 07:16:41]          941          940         3485          0
[2022-12-18 07:16:41] WR-BW(MiB/s) RD-BW(MiB/s)  TESTED(MiB)     ERRORS
[2022-12-18 07:16:42]          941          940         3959          0
[2022-12-18 07:16:44]          941          940          337          0
[2022-12-18 07:16:45]          941          940          810          0
[2022-12-18 07:16:46]          941          940         1284          0
[2022-12-18 07:16:48]          941          940         1758          0
[2022-12-18 07:16:49]          941          940         2232          0
[2022-12-18 07:16:51]          941          940         2706          0
[2022-12-18 07:16:52]          941          940         3180          0
[2022-12-18 07:16:52] WR-BW(MiB/s) RD-BW(MiB/s)  TESTED(MiB)     ERRORS
[2022-12-18 07:16:54]          940          940         3653          0
[2022-12-18 07:16:55]          941          940           31          0
[2022-12-18 07:16:57]          941          940          505          0
[2022-12-18 07:16:58]          941          940          979          0
[2022-12-18 07:17:00]          941          940         1453          0
[2022-12-18 07:17:01]          941          940         1927          0
[2022-12-18 07:17:02]          941          940         2400          0
[2022-12-18 07:17:04]          941          940         2874          0
[2022-12-18 07:17:04] WR-BW(MiB/s) RD-BW(MiB/s)  TESTED(MiB)     ERRORS
[2022-12-18 07:17:05]          941          940         3348          0
[2022-12-18 07:17:07]          941          940         3822          0
[2022-12-18 07:17:08]          941          940          200          0
[2022-12-18 07:17:10]          941          940          674          0
[2022-12-18 07:17:11]          941          940         1147          0
[2022-12-18 07:17:13]          941          940         1621          0
[2022-12-18 07:17:14]          941          940         2095          0
[2022-12-18 07:17:16]          941          940         2569          0
[2022-12-18 07:17:16] WR-BW(MiB/s) RD-BW(MiB/s)  TESTED(MiB)     ERRORS
[2022-12-18 07:17:17]          940          940         3043          0
[2022-12-18 07:17:18]          941          940         3517          0
[2022-12-18 07:17:20]          941          940         3990          0
[2022-12-18 07:17:21]          941          940          368          0
[2022-12-18 07:17:23]          941          940          842          0
[2022-12-18 07:17:24]          941          940         1316          0
[2022-12-18 07:17:26]          941          940         1790          0
[2022-12-18 07:17:27]          941          940         2264          0
[2022-12-18 07:17:27] WR-BW(MiB/s) RD-BW(MiB/s)  TESTED(MiB)     ERRORS
[2022-12-18 07:17:29]          941          940         2737          0
[2022-12-18 07:17:30]          941          940         3211          0
[2022-12-18 07:17:31]          941          940         3685          0
[2022-12-18 07:17:33]          941          940           63          0
[2022-12-18 07:17:34]          941          940          537          0
[2022-12-18 07:17:36]          941          940         1011          0
[2022-12-18 07:17:37]          941          940         1484          0
[2022-12-18 07:17:39]          941          940         1958          0
[2022-12-18 07:17:39] WR-BW(MiB/s) RD-BW(MiB/s)  TESTED(MiB)     ERRORS
[2022-12-18 07:17:40]          940          940         2432          0
[2022-12-18 07:17:42]          941          940         2906          0
[2022-12-18 07:17:43]          941          940         3380          0
[2022-12-18 07:17:45]          941          940         3854          0
[2022-12-18 07:17:46]          941          940          231          0
[2022-12-18 07:17:47]          941          940          705          0
[2022-12-18 07:17:49]          941          940         1179          0
[2022-12-18 07:17:50]          941          940         1653          0
[2022-12-18 07:17:50] WR-BW(MiB/s) RD-BW(MiB/s)  TESTED(MiB)     ERRORS
[2022-12-18 07:17:52]          940          940         2127          0
[2022-12-18 07:17:53]          941          940         2601          0
[2022-12-18 07:17:55]          941          940         3074          0
[2022-12-18 07:17:56]          941          940         3548          0
[2022-12-18 07:17:58]          941          940         4022          0
[2022-12-18 07:17:59]          941          940          400          0
[2022-12-18 07:18:01]          941          940          874          0
[2022-12-18 07:18:02]          941          940         1348          0
[2022-12-18 07:18:02] WR-BW(MiB/s) RD-BW(MiB/s)  TESTED(MiB)     ERRORS
[2022-12-18 07:18:03]          940          940         1821          0
[2022-12-18 07:18:05]          941          940         2295          0
[2022-12-18 07:18:06]          941          940         2769          0
[2022-12-18 07:18:08]          941          940         3243          0
[2022-12-18 07:18:09]          941          940         3717          0
[2022-12-18 07:18:11]          941          940           95          0
[2022-12-18 07:18:12]          941          940          568          0
[2022-12-18 07:18:14]          941          940         1042          0
[2022-12-18 07:18:14] WR-BW(MiB/s) RD-BW(MiB/s)  TESTED(MiB)     ERRORS
[2022-12-18 07:18:15]          941          940         1516          0
[2022-12-18 07:18:16]          941          940         1990          0
[2022-12-18 07:18:18]          941          940         2464          0
[2022-12-18 07:18:19]          941          940         2938          0
[2022-12-18 07:18:21]          941          940         3412          0
[2022-12-18 07:18:22]          941          940         3885          0
[2022-12-18 07:18:24]          941          940          263          0
[2022-12-18 07:18:25]          941          940          737          0
[2022-12-18 07:18:25] WR-BW(MiB/s) RD-BW(MiB/s)  TESTED(MiB)     ERRORS
[2022-12-18 07:18:27]          941          940         1211          0
[2022-12-18 07:18:28]          941          940         1685          0
[2022-12-18 07:18:30]          941          940         2159          0
[2022-12-18 07:18:31]          941          940         2632          0
[2022-12-18 07:18:32]          941          940         3106          0
[2022-12-18 07:18:34]          941          940         3580          0
[2022-12-18 07:18:35]          941          940         4054          0
[2022-12-18 07:18:37]          941          940          432          0
[2022-12-18 07:18:37] WR-BW(MiB/s) RD-BW(MiB/s)  TESTED(MiB)     ERRORS
[2022-12-18 07:18:38]          941          940          906          0
[2022-12-18 07:18:40]          941          940         1379          0
[2022-12-18 07:18:41]          941          940         1853          0
[2022-12-18 07:18:43]          941          940         2327          0
[2022-12-18 07:18:44]          941          940         2801          0
[2022-12-18 07:18:46]          941          940         3275          0
[2022-12-18 07:18:47]          941          940         3749          0
[2022-12-18 07:18:48]          941          940          126          0
[2022-12-18 07:18:48] WR-BW(MiB/s) RD-BW(MiB/s)  TESTED(MiB)     ERRORS
[2022-12-18 07:18:50]          941          940          600          0
[2022-12-18 07:18:51]          941          940         1074          0
[2022-12-18 07:18:53]          941          940         1548          0
[2022-12-18 07:18:54]          941          940         2022          0
[2022-12-18 07:18:56]          941          940         2496          0
[2022-12-18 07:18:57]          941          940         2969          0
[2022-12-18 07:18:59]          941          940         3443          0
[2022-12-18 07:19:00]          941          940         3917          0
[2022-12-18 07:19:00] WR-BW(MiB/s) RD-BW(MiB/s)  TESTED(MiB)     ERRORS
[2022-12-18 07:19:01]          940          940          295          0
[2022-12-18 07:19:03]          941          940          769          0
[2022-12-18 07:19:04]          941          940         1243          0
[2022-12-18 07:19:06]          941          940         1716          0
[2022-12-18 07:19:07]          941          940         2190          0
[2022-12-18 07:19:09]          941          940         2664          0
[2022-12-18 07:19:10]          941          940         3138          0
[2022-12-18 07:19:12]          941          940         3612          0
[2022-12-18 07:19:12] WR-BW(MiB/s) RD-BW(MiB/s)  TESTED(MiB)     ERRORS
[2022-12-18 07:19:13]          941          940         4086          0
[2022-12-18 07:19:15]          941          940          463          0
[2022-12-18 07:19:16]          941          940          937          0
[2022-12-18 07:19:17]          941          940         1411          0
[2022-12-18 07:19:19]          941          940         1885          0
[2022-12-18 07:19:20]          941          940         2359          0
[2022-12-18 07:19:22]          941          940         2833          0
[2022-12-18 07:19:23]          941          940         3306          0
[2022-12-18 07:19:23] WR-BW(MiB/s) RD-BW(MiB/s)  TESTED(MiB)     ERRORS
[2022-12-18 07:19:25]          940          940         3780          0
[2022-12-18 07:19:26]          941          940          158          0
[2022-12-18 07:19:28]          941          940          632          0
[2022-12-18 07:19:29]          941          940         1106          0
[2022-12-18 07:19:31]          941          940         1580          0
[2022-12-18 07:19:32]          941          940         2053          0
[2022-12-18 07:19:33]          941          940         2527          0
[2022-12-18 07:19:35]          941          940         3001          0
[2022-12-18 07:19:35] WR-BW(MiB/s) RD-BW(MiB/s)  TESTED(MiB)     ERRORS
[2022-12-18 07:19:36]          940          940         3475          0
[2022-12-18 07:19:38]          941          940         3949          0
[2022-12-18 07:19:39]          941          940          327          0
[2022-12-18 07:19:41]          941          940          800          0
[2022-12-18 07:19:42]          941          940         1274          0
[2022-12-18 07:19:44]          941          940         1748          0
[2022-12-18 07:19:45]          941          940         2222          0
[2022-12-18 07:19:46]          941          940         2696          0
[2022-12-18 07:19:46] WR-BW(MiB/s) RD-BW(MiB/s)  TESTED(MiB)     ERRORS
[2022-12-18 07:19:48]          940          940         3170          0
[2022-12-18 07:19:49]          941          940         3643          0
[2022-12-18 07:19:51]          941          940           21          0
[2022-12-18 07:19:52]          941          940          495          0
[2022-12-18 07:19:54]          941          940          969          0
[2022-12-18 07:19:55]          941          940         1443          0
[2022-12-18 07:19:57]          941          940         1917          0
[2022-12-18 07:19:58]          941          940         2390          0
[2022-12-18 07:19:58] WR-BW(MiB/s) RD-BW(MiB/s)  TESTED(MiB)     ERRORS
[2022-12-18 07:20:00]          940          940         2864          0
[2022-12-18 07:20:01]          941          940         3338          0
[2022-12-18 07:20:02]          941          940         3812          0
[2022-12-18 07:20:04]          941          940          190          0
[2022-12-18 07:20:05]          941          940          664          0
[2022-12-18 07:20:07]          941          940         1137          0
[2022-12-18 07:20:08]          941          940         1611          0
[2022-12-18 07:20:10]          941          940         2085          0
[2022-12-18 07:20:10] WR-BW(MiB/s) RD-BW(MiB/s)  TESTED(MiB)     ERRORS
[2022-12-18 07:20:11]          941          940         2559          0
[2022-12-18 07:20:13]          941          940         3033          0
[2022-12-18 07:20:14]          941          940         3507          0
[2022-12-18 07:20:16]          941          940         3980          0
[2022-12-18 07:20:17]          941          940          358          0
[2022-12-18 07:20:18]          941          940          832          0
[2022-12-18 07:20:20]          941          940         1306          0
[2022-12-18 07:20:21]          941          940         1780          0
[2022-12-18 07:20:21] WR-BW(MiB/s) RD-BW(MiB/s)  TESTED(MiB)     ERRORS
[2022-12-18 07:20:23]          940          940         2254          0
[2022-12-18 07:20:24]          941          940         2727          0
[2022-12-18 07:20:26]          941          940         3201          0
[2022-12-18 07:20:27]          941          940         3675          0
[2022-12-18 07:20:29]          941          940           53          0
[2022-12-18 07:20:30]          941          940          527          0
[2022-12-18 07:20:31]          941          940         1001          0
[2022-12-18 07:20:33]          941          940         1475          0
[2022-12-18 07:20:33] WR-BW(MiB/s) RD-BW(MiB/s)  TESTED(MiB)     ERRORS
[2022-12-18 07:20:34]          940          940         1948          0
[2022-12-18 07:20:36]          941          940         2422          0
[2022-12-18 07:20:37]          941          940         2896          0
[2022-12-18 07:20:39]          941          940         3370          0
[2022-12-18 07:20:40]          941          940         3844          0
[2022-12-18 07:20:42]          941          940          222          0
[2022-12-18 07:20:43]          941          940          695          0
[2022-12-18 07:20:45]          941          940         1169          0
[2022-12-18 07:20:45] WR-BW(MiB/s) RD-BW(MiB/s)  TESTED(MiB)     ERRORS
[2022-12-18 07:20:46]          941          940         1643          0
[2022-12-18 07:20:47]          941          940         2117          0
[2022-12-18 07:20:49]          941          940         2591          0
[2022-12-18 07:20:50]          941          940         3065          0
[2022-12-18 07:20:52]          941          940         3538          0
[2022-12-18 07:20:53]          941          940         4012          0
[2022-12-18 07:20:55]          941          940          390          0
[2022-12-18 07:20:56]          941          940          864          0
[2022-12-18 07:20:56] WR-BW(MiB/s) RD-BW(MiB/s)  TESTED(MiB)     ERRORS
[2022-12-18 07:20:58]          941          940         1338          0
[2022-12-18 07:20:59]          941          940         1812          0
[2022-12-18 07:21:01]          941          940         2285          0
[2022-12-18 07:21:02]          941          940         2759          0
[2022-12-18 07:21:03]          941          940         3233          0
[2022-12-18 07:21:05]          941          940         3707          0
[2022-12-18 07:21:06]          941          940           85          0
[2022-12-18 07:21:08]          941          940          559          0
[2022-12-18 07:21:08] WR-BW(MiB/s) RD-BW(MiB/s)  TESTED(MiB)     ERRORS
[2022-12-18 07:21:09]          941          940         1032          0
[2022-12-18 07:21:11]          941          940         1506          0
[2022-12-18 07:21:12]          941          940         1980          0
[2022-12-18 07:21:14]          941          940         2454          0
[2022-12-18 07:21:15]          941          940         2928          0
[2022-12-18 07:21:16]          941          940         3402          0
[2022-12-18 07:21:18]          941          940         3875          0
[2022-12-18 07:21:19]          941          940          253          0
[2022-12-18 07:21:19] WR-BW(MiB/s) RD-BW(MiB/s)  TESTED(MiB)     ERRORS
[2022-12-18 07:21:21]          941          940          727          0
[2022-12-18 07:21:22]          941          940         1201          0
[2022-12-18 07:21:24]          941          940         1675          0
[2022-12-18 07:21:25]          941          940         2149          0
[2022-12-18 07:21:27]          941          940         2622          0
[2022-12-18 07:21:28]          941          940         3096          0
[2022-12-18 07:21:30]          941          940         3570          0
[2022-12-18 07:21:31]          941          940         4044          0
[2022-12-18 07:21:31] WR-BW(MiB/s) RD-BW(MiB/s)  TESTED(MiB)     ERRORS
[2022-12-18 07:21:32]          941          940          422          0
[2022-12-18 07:21:34]          941          940          896          0
[2022-12-18 07:21:35]          941          940         1369          0
[2022-12-18 07:21:37]          941          940         1843          0
[2022-12-18 07:21:38]          941          940         2317          0
[2022-12-18 07:21:40]          941          940         2791          0
[2022-12-18 07:21:41]          941          940         3265          0
[2022-12-18 07:21:43]          941          940         3739          0
[2022-12-18 07:21:43] WR-BW(MiB/s) RD-BW(MiB/s)  TESTED(MiB)     ERRORS
[2022-12-18 07:21:44]          941          940          116          0
[2022-12-18 07:21:46]          941          940          590          0
[2022-12-18 07:21:47]          941          940         1064          0
[2022-12-18 07:21:48]          941          940         1538          0
[2022-12-18 07:21:50]          941          940         2012          0
[2022-12-18 07:21:51]          941          940         2486          0
[2022-12-18 07:21:53]          941          940         2959          0
[2022-12-18 07:21:54]          941          940         3433          0
[2022-12-18 07:21:54] WR-BW(MiB/s) RD-BW(MiB/s)  TESTED(MiB)     ERRORS
[2022-12-18 07:21:56]          940          940         3907          0
[2022-12-18 07:21:57]          941          940          285          0
[2022-12-18 07:21:59]          941          940          759          0
[2022-12-18 07:22:00]          941          940         1233          0
[2022-12-18 07:22:01]          941          940         1706          0
[2022-12-18 07:22:03]          941          940         2180          0
[2022-12-18 07:22:04]          941          940         2654          0
[2022-12-18 07:22:06]          941          940         3128          0
[2022-12-18 07:22:06] WR-BW(MiB/s) RD-BW(MiB/s)  TESTED(MiB)     ERRORS
[2022-12-18 07:22:07]          941          940         3602          0
[2022-12-18 07:22:09]          941          940         4076          0
[2022-12-18 07:22:10]          941          940          453          0
[2022-12-18 07:22:12]          941          940          927          0
[2022-12-18 07:22:13]          941          940         1401          0
[2022-12-18 07:22:15]          941          940         1875          0
[2022-12-18 07:22:16]          941          940         2349          0
[2022-12-18 07:22:17]          941          940         2823          0
[2022-12-18 07:22:17] WR-BW(MiB/s) RD-BW(MiB/s)  TESTED(MiB)     ERRORS
[2022-12-18 07:22:19]          941          940         3296          0
[2022-12-18 07:22:20]          941          940         3770          0
[2022-12-18 07:22:22]          941          940          148          0
[2022-12-18 07:22:23]          941          940          622          0
[2022-12-18 07:22:25]          941          940         1096          0
[2022-12-18 07:22:26]          941          940         1570          0
[2022-12-18 07:22:28]          941          940         2043          0
[2022-12-18 07:22:29]          941          940         2517          0
[2022-12-18 07:22:29] WR-BW(MiB/s) RD-BW(MiB/s)  TESTED(MiB)     ERRORS
[2022-12-18 07:22:30]          940          940         2991          0
[2022-12-18 07:22:32]          941          940         3465          0
[2022-12-18 07:22:33]          941          940         3939          0
[2022-12-18 07:22:35]          941          940          317          0
[2022-12-18 07:22:36]          941          940          791          0
[2022-12-18 07:22:38]          941          940         1264          0
[2022-12-18 07:22:39]          941          940         1738          0
[2022-12-18 07:22:41]          941          940         2212          0
[2022-12-18 07:22:41] WR-BW(MiB/s) RD-BW(MiB/s)  TESTED(MiB)     ERRORS
[2022-12-18 07:22:42]          941          940         2686          0
[2022-12-18 07:22:44]          941          940         3160          0
[2022-12-18 07:22:45]          941          940         3634          0
[2022-12-18 07:22:46]          941          940           11          0
[2022-12-18 07:22:48]          941          940          485          0
[2022-12-18 07:22:49]          941          940          959          0
[2022-12-18 07:22:51]          941          940         1433          0
[2022-12-18 07:22:52]          941          940         1907          0
[2022-12-18 07:22:52] WR-BW(MiB/s) RD-BW(MiB/s)  TESTED(MiB)     ERRORS
[2022-12-18 07:22:54]          941          940         2381          0
[2022-12-18 07:22:55]          941          940         2854          0
[2022-12-18 07:22:57]          941          940         3328          0
[2022-12-18 07:22:58]          941          940         3802          0
[2022-12-18 07:23:00]          941          940          180          0
[2022-12-18 07:23:01]          941          940          654          0
[2022-12-18 07:23:02]          941          940         1128          0
[2022-12-18 07:23:04]          941          940         1601          0
[2022-12-18 07:23:04] WR-BW(MiB/s) RD-BW(MiB/s)  TESTED(MiB)     ERRORS
[2022-12-18 07:23:05]          941          940         2075          0
[2022-12-18 07:23:07]          941          940         2549          0
[2022-12-18 07:23:08]          941          940         3023          0
[2022-12-18 07:23:10]          941          940         3497          0
[2022-12-18 07:23:11]          941          940         3971          0
[2022-12-18 07:23:13]          941          940          348          0
[2022-12-18 07:23:14]          941          940          822          0
[2022-12-18 07:23:15]          941          940         1296          0
[2022-12-18 07:23:15] WR-BW(MiB/s) RD-BW(MiB/s)  TESTED(MiB)     ERRORS
[2022-12-18 07:23:17]          940          940         1770          0
[2022-12-18 07:23:18]          941          940         2244          0
[2022-12-18 07:23:20]          941          940         2718          0
[2022-12-18 07:23:21]          941          940         3191          0
[2022-12-18 07:23:23]          941          940         3665          0
[2022-12-18 07:23:24]          941          940           43          0
[2022-12-18 07:23:26]          941          940          517          0
[2022-12-18 07:23:27]          941          940          991          0
[2022-12-18 07:23:27] WR-BW(MiB/s) RD-BW(MiB/s)  TESTED(MiB)     ERRORS
[2022-12-18 07:23:29]          941          940         1465          0
[2022-12-18 07:23:30]          941          940         1938          0
[2022-12-18 07:23:31]          941          940         2412          0
[2022-12-18 07:23:33]          941          940         2886          0
[2022-12-18 07:23:34]          941          940         3360          0
[2022-12-18 07:23:36]          941          940         3834          0
[2022-12-18 07:23:37]          941          940          212          0
[2022-12-18 07:23:39]          941          940          685          0
[2022-12-18 07:23:39] WR-BW(MiB/s) RD-BW(MiB/s)  TESTED(MiB)     ERRORS
[2022-12-18 07:23:40]          941          940         1159          0
[2022-12-18 07:23:42]          941          940         1633          0
[2022-12-18 07:23:43]          941          940         2107          0
[2022-12-18 07:23:45]          941          940         2581          0
[2022-12-18 07:23:46]          941          940         3055          0
[2022-12-18 07:23:47]          941          940         3528          0
[2022-12-18 07:23:49]          941          940         4002          0
[2022-12-18 07:23:50]          941          940          380          0
[2022-12-18 07:23:50] WR-BW(MiB/s) RD-BW(MiB/s)  TESTED(MiB)     ERRORS
[2022-12-18 07:23:52]          941          940          854          0
[2022-12-18 07:23:53]          941          940         1328          0
[2022-12-18 07:23:55]          941          940         1802          0
[2022-12-18 07:23:56]          941          940         2275          0
[2022-12-18 07:23:58]          941          940         2749          0
[2022-12-18 07:23:59]          941          940         3223          0
[2022-12-18 07:24:00]          941          940         3697          0
[2022-12-18 07:24:02]          941          940           75          0
[2022-12-18 07:24:02] WR-BW(MiB/s) RD-BW(MiB/s)  TESTED(MiB)     ERRORS
[2022-12-18 07:24:03]          941          940          549          0
[2022-12-18 07:24:05]          941          940         1022          0
[2022-12-18 07:24:06]          941          940         1496          0
[2022-12-18 07:24:08]          941          940         1970          0
[2022-12-18 07:24:09]          941          940         2444          0
[2022-12-18 07:24:11]          941          940         2918          0
[2022-12-18 07:24:12]          941          940         3392          0
[2022-12-18 07:24:14]          941          940         3865          0
[2022-12-18 07:24:14] WR-BW(MiB/s) RD-BW(MiB/s)  TESTED(MiB)     ERRORS
[2022-12-18 07:24:15]          940          940          243          0
[2022-12-18 07:24:16]          941          940          717          0
[2022-12-18 07:24:18]          941          940         1191          0
[2022-12-18 07:24:19]          941          940         1665          0
[2022-12-18 07:24:21]          941          940         2139          0
[2022-12-18 07:24:22]          941          940         2612          0
[2022-12-18 07:24:24]          941          940         3086          0
[2022-12-18 07:24:25]          941          940         3560          0
[2022-12-18 07:24:25] WR-BW(MiB/s) RD-BW(MiB/s)  TESTED(MiB)     ERRORS
[2022-12-18 07:24:27]          940          940         4034          0
[2022-12-18 07:24:28]          941          940          412          0
[2022-12-18 07:24:30]          941          940          886          0
[2022-12-18 07:24:31]          941          940         1359          0
[2022-12-18 07:24:32]          941          940         1833          0
[2022-12-18 07:24:34]          941          940         2307          0
[2022-12-18 07:24:35]          941          940         2781          0
[2022-12-18 07:24:37]          941          940         3255          0
[2022-12-18 07:24:37] WR-BW(MiB/s) RD-BW(MiB/s)  TESTED(MiB)     ERRORS
[2022-12-18 07:24:38]          941          940         3729          0
[2022-12-18 07:24:40]          941          940          107          0
[2022-12-18 07:24:41]          941          940          580          0
[2022-12-18 07:24:43]          941          940         1054          0
[2022-12-18 07:24:44]          941          940         1528          0
[2022-12-18 07:24:45]          941          940         2002          0
[2022-12-18 07:24:47]          941          940         2476          0
[2022-12-18 07:24:48]          941          940         2950          0
[2022-12-18 07:24:48] WR-BW(MiB/s) RD-BW(MiB/s)  TESTED(MiB)     ERRORS
[2022-12-18 07:24:50]          941          940         3423          0
[2022-12-18 07:24:51]          941          940         3897          0
[2022-12-18 07:24:53]          941          940          275          0
[2022-12-18 07:24:54]          941          940          749          0
[2022-12-18 07:24:56]          941          940         1223          0
[2022-12-18 07:24:57]          941          940         1697          0
[2022-12-18 07:24:59]          941          940         2170          0
[2022-12-18 07:25:00]          941          940         2644          0
[2022-12-18 07:25:00] WR-BW(MiB/s) RD-BW(MiB/s)  TESTED(MiB)     ERRORS
[2022-12-18 07:25:01]          940          940         3118          0
[2022-12-18 07:25:03]          941          940         3592          0
[2022-12-18 07:25:04]          941          940         4066          0
[2022-12-18 07:25:06]          941          940          444          0
[2022-12-18 07:25:07]          941          940          917          0
[2022-12-18 07:25:09]          941          940         1391          0
[2022-12-18 07:25:10]          941          940         1865          0
[2022-12-18 07:25:12]          941          940         2339          0
[2022-12-18 07:25:12] WR-BW(MiB/s) RD-BW(MiB/s)  TESTED(MiB)     ERRORS
[2022-12-18 07:25:13]          941          940         2813          0
[2022-12-18 07:25:15]          941          940         3287          0
[2022-12-18 07:25:16]          941          940         3760          0
[2022-12-18 07:25:17]          941          940          138          0
[2022-12-18 07:25:19]          941          940          612          0
[2022-12-18 07:25:20]          941          940         1086          0
[2022-12-18 07:25:22]          941          940         1560          0
[2022-12-18 07:25:23]          941          940         2034          0
[2022-12-18 07:25:23] WR-BW(MiB/s) RD-BW(MiB/s)  TESTED(MiB)     ERRORS
[2022-12-18 07:25:25]          941          940         2507          0
[2022-12-18 07:25:26]          941          940         2981          0
[2022-12-18 07:25:28]          941          940         3455          0
[2022-12-18 07:25:29]          941          940         3929          0
[2022-12-18 07:25:30]          941          940          307          0
[2022-12-18 07:25:32]          941          940          781          0
[2022-12-18 07:25:33]          941          940         1254          0
[2022-12-18 07:25:35]          941          940         1728          0
[2022-12-18 07:25:35] WR-BW(MiB/s) RD-BW(MiB/s)  TESTED(MiB)     ERRORS
[2022-12-18 07:25:36]          941          940         2202          0
[2022-12-18 07:25:38]          941          940         2676          0
[2022-12-18 07:25:39]          941          940         3150          0
[2022-12-18 07:25:41]          941          940         3624          0
[2022-12-18 07:25:42]          941          940            1          0
[2022-12-18 07:25:44]          941          940          475          0
[2022-12-18 07:25:45]          941          940          949          0
[2022-12-18 07:25:46]          941          940         1423          0
[2022-12-18 07:25:46] WR-BW(MiB/s) RD-BW(MiB/s)  TESTED(MiB)     ERRORS
[2022-12-18 07:25:48]          941          940         1897          0
[2022-12-18 07:25:49]          941          940         2371          0
[2022-12-18 07:25:51]          941          940         2844          0
[2022-12-18 07:25:52]          941          940         3318          0
[2022-12-18 07:25:54]          941          940         3792          0
[2022-12-18 07:25:55]          941          940          170          0
[2022-12-18 07:25:57]          941          940          644          0
[2022-12-18 07:25:58]          941          940         1118          0
[2022-12-18 07:25:58] WR-BW(MiB/s) RD-BW(MiB/s)  TESTED(MiB)     ERRORS
[2022-12-18 07:25:59]          941          940         1591          0
[2022-12-18 07:26:01]          941          940         2065          0
[2022-12-18 07:26:02]          941          940         2539          0
[2022-12-18 07:26:04]          941          940         3013          0
[2022-12-18 07:26:05]          941          940         3487          0
[2022-12-18 07:26:07]          941          940         3961          0
[2022-12-18 07:26:08]          941          940          338          0
[2022-12-18 07:26:10]          941          940          812          0
[2022-12-18 07:26:10] WR-BW(MiB/s) RD-BW(MiB/s)  TESTED(MiB)     ERRORS
[2022-12-18 07:26:11]          941          940         1286          0
[2022-12-18 07:26:13]          941          940         1760          0
[2022-12-18 07:26:14]          941          940         2234          0
[2022-12-18 07:26:15]          941          940         2708          0
[2022-12-18 07:26:17]          941          940         3181          0
[2022-12-18 07:26:18]          941          940         3655          0
[2022-12-18 07:26:20]          941          940           33          0
[2022-12-18 07:26:21]          941          940          507          0
[2022-12-18 07:26:21] WR-BW(MiB/s) RD-BW(MiB/s)  TESTED(MiB)     ERRORS
[2022-12-18 07:26:23]          940          940          981          0
[2022-12-18 07:26:24]          941          940         1455          0
[2022-12-18 07:26:26]          941          940         1928          0
[2022-12-18 07:26:27]          941          940         2402          0
[2022-12-18 07:26:29]          941          940         2876          0
[2022-12-18 07:26:30]          941          940         3350          0
[2022-12-18 07:26:31]          941          940         3824          0
[2022-12-18 07:26:33]          941          940          202          0
[2022-12-18 07:26:33] WR-BW(MiB/s) RD-BW(MiB/s)  TESTED(MiB)     ERRORS
[2022-12-18 07:26:34]          941          940          676          0
[2022-12-18 07:26:36]          941          940         1149          0
[2022-12-18 07:26:37]          941          940         1623          0
[2022-12-18 07:26:39]          941          940         2097          0
[2022-12-18 07:26:40]          941          940         2571          0
[2022-12-18 07:26:42]          941          940         3045          0
[2022-12-18 07:26:43]          941          940         3519          0
[2022-12-18 07:26:45]          941          940         3992          0
[2022-12-18 07:26:45] WR-BW(MiB/s) RD-BW(MiB/s)  TESTED(MiB)     ERRORS
[2022-12-18 07:26:46]          940          940          370          0
