[2022-12-20 17:48:14] 
[2022-12-20 17:48:14] [1m        __   _ __      _  __[0m
[2022-12-20 17:48:14] [1m       / /  (_) /____ | |/_/[0m
[2022-12-20 17:48:14] [1m      / /__/ / __/ -_)>  <[0m
[2022-12-20 17:48:14] [1m     /____/_/\__/\__/_/|_|[0m
[2022-12-20 17:48:14] [1m   Build your hardware, easily![0m
[2022-12-20 17:48:14]  (c) Copyright 2012-2022 Enjoy-Digital
[2022-12-20 17:48:14]  (c) Copyright 2007-2015 M-Labs
[2022-12-20 17:48:14]  BIOS built on Nov 28 2022 18:17:22
[2022-12-20 17:48:14]  BIOS CRC passed (b0e744c8)
[2022-12-20 17:48:14]  LiteX git sha1: f707551c
[2022-12-20 17:48:14] --=============== [1mSoC[0m ==================--
[2022-12-20 17:48:14] [1mCPU[0m:		VexRiscv @ 75MHz
[2022-12-20 17:48:14] [1mBUS[0m:		WISHBONE 32-bit @ 4GiB
[2022-12-20 17:48:14] [1mCSR[0m:		32-bit data
[2022-12-20 17:48:14] [1mROM[0m:		128KiB
[2022-12-20 17:48:14] [1mSRAM[0m:		8KiB
[2022-12-20 17:48:14] [1mL2[0m:		8KiB
[2022-12-20 17:48:14] [1mSDRAM[0m:		524288KiB 16-bit @ 600MT/s (CL-7 CWL-5)
[2022-12-20 17:48:14] --========== [1mInitialization[0m ============--
[2022-12-20 17:48:14] Initializing SDRAM @0x40000000...
[2022-12-20 17:48:14] Switching SDRAM to software control.
[2022-12-20 17:48:14] Read leveling:
[2022-12-20 17:48:14]   m0, b00: |00000000000000000000000000000000| delays: -
[2022-12-20 17:48:14]   m0, b01: |11111111100000000000000000000000| delays: 04+-04
[2022-12-20 17:48:14]   m0, b02: |00000000000111111111111111111100| delays: 20+-09
[2022-12-20 17:48:14]   m0, b03: |00000000000000000000000000000000| delays: -
[2022-12-20 17:48:14]   m0, b04: |00000000000000000000000000000000| delays: -
[2022-12-20 17:48:14]   m0, b05: |00000000000000000000000000000000| delays: -
[2022-12-20 17:48:14]   m0, b06: |00000000000000000000000000000000| delays: -
[2022-12-20 17:48:14]   m0, b07: |00000000000000000000000000000000| delays: -
[2022-12-20 17:48:14]   best: m0, b02 delays: 20+-09
[2022-12-20 17:48:14]   m1, b00: |00000000000000000000000000000000| delays: -
[2022-12-20 17:48:14]   m1, b01: |11111111100000000000000000000000| delays: 04+-04
[2022-12-20 17:48:14]   m1, b02: |00000000001111111111111111111100| delays: 19+-10
[2022-12-20 17:48:14]   m1, b03: |00000000000000000000000000000001| delays: 01+-02
[2022-12-20 17:48:14]   m1, b04: |00000000000000000000000000000000| delays: -
[2022-12-20 17:48:14]   m1, b05: |00000000000000000000000000000000| delays: -
[2022-12-20 17:48:14]   m1, b06: |00000000000000000000000000000000| delays: -
[2022-12-20 17:48:14]   m1, b07: |00000000000000000000000000000000| delays: -
[2022-12-20 17:48:14]   best: m1, b02 delays: 20+-10
[2022-12-20 17:48:14] Switching SDRAM to hardware control.
[2022-12-20 17:48:14] Memtest at 0x40000000 (2.0MiB)...
[2022-12-20 17:48:14]   Write: 0x40000000-0x40000000 0B   
[2022-12-20 17:48:14]   Write: 0x40000000-0x40200000 2.0MiB   
[2022-12-20 17:48:14]    Read: 0x40000000-0x40000000 0B   
[2022-12-20 17:48:14]    Read: 0x40000000-0x40200000 2.0MiB   
[2022-12-20 17:48:14] Memtest OK
[2022-12-20 17:48:14] Memspeed at 0x40000000 (Sequential, 2.0MiB)...
[2022-12-20 17:48:14]   Write speed: 26.2MiB/s
[2022-12-20 17:48:14]    Read speed: 35.1MiB/s
[2022-12-20 17:48:14] --============== [1mBoot[0m ==================--
[2022-12-20 17:48:14] Booting from serial...
[2022-12-20 17:48:14] Press Q or ESC to abort boot completely.
[2022-12-20 17:48:14] sL5DdSMmkekro
[2022-12-20 17:48:14] Timeout
[2022-12-20 17:48:14] No boot medium found
[2022-12-20 17:48:14] --============= [1mConsole[0m ================--
[2022-12-20 17:48:14] [92;1mlitex[0m> sdram_bist_pat 165
[2022-12-20 17:48:14] sdram_bist_pat 165
[2022-12-20 17:48:14] [92;1mlitex[0m> 
[2022-12-20 17:48:14] [92;1mlitex[0m> 
[2022-12-20 17:48:14] [92;1mlitex[0m> sdram_bist 8192 1 0 2
[2022-12-20 17:48:14] sdram_bist 8192 1 0 2
[2022-12-20 17:48:14] Starting SDRAM BIST with length=8192, addr_mode=1, data_mode=0 wmode=2
[2022-12-20 17:48:14] WR-BW(MiB/s) RD-BW(MiB/s)  TESTED(MiB)     ERRORS
[2022-12-20 17:48:15]          940          940          473          0
[2022-12-20 17:48:17]          941          940          947          0
[2022-12-20 17:48:18]          941          940         1421          0
[2022-12-20 17:48:20]          941          940         1895          0
[2022-12-20 17:48:21]          941          940         2369          0
[2022-12-20 17:48:23]          941          940         2843          0
[2022-12-20 17:48:24]          941          940         3316          0
[2022-12-20 17:48:25]          941          940         3790          0
[2022-12-20 17:48:25] WR-BW(MiB/s) RD-BW(MiB/s)  TESTED(MiB)     ERRORS
[2022-12-20 17:48:27]          940          940          168          0
[2022-12-20 17:48:28]          941          940          642          0
[2022-12-20 17:48:30]          941          940         1116          0
[2022-12-20 17:48:31]          941          940         1590          0
[2022-12-20 17:48:33]          941          940         2063          0
[2022-12-20 17:48:34]          941          940         2537          0
[2022-12-20 17:48:36]          941          940         3011          0
[2022-12-20 17:48:37]          941          940         3485          0
[2022-12-20 17:48:37] WR-BW(MiB/s) RD-BW(MiB/s)  TESTED(MiB)     ERRORS
[2022-12-20 17:48:39]          940          940         3959          0
[2022-12-20 17:48:40]          941          940          337          0
[2022-12-20 17:48:41]          941          940          810          0
[2022-12-20 17:48:43]          941          940         1284          0
[2022-12-20 17:48:44]          941          940         1758          0
[2022-12-20 17:48:46]          941          940         2232          0
[2022-12-20 17:48:47]          941          940         2706          0
[2022-12-20 17:48:49]          941          940         3180          0
[2022-12-20 17:48:49] WR-BW(MiB/s) RD-BW(MiB/s)  TESTED(MiB)     ERRORS
[2022-12-20 17:48:50]          940          940         3653          0
[2022-12-20 17:48:52]          941          940           31          0
[2022-12-20 17:48:53]          941          940          505          0
[2022-12-20 17:48:55]          941          940          979          0
[2022-12-20 17:48:56]          941          940         1453          0
[2022-12-20 17:48:57]          941          940         1927          0
[2022-12-20 17:48:59]          941          940         2400          0
[2022-12-20 17:49:00]          941          940         2874          0
[2022-12-20 17:49:00] WR-BW(MiB/s) RD-BW(MiB/s)  TESTED(MiB)     ERRORS
[2022-12-20 17:49:02]          940          940         3348          0
[2022-12-20 17:49:03]          941          940         3822          0
[2022-12-20 17:49:05]          941          940          200          0
[2022-12-20 17:49:06]          941          940          674          0
[2022-12-20 17:49:08]          941          940         1147          0
[2022-12-20 17:49:09]          941          940         1621          0
[2022-12-20 17:49:10]          941          940         2095          0
[2022-12-20 17:49:12]          941          940         2569          0
[2022-12-20 17:49:12] WR-BW(MiB/s) RD-BW(MiB/s)  TESTED(MiB)     ERRORS
[2022-12-20 17:49:13]          940          940         3043          0
[2022-12-20 17:49:15]          941          940         3517          0
[2022-12-20 17:49:16]          941          940         3990          0
[2022-12-20 17:49:18]          941          940          368          0
[2022-12-20 17:49:19]          941          940          842          0
[2022-12-20 17:49:21]          941          940         1316          0
[2022-12-20 17:49:22]          941          940         1790          0
[2022-12-20 17:49:24]          941          940         2264          0
[2022-12-20 17:49:24] WR-BW(MiB/s) RD-BW(MiB/s)  TESTED(MiB)     ERRORS
[2022-12-20 17:49:25]          940          940         2737          0
[2022-12-20 17:49:26]          941          940         3211          0
[2022-12-20 17:49:28]          941          940         3685          0
[2022-12-20 17:49:29]          941          940           63          0
[2022-12-20 17:49:31]          941          940          537          0
[2022-12-20 17:49:32]          941          940         1011          0
[2022-12-20 17:49:34]          941          940         1484          0
[2022-12-20 17:49:35]          941          940         1958          0
[2022-12-20 17:49:35] WR-BW(MiB/s) RD-BW(MiB/s)  TESTED(MiB)     ERRORS
[2022-12-20 17:49:37]          940          940         2432          0
[2022-12-20 17:49:38]          941          940         2906          0
[2022-12-20 17:49:40]          941          940         3380          0
[2022-12-20 17:49:41]          941          940         3854          0
[2022-12-20 17:49:42]          941          940          231          0
[2022-12-20 17:49:44]          941          940          705          0
[2022-12-20 17:49:45]          941          940         1179          0
[2022-12-20 17:49:47]          941          940         1653          0
[2022-12-20 17:49:47] WR-BW(MiB/s) RD-BW(MiB/s)  TESTED(MiB)     ERRORS
[2022-12-20 17:49:48]          940          940         2127          0
[2022-12-20 17:49:50]          941          940         2601          0
[2022-12-20 17:49:51]          941          940         3074          0
[2022-12-20 17:49:53]          941          940         3548          0
[2022-12-20 17:49:54]          941          940         4022          0
[2022-12-20 17:49:55]          941          940          400          0
[2022-12-20 17:49:57]          941          940          874          0
[2022-12-20 17:49:58]          941          940         1348          0
[2022-12-20 17:49:58] WR-BW(MiB/s) RD-BW(MiB/s)  TESTED(MiB)     ERRORS
[2022-12-20 17:50:00]          940          940         1821          0
[2022-12-20 17:50:01]          941          940         2295          0
[2022-12-20 17:50:03]          941          940         2769          0
[2022-12-20 17:50:04]          941          940         3243          0
[2022-12-20 17:50:06]          941          940         3717          0
[2022-12-20 17:50:07]          941          940           95          0
[2022-12-20 17:50:09]          941          940          568          0
[2022-12-20 17:50:10]          941          940         1042          0
[2022-12-20 17:50:10] WR-BW(MiB/s) RD-BW(MiB/s)  TESTED(MiB)     ERRORS
[2022-12-20 17:50:11]          941          940         1516          0
[2022-12-20 17:50:13]          941          940         1990          0
[2022-12-20 17:50:14]          941          940         2464          0
[2022-12-20 17:50:16]          941          940         2938          0
[2022-12-20 17:50:17]          941          940         3411          0
[2022-12-20 17:50:19]          941          940         3885          0
[2022-12-20 17:50:20]          941          940          263          0
[2022-12-20 17:50:22]          941          940          737          0
[2022-12-20 17:50:22] WR-BW(MiB/s) RD-BW(MiB/s)  TESTED(MiB)     ERRORS
[2022-12-20 17:50:23]          941          940         1211          0
[2022-12-20 17:50:25]          941          940         1685          0
[2022-12-20 17:50:26]          941          940         2158          0
[2022-12-20 17:50:27]          941          940         2632          0
[2022-12-20 17:50:29]          941          940         3106          0
[2022-12-20 17:50:30]          941          940         3580          0
[2022-12-20 17:50:32]          941          940         4054          0
[2022-12-20 17:50:33]          941          940          432          0
[2022-12-20 17:50:33] WR-BW(MiB/s) RD-BW(MiB/s)  TESTED(MiB)     ERRORS
[2022-12-20 17:50:35]          941          940          906          0
[2022-12-20 17:50:36]          941          940         1379          0
[2022-12-20 17:50:38]          941          940         1853          0
[2022-12-20 17:50:39]          941          940         2327          0
[2022-12-20 17:50:40]          941          940         2801          0
[2022-12-20 17:50:42]          941          940         3275          0
[2022-12-20 17:50:43]          941          940         3749          0
[2022-12-20 17:50:45]          941          940          126          0
[2022-12-20 17:50:45] WR-BW(MiB/s) RD-BW(MiB/s)  TESTED(MiB)     ERRORS
[2022-12-20 17:50:46]          941          940          600          0
[2022-12-20 17:50:48]          941          940         1074          0
[2022-12-20 17:50:49]          941          940         1548          0
[2022-12-20 17:50:51]          941          940         2022          0
[2022-12-20 17:50:52]          941          940         2496          0
[2022-12-20 17:50:54]          941          940         2969          0
[2022-12-20 17:50:55]          941          940         3443          0
[2022-12-20 17:50:56]          941          940         3917          0
[2022-12-20 17:50:56] WR-BW(MiB/s) RD-BW(MiB/s)  TESTED(MiB)     ERRORS
[2022-12-20 17:50:58]          940          940          295          0
[2022-12-20 17:50:59]          941          940          769          0
[2022-12-20 17:51:01]          941          940         1243          0
[2022-12-20 17:51:02]          941          940         1716          0
[2022-12-20 17:51:04]          941          940         2190          0
[2022-12-20 17:51:05]          941          940         2664          0
[2022-12-20 17:51:07]          941          940         3138          0
[2022-12-20 17:51:08]          941          940         3612          0
[2022-12-20 17:51:08] WR-BW(MiB/s) RD-BW(MiB/s)  TESTED(MiB)     ERRORS
[2022-12-20 17:51:10]          941          940         4086          0
[2022-12-20 17:51:11]          941          940          463          0
[2022-12-20 17:51:12]          941          940          937          0
[2022-12-20 17:51:14]          941          940         1411          0
[2022-12-20 17:51:15]          941          940         1885          0
[2022-12-20 17:51:17]          941          940         2359          0
[2022-12-20 17:51:18]          941          940         2833          0
[2022-12-20 17:51:20]          941          940         3306          0
[2022-12-20 17:51:20] WR-BW(MiB/s) RD-BW(MiB/s)  TESTED(MiB)     ERRORS
[2022-12-20 17:51:21]          940          940         3780          0
[2022-12-20 17:51:23]          941          940          158          0
[2022-12-20 17:51:24]          941          940          632          0
[2022-12-20 17:51:25]          941          940         1106          0
[2022-12-20 17:51:27]          941          940         1580          0
[2022-12-20 17:51:28]          941          940         2053          0
[2022-12-20 17:51:30]          941          940         2527          0
[2022-12-20 17:51:31]          941          940         3001          0
[2022-12-20 17:51:31] WR-BW(MiB/s) RD-BW(MiB/s)  TESTED(MiB)     ERRORS
[2022-12-20 17:51:33]          940          940         3475          0
[2022-12-20 17:51:34]          941          940         3949          0
[2022-12-20 17:51:36]          941          940          327          0
[2022-12-20 17:51:37]          941          940          800          0
[2022-12-20 17:51:39]          941          940         1274          0
[2022-12-20 17:51:40]          941          940         1748          0
[2022-12-20 17:51:41]          941          940         2222          0
[2022-12-20 17:51:43]          941          940         2696          0
[2022-12-20 17:51:43] WR-BW(MiB/s) RD-BW(MiB/s)  TESTED(MiB)     ERRORS
[2022-12-20 17:51:44]          941          940         3170          0
[2022-12-20 17:51:46]          941          940         3643          0
[2022-12-20 17:51:47]          941          940           21          0
[2022-12-20 17:51:49]          941          940          495          0
[2022-12-20 17:51:50]          941          940          969          0
[2022-12-20 17:51:52]          941          940         1443          0
[2022-12-20 17:51:53]          941          940         1917          0
[2022-12-20 17:51:54]          941          940         2390          0
[2022-12-20 17:51:55] WR-BW(MiB/s) RD-BW(MiB/s)  TESTED(MiB)     ERRORS
[2022-12-20 17:51:56]          941          940         2864          0
[2022-12-20 17:51:57]          941          940         3338          0
[2022-12-20 17:51:59]          941          940         3812          0
[2022-12-20 17:52:00]          941          940          190          0
[2022-12-20 17:52:02]          941          940          664          0
[2022-12-20 17:52:03]          941          940         1137          0
[2022-12-20 17:52:05]          941          940         1611          0
[2022-12-20 17:52:06]          941          940         2085          0
[2022-12-20 17:52:06] WR-BW(MiB/s) RD-BW(MiB/s)  TESTED(MiB)     ERRORS
[2022-12-20 17:52:08]          940          940         2559          0
[2022-12-20 17:52:09]          941          940         3033          0
[2022-12-20 17:52:10]          941          940         3507          0
[2022-12-20 17:52:12]          941          940         3980          0
[2022-12-20 17:52:13]          941          940          358          0
[2022-12-20 17:52:15]          941          940          832          0
[2022-12-20 17:52:16]          941          940         1306          0
[2022-12-20 17:52:18]          941          940         1780          0
[2022-12-20 17:52:18] WR-BW(MiB/s) RD-BW(MiB/s)  TESTED(MiB)     ERRORS
[2022-12-20 17:52:19]          941          940         2254          0
[2022-12-20 17:52:21]          941          940         2727          0
[2022-12-20 17:52:22]          941          940         3201          0
[2022-12-20 17:52:24]          941          940         3675          0
[2022-12-20 17:52:25]          941          940           53          0
[2022-12-20 17:52:26]          941          940          527          0
[2022-12-20 17:52:28]          941          940         1001          0
[2022-12-20 17:52:29]          941          940         1474          0
[2022-12-20 17:52:29] WR-BW(MiB/s) RD-BW(MiB/s)  TESTED(MiB)     ERRORS
[2022-12-20 17:52:31]          940          940         1948          0
[2022-12-20 17:52:32]          941          940         2422          0
[2022-12-20 17:52:34]          941          940         2896          0
[2022-12-20 17:52:35]          941          940         3370          0
[2022-12-20 17:52:37]          941          940         3844          0
[2022-12-20 17:52:38]          941          940          221          0
[2022-12-20 17:52:40]          941          940          695          0
[2022-12-20 17:52:41]          941          940         1169          0
[2022-12-20 17:52:41] WR-BW(MiB/s) RD-BW(MiB/s)  TESTED(MiB)     ERRORS
[2022-12-20 17:52:42]          940          940         1643          0
[2022-12-20 17:52:44]          941          940         2117          0
[2022-12-20 17:52:45]          941          940         2591          0
[2022-12-20 17:52:47]          941          940         3065          0
[2022-12-20 17:52:48]          941          940         3538          0
[2022-12-20 17:52:50]          941          940         4012          0
[2022-12-20 17:52:51]          941          940          390          0
[2022-12-20 17:52:53]          941          940          864          0
[2022-12-20 17:52:53] WR-BW(MiB/s) RD-BW(MiB/s)  TESTED(MiB)     ERRORS
[2022-12-20 17:52:54]          941          940         1338          0
[2022-12-20 17:52:55]          941          940         1812          0
[2022-12-20 17:52:57]          941          940         2285          0
[2022-12-20 17:52:58]          941          940         2759          0
[2022-12-20 17:53:00]          941          940         3233          0
[2022-12-20 17:53:01]          941          940         3707          0
[2022-12-20 17:53:03]          941          940           85          0
[2022-12-20 17:53:04]          941          940          559          0
[2022-12-20 17:53:04] WR-BW(MiB/s) RD-BW(MiB/s)  TESTED(MiB)     ERRORS
[2022-12-20 17:53:06]          941          940         1032          0
[2022-12-20 17:53:07]          941          940         1506          0
[2022-12-20 17:53:09]          941          940         1980          0
[2022-12-20 17:53:10]          941          940         2454          0
[2022-12-20 17:53:11]          941          940         2928          0
[2022-12-20 17:53:13]          941          940         3402          0
[2022-12-20 17:53:14]          941          940         3875          0
[2022-12-20 17:53:16]          941          940          253          0
[2022-12-20 17:53:16] WR-BW(MiB/s) RD-BW(MiB/s)  TESTED(MiB)     ERRORS
[2022-12-20 17:53:17]          941          940          727          0
[2022-12-20 17:53:19]          941          940         1201          0
[2022-12-20 17:53:20]          941          940         1675          0
[2022-12-20 17:53:22]          941          940         2149          0
[2022-12-20 17:53:23]          941          940         2622          0
[2022-12-20 17:53:24]          941          940         3096          0
[2022-12-20 17:53:26]          941          940         3570          0
[2022-12-20 17:53:27]          941          940         4044          0
[2022-12-20 17:53:27] WR-BW(MiB/s) RD-BW(MiB/s)  TESTED(MiB)     ERRORS
[2022-12-20 17:53:29]          940          940          422          0
[2022-12-20 17:53:30]          941          940          896          0
[2022-12-20 17:53:32]          941          940         1369          0
[2022-12-20 17:53:33]          941          940         1843          0
[2022-12-20 17:53:35]          941          940         2317          0
[2022-12-20 17:53:36]          941          940         2791          0
[2022-12-20 17:53:38]          941          940         3265          0
[2022-12-20 17:53:39]          941          940         3739          0
[2022-12-20 17:53:39] WR-BW(MiB/s) RD-BW(MiB/s)  TESTED(MiB)     ERRORS
[2022-12-20 17:53:40]          941          940          116          0
[2022-12-20 17:53:42]          941          940          590          0
[2022-12-20 17:53:43]          941          940         1064          0
[2022-12-20 17:53:45]          941          940         1538          0
[2022-12-20 17:53:46]          941          940         2012          0
[2022-12-20 17:53:48]          941          940         2486          0
[2022-12-20 17:53:49]          941          940         2959          0
[2022-12-20 17:53:51]          941          940         3433          0
[2022-12-20 17:53:51] WR-BW(MiB/s) RD-BW(MiB/s)  TESTED(MiB)     ERRORS
[2022-12-20 17:53:52]          941          940         3907          0
[2022-12-20 17:53:54]          941          940          285          0
[2022-12-20 17:53:55]          941          940          759          0
[2022-12-20 17:53:56]          941          940         1233          0
[2022-12-20 17:53:58]          941          940         1706          0
[2022-12-20 17:53:59]          941          940         2180          0
[2022-12-20 17:54:01]          941          940         2654          0
[2022-12-20 17:54:02]          941          940         3128          0
[2022-12-20 17:54:02] WR-BW(MiB/s) RD-BW(MiB/s)  TESTED(MiB)     ERRORS
[2022-12-20 17:54:04]          940          940         3602          0
[2022-12-20 17:54:05]          941          940         4076          0
[2022-12-20 17:54:07]          941          940          453          0
[2022-12-20 17:54:08]          941          940          927          0
[2022-12-20 17:54:09]          941          940         1401          0
[2022-12-20 17:54:11]          941          940         1875          0
[2022-12-20 17:54:12]          941          940         2349          0
[2022-12-20 17:54:14]          941          940         2823          0
[2022-12-20 17:54:14] WR-BW(MiB/s) RD-BW(MiB/s)  TESTED(MiB)     ERRORS
[2022-12-20 17:54:15]          940          940         3296          0
[2022-12-20 17:54:17]          941          940         3770          0
[2022-12-20 17:54:18]          941          940          148          0
[2022-12-20 17:54:20]          941          940          622          0
[2022-12-20 17:54:21]          941          940         1096          0
[2022-12-20 17:54:23]          941          940         1570          0
[2022-12-20 17:54:24]          941          940         2043          0
[2022-12-20 17:54:25]          941          940         2517          0
[2022-12-20 17:54:25] WR-BW(MiB/s) RD-BW(MiB/s)  TESTED(MiB)     ERRORS
[2022-12-20 17:54:27]          940          940         2991          0
[2022-12-20 17:54:28]          941          940         3465          0
[2022-12-20 17:54:30]          941          940         3939          0
[2022-12-20 17:54:31]          941          940          317          0
[2022-12-20 17:54:33]          941          940          790          0
[2022-12-20 17:54:34]          941          940         1264          0
[2022-12-20 17:54:36]          941          940         1738          0
[2022-12-20 17:54:37]          941          940         2212          0
[2022-12-20 17:54:37] WR-BW(MiB/s) RD-BW(MiB/s)  TESTED(MiB)     ERRORS
[2022-12-20 17:54:39]          941          940         2686          0
[2022-12-20 17:54:40]          941          940         3160          0
[2022-12-20 17:54:41]          941          940         3633          0
[2022-12-20 17:54:43]          941          940           11          0
[2022-12-20 17:54:44]          941          940          485          0
[2022-12-20 17:54:46]          941          940          959          0
[2022-12-20 17:54:47]          941          940         1433          0
[2022-12-20 17:54:49]          941          940         1907          0
[2022-12-20 17:54:49] WR-BW(MiB/s) RD-BW(MiB/s)  TESTED(MiB)     ERRORS
[2022-12-20 17:54:50]          940          940         2380          0
[2022-12-20 17:54:52]          941          940         2854          0
[2022-12-20 17:54:53]          941          940         3328          0
[2022-12-20 17:54:55]          941          940         3802          0
[2022-12-20 17:54:56]          941          940          180          0
[2022-12-20 17:54:57]          941          940          654          0
[2022-12-20 17:54:59]          941          940         1128          0
[2022-12-20 17:55:00]          941          940         1601          0
[2022-12-20 17:55:00] WR-BW(MiB/s) RD-BW(MiB/s)  TESTED(MiB)     ERRORS
[2022-12-20 17:55:02]          941          940         2075          0
[2022-12-20 17:55:03]          941          940         2549          0
[2022-12-20 17:55:05]          941          940         3023          0
[2022-12-20 17:55:06]          941          940         3497          0
[2022-12-20 17:55:08]          941          940         3971          0
[2022-12-20 17:55:09]          941          940          348          0
[2022-12-20 17:55:10]          941          940          822          0
[2022-12-20 17:55:12]          941          940         1296          0
[2022-12-20 17:55:12] WR-BW(MiB/s) RD-BW(MiB/s)  TESTED(MiB)     ERRORS
[2022-12-20 17:55:13]          941          940         1770          0
[2022-12-20 17:55:15]          941          940         2244          0
[2022-12-20 17:55:16]          941          940         2718          0
[2022-12-20 17:55:18]          941          940         3191          0
[2022-12-20 17:55:19]          941          940         3665          0
[2022-12-20 17:55:21]          941          940           43          0
[2022-12-20 17:55:22]          941          940          517          0
[2022-12-20 17:55:24]          941          940          991          0
[2022-12-20 17:55:24] WR-BW(MiB/s) RD-BW(MiB/s)  TESTED(MiB)     ERRORS
[2022-12-20 17:55:25]          941          940         1465          0
[2022-12-20 17:55:26]          941          940         1938          0
[2022-12-20 17:55:28]          941          940         2412          0
[2022-12-20 17:55:29]          941          940         2886          0
[2022-12-20 17:55:31]          941          940         3360          0
[2022-12-20 17:55:32]          941          940         3834          0
[2022-12-20 17:55:34]          941          940          212          0
[2022-12-20 17:55:35]          941          940          685          0
[2022-12-20 17:55:35] WR-BW(MiB/s) RD-BW(MiB/s)  TESTED(MiB)     ERRORS
[2022-12-20 17:55:37]          941          940         1159          0
[2022-12-20 17:55:38]          941          940         1633          0
[2022-12-20 17:55:39]          941          940         2107          0
[2022-12-20 17:55:41]          941          940         2581          0
[2022-12-20 17:55:42]          941          940         3055          0
[2022-12-20 17:55:44]          941          940         3528          0
[2022-12-20 17:55:45]          941          940         4002          0
[2022-12-20 17:55:47]          941          940          380          0
[2022-12-20 17:55:47] WR-BW(MiB/s) RD-BW(MiB/s)  TESTED(MiB)     ERRORS
[2022-12-20 17:55:48]          941          940          854          0
[2022-12-20 17:55:50]          941          940         1328          0
[2022-12-20 17:55:51]          941          940         1802          0
[2022-12-20 17:55:53]          941          940         2275          0
[2022-12-20 17:55:54]          941          940         2749          0
[2022-12-20 17:55:55]          941          940         3223          0
[2022-12-20 17:55:57]          941          940         3697          0
[2022-12-20 17:55:58]          941          940           75          0
[2022-12-20 17:55:58] WR-BW(MiB/s) RD-BW(MiB/s)  TESTED(MiB)     ERRORS
[2022-12-20 17:56:00]          941          940          549          0
[2022-12-20 17:56:01]          941          940         1022          0
[2022-12-20 17:56:03]          941          940         1496          0
[2022-12-20 17:56:04]          941          940         1970          0
[2022-12-20 17:56:06]          941          940         2444          0
[2022-12-20 17:56:07]          941          940         2918          0
[2022-12-20 17:56:09]          941          940         3392          0
[2022-12-20 17:56:10]          941          940         3865          0
[2022-12-20 17:56:10] WR-BW(MiB/s) RD-BW(MiB/s)  TESTED(MiB)     ERRORS
[2022-12-20 17:56:11]          941          940          243          0
[2022-12-20 17:56:13]          941          940          717          0
[2022-12-20 17:56:14]          941          940         1191          0
[2022-12-20 17:56:16]          941          940         1665          0
[2022-12-20 17:56:17]          941          940         2139          0
[2022-12-20 17:56:19]          941          940         2612          0
[2022-12-20 17:56:20]          941          940         3086          0
[2022-12-20 17:56:22]          941          940         3560          0
[2022-12-20 17:56:22] WR-BW(MiB/s) RD-BW(MiB/s)  TESTED(MiB)     ERRORS
[2022-12-20 17:56:23]          941          940         4034          0
[2022-12-20 17:56:24]          941          940          412          0
[2022-12-20 17:56:26]          941          940          886          0
[2022-12-20 17:56:27]          941          940         1359          0
[2022-12-20 17:56:29]          941          940         1833          0
[2022-12-20 17:56:30]          941          940         2307          0
[2022-12-20 17:56:32]          941          940         2781          0
[2022-12-20 17:56:33]          941          940         3255          0
[2022-12-20 17:56:33] WR-BW(MiB/s) RD-BW(MiB/s)  TESTED(MiB)     ERRORS
[2022-12-20 17:56:35]          940          940         3729          0
[2022-12-20 17:56:36]          941          940          106          0
[2022-12-20 17:56:38]          941          940          580          0
[2022-12-20 17:56:39]          941          940         1054          0
[2022-12-20 17:56:40]          941          940         1528          0
[2022-12-20 17:56:42]          941          940         2002          0
[2022-12-20 17:56:43]          941          940         2476          0
[2022-12-20 17:56:45]          941          940         2949          0
[2022-12-20 17:56:45] WR-BW(MiB/s) RD-BW(MiB/s)  TESTED(MiB)     ERRORS
[2022-12-20 17:56:46]          940          940         3423          0
[2022-12-20 17:56:48]          941          940         3897          0
[2022-12-20 17:56:49]          941          940          275          0
[2022-12-20 17:56:51]          941          940          749          0
[2022-12-20 17:56:52]          941          940         1223          0
[2022-12-20 17:56:54]          941          940         1696          0
[2022-12-20 17:56:55]          941          940         2170          0
[2022-12-20 17:56:56]          941          940         2644          0
[2022-12-20 17:56:56] WR-BW(MiB/s) RD-BW(MiB/s)  TESTED(MiB)     ERRORS
[2022-12-20 17:56:58]          941          940         3118          0
[2022-12-20 17:56:59]          941          940         3592          0
[2022-12-20 17:57:01]          941          940         4066          0
[2022-12-20 17:57:02]          941          940          443          0
[2022-12-20 17:57:04]          941          940          917          0
[2022-12-20 17:57:05]          941          940         1391          0
[2022-12-20 17:57:07]          941          940         1865          0
[2022-12-20 17:57:08]          941          940         2339          0
[2022-12-20 17:57:08] WR-BW(MiB/s) RD-BW(MiB/s)  TESTED(MiB)     ERRORS
[2022-12-20 17:57:09]          940          940         2813          0
[2022-12-20 17:57:11]          941          940         3287          0
[2022-12-20 17:57:12]          941          940         3760          0
[2022-12-20 17:57:14]          941          940          138          0
[2022-12-20 17:57:15]          941          940          612          0
[2022-12-20 17:57:17]          941          940         1086          0
[2022-12-20 17:57:18]          941          940         1560          0
[2022-12-20 17:57:20]          941          940         2034          0
[2022-12-20 17:57:20] WR-BW(MiB/s) RD-BW(MiB/s)  TESTED(MiB)     ERRORS
[2022-12-20 17:57:21]          940          940         2507          0
[2022-12-20 17:57:23]          941          940         2981          0
[2022-12-20 17:57:24]          941          940         3455          0
[2022-12-20 17:57:25]          941          940         3929          0
[2022-12-20 17:57:27]          941          940          307          0
[2022-12-20 17:57:28]          941          940          781          0
[2022-12-20 17:57:30]          941          940         1254          0
[2022-12-20 17:57:31]          941          940         1728          0
[2022-12-20 17:57:31] WR-BW(MiB/s) RD-BW(MiB/s)  TESTED(MiB)     ERRORS
[2022-12-20 17:57:33]          941          940         2202          0
[2022-12-20 17:57:34]          941          940         2676          0
[2022-12-20 17:57:36]          941          940         3150          0
[2022-12-20 17:57:37]          941          940         3624          0
[2022-12-20 17:57:39]          941          940            1          0
[2022-12-20 17:57:40]          941          940          475          0
[2022-12-20 17:57:41]          941          940          949          0
[2022-12-20 17:57:43]          941          940         1423          0
[2022-12-20 17:57:43] WR-BW(MiB/s) RD-BW(MiB/s)  TESTED(MiB)     ERRORS
[2022-12-20 17:57:44]          941          940         1897          0
[2022-12-20 17:57:46]          941          940         2371          0
[2022-12-20 17:57:47]          941          940         2844          0
[2022-12-20 17:57:49]          941          940         3318          0
[2022-12-20 17:57:50]          941          940         3792          0
[2022-12-20 17:57:52]          941          940          170          0
[2022-12-20 17:57:53]          941          940          644          0
[2022-12-20 17:57:54]          941          940         1118          0
[2022-12-20 17:57:54] WR-BW(MiB/s) RD-BW(MiB/s)  TESTED(MiB)     ERRORS
[2022-12-20 17:57:56]          941          940         1591          0
[2022-12-20 17:57:57]          941          940         2065          0
[2022-12-20 17:57:59]          941          940         2539          0
[2022-12-20 17:58:00]          941          940         3013          0
[2022-12-20 17:58:02]          941          940         3487          0
[2022-12-20 17:58:03]          941          940         3961          0
[2022-12-20 17:58:05]          941          940          338          0
[2022-12-20 17:58:06]          941          940          812          0
[2022-12-20 17:58:06] WR-BW(MiB/s) RD-BW(MiB/s)  TESTED(MiB)     ERRORS
[2022-12-20 17:58:08]          941          940         1286          0
[2022-12-20 17:58:09]          941          940         1760          0
[2022-12-20 17:58:10]          941          940         2234          0
[2022-12-20 17:58:12]          941          940         2708          0
[2022-12-20 17:58:13]          941          940         3181          0
[2022-12-20 17:58:15]          941          940         3655          0
[2022-12-20 17:58:16]          941          940           33          0
[2022-12-20 17:58:18]          941          940          507          0
[2022-12-20 17:58:18] WR-BW(MiB/s) RD-BW(MiB/s)  TESTED(MiB)     ERRORS
[2022-12-20 17:58:19]          941          940          981          0
[2022-12-20 17:58:21]          941          940         1455          0
[2022-12-20 17:58:22]          941          940         1928          0
[2022-12-20 17:58:24]          941          940         2402          0
[2022-12-20 17:58:25]          941          940         2876          0
[2022-12-20 17:58:26]          941          940         3350          0
[2022-12-20 17:58:28]          941          940         3824          0
[2022-12-20 17:58:29]          941          940          202          0
[2022-12-20 17:58:29] WR-BW(MiB/s) RD-BW(MiB/s)  TESTED(MiB)     ERRORS
[2022-12-20 17:58:31]          941          940          675          0
[2022-12-20 17:58:32]          941          940         1149          0
[2022-12-20 17:58:34]          941          940         1623          0
[2022-12-20 17:58:35]          941          940         2097          0
[2022-12-20 17:58:37]          941          940         2571          0
[2022-12-20 17:58:38]          941          940         3045          0
[2022-12-20 17:58:39]          941          940         3518          0
[2022-12-20 17:58:41]          941          940         3992          0
[2022-12-20 17:58:41] WR-BW(MiB/s) RD-BW(MiB/s)  TESTED(MiB)     ERRORS
[2022-12-20 17:58:42]          940          940          370          0
[2022-12-20 17:58:44]          941          940          844          0
[2022-12-20 17:58:45]          941          940         1318          0
[2022-12-20 17:58:47]          941          940         1792          0
[2022-12-20 17:58:48]          941          940         2265          0
[2022-12-20 17:58:50]          941          940         2739          0
[2022-12-20 17:58:51]          941          940         3213          0
[2022-12-20 17:58:53]          941          940         3687          0
[2022-12-20 17:58:53] WR-BW(MiB/s) RD-BW(MiB/s)  TESTED(MiB)     ERRORS
[2022-12-20 17:58:54]          940          940           65          0
[2022-12-20 17:58:55]          941          940          539          0
[2022-12-20 17:58:57]          941          940         1012          0
[2022-12-20 17:58:58]          941          940         1486          0
[2022-12-20 17:59:00]          941          940         1960          0
[2022-12-20 17:59:01]          941          940         2434          0
[2022-12-20 17:59:03]          941          940         2908          0
[2022-12-20 17:59:04]          941          940         3382          0
[2022-12-20 17:59:04] WR-BW(MiB/s) RD-BW(MiB/s)  TESTED(MiB)     ERRORS
[2022-12-20 17:59:06]          940          940         3855          0
[2022-12-20 17:59:07]          941          940          233          0
[2022-12-20 17:59:09]          941          940          707          0
[2022-12-20 17:59:10]          941          940         1181          0
[2022-12-20 17:59:11]          941          940         1655          0
[2022-12-20 17:59:13]          941          940         2129          0
[2022-12-20 17:59:14]          941          940         2602          0
[2022-12-20 17:59:16]          941          940         3076          0
[2022-12-20 17:59:16] WR-BW(MiB/s) RD-BW(MiB/s)  TESTED(MiB)     ERRORS
[2022-12-20 17:59:17]          941          940         3550          0
[2022-12-20 17:59:19]          941          940         4024          0
[2022-12-20 17:59:20]          941          940          402          0
[2022-12-20 17:59:22]          941          940          876          0
[2022-12-20 17:59:23]          941          940         1350          0
[2022-12-20 17:59:24]          941          940         1823          0
[2022-12-20 17:59:26]          941          940         2297          0
[2022-12-20 17:59:27]          941          940         2771          0
[2022-12-20 17:59:27] WR-BW(MiB/s) RD-BW(MiB/s)  TESTED(MiB)     ERRORS
[2022-12-20 17:59:29]          940          940         3245          0
[2022-12-20 17:59:30]          941          940         3719          0
[2022-12-20 17:59:32]          941          940           97          0
[2022-12-20 17:59:33]          941          940          570          0
[2022-12-20 17:59:35]          941          940         1044          0
[2022-12-20 17:59:36]          941          940         1518          0
[2022-12-20 17:59:38]          941          940         1992          0
[2022-12-20 17:59:39]          941          940         2466          0
[2022-12-20 17:59:39] WR-BW(MiB/s) RD-BW(MiB/s)  TESTED(MiB)     ERRORS
[2022-12-20 17:59:40]          941          940         2940          0
[2022-12-20 17:59:42]          941          940         3413          0
[2022-12-20 17:59:43]          941          940         3887          0
[2022-12-20 17:59:45]          941          940          265          0
[2022-12-20 17:59:46]          941          940          739          0
[2022-12-20 17:59:48]          941          940         1213          0
[2022-12-20 17:59:49]          941          940         1687          0
[2022-12-20 17:59:51]          941          940         2160          0
[2022-12-20 17:59:51] WR-BW(MiB/s) RD-BW(MiB/s)  TESTED(MiB)     ERRORS
[2022-12-20 17:59:52]          941          940         2634          0
[2022-12-20 17:59:54]          941          940         3108          0
[2022-12-20 17:59:55]          941          940         3582          0
[2022-12-20 17:59:56]          941          940         4056          0
[2022-12-20 17:59:58]          941          940          434          0
[2022-12-20 17:59:59]          941          940          907          0
[2022-12-20 18:00:01]          941          940         1381          0
[2022-12-20 18:00:02]          941          940         1855          0
[2022-12-20 18:00:02] WR-BW(MiB/s) RD-BW(MiB/s)  TESTED(MiB)     ERRORS
[2022-12-20 18:00:04]          941          940         2329          0
[2022-12-20 18:00:05]          941          940         2803          0
[2022-12-20 18:00:07]          941          940         3277          0
[2022-12-20 18:00:08]          941          940         3750          0
[2022-12-20 18:00:09]          941          940          128          0
[2022-12-20 18:00:11]          941          940          602          0
[2022-12-20 18:00:12]          941          940         1076          0
[2022-12-20 18:00:14]          941          940         1550          0
[2022-12-20 18:00:14] WR-BW(MiB/s) RD-BW(MiB/s)  TESTED(MiB)     ERRORS
[2022-12-20 18:00:15]          941          940         2024          0
[2022-12-20 18:00:17]          941          940         2497          0
[2022-12-20 18:00:18]          941          940         2971          0
[2022-12-20 18:00:20]          941          940         3445          0
[2022-12-20 18:00:21]          941          940         3919          0
[2022-12-20 18:00:23]          941          940          297          0
[2022-12-20 18:00:24]          941          940          771          0
[2022-12-20 18:00:25]          941          940         1244          0
[2022-12-20 18:00:25] WR-BW(MiB/s) RD-BW(MiB/s)  TESTED(MiB)     ERRORS
[2022-12-20 18:00:27]          940          940         1718          0
[2022-12-20 18:00:28]          941          940         2192          0
[2022-12-20 18:00:30]          941          940         2666          0
[2022-12-20 18:00:31]          941          940         3140          0
[2022-12-20 18:00:33]          941          940         3614          0
[2022-12-20 18:00:34]          941          940         4087          0
[2022-12-20 18:00:36]          941          940          465          0
[2022-12-20 18:00:37]          941          940          939          0
[2022-12-20 18:00:37] WR-BW(MiB/s) RD-BW(MiB/s)  TESTED(MiB)     ERRORS
[2022-12-20 18:00:39]          941          940         1413          0
[2022-12-20 18:00:40]          941          940         1887          0
[2022-12-20 18:00:41]          941          940         2361          0
[2022-12-20 18:00:43]          941          940         2834          0
[2022-12-20 18:00:44]          941          940         3308          0
[2022-12-20 18:00:46]          941          940         3782          0
[2022-12-20 18:00:47]          941          940          160          0
[2022-12-20 18:00:49]          941          940          634          0
[2022-12-20 18:00:49] WR-BW(MiB/s) RD-BW(MiB/s)  TESTED(MiB)     ERRORS
[2022-12-20 18:00:50]          941          940         1108          0
[2022-12-20 18:00:52]          941          940         1581          0
[2022-12-20 18:00:53]          941          940         2055          0
