[2022-12-17 07:36:12] Creating JCM Hardware on port 0 with 0 shifts
[2022-12-17 07:36:12] Using Default Chain String: [ 6 ]
[2022-12-17 07:36:12] Changing JCM Clock. Old Rate=29411765 Request Rate=1000000 Actual rate=1000000
[2022-12-17 07:36:12] Register 0x32=
[2022-12-17 07:36:12]  0:0x812c023b
[2022-12-17 07:36:12]  1:0x2a0f6504
[2022-12-17 07:36:12] Changing JCM Clock. Old Rate=1000000 Request Rate=30000000 Actual rate=29411765
[2022-12-17 07:36:12] Creating JCM Hardware on port 0 with 0 shifts
[2022-12-17 07:36:12] Using Default Chain String: [ 6 ]
[2022-12-17 07:36:12] **** Warning ****
[2022-12-17 07:36:12]   Filename /root/ddr_11_28.bit does not have a '.bin' extension. Only '.bin' files can be used for this configuration command
[2022-12-17 07:36:12] Configuring with file: /root/ddr_11_28.bit
[2022-12-17 07:36:18] Configured Successfully
[2022-12-17 07:36:19] JCM Scrubbing. Build Date Thu Jul 28 15:32:32 MDT 2022
[2022-12-17 07:36:19] Execution time: Fri Jul 29 14:52:17 2022
[2022-12-17 07:36:19] 
[2022-12-17 07:36:19] Changing JCM Clock. Old Rate=29411765 Request Rate=30000000 Actual rate=29411765
[2022-12-17 07:36:19] Creating JCM Hardware on port 0 with 0 shifts
[2022-12-17 07:36:19] Using Default Chain String: [ 6 ]
[2022-12-17 07:36:23] FPGA: xc7a200t (7_Series family) IDCode=0x13636093
[2022-12-17 07:36:23] Read IDCODE Matched=0x13636093
[2022-12-17 07:36:23] No readback file specified
[2022-12-17 07:36:23] Number of OffSet words 101
[2022-12-17 07:36:23] No readback file specified. Reading 18310 frames
[2022-12-17 07:36:23] Number of OffSet words 101
[2022-12-17 07:36:23] Number of OffSet words 101
[2022-12-17 07:36:23] Part xc7a200t has 24802 frames. Family 7_Series has 101 words per frame
[2022-12-17 07:36:23] Cycle 0: 2022-07-29 14:52:21
[2022-12-17 07:36:27] Cycle 1: 2022-07-29 14:52:25
[2022-12-17 07:36:31] Cycle 2: 2022-07-29 14:52:30
[2022-12-17 07:36:35] Cycle 3: 2022-07-29 14:52:34
[2022-12-17 07:36:40] Cycle 4: 2022-07-29 14:52:38
[2022-12-17 07:36:44] Cycle 5: 2022-07-29 14:52:42
[2022-12-17 07:36:48] Cycle 6: 2022-07-29 14:52:46
[2022-12-17 07:36:52] Cycle 7: 2022-07-29 14:52:50
[2022-12-17 07:36:56] Cycle 8: 2022-07-29 14:52:55
[2022-12-17 07:37:00] Cycle 9: 2022-07-29 14:52:59
[2022-12-17 07:37:05] Cycle 10: 2022-07-29 14:53:03
[2022-12-17 07:37:09] Cycle 11: 2022-07-29 14:53:07
[2022-12-17 07:37:13] Cycle 12: 2022-07-29 14:53:11
[2022-12-17 07:37:17] Cycle 13: 2022-07-29 14:53:15
[2022-12-17 07:37:21] Cycle 14: 2022-07-29 14:53:19
[2022-12-17 07:37:25] Cycle 15: 2022-07-29 14:53:24
[2022-12-17 07:37:30] Cycle 16: 2022-07-29 14:53:28
[2022-12-17 07:37:34] Cycle 17: 2022-07-29 14:53:32
[2022-12-17 07:37:38] Cycle 18: 2022-07-29 14:53:36
[2022-12-17 07:37:42] Cycle 19: 2022-07-29 14:53:40
[2022-12-17 07:37:46] Cycle 20: 2022-07-29 14:53:44
[2022-12-17 07:37:50] Cycle 21: 2022-07-29 14:53:49
[2022-12-17 07:37:55] Cycle 22: 2022-07-29 14:53:53
[2022-12-17 07:37:59] Cycle 23: 2022-07-29 14:53:57
[2022-12-17 07:38:03] Cycle 24: 2022-07-29 14:54:01
[2022-12-17 07:38:07] Cycle 25: 2022-07-29 14:54:05
[2022-12-17 07:38:11] Cycle 26: 2022-07-29 14:54:09
[2022-12-17 07:38:15] Cycle 27: 2022-07-29 14:54:14
[2022-12-17 07:38:20] Cycle 28: 2022-07-29 14:54:18
[2022-12-17 07:38:24] Cycle 29: 2022-07-29 14:54:22
[2022-12-17 07:38:28] Cycle 30: 2022-07-29 14:54:26
[2022-12-17 07:38:32] Cycle 31: 2022-07-29 14:54:30
[2022-12-17 07:38:36] Cycle 32: 2022-07-29 14:54:34
[2022-12-17 07:38:40] Cycle 33: 2022-07-29 14:54:39
[2022-12-17 07:38:44] Cycle 34: 2022-07-29 14:54:43
[2022-12-17 07:38:49] Cycle 35: 2022-07-29 14:54:47
[2022-12-17 07:38:53] Cycle 36: 2022-07-29 14:54:51
[2022-12-17 07:38:57] Cycle 37: 2022-07-29 14:54:55
[2022-12-17 07:39:01] Cycle 38: 2022-07-29 14:54:59
[2022-12-17 07:39:05] Cycle 39: 2022-07-29 14:55:04
[2022-12-17 07:39:09] Cycle 40: 2022-07-29 14:55:08
[2022-12-17 07:39:14] Cycle 41: 2022-07-29 14:55:12
[2022-12-17 07:39:18] Cycle 42: 2022-07-29 14:55:16
[2022-12-17 07:39:22] Cycle 43: 2022-07-29 14:55:20
[2022-12-17 07:39:26] Cycle 44: 2022-07-29 14:55:24
[2022-12-17 07:39:30] Cycle 45: 2022-07-29 14:55:29
[2022-12-17 07:39:34] Cycle 46: 2022-07-29 14:55:33
[2022-12-17 07:39:39] Cycle 47: 2022-07-29 14:55:37
[2022-12-17 07:39:43] Cycle 48: 2022-07-29 14:55:41
[2022-12-17 07:39:47] Cycle 49: 2022-07-29 14:55:45
[2022-12-17 07:39:51] Cycle 50: 2022-07-29 14:55:49
[2022-12-17 07:39:55] Cycle 51: 2022-07-29 14:55:53
[2022-12-17 07:39:59] Cycle 52: 2022-07-29 14:55:58
[2022-12-17 07:40:04] Cycle 53: 2022-07-29 14:56:02
[2022-12-17 07:40:08] Cycle 54: 2022-07-29 14:56:06
[2022-12-17 07:40:12] Cycle 55: 2022-07-29 14:56:10
[2022-12-17 07:40:16] Cycle 56: 2022-07-29 14:56:14
[2022-12-17 07:40:20] Cycle 57: 2022-07-29 14:56:18
[2022-12-17 07:40:24] Cycle 58: 2022-07-29 14:56:23
[2022-12-17 07:40:29] Cycle 59: 2022-07-29 14:56:27
[2022-12-17 07:40:33] Cycle 60: 2022-07-29 14:56:31
[2022-12-17 07:40:37] Cycle 61: 2022-07-29 14:56:35
[2022-12-17 07:40:41] Cycle 62: 2022-07-29 14:56:39
[2022-12-17 07:40:45] Cycle 63: 2022-07-29 14:56:43
[2022-12-17 07:40:49] Cycle 64: 2022-07-29 14:56:48
[2022-12-17 07:40:54] Cycle 65: 2022-07-29 14:56:52
[2022-12-17 07:40:58] Cycle 66: 2022-07-29 14:56:56
[2022-12-17 07:41:02] Cycle 67: 2022-07-29 14:57:00
[2022-12-17 07:41:06] Cycle 68: 2022-07-29 14:57:04
[2022-12-17 07:41:10] Cycle 69: 2022-07-29 14:57:08
[2022-12-17 07:41:14] Cycle 70: 2022-07-29 14:57:13
[2022-12-17 07:41:18] Cycle 71: 2022-07-29 14:57:17
[2022-12-17 07:41:23] Cycle 72: 2022-07-29 14:57:21
[2022-12-17 07:41:27] Cycle 73: 2022-07-29 14:57:25
[2022-12-17 07:41:31] Cycle 74: 2022-07-29 14:57:29
[2022-12-17 07:41:35] Cycle 75: 2022-07-29 14:57:33
[2022-12-17 07:41:39] Cycle 76: 2022-07-29 14:57:38
[2022-12-17 07:41:43] Cycle 77: 2022-07-29 14:57:42
[2022-12-17 07:41:48] Cycle 78: 2022-07-29 14:57:46
[2022-12-17 07:41:52] Cycle 79: 2022-07-29 14:57:50
[2022-12-17 07:41:56] Cycle 80: 2022-07-29 14:57:54
[2022-12-17 07:42:00] Cycle 81: 2022-07-29 14:57:58
[2022-12-17 07:42:04] Cycle 82: 2022-07-29 14:58:03
[2022-12-17 07:42:08] Cycle 83: 2022-07-29 14:58:07
[2022-12-17 07:42:13] Cycle 84: 2022-07-29 14:58:11
[2022-12-17 07:42:17] Cycle 85: 2022-07-29 14:58:15
[2022-12-17 07:42:21] Cycle 86: 2022-07-29 14:58:19
[2022-12-17 07:42:25] Cycle 87: 2022-07-29 14:58:23
[2022-12-17 07:42:29] Cycle 88: 2022-07-29 14:58:27
[2022-12-17 07:42:33] Cycle 89: 2022-07-29 14:58:32
[2022-12-17 07:42:38] Cycle 90: 2022-07-29 14:58:36
[2022-12-17 07:42:42] Cycle 91: 2022-07-29 14:58:40
[2022-12-17 07:42:46] Cycle 92: 2022-07-29 14:58:44
[2022-12-17 07:42:50] Cycle 93: 2022-07-29 14:58:48
[2022-12-17 07:42:54] Cycle 94: 2022-07-29 14:58:52
[2022-12-17 07:42:58] Cycle 95: 2022-07-29 14:58:57
[2022-12-17 07:43:03] Cycle 96: 2022-07-29 14:59:01
[2022-12-17 07:43:07] Cycle 97: 2022-07-29 14:59:05
[2022-12-17 07:43:11] Cycle 98: 2022-07-29 14:59:09
[2022-12-17 07:43:15] Cycle 99: 2022-07-29 14:59:13
[2022-12-17 07:43:19] Cycle 100: 2022-07-29 14:59:17
[2022-12-17 07:43:23] Cycle 101: 2022-07-29 14:59:22
[2022-12-17 07:43:27] Cycle 102: 2022-07-29 14:59:26
[2022-12-17 07:43:32] Cycle 103: 2022-07-29 14:59:30
[2022-12-17 07:43:36] Cycle 104: 2022-07-29 14:59:34
[2022-12-17 07:43:40] Cycle 105: 2022-07-29 14:59:38
[2022-12-17 07:43:44] Cycle 106: 2022-07-29 14:59:42
[2022-12-17 07:43:48] Cycle 107: 2022-07-29 14:59:47
[2022-12-17 07:43:52] Cycle 108: 2022-07-29 14:59:51
[2022-12-17 07:43:57] Cycle 109: 2022-07-29 14:59:55
[2022-12-17 07:44:01] Cycle 110: 2022-07-29 14:59:59
[2022-12-17 07:44:05] Cycle 111: 2022-07-29 15:00:03
[2022-12-17 07:44:09] Cycle 112: 2022-07-29 15:00:07
[2022-12-17 07:44:13] Cycle 113: 2022-07-29 15:00:12
[2022-12-17 07:44:17] Cycle 114: 2022-07-29 15:00:16
[2022-12-17 07:44:22] Cycle 115: 2022-07-29 15:00:20
[2022-12-17 07:44:26] Cycle 116: 2022-07-29 15:00:24
[2022-12-17 07:44:30] Cycle 117: 2022-07-29 15:00:28
[2022-12-17 07:44:34] Cycle 118: 2022-07-29 15:00:32
[2022-12-17 07:44:38] Cycle 119: 2022-07-29 15:00:37
[2022-12-17 07:44:42] Cycle 120: 2022-07-29 15:00:41
[2022-12-17 07:44:47] Cycle 121: 2022-07-29 15:00:45
[2022-12-17 07:44:51] Cycle 122: 2022-07-29 15:00:49
[2022-12-17 07:44:55] Cycle 123: 2022-07-29 15:00:53
[2022-12-17 07:44:59] Cycle 124: 2022-07-29 15:00:57
[2022-12-17 07:45:03] Cycle 125: 2022-07-29 15:01:01
[2022-12-17 07:45:07] Cycle 126: 2022-07-29 15:01:06
[2022-12-17 07:45:12] Cycle 127: 2022-07-29 15:01:10
[2022-12-17 07:45:16] Cycle 128: 2022-07-29 15:01:14
[2022-12-17 07:45:20] Cycle 129: 2022-07-29 15:01:18
[2022-12-17 07:45:24] Cycle 130: 2022-07-29 15:01:22
[2022-12-17 07:45:28] Cycle 131: 2022-07-29 15:01:26
[2022-12-17 07:45:32] Cycle 132: 2022-07-29 15:01:31
[2022-12-17 07:45:37] Cycle 133: 2022-07-29 15:01:35
[2022-12-17 07:45:41] Cycle 134: 2022-07-29 15:01:39
[2022-12-17 07:45:45] Cycle 135: 2022-07-29 15:01:43
[2022-12-17 07:45:49] Cycle 136: 2022-07-29 15:01:47
[2022-12-17 07:45:53] Cycle 137: 2022-07-29 15:01:51
[2022-12-17 07:45:57] Cycle 138: 2022-07-29 15:01:56
[2022-12-17 07:46:01] Cycle 139: 2022-07-29 15:02:00
[2022-12-17 07:46:06] Cycle 140: 2022-07-29 15:02:04
[2022-12-17 07:46:10] Cycle 141: 2022-07-29 15:02:08
[2022-12-17 07:46:14] Cycle 142: 2022-07-29 15:02:12
[2022-12-17 07:46:18] Cycle 143: 2022-07-29 15:02:16
[2022-12-17 07:46:22] Cycle 144: 2022-07-29 15:02:21
[2022-12-17 07:46:26] Cycle 145: 2022-07-29 15:02:25
[2022-12-17 07:46:31] Cycle 146: 2022-07-29 15:02:29
[2022-12-17 07:46:35] Cycle 147: 2022-07-29 15:02:33
[2022-12-17 07:46:39] Cycle 148: 2022-07-29 15:02:37
[2022-12-17 07:46:43] Cycle 149: 2022-07-29 15:02:41
[2022-12-17 07:46:47] Cycle 150: 2022-07-29 15:02:46
[2022-12-17 07:46:51] Cycle 151: 2022-07-29 15:02:50
[2022-12-17 07:46:56] Cycle 152: 2022-07-29 15:02:54
[2022-12-17 07:47:00] Cycle 153: 2022-07-29 15:02:58
[2022-12-17 07:47:04] Cycle 154: 2022-07-29 15:03:02
[2022-12-17 07:47:08] Cycle 155: 2022-07-29 15:03:06
[2022-12-17 07:47:12] Cycle 156: 2022-07-29 15:03:10
[2022-12-17 07:47:16] Cycle 157: 2022-07-29 15:03:15
[2022-12-17 07:47:21] Cycle 158: 2022-07-29 15:03:19
[2022-12-17 07:47:25] Cycle 159: 2022-07-29 15:03:23
[2022-12-17 07:47:29] Cycle 160: 2022-07-29 15:03:27
[2022-12-17 07:47:33] Cycle 161: 2022-07-29 15:03:31
[2022-12-17 07:47:37] Cycle 162: 2022-07-29 15:03:35
[2022-12-17 07:47:41] Cycle 163: 2022-07-29 15:03:40
[2022-12-17 07:47:46] Cycle 164: 2022-07-29 15:03:44
[2022-12-17 07:47:50] Cycle 165: 2022-07-29 15:03:48
[2022-12-17 07:47:54] Cycle 166: 2022-07-29 15:03:52
[2022-12-17 07:47:58] Cycle 167: 2022-07-29 15:03:56
[2022-12-17 07:48:02] Cycle 168: 2022-07-29 15:04:00
[2022-12-17 07:48:06] Cycle 169: 2022-07-29 15:04:05
[2022-12-17 07:48:10] Cycle 170: 2022-07-29 15:04:09
[2022-12-17 07:48:15] Cycle 171: 2022-07-29 15:04:13
[2022-12-17 07:48:19] Cycle 172: 2022-07-29 15:04:17
[2022-12-17 07:48:23] Cycle 173: 2022-07-29 15:04:21
[2022-12-17 07:48:27] Cycle 174: 2022-07-29 15:04:25
[2022-12-17 07:48:31] Cycle 175: 2022-07-29 15:04:30
[2022-12-17 07:48:35] Cycle 176: 2022-07-29 15:04:34
[2022-12-17 07:48:40] Cycle 177: 2022-07-29 15:04:38
[2022-12-17 07:48:44] Cycle 178: 2022-07-29 15:04:42
[2022-12-17 07:48:48] Cycle 179: 2022-07-29 15:04:46
[2022-12-17 07:48:52] Cycle 180: 2022-07-29 15:04:50
[2022-12-17 07:48:56] Cycle 181: 2022-07-29 15:04:55
[2022-12-17 07:49:00] Cycle 182: 2022-07-29 15:04:59
[2022-12-17 07:49:05] Cycle 183: 2022-07-29 15:05:03
[2022-12-17 07:49:09] Cycle 184: 2022-07-29 15:05:07
[2022-12-17 07:49:13] Cycle 185: 2022-07-29 15:05:11
[2022-12-17 07:49:17] Cycle 186: 2022-07-29 15:05:15
[2022-12-17 07:49:21] Cycle 187: 2022-07-29 15:05:20
[2022-12-17 07:49:25] Cycle 188: 2022-07-29 15:05:24
[2022-12-17 07:49:31] Cycle 189: 2022-07-29 15:05:28
[2022-12-17 07:49:34] Cycle 190: 2022-07-29 15:05:32
[2022-12-17 07:49:38] Cycle 191: 2022-07-29 15:05:36
[2022-12-17 07:49:42] Cycle 192: 2022-07-29 15:05:40
[2022-12-17 07:49:46] Cycle 193: 2022-07-29 15:05:44
[2022-12-17 07:49:50] Cycle 194: 2022-07-29 15:05:49
[2022-12-17 07:49:55] Cycle 195: 2022-07-29 15:05:53
[2022-12-17 07:49:59] Cycle 196: 2022-07-29 15:05:57
[2022-12-17 07:50:03] Cycle 197: 2022-07-29 15:06:01
[2022-12-17 07:50:07] Cycle 198: 2022-07-29 15:06:05
[2022-12-17 07:50:11] Cycle 199: 2022-07-29 15:06:09
[2022-12-17 07:50:15] Cycle 200: 2022-07-29 15:06:14
[2022-12-17 07:50:20] Cycle 201: 2022-07-29 15:06:18
[2022-12-17 07:50:24] Cycle 202: 2022-07-29 15:06:22
[2022-12-17 07:50:28] Cycle 203: 2022-07-29 15:06:26
[2022-12-17 07:50:32] Cycle 204: 2022-07-29 15:06:30
[2022-12-17 07:50:36] Cycle 205: 2022-07-29 15:06:34
[2022-12-17 07:50:40] Cycle 206: 2022-07-29 15:06:39
[2022-12-17 07:50:44] Cycle 207: 2022-07-29 15:06:43
[2022-12-17 07:50:49] Cycle 208: 2022-07-29 15:06:47
[2022-12-17 07:50:53] Cycle 209: 2022-07-29 15:06:51
[2022-12-17 07:50:57] Cycle 210: 2022-07-29 15:06:55
[2022-12-17 07:51:01] Cycle 211: 2022-07-29 15:06:59
[2022-12-17 07:51:05] Cycle 212: 2022-07-29 15:07:04
[2022-12-17 07:51:09] Cycle 213: 2022-07-29 15:07:08
[2022-12-17 07:51:14] Cycle 214: 2022-07-29 15:07:12
[2022-12-17 07:51:18] Cycle 215: 2022-07-29 15:07:16
[2022-12-17 07:51:22] Cycle 216: 2022-07-29 15:07:20
[2022-12-17 07:51:26] Cycle 217: 2022-07-29 15:07:24
[2022-12-17 07:51:30] Cycle 218: 2022-07-29 15:07:29
[2022-12-17 07:51:34] Cycle 219: 2022-07-29 15:07:33
[2022-12-17 07:51:39] Cycle 220: 2022-07-29 15:07:37
[2022-12-17 07:51:43] Cycle 221: 2022-07-29 15:07:41
[2022-12-17 07:51:47] Cycle 222: 2022-07-29 15:07:45
[2022-12-17 07:51:51] Cycle 223: 2022-07-29 15:07:49
[2022-12-17 07:51:55] Cycle 224: 2022-07-29 15:07:54
[2022-12-17 07:51:59] Cycle 225: 2022-07-29 15:07:58
[2022-12-17 07:52:04] Cycle 226: 2022-07-29 15:08:02
[2022-12-17 07:52:08] Cycle 227: 2022-07-29 15:08:06
[2022-12-17 07:52:12] Cycle 228: 2022-07-29 15:08:10
[2022-12-17 07:52:16] Cycle 229: 2022-07-29 15:08:14
[2022-12-17 07:52:20] Cycle 230: 2022-07-29 15:08:18
[2022-12-17 07:52:24] Cycle 231: 2022-07-29 15:08:23
[2022-12-17 07:52:29] Cycle 232: 2022-07-29 15:08:27
[2022-12-17 07:52:33] Cycle 233: 2022-07-29 15:08:31
[2022-12-17 07:52:37] Cycle 234: 2022-07-29 15:08:35
[2022-12-17 07:52:41] Cycle 235: 2022-07-29 15:08:39
[2022-12-17 07:52:45] Cycle 236: 2022-07-29 15:08:43
[2022-12-17 07:52:49] Cycle 237: 2022-07-29 15:08:48
[2022-12-17 07:52:54] Cycle 238: 2022-07-29 15:08:52
[2022-12-17 07:52:58] Cycle 239: 2022-07-29 15:08:56
[2022-12-17 07:53:02] Cycle 240: 2022-07-29 15:09:00
[2022-12-17 07:53:06] Cycle 241: 2022-07-29 15:09:04
[2022-12-17 07:53:10] Cycle 242: 2022-07-29 15:09:08
[2022-12-17 07:53:14] Cycle 243: 2022-07-29 15:09:13
[2022-12-17 07:53:18] Cycle 244: 2022-07-29 15:09:17
[2022-12-17 07:53:23] Cycle 245: 2022-07-29 15:09:21
[2022-12-17 07:53:27] Cycle 246: 2022-07-29 15:09:25
[2022-12-17 07:53:31] Cycle 247: 2022-07-29 15:09:29
[2022-12-17 07:53:35] Cycle 248: 2022-07-29 15:09:33
[2022-12-17 07:53:39] Cycle 249: 2022-07-29 15:09:38
[2022-12-17 07:53:43] Cycle 250: 2022-07-29 15:09:42
[2022-12-17 07:53:48] Cycle 251: 2022-07-29 15:09:46
[2022-12-17 07:53:52] Cycle 252: 2022-07-29 15:09:50
[2022-12-17 07:53:56] Cycle 253: 2022-07-29 15:09:54
[2022-12-17 07:54:00] Cycle 254: 2022-07-29 15:09:58
[2022-12-17 07:54:04] Cycle 255: 2022-07-29 15:10:03
[2022-12-17 07:54:08] Cycle 256: 2022-07-29 15:10:07
[2022-12-17 07:54:13] Cycle 257: 2022-07-29 15:10:11
[2022-12-17 07:54:17] Cycle 258: 2022-07-29 15:10:15
[2022-12-17 07:54:21] Cycle 259: 2022-07-29 15:10:19
[2022-12-17 07:54:25] Cycle 260: 2022-07-29 15:10:23
[2022-12-17 07:54:29] Cycle 261: 2022-07-29 15:10:28
[2022-12-17 07:54:33] Cycle 262: 2022-07-29 15:10:32
[2022-12-17 07:54:38] Cycle 263: 2022-07-29 15:10:36
[2022-12-17 07:54:42] Cycle 264: 2022-07-29 15:10:40
[2022-12-17 07:54:46] Cycle 265: 2022-07-29 15:10:44
[2022-12-17 07:54:50] Cycle 266: 2022-07-29 15:10:48
[2022-12-17 07:54:54] Cycle 267: 2022-07-29 15:10:52
[2022-12-17 07:54:58] Cycle 268: 2022-07-29 15:10:57
[2022-12-17 07:55:03] Cycle 269: 2022-07-29 15:11:01
[2022-12-17 07:55:07] Cycle 270: 2022-07-29 15:11:05
[2022-12-17 07:55:11] Cycle 271: 2022-07-29 15:11:09
[2022-12-17 07:55:15] Cycle 272: 2022-07-29 15:11:13
[2022-12-17 07:55:19] Cycle 273: 2022-07-29 15:11:17
[2022-12-17 07:55:23] Cycle 274: 2022-07-29 15:11:22
[2022-12-17 07:55:27] Cycle 275: 2022-07-29 15:11:26
[2022-12-17 07:55:32] Cycle 276: 2022-07-29 15:11:30
[2022-12-17 07:55:36] Cycle 277: 2022-07-29 15:11:34
[2022-12-17 07:55:40] Cycle 278: 2022-07-29 15:11:38
[2022-12-17 07:55:44] Cycle 279: 2022-07-29 15:11:42
[2022-12-17 07:55:48] Cycle 280: 2022-07-29 15:11:47
[2022-12-17 07:55:52] Cycle 281: 2022-07-29 15:11:51
[2022-12-17 07:55:57] Cycle 282: 2022-07-29 15:11:55
[2022-12-17 07:56:01] Cycle 283: 2022-07-29 15:11:59
[2022-12-17 07:56:05] Cycle 284: 2022-07-29 15:12:03
[2022-12-17 07:56:09] Cycle 285: 2022-07-29 15:12:07
[2022-12-17 07:56:13] Cycle 286: 2022-07-29 15:12:12
[2022-12-17 07:56:17] Cycle 287: 2022-07-29 15:12:16
[2022-12-17 07:56:22] Cycle 288: 2022-07-29 15:12:20
[2022-12-17 07:56:26] Cycle 289: 2022-07-29 15:12:24
[2022-12-17 07:56:30] Cycle 290: 2022-07-29 15:12:28
[2022-12-17 07:56:34] Cycle 291: 2022-07-29 15:12:32
[2022-12-17 07:56:38] Cycle 292: 2022-07-29 15:12:37
[2022-12-17 07:56:42] Cycle 293: 2022-07-29 15:12:41
[2022-12-17 07:56:47] Cycle 294: 2022-07-29 15:12:45
[2022-12-17 07:56:51] Cycle 295: 2022-07-29 15:12:49
[2022-12-17 07:56:55] Cycle 296: 2022-07-29 15:12:53
[2022-12-17 07:56:59] Cycle 297: 2022-07-29 15:12:57
[2022-12-17 07:57:03] Cycle 298: 2022-07-29 15:13:02
[2022-12-17 07:57:07] Cycle 299: 2022-07-29 15:13:06
[2022-12-17 07:57:12] Cycle 300: 2022-07-29 15:13:10
[2022-12-17 07:57:16] Cycle 301: 2022-07-29 15:13:14
[2022-12-17 07:57:20] Cycle 302: 2022-07-29 15:13:18
[2022-12-17 07:57:24] Cycle 303: 2022-07-29 15:13:22
[2022-12-17 07:57:28] Cycle 304: 2022-07-29 15:13:26
[2022-12-17 07:57:32] Cycle 305: 2022-07-29 15:13:31
[2022-12-17 07:57:37] Cycle 306: 2022-07-29 15:13:35
[2022-12-17 07:57:41] Cycle 307: 2022-07-29 15:13:39
[2022-12-17 07:57:45] Cycle 308: 2022-07-29 15:13:43
[2022-12-17 07:57:49] Cycle 309: 2022-07-29 15:13:47
[2022-12-17 07:57:53] Cycle 310: 2022-07-29 15:13:51
[2022-12-17 07:57:57] Cycle 311: 2022-07-29 15:13:56
[2022-12-17 07:58:01] Cycle 312: 2022-07-29 15:14:00
[2022-12-17 07:58:06] Cycle 313: 2022-07-29 15:14:04
[2022-12-17 07:58:10] Cycle 314: 2022-07-29 15:14:08
[2022-12-17 07:58:14] Cycle 315: 2022-07-29 15:14:12
[2022-12-17 07:58:18] Cycle 316: 2022-07-29 15:14:16
[2022-12-17 07:58:22] Cycle 317: 2022-07-29 15:14:21
[2022-12-17 07:58:26] Cycle 318: 2022-07-29 15:14:25
[2022-12-17 07:58:31] Cycle 319: 2022-07-29 15:14:29
[2022-12-17 07:58:35] Cycle 320: 2022-07-29 15:14:33
[2022-12-17 07:58:39] Cycle 321: 2022-07-29 15:14:37
[2022-12-17 07:58:43] Cycle 322: 2022-07-29 15:14:41
[2022-12-17 07:58:47] Cycle 323: 2022-07-29 15:14:46
[2022-12-17 07:58:51] Cycle 324: 2022-07-29 15:14:50
[2022-12-17 07:58:56] Cycle 325: 2022-07-29 15:14:54
[2022-12-17 07:59:00] Cycle 326: 2022-07-29 15:14:58
[2022-12-17 07:59:04] Cycle 327: 2022-07-29 15:15:02
[2022-12-17 07:59:08] Cycle 328: 2022-07-29 15:15:06
[2022-12-17 07:59:12] Cycle 329: 2022-07-29 15:15:11
[2022-12-17 07:59:16] Cycle 330: 2022-07-29 15:15:15
[2022-12-17 07:59:21] Cycle 331: 2022-07-29 15:15:19
[2022-12-17 07:59:25] Cycle 332: 2022-07-29 15:15:23
[2022-12-17 07:59:29] Cycle 333: 2022-07-29 15:15:27
[2022-12-17 07:59:33] Cycle 334: 2022-07-29 15:15:31
[2022-12-17 07:59:37] Cycle 335: 2022-07-29 15:15:36
[2022-12-17 07:59:41] Cycle 336: 2022-07-29 15:15:40
[2022-12-17 07:59:46] Cycle 337: 2022-07-29 15:15:44
[2022-12-17 07:59:50] Cycle 338: 2022-07-29 15:15:48
[2022-12-17 07:59:54] Cycle 339: 2022-07-29 15:15:52
[2022-12-17 07:59:58] Cycle 340: 2022-07-29 15:15:56
[2022-12-17 08:00:02] Cycle 341: 2022-07-29 15:16:00
[2022-12-17 08:00:06] Cycle 342: 2022-07-29 15:16:05
[2022-12-17 08:00:11] Cycle 343: 2022-07-29 15:16:09
[2022-12-17 08:00:15] Cycle 344: 2022-07-29 15:16:13
[2022-12-17 08:00:19] Cycle 345: 2022-07-29 15:16:17
[2022-12-17 08:00:23] Cycle 346: 2022-07-29 15:16:21
[2022-12-17 08:00:27] Cycle 347: 2022-07-29 15:16:25
[2022-12-17 08:00:31] Cycle 348: 2022-07-29 15:16:30
[2022-12-17 08:00:36] Cycle 349: 2022-07-29 15:16:34
[2022-12-17 08:00:40] Cycle 350: 2022-07-29 15:16:38
[2022-12-17 08:00:44] Cycle 351: 2022-07-29 15:16:42
[2022-12-17 08:00:48] Cycle 352: 2022-07-29 15:16:46
[2022-12-17 08:00:52] Cycle 353: 2022-07-29 15:16:50
[2022-12-17 08:00:56] Cycle 354: 2022-07-29 15:16:55
[2022-12-17 08:01:00] Cycle 355: 2022-07-29 15:16:59
[2022-12-17 08:01:05] Cycle 356: 2022-07-29 15:17:03
[2022-12-17 08:01:09] Cycle 357: 2022-07-29 15:17:07
[2022-12-17 08:01:13] Cycle 358: 2022-07-29 15:17:11
[2022-12-17 08:01:17] Cycle 359: 2022-07-29 15:17:15
[2022-12-17 08:01:21] Cycle 360: 2022-07-29 15:17:20
[2022-12-17 08:01:25] Cycle 361: 2022-07-29 15:17:24
[2022-12-17 08:01:30] Cycle 362: 2022-07-29 15:17:28
[2022-12-17 08:01:34] Cycle 363: 2022-07-29 15:17:32
[2022-12-17 08:01:38] Cycle 364: 2022-07-29 15:17:36
[2022-12-17 08:01:42] Cycle 365: 2022-07-29 15:17:40
[2022-12-17 08:01:46] Cycle 366: 2022-07-29 15:17:45
[2022-12-17 08:01:50] Cycle 367: 2022-07-29 15:17:49
[2022-12-17 08:01:55] Cycle 368: 2022-07-29 15:17:53
[2022-12-17 08:01:59] Cycle 369: 2022-07-29 15:17:57
[2022-12-17 08:02:03] Cycle 370: 2022-07-29 15:18:01
[2022-12-17 08:02:07] Cycle 371: 2022-07-29 15:18:05
[2022-12-17 08:02:11] Cycle 372: 2022-07-29 15:18:10
[2022-12-17 08:02:15] Cycle 373: 2022-07-29 15:18:14
[2022-12-17 08:02:20] Cycle 374: 2022-07-29 15:18:18
[2022-12-17 08:02:24] Cycle 375: 2022-07-29 15:18:22
[2022-12-17 08:02:28] Cycle 376: 2022-07-29 15:18:26
[2022-12-17 08:02:32] Cycle 377: 2022-07-29 15:18:30
[2022-12-17 08:02:36] Cycle 378: 2022-07-29 15:18:35
[2022-12-17 08:02:40] Cycle 379: 2022-07-29 15:18:39
[2022-12-17 08:02:45] Cycle 380: 2022-07-29 15:18:43
[2022-12-17 08:02:49] Cycle 381: 2022-07-29 15:18:47
[2022-12-17 08:02:53] Cycle 382: 2022-07-29 15:18:51
[2022-12-17 08:02:57] Cycle 383: 2022-07-29 15:18:55
[2022-12-17 08:03:01] Cycle 384: 2022-07-29 15:18:59
[2022-12-17 08:03:05] Cycle 385: 2022-07-29 15:19:04
[2022-12-17 08:03:10] Cycle 386: 2022-07-29 15:19:08
[2022-12-17 08:03:14] Cycle 387: 2022-07-29 15:19:12
[2022-12-17 08:03:18] Cycle 388: 2022-07-29 15:19:16
[2022-12-17 08:03:22] Cycle 389: 2022-07-29 15:19:20
[2022-12-17 08:03:26] Cycle 390: 2022-07-29 15:19:24
[2022-12-17 08:03:30] Cycle 391: 2022-07-29 15:19:29
[2022-12-17 08:03:34] Cycle 392: 2022-07-29 15:19:33
[2022-12-17 08:03:39] Cycle 393: 2022-07-29 15:19:37
[2022-12-17 08:03:43] Cycle 394: 2022-07-29 15:19:41
[2022-12-17 08:03:47] Cycle 395: 2022-07-29 15:19:45
[2022-12-17 08:03:51] Cycle 396: 2022-07-29 15:19:49
[2022-12-17 08:03:55] Cycle 397: 2022-07-29 15:19:54
[2022-12-17 08:03:59] Cycle 398: 2022-07-29 15:19:58
[2022-12-17 08:04:04] Cycle 399: 2022-07-29 15:20:02
[2022-12-17 08:04:08] Cycle 400: 2022-07-29 15:20:06
[2022-12-17 08:04:12] Cycle 401: 2022-07-29 15:20:10
[2022-12-17 08:04:16] Cycle 402: 2022-07-29 15:20:14
[2022-12-17 08:04:20] Cycle 403: 2022-07-29 15:20:19
[2022-12-17 08:04:24] Cycle 404: 2022-07-29 15:20:23
[2022-12-17 08:04:29] Cycle 405: 2022-07-29 15:20:27
[2022-12-17 08:04:33] Cycle 406: 2022-07-29 15:20:31
[2022-12-17 08:04:37] Cycle 407: 2022-07-29 15:20:35
[2022-12-17 08:04:41] Cycle 408: 2022-07-29 15:20:39
[2022-12-17 08:04:45] Cycle 409: 2022-07-29 15:20:44
[2022-12-17 08:04:49] Cycle 410: 2022-07-29 15:20:48
[2022-12-17 08:04:54] Cycle 411: 2022-07-29 15:20:52
[2022-12-17 08:04:58] Cycle 412: 2022-07-29 15:20:56
[2022-12-17 08:05:02] Cycle 413: 2022-07-29 15:21:00
[2022-12-17 08:05:06] Cycle 414: 2022-07-29 15:21:04
[2022-12-17 08:05:10] Cycle 415: 2022-07-29 15:21:09
[2022-12-17 08:05:14] Cycle 416: 2022-07-29 15:21:13
[2022-12-17 08:05:19] Cycle 417: 2022-07-29 15:21:17
[2022-12-17 08:05:23] Cycle 418: 2022-07-29 15:21:21
[2022-12-17 08:05:27] Cycle 419: 2022-07-29 15:21:25
[2022-12-17 08:05:31] Cycle 420: 2022-07-29 15:21:29
[2022-12-17 08:05:35] Cycle 421: 2022-07-29 15:21:33
[2022-12-17 08:05:39] Cycle 422: 2022-07-29 15:21:38
[2022-12-17 08:05:44] Cycle 423: 2022-07-29 15:21:42
[2022-12-17 08:05:48] Cycle 424: 2022-07-29 15:21:46
[2022-12-17 08:05:52] Cycle 425: 2022-07-29 15:21:50
[2022-12-17 08:05:56] Cycle 426: 2022-07-29 15:21:54
[2022-12-17 08:06:00] Cycle 427: 2022-07-29 15:21:58
[2022-12-17 08:06:04] Cycle 428: 2022-07-29 15:22:03
[2022-12-17 08:06:08] Cycle 429: 2022-07-29 15:22:07
[2022-12-17 08:06:13] Cycle 430: 2022-07-29 15:22:11
[2022-12-17 08:06:17] Cycle 431: 2022-07-29 15:22:15
[2022-12-17 08:06:21] Cycle 432: 2022-07-29 15:22:19
[2022-12-17 08:06:25] Cycle 433: 2022-07-29 15:22:23
[2022-12-17 08:06:29] Cycle 434: 2022-07-29 15:22:28
[2022-12-17 08:06:33] Cycle 435: 2022-07-29 15:22:32
[2022-12-17 08:06:38] Cycle 436: 2022-07-29 15:22:36
[2022-12-17 08:06:42] Cycle 437: 2022-07-29 15:22:40
[2022-12-17 08:06:46] Cycle 438: 2022-07-29 15:22:44
[2022-12-17 08:06:50] Cycle 439: 2022-07-29 15:22:48
[2022-12-17 08:06:54] Cycle 440: 2022-07-29 15:22:53
[2022-12-17 08:06:58] Cycle 441: 2022-07-29 15:22:57
[2022-12-17 08:07:03] Cycle 442: 2022-07-29 15:23:01
[2022-12-17 08:07:07] Cycle 443: 2022-07-29 15:23:05
[2022-12-17 08:07:11] Cycle 444: 2022-07-29 15:23:09
[2022-12-17 08:07:15] Cycle 445: 2022-07-29 15:23:13
[2022-12-17 08:07:19] Cycle 446: 2022-07-29 15:23:18
[2022-12-17 08:07:23] Cycle 447: 2022-07-29 15:23:22
[2022-12-17 08:07:28] Word 1562747 (Frame index=15472 frame address=0x00440b9c word=75 mask=0x01000000)
[2022-12-17 08:07:28] Word 1562848 (Frame index=15473 frame address=0x00440b9d word=75 mask=0x00800000)
[2022-12-17 08:07:28] Word 1746465 (Frame index=17291 frame address=0x0044261f word=74 mask=0x04000000)
[2022-12-17 08:07:28] 3 bit errors
[2022-12-17 08:07:28] Cycle 448: 2022-07-29 15:23:26
[2022-12-17 08:07:32] Word 354064 (Frame index=3505 frame address=0x00003299 word=59 mask=0x00008000)
[2022-12-17 08:07:32] Word 1489946 (Frame index=14751 frame address=0x0044011f word=95 mask=0x00010000)
[2022-12-17 08:07:32] 2 bit errors
[2022-12-17 08:07:32] Cycle 449: 2022-07-29 15:23:30
[2022-12-17 08:07:36] Cycle 450: 2022-07-29 15:23:34
[2022-12-17 08:07:40] Word 368876 (Frame index=3652 frame address=0x000034a2 word=24 mask=0x00040000)
[2022-12-17 08:07:40] Word 368977 (Frame index=3653 frame address=0x000034a3 word=24 mask=0x00020000)
[2022-12-17 08:07:40] 2 bit errors
[2022-12-17 08:07:40] Cycle 451: 2022-07-29 15:23:38
[2022-12-17 08:07:44] Word 1567964 (Frame index=15524 frame address=0x00440c8e word=40 mask=0x00200000)
[2022-12-17 08:07:44] 1 bit errors
[2022-12-17 08:07:44] Cycle 452: 2022-07-29 15:23:43
[2022-12-17 08:07:48] Cycle 453: 2022-07-29 15:23:47
[2022-12-17 08:07:53] Cycle 454: 2022-07-29 15:23:51
[2022-12-17 08:07:57] Cycle 455: 2022-07-29 15:23:55
[2022-12-17 08:08:01] Cycle 456: 2022-07-29 15:23:59
[2022-12-17 08:08:05] Cycle 457: 2022-07-29 15:24:03
[2022-12-17 08:08:09] Word 913560 (Frame index=9045 frame address=0x004018a3 word=15 mask=0x00001000)
[2022-12-17 08:08:09] 1 bit errors
[2022-12-17 08:08:09] Cycle 458: 2022-07-29 15:24:07
[2022-12-17 08:08:13] Word 424645 (Frame index=4204 frame address=0x0002079a word=41 mask=0x00100000)
[2022-12-17 08:08:13] Word 943650 (Frame index=9343 frame address=0x00401d17 word=7 mask=0x00000020)
[2022-12-17 08:08:13] Word 943751 (Frame index=9344 frame address=0x00401d18 word=7 mask=0x00000040)
[2022-12-17 08:08:13] 3 bit errors
[2022-12-17 08:08:13] Cycle 459: 2022-07-29 15:24:12
[2022-12-17 08:08:18] Word 55541 (Frame index=549 frame address=0x000007a1 word=92 mask=0x00010000)
[2022-12-17 08:08:18] Word 491555 (Frame index=4866 frame address=0x00021122 word=89 mask=0x00c00000)
[2022-12-17 08:08:18] Word 491656 (Frame index=4867 frame address=0x00021123 word=89 mask=0x00600000)
[2022-12-17 08:08:18] Word 1042815 (Frame index=10324 frame address=0x00402b1c word=91 mask=0x00400000)
[2022-12-17 08:08:18] Word 1042916 (Frame index=10325 frame address=0x00402b1d word=91 mask=0x00200000)
[2022-12-17 08:08:18] 7 bit errors
[2022-12-17 08:08:18] Cycle 460: 2022-07-29 15:24:16
[2022-12-17 08:08:22] Cycle 461: 2022-07-29 15:24:20
[2022-12-17 08:08:26] Word 751908 (Frame index=7444 frame address=0x0040018c word=64 mask=0x00000040)
[2022-12-17 08:08:26] Word 952842 (Frame index=9434 frame address=0x00401e8e word=8 mask=0x00100000)
[2022-12-17 08:08:26] Word 952943 (Frame index=9435 frame address=0x00401e8f word=8 mask=0x00080000)
[2022-12-17 08:08:26] 3 bit errors
[2022-12-17 08:08:26] Cycle 462: 2022-07-29 15:24:24
[2022-12-17 08:08:30] Cycle 463: 2022-07-29 15:24:28
[2022-12-17 08:08:34] Cycle 464: 2022-07-29 15:24:32
[2022-12-17 08:08:38] Word 635705 (Frame index=6294 frame address=0x00022614 word=11 mask=0x08000000)
[2022-12-17 08:08:38] Word 635806 (Frame index=6295 frame address=0x00022615 word=11 mask=0x0c000000)
[2022-12-17 08:08:38] 3 bit errors
[2022-12-17 08:08:38] Cycle 465: 2022-07-29 15:24:37
[2022-12-17 08:08:42] Word 987898 (Frame index=9781 frame address=0x00402399 word=17 mask=0x00400000)
[2022-12-17 08:08:42] 1 bit errors
[2022-12-17 08:08:42] Cycle 466: 2022-07-29 15:24:41
[2022-12-17 08:08:47] Word 797643 (Frame index=7897 frame address=0x00400815 word=46 mask=0x00040000)
[2022-12-17 08:08:47] Word 956289 (Frame index=9468 frame address=0x00401f14 word=21 mask=0x00080000)
[2022-12-17 08:08:47] Word 1107020 (Frame index=10960 frame address=0x00403492 word=60 mask=0x00002000)
[2022-12-17 08:08:47] Word 1596879 (Frame index=15810 frame address=0x0044109c word=69 mask=0x01000000)
[2022-12-17 08:08:47] Word 1596980 (Frame index=15811 frame address=0x0044109d word=69 mask=0x00800000)
[2022-12-17 08:08:47] 5 bit errors
[2022-12-17 08:08:47] Cycle 467: 2022-07-29 15:24:45
[2022-12-17 08:08:51] Cycle 468: 2022-07-29 15:24:49
[2022-12-17 08:08:55] Word 1188264 (Frame index=11764 frame address=0x00420b12 word=100 mask=0x08000000)
[2022-12-17 08:08:55] 1 bit errors
[2022-12-17 08:08:55] Cycle 469: 2022-07-29 15:24:53
[2022-12-17 08:08:59] Word 1200349 (Frame index=11884 frame address=0x00420d00 word=65 mask=0x00000100)
[2022-12-17 08:08:59] 1 bit errors
[2022-12-17 08:08:59] Cycle 470: 2022-07-29 15:24:57
[2022-12-17 08:09:03] Cycle 471: 2022-07-29 15:25:02
[2022-12-17 08:09:07] Cycle 472: 2022-07-29 15:25:06
[2022-12-17 08:09:12] Word 351256 (Frame index=3477 frame address=0x00003221 word=79 mask=0x00000800)
[2022-12-17 08:09:12] 1 bit errors
[2022-12-17 08:09:12] Cycle 473: 2022-07-29 15:25:10
[2022-12-17 08:09:16] Word 139520 (Frame index=1381 frame address=0x0000139f word=39 mask=0x00000004)
[2022-12-17 08:09:16] Word 796851 (Frame index=7889 frame address=0x0040080d word=62 mask=0x00800000)
[2022-12-17 08:09:16] Word 1773208 (Frame index=17556 frame address=0x00442a08 word=52 mask=0x00200000)
[2022-12-17 08:09:16] 3 bit errors
[2022-12-17 08:09:16] Cycle 474: 2022-07-29 15:25:14
[2022-12-17 08:09:20] Cycle 475: 2022-07-29 15:25:18
[2022-12-17 08:09:24] Word 133771 (Frame index=1324 frame address=0x0000130a word=47 mask=0x00000800)
[2022-12-17 08:09:24] Word 640195 (Frame index=6338 frame address=0x0002269c word=57 mask=0x00000001)
[2022-12-17 08:09:24] Word 640295 (Frame index=6339 frame address=0x0002269d word=56 mask=0x80000000)
[2022-12-17 08:09:24] 3 bit errors
[2022-12-17 08:09:24] Cycle 476: 2022-07-29 15:25:22
[2022-12-17 08:09:28] Cycle 477: 2022-07-29 15:25:27
[2022-12-17 08:09:32] Word 1227484 (Frame index=12153 frame address=0x004210a1 word=31 mask=0x00008000)
[2022-12-17 08:09:32] 1 bit errors
[2022-12-17 08:09:32] Cycle 478: 2022-07-29 15:25:31
[2022-12-17 08:09:37] Cycle 479: 2022-07-29 15:25:35
[2022-12-17 08:09:41] Cycle 480: 2022-07-29 15:25:39
[2022-12-17 08:09:45] Cycle 481: 2022-07-29 15:25:43
[2022-12-17 08:09:49] Word 1244381 (Frame index=12320 frame address=0x00421314 word=61 mask=0x00800000)
[2022-12-17 08:09:49] Word 1244482 (Frame index=12321 frame address=0x00421315 word=61 mask=0x00400000)
[2022-12-17 08:09:49] 2 bit errors
[2022-12-17 08:09:49] Cycle 482: 2022-07-29 15:25:47
[2022-12-17 08:09:53] Cycle 483: 2022-07-29 15:25:52
[2022-12-17 08:09:57] Cycle 484: 2022-07-29 15:25:56
[2022-12-17 08:10:02] Word 111094 (Frame index=1099 frame address=0x00001001 word=95 mask=0x00000002)
[2022-12-17 08:10:02] 1 bit errors
[2022-12-17 08:10:02] Cycle 485: 2022-07-29 15:26:00
[2022-12-17 08:10:06] Cycle 486: 2022-07-29 15:26:04
[2022-12-17 08:10:10] Cycle 487: 2022-07-29 15:26:08
[2022-12-17 08:10:14] Cycle 488: 2022-07-29 15:26:12
[2022-12-17 08:10:18] Word 761783 (Frame index=7542 frame address=0x00400302 word=41 mask=0x40000000)
[2022-12-17 08:10:18] Word 1768600 (Frame index=17510 frame address=0x00442922 word=90 mask=0x00000001)
[2022-12-17 08:10:18] 2 bit errors
[2022-12-17 08:10:18] Cycle 489: 2022-07-29 15:26:17
[2022-12-17 08:10:22] Cycle 490: 2022-07-29 15:26:21
[2022-12-17 08:10:27] Cycle 491: 2022-07-29 15:26:25
[2022-12-17 08:10:31] Cycle 492: 2022-07-29 15:26:29
[2022-12-17 08:10:35] Word 984925 (Frame index=9751 frame address=0x0040231f word=74 mask=0x20000000)
[2022-12-17 08:10:35] Word 1520198 (Frame index=15051 frame address=0x00440597 word=47 mask=0x04000000)
[2022-12-17 08:10:35] 2 bit errors
[2022-12-17 08:10:35] Cycle 493: 2022-07-29 15:26:33
[2022-12-17 08:10:39] Cycle 494: 2022-07-29 15:26:37
[2022-12-17 08:10:43] Word 17553 (Frame index=173 frame address=0x0000021d word=80 mask=0x00010000)
[2022-12-17 08:10:43] 1 bit errors
[2022-12-17 08:10:43] Cycle 495: 2022-07-29 15:26:42
[2022-12-17 08:10:47] Word 14431 (Frame index=142 frame address=0x000001a2 word=89 mask=0x00400000)
[2022-12-17 08:10:47] Word 14532 (Frame index=143 frame address=0x000001a3 word=89 mask=0x00800000)
[2022-12-17 08:10:47] 2 bit errors
[2022-12-17 08:10:47] Cycle 496: 2022-07-29 15:26:46
[2022-12-17 08:10:52] Cycle 497: 2022-07-29 15:26:50
[2022-12-17 08:10:56] Word 679140 (Frame index=6724 frame address=0x00022c12 word=16 mask=0x00000010)
[2022-12-17 08:10:56] 1 bit errors
[2022-12-17 08:10:56] Cycle 498: 2022-07-29 15:26:54
[2022-12-17 08:11:00] Cycle 499: 2022-07-29 15:26:58
[2022-12-17 08:11:04] Cycle 500: 2022-07-29 15:27:02
[2022-12-17 08:11:08] Word 1231610 (Frame index=12194 frame address=0x00421182 word=16 mask=0x08000000)
[2022-12-17 08:11:08] 1 bit errors
[2022-12-17 08:11:08] Cycle 501: 2022-07-29 15:27:07
[2022-12-17 08:11:12] Cycle 502: 2022-07-29 15:27:11
[2022-12-17 08:11:17] Word 1538035 (Frame index=15228 frame address=0x0044081c word=7 mask=0x00000400)
[2022-12-17 08:11:17] Word 1538136 (Frame index=15229 frame address=0x0044081d word=7 mask=0x00000400)
[2022-12-17 08:11:17] 2 bit errors
[2022-12-17 08:11:17] Cycle 503: 2022-07-29 15:27:15
[2022-12-17 08:11:21] Word 1841868 (Frame index=18236 frame address=0x00443400 word=32 mask=0x00000200)
[2022-12-17 08:11:21] Word 1841969 (Frame index=18237 frame address=0x00443401 word=32 mask=0x00000100)
[2022-12-17 08:11:21] 2 bit errors
[2022-12-17 08:11:21] Cycle 504: 2022-07-29 15:27:19
[2022-12-17 08:11:25] Word 1569747 (Frame index=15542 frame address=0x00440ca0 word=5 mask=0x00000800)
[2022-12-17 08:11:25] 1 bit errors
[2022-12-17 08:11:25] Cycle 505: 2022-07-29 15:27:23
[2022-12-17 08:11:29] Cycle 506: 2022-07-29 15:27:27
[2022-12-17 08:11:33] Cycle 507: 2022-07-29 15:27:31
[2022-12-17 08:11:37] Cycle 508: 2022-07-29 15:27:36
[2022-12-17 08:11:42] Word 1360344 (Frame index=13468 frame address=0x0042240e word=76 mask=0x80000000)
[2022-12-17 08:11:42] 1 bit errors
[2022-12-17 08:11:42] Cycle 509: 2022-07-29 15:27:40
[2022-12-17 08:11:46] Word 697334 (Frame index=6904 frame address=0x00022ea2 word=30 mask=0x00040000)
[2022-12-17 08:11:46] 1 bit errors
[2022-12-17 08:11:46] Cycle 510: 2022-07-29 15:27:44
[2022-12-17 08:11:50] Cycle 511: 2022-07-29 15:27:48
[2022-12-17 08:11:54] Word 795722 (Frame index=7878 frame address=0x00400802 word=44 mask=0x02000000)
[2022-12-17 08:11:54] 1 bit errors
[2022-12-17 08:11:54] Cycle 512: 2022-07-29 15:27:52
[2022-12-17 08:11:58] Cycle 513: 2022-07-29 15:27:56
[2022-12-17 08:12:02] Word 703404 (Frame index=6964 frame address=0x00022f96 word=40 mask=0x00000200)
[2022-12-17 08:12:02] Word 1373262 (Frame index=13596 frame address=0x004225a2 word=66 mask=0x00080000)
[2022-12-17 08:12:02] 2 bit errors
[2022-12-17 08:12:02] Cycle 514: 2022-07-29 15:28:01
[2022-12-17 08:12:06] Word 643832 (Frame index=6374 frame address=0x0002271c word=58 mask=0x00002000)
[2022-12-17 08:12:06] Word 643933 (Frame index=6375 frame address=0x0002271d word=58 mask=0x00001000)
[2022-12-17 08:12:06] Word 885991 (Frame index=8772 frame address=0x004014a2 word=19 mask=0x00100000)
[2022-12-17 08:12:06] Word 886092 (Frame index=8773 frame address=0x004014a3 word=19 mask=0x00200000)
[2022-12-17 08:12:06] 4 bit errors
[2022-12-17 08:12:06] Cycle 515: 2022-07-29 15:28:05
[2022-12-17 08:12:11] Cycle 516: 2022-07-29 15:28:09
[2022-12-17 08:12:15] Cycle 517: 2022-07-29 15:28:13
[2022-12-17 08:12:19] Word 1456715 (Frame index=14422 frame address=0x00423194 word=93 mask=0x00000020)
[2022-12-17 08:12:19] Word 1456816 (Frame index=14423 frame address=0x00423195 word=93 mask=0x00000010)
[2022-12-17 08:12:19] 2 bit errors
[2022-12-17 08:12:19] Cycle 518: 2022-07-29 15:28:17
[2022-12-17 08:12:23] Word 1386356 (Frame index=13726 frame address=0x00422794 word=30 mask=0x00000080)
[2022-12-17 08:12:23] Word 1386457 (Frame index=13727 frame address=0x00422795 word=30 mask=0x00000040)
[2022-12-17 08:12:23] 2 bit errors
[2022-12-17 08:12:23] Cycle 519: 2022-07-29 15:28:21
[2022-12-17 08:12:27] Cycle 520: 2022-07-29 15:28:26
[2022-12-17 08:12:31] Cycle 521: 2022-07-29 15:28:30
[2022-12-17 08:12:36] Cycle 522: 2022-07-29 15:28:34
[2022-12-17 08:12:40] Cycle 523: 2022-07-29 15:28:38
[2022-12-17 08:12:44] Cycle 524: 2022-07-29 15:28:42
[2022-12-17 08:12:48] Cycle 525: 2022-07-29 15:28:46
[2022-12-17 08:12:52] Cycle 526: 2022-07-29 15:28:51
[2022-12-17 08:12:56] Cycle 527: 2022-07-29 15:28:55
[2022-12-17 08:13:01] Word 861185 (Frame index=8526 frame address=0x00401120 word=59 mask=0x00180000)
[2022-12-17 08:13:01] Word 861286 (Frame index=8527 frame address=0x00401121 word=59 mask=0x00300000)
[2022-12-17 08:13:01] 4 bit errors
[2022-12-17 08:13:01] Cycle 528: 2022-07-29 15:28:59
[2022-12-17 08:13:05] Cycle 529: 2022-07-29 15:29:03
[2022-12-17 08:13:09] Cycle 530: 2022-07-29 15:29:07
[2022-12-17 08:13:13] Cycle 531: 2022-07-29 15:29:11
[2022-12-17 08:13:17] Cycle 532: 2022-07-29 15:29:16
[2022-12-17 08:13:21] Word 1482635 (Frame index=14679 frame address=0x0044001f word=56 mask=0x08000000)
[2022-12-17 08:13:21] 1 bit errors
[2022-12-17 08:13:21] Cycle 533: 2022-07-29 15:29:20
[2022-12-17 08:13:26] Word 846998 (Frame index=8386 frame address=0x00400f1c word=12 mask=0x00001000)
[2022-12-17 08:13:26] 1 bit errors
[2022-12-17 08:13:26] Cycle 534: 2022-07-29 15:29:24
[2022-12-17 08:13:30] Cycle 535: 2022-07-29 15:29:28
[2022-12-17 08:13:34] Cycle 536: 2022-07-29 15:29:32
[2022-12-17 08:13:38] Word 1259234 (Frame index=12467 frame address=0x0042151f word=67 mask=0x00000080)
[2022-12-17 08:13:38] 1 bit errors
[2022-12-17 08:13:38] Cycle 537: 2022-07-29 15:29:36
[2022-12-17 08:13:42] Word 1137865 (Frame index=11265 frame address=0x004203a3 word=100 mask=0x00000080)
[2022-12-17 08:13:42] 1 bit errors
[2022-12-17 08:13:42] Cycle 538: 2022-07-29 15:29:41
[2022-12-17 08:13:46] Cycle 539: 2022-07-29 15:29:45
[2022-12-17 08:13:51] Word 481652 (Frame index=4768 frame address=0x00021008 word=84 mask=0x08000000)
[2022-12-17 08:13:51] 1 bit errors
[2022-12-17 08:13:51] Cycle 540: 2022-07-29 15:29:49
[2022-12-17 08:13:55] Cycle 541: 2022-07-29 15:29:53
[2022-12-17 08:13:59] Cycle 542: 2022-07-29 15:29:57
[2022-12-17 08:14:03] Cycle 543: 2022-07-29 15:30:01
[2022-12-17 08:14:07] Word 1824319 (Frame index=18062 frame address=0x00443122 word=57 mask=0x00002000)
[2022-12-17 08:14:07] Word 1824420 (Frame index=18063 frame address=0x00443123 word=57 mask=0x00004000)
[2022-12-17 08:14:07] 2 bit errors
[2022-12-17 08:14:07] Cycle 544: 2022-07-29 15:30:06
[2022-12-17 08:14:11] Word 116529 (Frame index=1153 frame address=0x00001093 word=76 mask=0x00000010)
[2022-12-17 08:14:11] 1 bit errors
[2022-12-17 08:14:11] Cycle 545: 2022-07-29 15:30:10
[2022-12-17 08:14:16] Word 1746897 (Frame index=17296 frame address=0x00442680 word=1 mask=0x80000000)
[2022-12-17 08:14:16] 1 bit errors
[2022-12-17 08:14:16] Cycle 546: 2022-07-29 15:30:14
[2022-12-17 08:14:20] Word 1070969 (Frame index=10603 frame address=0x00402f23 word=66 mask=0x00000040)
[2022-12-17 08:14:20] Word 1786181 (Frame index=17684 frame address=0x00442b9c word=97 mask=0x00040000)
[2022-12-17 08:14:20] Word 1786282 (Frame index=17685 frame address=0x00442b9d word=97 mask=0x00060000)
[2022-12-17 08:14:20] 4 bit errors
[2022-12-17 08:14:20] Cycle 547: 2022-07-29 15:30:18
[2022-12-17 08:14:24] Cycle 548: 2022-07-29 15:30:22
[2022-12-17 08:14:28] Cycle 549: 2022-07-29 15:30:26
[2022-12-17 08:14:32] Word 154282 (Frame index=1527 frame address=0x0000160d word=55 mask=0x00040000)
[2022-12-17 08:14:32] Word 1828604 (Frame index=18104 frame address=0x0044320c word=100 mask=0x20000000)
[2022-12-17 08:14:32] 2 bit errors
[2022-12-17 08:14:32] Cycle 550: 2022-07-29 15:30:30
[2022-12-17 08:14:36] Word 1469594 (Frame index=14550 frame address=0x0042338c word=44 mask=0x08000000)
[2022-12-17 08:14:36] 1 bit errors
[2022-12-17 08:14:36] Cycle 551: 2022-07-29 15:30:35
[2022-12-17 08:14:41] Cycle 552: 2022-07-29 15:30:39
[2022-12-17 08:14:45] Word 1283120 (Frame index=12704 frame address=0x004218a0 word=16 mask=0x00200000)
[2022-12-17 08:14:45] Word 1283221 (Frame index=12705 frame address=0x004218a1 word=16 mask=0x10000000)
[2022-12-17 08:14:45] 2 bit errors
[2022-12-17 08:14:45] Cycle 553: 2022-07-29 15:30:43
[2022-12-17 08:14:49] Cycle 554: 2022-07-29 15:30:47
[2022-12-17 08:14:53] Word 1775637 (Frame index=17580 frame address=0x00442a20 word=57 mask=0x20000000)
[2022-12-17 08:14:53] 1 bit errors
[2022-12-17 08:14:53] Cycle 555: 2022-07-29 15:30:51
[2022-12-17 08:14:57] Cycle 556: 2022-07-29 15:30:55
[2022-12-17 08:15:01] Word 831533 (Frame index=8233 frame address=0x00400d0b word=0 mask=0x00000100)
[2022-12-17 08:15:01] Word 1094116 (Frame index=10832 frame address=0x0040329c word=84 mask=0x80000000)
[2022-12-17 08:15:01] Word 1094117 (Frame index=10832 frame address=0x0040329c word=85 mask=0x00000001)
[2022-12-17 08:15:01] Word 1094217 (Frame index=10833 frame address=0x0040329d word=84 mask=0xc0000000)
[2022-12-17 08:15:01] 5 bit errors
[2022-12-17 08:15:01] Cycle 557: 2022-07-29 15:31:00
[2022-12-17 08:15:05] Word 728110 (Frame index=7209 frame address=0x0002331f word=1 mask=0x00100000)
[2022-12-17 08:15:05] Word 876051 (Frame index=8673 frame address=0x00401323 word=78 mask=0x02000000)
[2022-12-17 08:15:05] Word 1186406 (Frame index=11746 frame address=0x00420b00 word=60 mask=0x00000100)
[2022-12-17 08:15:05] Word 1186507 (Frame index=11747 frame address=0x00420b01 word=60 mask=0x00000080)
[2022-12-17 08:15:05] 4 bit errors
[2022-12-17 08:15:05] Cycle 558: 2022-07-29 15:31:04
[2022-12-17 08:15:10] Cycle 559: 2022-07-29 15:31:08
[2022-12-17 08:15:14] Cycle 560: 2022-07-29 15:31:12
[2022-12-17 08:15:18] Cycle 561: 2022-07-29 15:31:16
[2022-12-17 08:15:22] Word 952202 (Frame index=9427 frame address=0x00401e87 word=75 mask=0x00000002)
[2022-12-17 08:15:22] Word 1447402 (Frame index=14330 frame address=0x00423080 word=72 mask=0x00100000)
[2022-12-17 08:15:22] 2 bit errors
[2022-12-17 08:15:22] Cycle 562: 2022-07-29 15:31:20
[2022-12-17 08:15:26] Word 373183 (Frame index=3694 frame address=0x00020020 word=89 mask=0x00000020)
[2022-12-17 08:15:26] 1 bit errors
[2022-12-17 08:15:26] Cycle 563: 2022-07-29 15:31:25
[2022-12-17 08:15:30] Word 450531 (Frame index=4460 frame address=0x00020b82 word=71 mask=0x00000040)
[2022-12-17 08:15:30] Word 450632 (Frame index=4461 frame address=0x00020b83 word=71 mask=0x00000020)
[2022-12-17 08:15:30] 2 bit errors
[2022-12-17 08:15:30] Cycle 564: 2022-07-29 15:31:29
[2022-12-17 08:15:35] Cycle 565: 2022-07-29 15:31:33
[2022-12-17 08:15:39] Cycle 566: 2022-07-29 15:31:37
[2022-12-17 08:15:43] Cycle 567: 2022-07-29 15:31:41
[2022-12-17 08:15:47] Cycle 568: 2022-07-29 15:31:45
[2022-12-17 08:15:51] Cycle 569: 2022-07-29 15:31:50
[2022-12-17 08:15:55] Word 1175265 (Frame index=11636 frame address=0x00420922 word=29 mask=0x00000040)
[2022-12-17 08:15:55] Word 1175366 (Frame index=11637 frame address=0x00420923 word=29 mask=0x00000040)
[2022-12-17 08:15:55] 2 bit errors
[2022-12-17 08:15:55] Cycle 570: 2022-07-29 15:31:54
[2022-12-17 08:16:00] Cycle 571: 2022-07-29 15:31:58
[2022-12-17 08:16:04] Word 344579 (Frame index=3411 frame address=0x0000311f word=68 mask=0x02000000)
[2022-12-17 08:16:04] Word 897091 (Frame index=8882 frame address=0x00401688 word=9 mask=0x00000800)
[2022-12-17 08:16:04] Word 897192 (Frame index=8883 frame address=0x00401689 word=9 mask=0x00000400)
[2022-12-17 08:16:04] 3 bit errors
[2022-12-17 08:16:04] Cycle 572: 2022-07-29 15:32:02
[2022-12-17 08:16:08] Cycle 573: 2022-07-29 15:32:06
[2022-12-17 08:16:12] Cycle 574: 2022-07-29 15:32:10
[2022-12-17 08:16:16] Word 963634 (Frame index=9540 frame address=0x00402014 word=94 mask=0x40000000)
[2022-12-17 08:16:16] Word 963735 (Frame index=9541 frame address=0x00402015 word=94 mask=0x20000000)
[2022-12-17 08:16:16] Word 1008955 (Frame index=9989 frame address=0x00402691 word=66 mask=0x00000002)
[2022-12-17 08:16:16] 3 bit errors
[2022-12-17 08:16:16] Cycle 575: 2022-07-29 15:32:15
[2022-12-17 08:16:20] Word 1468562 (Frame index=14540 frame address=0x00423382 word=22 mask=0x00040000)
[2022-12-17 08:16:20] 1 bit errors
[2022-12-17 08:16:20] Cycle 576: 2022-07-29 15:32:19
[2022-12-17 08:16:25] Word 1483925 (Frame index=14692 frame address=0x00440082 word=33 mask=0x00000020)
[2022-12-17 08:16:25] 1 bit errors
[2022-12-17 08:16:25] Cycle 577: 2022-07-29 15:32:23
[2022-12-17 08:16:29] Cycle 578: 2022-07-29 15:32:27
[2022-12-17 08:16:33] Word 146351 (Frame index=1449 frame address=0x000014a3 word=2 mask=0x10000000)
[2022-12-17 08:16:33] Word 1117420 (Frame index=11063 frame address=0x00420105 word=57 mask=0x00080000)
[2022-12-17 08:16:33] Word 1316329 (Frame index=13032 frame address=0x00421d96 word=97 mask=0x00000008)
[2022-12-17 08:16:33] Word 1316430 (Frame index=13033 frame address=0x00421d97 word=97 mask=0x00000004)
[2022-12-17 08:16:33] 4 bit errors
[2022-12-17 08:16:33] Cycle 579: 2022-07-29 15:32:31
[2022-12-17 08:16:37] Cycle 580: 2022-07-29 15:32:35
[2022-12-17 08:16:41] Word 336429 (Frame index=3330 frame address=0x0000300e word=99 mask=0x00001000)
[2022-12-17 08:16:41] Word 336530 (Frame index=3331 frame address=0x0000300f word=99 mask=0x00000800)
[2022-12-17 08:16:41] 2 bit errors
[2022-12-17 08:16:41] Cycle 581: 2022-07-29 15:32:40
[2022-12-17 08:16:45] Word 433725 (Frame index=4294 frame address=0x00020910 word=31 mask=0x00000400)
[2022-12-17 08:16:45] Word 433826 (Frame index=4295 frame address=0x00020911 word=31 mask=0x00000200)
[2022-12-17 08:16:45] 2 bit errors
[2022-12-17 08:16:45] Cycle 582: 2022-07-29 15:32:44
[2022-12-17 08:16:50] Word 1030964 (Frame index=10207 frame address=0x00402993 word=57 mask=0x20000000)
[2022-12-17 08:16:50] 1 bit errors
[2022-12-17 08:16:50] Cycle 583: 2022-07-29 15:32:48
[2022-12-17 08:16:54] Cycle 584: 2022-07-29 15:32:52
[2022-12-17 08:16:58] Word 1462806 (Frame index=14483 frame address=0x00423291 word=23 mask=0x00004000)
[2022-12-17 08:16:58] 1 bit errors
[2022-12-17 08:16:58] Cycle 585: 2022-07-29 15:32:56
[2022-12-17 08:17:02] Cycle 586: 2022-07-29 15:33:00
[2022-12-17 08:17:06] Cycle 587: 2022-07-29 15:33:05
[2022-12-17 08:17:10] Word 1472631 (Frame index=14580 frame address=0x00423406 word=51 mask=0x00000002)
[2022-12-17 08:17:10] Word 1472732 (Frame index=14581 frame address=0x00423407 word=51 mask=0x00000001)
[2022-12-17 08:17:10] 2 bit errors
[2022-12-17 08:17:10] Cycle 588: 2022-07-29 15:33:09
[2022-12-17 08:17:15] Word 266499 (Frame index=2638 frame address=0x0000261a word=61 mask=0x08000000)
[2022-12-17 08:17:15] Word 266600 (Frame index=2639 frame address=0x0000261b word=61 mask=0x08000000)
[2022-12-17 08:17:15] Word 1802372 (Frame index=17845 frame address=0x00442e19 word=27 mask=0x01000000)
[2022-12-17 08:17:15] 3 bit errors
[2022-12-17 08:17:15] Cycle 589: 2022-07-29 15:33:13
[2022-12-17 08:17:19] Word 1395563 (Frame index=13817 frame address=0x00422903 word=46 mask=0x00000400)
[2022-12-17 08:17:19] 1 bit errors
[2022-12-17 08:17:19] Cycle 590: 2022-07-29 15:33:17
[2022-12-17 08:17:23] Cycle 591: 2022-07-29 15:33:21
[2022-12-17 08:17:27] Word 483708 (Frame index=4789 frame address=0x0002101d word=19 mask=0x00000020)
[2022-12-17 08:17:27] 1 bit errors
[2022-12-17 08:17:27] Cycle 592: 2022-07-29 15:33:25
[2022-12-17 08:17:31] Cycle 593: 2022-07-29 15:33:30
[2022-12-17 08:17:35] Word 968390 (Frame index=9588 frame address=0x004020a0 word=2 mask=0x00000002)
[2022-12-17 08:17:35] 1 bit errors
[2022-12-17 08:17:35] Cycle 594: 2022-07-29 15:33:34
[2022-12-17 08:17:40] Word 847632 (Frame index=8392 frame address=0x00400f22 word=40 mask=0x00000800)
[2022-12-17 08:17:40] Word 847733 (Frame index=8393 frame address=0x00400f23 word=40 mask=0x00001800)
[2022-12-17 08:17:40] 3 bit errors
[2022-12-17 08:17:40] Cycle 595: 2022-07-29 15:33:38
[2022-12-17 08:17:44] Word 721209 (Frame index=7140 frame address=0x00023222 word=69 mask=0x0000f800)
[2022-12-17 08:17:44] Word 721310 (Frame index=7141 frame address=0x00023223 word=69 mask=0x00001c00)
[2022-12-17 08:17:44] 8 bit errors
[2022-12-17 08:17:44] Cycle 596: 2022-07-29 15:33:42
[2022-12-17 08:17:48] Cycle 597: 2022-07-29 15:33:46
[2022-12-17 08:17:52] Cycle 598: 2022-07-29 15:33:50
[2022-12-17 08:17:56] Cycle 599: 2022-07-29 15:33:55
[2022-12-17 08:18:00] Word 110899 (Frame index=1098 frame address=0x00001000 word=1 mask=0x20000000)
[2022-12-17 08:18:00] Word 111000 (Frame index=1099 frame address=0x00001001 word=1 mask=0x10000000)
[2022-12-17 08:18:00] Word 111202 (Frame index=1101 frame address=0x00001003 word=1 mask=0x04000000)
[2022-12-17 08:18:00] Word 1414063 (Frame index=14000 frame address=0x00422b86 word=63 mask=0x00000010)
[2022-12-17 08:18:00] 4 bit errors
[2022-12-17 08:18:00] Cycle 600: 2022-07-29 15:33:59
[2022-12-17 08:18:05] Word 238801 (Frame index=2364 frame address=0x00002220 word=37 mask=0x00000080)
[2022-12-17 08:18:05] 1 bit errors
[2022-12-17 08:18:05] Cycle 601: 2022-07-29 15:34:03
[2022-12-17 08:18:09] Word 890278 (Frame index=8814 frame address=0x00401584 word=64 mask=0x00400000)
[2022-12-17 08:18:09] Word 890379 (Frame index=8815 frame address=0x00401585 word=64 mask=0x00200000)
[2022-12-17 08:18:09] 2 bit errors
[2022-12-17 08:18:09] Cycle 602: 2022-07-29 15:34:07
[2022-12-17 08:18:13] Word 295886 (Frame index=2929 frame address=0x00002a1d word=57 mask=0x00000002)
[2022-12-17 08:18:13] 1 bit errors
[2022-12-17 08:18:13] Cycle 603: 2022-07-29 15:34:11
[2022-12-17 08:18:17] Word 323901 (Frame index=3206 frame address=0x00002e22 word=95 mask=0x00008000)
[2022-12-17 08:18:17] Word 324002 (Frame index=3207 frame address=0x00002e23 word=95 mask=0x00010000)
[2022-12-17 08:18:17] 2 bit errors
[2022-12-17 08:18:17] Cycle 604: 2022-07-29 15:34:15
[2022-12-17 08:18:21] Word 1451657 (Frame index=14372 frame address=0x00423106 word=85 mask=0x00020000)
[2022-12-17 08:18:21] Word 1451758 (Frame index=14373 frame address=0x00423107 word=85 mask=0x00010000)
[2022-12-17 08:18:21] 2 bit errors
[2022-12-17 08:18:21] Cycle 605: 2022-07-29 15:34:19
[2022-12-17 08:18:25] Cycle 606: 2022-07-29 15:34:24
[2022-12-17 08:18:29] Word 1028596 (Frame index=10184 frame address=0x00402920 word=12 mask=0x00400000)
[2022-12-17 08:18:29] 1 bit errors
[2022-12-17 08:18:29] Cycle 607: 2022-07-29 15:34:28
[2022-12-17 08:18:34] Word 443954 (Frame index=4395 frame address=0x00020a89 word=59 mask=0x00000100)
[2022-12-17 08:18:34] 1 bit errors
[2022-12-17 08:18:34] Cycle 608: 2022-07-29 15:34:32
[2022-12-17 08:18:38] Word 753380 (Frame index=7459 frame address=0x0040019b word=21 mask=0x00010000)
[2022-12-17 08:18:38] 1 bit errors
[2022-12-17 08:18:38] Cycle 609: 2022-07-29 15:34:36
[2022-12-17 08:18:42] Cycle 610: 2022-07-29 15:34:40
[2022-12-17 08:18:46] Cycle 611: 2022-07-29 15:34:44
[2022-12-17 08:18:50] Cycle 612: 2022-07-29 15:34:49
[2022-12-17 08:18:54] Word 1268934 (Frame index=12563 frame address=0x0042169b word=71 mask=0x10000000)
[2022-12-17 08:18:54] Word 1563163 (Frame index=15476 frame address=0x00440ba0 word=87 mask=0x20000000)
[2022-12-17 08:18:54] Word 1563264 (Frame index=15477 frame address=0x00440ba1 word=87 mask=0x40000000)
[2022-12-17 08:18:54] Word 1571313 (Frame index=15557 frame address=0x00440d0b word=56 mask=0x00000200)
[2022-12-17 08:18:54] 4 bit errors
[2022-12-17 08:18:54] Cycle 613: 2022-07-29 15:34:53
[2022-12-17 08:18:59] Cycle 614: 2022-07-29 15:34:57
[2022-12-17 08:19:03] Word 267406 (Frame index=2647 frame address=0x00002623 word=59 mask=0x00000008)
[2022-12-17 08:19:03] 1 bit errors
[2022-12-17 08:19:03] Cycle 615: 2022-07-29 15:35:01
[2022-12-17 08:19:07] Cycle 616: 2022-07-29 15:35:05
[2022-12-17 08:19:11] Cycle 617: 2022-07-29 15:35:09
[2022-12-17 08:19:15] Word 1548580 (Frame index=15332 frame address=0x004409a0 word=48 mask=0x00200000)
[2022-12-17 08:19:15] Word 1548681 (Frame index=15333 frame address=0x004409a1 word=48 mask=0x00400000)
[2022-12-17 08:19:15] 2 bit errors
[2022-12-17 08:19:15] Cycle 618: 2022-07-29 15:35:14
[2022-12-17 08:19:19] Cycle 619: 2022-07-29 15:35:18
[2022-12-17 08:19:24] Cycle 620: 2022-07-29 15:35:22
[2022-12-17 08:19:28] Word 1269076 (Frame index=12565 frame address=0x0042169d word=11 mask=0x00400000)
[2022-12-17 08:19:28] Word 1435802 (Frame index=14215 frame address=0x00422e95 word=87 mask=0x00100000)
[2022-12-17 08:19:28] 2 bit errors
[2022-12-17 08:19:28] Cycle 621: 2022-07-29 15:35:26
[2022-12-17 08:19:32] Word 1573336 (Frame index=15577 frame address=0x00440d1f word=59 mask=0x00400000)
[2022-12-17 08:19:32] 1 bit errors
[2022-12-17 08:19:32] Cycle 622: 2022-07-29 15:35:30
[2022-12-17 08:19:36] Word 495472 (Frame index=4905 frame address=0x00021201 word=67 mask=0x02000000)
[2022-12-17 08:19:36] Word 1101375 (Frame index=10904 frame address=0x0040339c word=71 mask=0x000000c0)
[2022-12-17 08:19:36] Word 1101476 (Frame index=10905 frame address=0x0040339d word=71 mask=0x00000040)
[2022-12-17 08:19:36] Word 1527492 (Frame index=15123 frame address=0x00440697 word=69 mask=0x02000000)
[2022-12-17 08:19:36] 5 bit errors
[2022-12-17 08:19:36] Cycle 623: 2022-07-29 15:35:34
[2022-12-17 08:19:40] Word 131064 (Frame index=1297 frame address=0x00001293 word=67 mask=0x00010000)
[2022-12-17 08:19:40] Word 1515274 (Frame index=15002 frame address=0x0044050a word=72 mask=0x80000000)
[2022-12-17 08:19:40] 2 bit errors
[2022-12-17 08:19:40] Cycle 624: 2022-07-29 15:35:39
[2022-12-17 08:19:44] Word 1271029 (Frame index=12584 frame address=0x0042170c word=45 mask=0x00080000)
[2022-12-17 08:19:44] Word 1271130 (Frame index=12585 frame address=0x0042170d word=45 mask=0x00080000)
[2022-12-17 08:19:44] 2 bit errors
[2022-12-17 08:19:44] Cycle 625: 2022-07-29 15:35:43
[2022-12-17 08:19:49] Cycle 626: 2022-07-29 15:35:47
[2022-12-17 08:19:53] Word 1080458 (Frame index=10697 frame address=0x0040309d word=61 mask=0x00100000)
[2022-12-17 08:19:53] 1 bit errors
[2022-12-17 08:19:53] Cycle 627: 2022-07-29 15:35:51
[2022-12-17 08:19:57] Cycle 628: 2022-07-29 15:35:55
[2022-12-17 08:20:01] Cycle 629: 2022-07-29 15:35:59
[2022-12-17 08:20:05] Cycle 630: 2022-07-29 15:36:04
[2022-12-17 08:20:09] Cycle 631: 2022-07-29 15:36:08
[2022-12-17 08:20:14] Word 209969 (Frame index=2078 frame address=0x00001e12 word=91 mask=0x00008000)
[2022-12-17 08:20:14] 1 bit errors
[2022-12-17 08:20:14] Cycle 632: 2022-07-29 15:36:12
[2022-12-17 08:20:18] Cycle 633: 2022-07-29 15:36:16
[2022-12-17 08:20:22] Word 1316351 (Frame index=13033 frame address=0x00421d97 word=18 mask=0x04000000)
[2022-12-17 08:20:22] 1 bit errors
[2022-12-17 08:20:22] Cycle 634: 2022-07-29 15:36:20
[2022-12-17 08:20:26] Word 286783 (Frame index=2839 frame address=0x0000290b word=44 mask=0x00400000)
[2022-12-17 08:20:26] Word 1460886 (Frame index=14464 frame address=0x00423222 word=22 mask=0x00000018)
[2022-12-17 08:20:26] Word 1460987 (Frame index=14465 frame address=0x00423223 word=22 mask=0x0000000c)
[2022-12-17 08:20:26] 5 bit errors
[2022-12-17 08:20:26] Cycle 635: 2022-07-29 15:36:24
[2022-12-17 08:20:30] Word 876406 (Frame index=8677 frame address=0x00401383 word=29 mask=0x00100000)
[2022-12-17 08:20:30] Word 1341152 (Frame index=13278 frame address=0x00422118 word=74 mask=0x01000000)
[2022-12-17 08:20:30] 2 bit errors
[2022-12-17 08:20:30] Cycle 636: 2022-07-29 15:36:29
[2022-12-17 08:20:34] Word 1248579 (Frame index=12362 frame address=0x0042139a word=17 mask=0x00000080)
[2022-12-17 08:20:34] 1 bit errors
[2022-12-17 08:20:34] Cycle 637: 2022-07-29 15:36:33
[2022-12-17 08:20:39] Cycle 638: 2022-07-29 15:36:37
[2022-12-17 08:20:43] Word 55583 (Frame index=550 frame address=0x000007a2 word=33 mask=0x20000000)
[2022-12-17 08:20:43] Word 55684 (Frame index=551 frame address=0x000007a3 word=33 mask=0x40000000)
[2022-12-17 08:20:43] 2 bit errors
[2022-12-17 08:20:43] Cycle 639: 2022-07-29 15:36:41
[2022-12-17 08:20:47] Word 1057162 (Frame index=10466 frame address=0x00402d22 word=96 mask=0x00018000)
[2022-12-17 08:20:47] Word 1057263 (Frame index=10467 frame address=0x00402d23 word=96 mask=0x00030000)
[2022-12-17 08:20:47] 4 bit errors
[2022-12-17 08:20:47] Cycle 640: 2022-07-29 15:36:45
[2022-12-17 08:20:51] Word 716735 (Frame index=7096 frame address=0x00023192 word=39 mask=0x00020000)
[2022-12-17 08:20:51] 1 bit errors
[2022-12-17 08:20:51] Cycle 641: 2022-07-29 15:36:49
[2022-12-17 08:20:55] Word 377482 (Frame index=3737 frame address=0x00020103 word=45 mask=0x00001000)
[2022-12-17 08:20:55] 1 bit errors
[2022-12-17 08:20:55] Cycle 642: 2022-07-29 15:36:54
[2022-12-17 08:20:59] Cycle 643: 2022-07-29 15:36:58
[2022-12-17 08:21:04] Cycle 644: 2022-07-29 15:37:02
[2022-12-17 08:21:08] Cycle 645: 2022-07-29 15:37:06
[2022-12-17 08:21:12] Cycle 646: 2022-07-29 15:37:10
[2022-12-17 08:21:16] Word 970138 (Frame index=9605 frame address=0x0040210d word=33 mask=0x10000000)
[2022-12-17 08:21:16] 1 bit errors
[2022-12-17 08:21:16] Cycle 647: 2022-07-29 15:37:14
[2022-12-17 08:21:20] Word 973143 (Frame index=9635 frame address=0x0040218f word=8 mask=0x00080000)
[2022-12-17 08:21:20] 1 bit errors
[2022-12-17 08:21:20] Cycle 648: 2022-07-29 15:37:19
[2022-12-17 08:21:24] Cycle 649: 2022-07-29 15:37:23
[2022-12-17 08:21:29] Cycle 650: 2022-07-29 15:37:27
[2022-12-17 08:21:33] Cycle 651: 2022-07-29 15:37:31
[2022-12-17 08:21:37] Cycle 652: 2022-07-29 15:37:35
[2022-12-17 08:21:41] Cycle 653: 2022-07-29 15:37:39
[2022-12-17 08:21:45] Cycle 654: 2022-07-29 15:37:43
[2022-12-17 08:21:49] Cycle 655: 2022-07-29 15:37:48
[2022-12-17 08:21:53] Cycle 656: 2022-07-29 15:37:52
[2022-12-17 08:21:58] Word 1527552 (Frame index=15124 frame address=0x00440698 word=28 mask=0x00000002)
[2022-12-17 08:21:58] 1 bit errors
[2022-12-17 08:21:58] Cycle 657: 2022-07-29 15:37:56
[2022-12-17 08:22:02] Word 1041870 (Frame index=10315 frame address=0x00402b13 word=55 mask=0x00000040)
[2022-12-17 08:22:02] Word 1437465 (Frame index=14232 frame address=0x00422f02 word=33 mask=0x00000080)
[2022-12-17 08:22:02] 2 bit errors
[2022-12-17 08:22:02] Cycle 658: 2022-07-29 15:38:00
[2022-12-17 08:22:06] Cycle 659: 2022-07-29 15:38:04
[2022-12-17 08:22:12] Word 1451087 (Frame index=14367 frame address=0x00423101 word=20 mask=0x00000020)
[2022-12-17 08:22:12] 1 bit errors
[2022-12-17 08:22:12] Cycle 660: 2022-07-29 15:38:08
[2022-12-17 08:22:14] Word 1822572 (Frame index=18045 frame address=0x00443111 word=27 mask=0x01000000)
[2022-12-17 08:22:14] 1 bit errors
[2022-12-17 08:22:14] Cycle 661: 2022-07-29 15:38:13
[2022-12-17 08:22:18] Cycle 662: 2022-07-29 15:38:17
[2022-12-17 08:22:23] Cycle 663: 2022-07-29 15:38:21
[2022-12-17 08:22:27] Word 110244 (Frame index=1091 frame address=0x00000f95 word=53 mask=0x00001000)
[2022-12-17 08:22:27] 1 bit errors
[2022-12-17 08:22:27] Cycle 664: 2022-07-29 15:38:25
[2022-12-17 08:22:31] Cycle 665: 2022-07-29 15:38:29
[2022-12-17 08:22:35] Word 916527 (Frame index=9074 frame address=0x0040191c word=53 mask=0x00000180)
[2022-12-17 08:22:35] Word 916628 (Frame index=9075 frame address=0x0040191d word=53 mask=0x000000c0)
[2022-12-17 08:22:35] 4 bit errors
[2022-12-17 08:22:35] Cycle 666: 2022-07-29 15:38:33
[2022-12-17 08:22:39] Cycle 667: 2022-07-29 15:38:38
[2022-12-17 08:22:43] Cycle 668: 2022-07-29 15:38:42
[2022-12-17 08:22:48] Cycle 669: 2022-07-29 15:38:46
[2022-12-17 08:22:52] Word 196382 (Frame index=1944 frame address=0x00001c14 word=38 mask=0x02000000)
[2022-12-17 08:22:52] Word 680113 (Frame index=6733 frame address=0x00022c1b word=80 mask=0x00000800)
[2022-12-17 08:22:52] 2 bit errors
[2022-12-17 08:22:52] Cycle 670: 2022-07-29 15:38:50
[2022-12-17 08:22:56] Cycle 671: 2022-07-29 15:38:54
[2022-12-17 08:23:00] Cycle 672: 2022-07-29 15:38:58
[2022-12-17 08:23:04] Word 1134440 (Frame index=11232 frame address=0x00420382 word=8 mask=0x00002000)
[2022-12-17 08:23:04] Word 1134541 (Frame index=11233 frame address=0x00420383 word=8 mask=0x00001000)
[2022-12-17 08:23:04] 2 bit errors
[2022-12-17 08:23:04] Cycle 673: 2022-07-29 15:39:03
[2022-12-17 08:23:08] Cycle 674: 2022-07-29 15:39:07
[2022-12-17 08:23:13] Cycle 675: 2022-07-29 15:39:11
[2022-12-17 08:23:17] Cycle 676: 2022-07-29 15:39:15
[2022-12-17 08:23:21] Cycle 677: 2022-07-29 15:39:19
[2022-12-17 08:23:25] Cycle 678: 2022-07-29 15:39:23
[2022-12-17 08:23:29] Cycle 679: 2022-07-29 15:39:28
[2022-12-17 08:23:33] Cycle 680: 2022-07-29 15:39:32
[2022-12-17 08:23:38] Word 288013 (Frame index=2851 frame address=0x00002917 word=62 mask=0x00000004)
[2022-12-17 08:23:38] 1 bit errors
[2022-12-17 08:23:38] Cycle 681: 2022-07-29 15:39:36
[2022-12-17 08:23:42] Cycle 682: 2022-07-29 15:39:40
[2022-12-17 08:23:46] Word 398565 (Frame index=3946 frame address=0x00020404 word=19 mask=0x00000008)
[2022-12-17 08:23:46] 1 bit errors
[2022-12-17 08:23:46] Cycle 683: 2022-07-29 15:39:44
[2022-12-17 08:23:50] Word 868355 (Frame index=8597 frame address=0x0040121f word=58 mask=0x04000000)
[2022-12-17 08:23:50] Word 1190221 (Frame index=11784 frame address=0x00420b82 word=37 mask=0x00000004)
[2022-12-17 08:23:50] Word 1207619 (Frame index=11956 frame address=0x00420e00 word=63 mask=0x00000200)
[2022-12-17 08:23:50] Word 1207720 (Frame index=11957 frame address=0x00420e01 word=63 mask=0x00000100)
[2022-12-17 08:23:50] 4 bit errors
[2022-12-17 08:23:50] Cycle 684: 2022-07-29 15:39:48
[2022-12-17 08:23:54] Word 1123535 (Frame index=11124 frame address=0x0042019e word=11 mask=0x00000800)
[2022-12-17 08:23:54] 1 bit errors
[2022-12-17 08:23:54] Cycle 685: 2022-07-29 15:39:53
[2022-12-17 08:23:58] Cycle 686: 2022-07-29 15:39:57
[2022-12-17 08:24:03] Word 709390 (Frame index=7023 frame address=0x00023091 word=67 mask=0x00000004)
[2022-12-17 08:24:03] 1 bit errors
[2022-12-17 08:24:03] Cycle 687: 2022-07-29 15:40:01
[2022-12-17 08:24:07] Word 1391579 (Frame index=13778 frame address=0x00422880 word=1 mask=0x04000000)
[2022-12-17 08:24:07] Word 1489550 (Frame index=14748 frame address=0x0044011c word=2 mask=0x00000004)
[2022-12-17 08:24:07] Word 1489651 (Frame index=14749 frame address=0x0044011d word=2 mask=0x00000002)
[2022-12-17 08:24:07] 3 bit errors
[2022-12-17 08:24:07] Cycle 688: 2022-07-29 15:40:05
[2022-12-17 08:24:11] Word 1233907 (Frame index=12216 frame address=0x00421198 word=91 mask=0x00000010)
[2022-12-17 08:24:11] Word 1234008 (Frame index=12217 frame address=0x00421199 word=91 mask=0x00000008)
[2022-12-17 08:24:11] Word 1523930 (Frame index=15088 frame address=0x00440618 word=42 mask=0x00100000)
[2022-12-17 08:24:11] 3 bit errors
[2022-12-17 08:24:11] Cycle 689: 2022-07-29 15:40:09
[2022-12-17 08:24:15] Word 256056 (Frame index=2535 frame address=0x0000249f word=21 mask=0x08000000)
[2022-12-17 08:24:15] Word 1308099 (Frame index=12951 frame address=0x00421c85 word=48 mask=0x00040000)
[2022-12-17 08:24:15] 2 bit errors
[2022-12-17 08:24:15] Cycle 690: 2022-07-29 15:40:13
[2022-12-17 08:24:19] Cycle 691: 2022-07-29 15:40:18
[2022-12-17 08:24:23] Word 387476 (Frame index=3836 frame address=0x0002021e word=40 mask=0x00020000)
[2022-12-17 08:24:23] 1 bit errors
[2022-12-17 08:24:23] Cycle 692: 2022-07-29 15:40:22
[2022-12-17 08:24:28] Cycle 693: 2022-07-29 15:40:26
[2022-12-17 08:24:32] Cycle 694: 2022-07-29 15:40:30
[2022-12-17 08:24:36] Word 394343 (Frame index=3904 frame address=0x0002031a word=39 mask=0x00000100)
[2022-12-17 08:24:36] 1 bit errors
[2022-12-17 08:24:36] Cycle 695: 2022-07-29 15:40:34
[2022-12-17 08:24:40] Cycle 696: 2022-07-29 15:40:38
[2022-12-17 08:24:44] Word 690528 (Frame index=6836 frame address=0x00022e02 word=92 mask=0x00000100)
[2022-12-17 08:24:44] Word 690629 (Frame index=6837 frame address=0x00022e03 word=92 mask=0x00000100)
[2022-12-17 08:24:44] 2 bit errors
[2022-12-17 08:24:44] Cycle 697: 2022-07-29 15:40:43
[2022-12-17 08:24:48] Cycle 698: 2022-07-29 15:40:47
[2022-12-17 08:24:53] Word 824246 (Frame index=8160 frame address=0x00400c04 word=86 mask=0x00010000)
[2022-12-17 08:24:53] Word 824347 (Frame index=8161 frame address=0x00400c05 word=86 mask=0x00010000)
[2022-12-17 08:24:53] 2 bit errors
[2022-12-17 08:24:53] Cycle 699: 2022-07-29 15:40:51
[2022-12-17 08:24:57] Cycle 700: 2022-07-29 15:40:55
[2022-12-17 08:25:01] Cycle 701: 2022-07-29 15:40:59
[2022-12-17 08:25:05] Cycle 702: 2022-07-29 15:41:03
[2022-12-17 08:25:09] Word 644335 (Frame index=6379 frame address=0x00022721 word=56 mask=0x20000000)
[2022-12-17 08:25:09] 1 bit errors
[2022-12-17 08:25:09] Cycle 703: 2022-07-29 15:41:07
[2022-12-17 08:25:13] Word 159400 (Frame index=1578 frame address=0x0000169c word=22 mask=0x00800000)
[2022-12-17 08:25:13] Word 159501 (Frame index=1579 frame address=0x0000169d word=22 mask=0x00400000)
[2022-12-17 08:25:13] 2 bit errors
[2022-12-17 08:25:13] Cycle 704: 2022-07-29 15:41:12
[2022-12-17 08:25:17] Cycle 705: 2022-07-29 15:41:16
[2022-12-17 08:25:22] Word 1067909 (Frame index=10573 frame address=0x00402f05 word=36 mask=0x00010000)
[2022-12-17 08:25:22] 1 bit errors
[2022-12-17 08:25:22] Cycle 706: 2022-07-29 15:41:20
[2022-12-17 08:25:26] Word 1206749 (Frame index=11948 frame address=0x00420d9c word=1 mask=0x00000008)
[2022-12-17 08:25:26] 1 bit errors
[2022-12-17 08:25:26] Cycle 707: 2022-07-29 15:41:24
[2022-12-17 08:25:30] Cycle 708: 2022-07-29 15:41:28
[2022-12-17 08:25:34] Cycle 709: 2022-07-29 15:41:32
[2022-12-17 08:25:38] Cycle 710: 2022-07-29 15:41:37
[2022-12-17 08:25:42] Cycle 711: 2022-07-29 15:41:41
[2022-12-17 08:25:47] Word 335185 (Frame index=3318 frame address=0x00003002 word=67 mask=0x00000080)
[2022-12-17 08:25:47] Word 335286 (Frame index=3319 frame address=0x00003003 word=67 mask=0x00000040)
[2022-12-17 08:25:47] Word 695978 (Frame index=6890 frame address=0x00022e94 word=88 mask=0x00004000)
[2022-12-17 08:25:47] 3 bit errors
[2022-12-17 08:25:47] Cycle 712: 2022-07-29 15:41:45
[2022-12-17 08:25:51] Cycle 713: 2022-07-29 15:41:49
[2022-12-17 08:25:55] Cycle 714: 2022-07-29 15:41:53
[2022-12-17 08:25:59] Cycle 715: 2022-07-29 15:41:57
[2022-12-17 08:26:03] Cycle 716: 2022-07-29 15:42:02
[2022-12-17 08:26:07] Word 1006693 (Frame index=9967 frame address=0x0040261f word=26 mask=0x00000008)
[2022-12-17 08:26:07] 1 bit errors
[2022-12-17 08:26:07] Cycle 717: 2022-07-29 15:42:06
[2022-12-17 08:26:12] Cycle 718: 2022-07-29 15:42:10
[2022-12-17 08:26:16] Word 384126 (Frame index=3803 frame address=0x000201a1 word=23 mask=0x00000004)
[2022-12-17 08:26:16] Word 1136864 (Frame index=11256 frame address=0x0042039a word=8 mask=0x00000400)
[2022-12-17 08:26:16] Word 1136965 (Frame index=11257 frame address=0x0042039b word=8 mask=0x00000c00)
[2022-12-17 08:26:16] 4 bit errors
[2022-12-17 08:26:16] Cycle 719: 2022-07-29 15:42:14
[2022-12-17 08:26:20] Word 1531567 (Frame index=15164 frame address=0x00440780 word=3 mask=0x00080000)
[2022-12-17 08:26:20] Word 1604951 (Frame index=15890 frame address=0x00441200 word=61 mask=0x00000200)
[2022-12-17 08:26:20] 2 bit errors
[2022-12-17 08:26:20] Cycle 720: 2022-07-29 15:42:18
[2022-12-17 08:26:24] Word 84541 (Frame index=837 frame address=0x00000c05 word=4 mask=0x02000000)
[2022-12-17 08:26:24] Word 340666 (Frame index=3372 frame address=0x0000309c word=94 mask=0x00038000)
[2022-12-17 08:26:24] Word 340767 (Frame index=3373 frame address=0x0000309d word=94 mask=0x00018000)
[2022-12-17 08:26:24] 6 bit errors
[2022-12-17 08:26:24] Cycle 721: 2022-07-29 15:42:22
[2022-12-17 08:26:28] Word 1598668 (Frame index=15828 frame address=0x0044110a word=40 mask=0x00000008)
[2022-12-17 08:26:28] Word 1598769 (Frame index=15829 frame address=0x0044110b word=40 mask=0x00000004)
[2022-12-17 08:26:28] Word 1804827 (Frame index=17869 frame address=0x00442e8d word=58 mask=0x04000000)
[2022-12-17 08:26:28] 3 bit errors
[2022-12-17 08:26:28] Cycle 722: 2022-07-29 15:42:27
[2022-12-17 08:26:32] Cycle 723: 2022-07-29 15:42:31
[2022-12-17 08:26:37] Word 417986 (Frame index=4138 frame address=0x00020698 word=48 mask=0x02000000)
[2022-12-17 08:26:37] 1 bit errors
[2022-12-17 08:26:37] Cycle 724: 2022-07-29 15:42:35
[2022-12-17 08:26:41] Word 399010 (Frame index=3950 frame address=0x00020408 word=60 mask=0x00400000)
[2022-12-17 08:26:41] Word 1482856 (Frame index=14681 frame address=0x00440021 word=75 mask=0x00000008)
[2022-12-17 08:26:41] 2 bit errors
[2022-12-17 08:26:41] Cycle 725: 2022-07-29 15:42:39
[2022-12-17 08:26:45] Cycle 726: 2022-07-29 15:42:43
[2022-12-17 08:26:49] Word 57666 (Frame index=570 frame address=0x00000812 word=96 mask=0x00000080)
[2022-12-17 08:26:49] Word 57767 (Frame index=571 frame address=0x00000813 word=96 mask=0x00000040)
[2022-12-17 08:26:49] 2 bit errors
[2022-12-17 08:26:49] Cycle 727: 2022-07-29 15:42:47
[2022-12-17 08:26:53] Word 1123292 (Frame index=11121 frame address=0x0042019b word=71 mask=0x00000020)
[2022-12-17 08:26:53] 1 bit errors
[2022-12-17 08:26:53] Cycle 728: 2022-07-29 15:42:52
[2022-12-17 08:26:57] Word 307131 (Frame index=3040 frame address=0x00002ba0 word=91 mask=0x00000800)
[2022-12-17 08:26:57] Word 307232 (Frame index=3041 frame address=0x00002ba1 word=91 mask=0x00001000)
[2022-12-17 08:26:57] 2 bit errors
[2022-12-17 08:26:57] Cycle 729: 2022-07-29 15:42:56
[2022-12-17 08:27:02] Cycle 730: 2022-07-29 15:43:00
[2022-12-17 08:27:06] Word 717373 (Frame index=7102 frame address=0x00023198 word=71 mask=0x10000000)
[2022-12-17 08:27:06] 1 bit errors
[2022-12-17 08:27:06] Cycle 731: 2022-07-29 15:43:04
[2022-12-17 08:27:10] Cycle 732: 2022-07-29 15:43:08
[2022-12-17 08:27:14] Cycle 733: 2022-07-29 15:43:12
[2022-12-17 08:27:18] Word 1162150 (Frame index=11506 frame address=0x00420784 word=44 mask=0x10000000)
[2022-12-17 08:27:18] Word 1162251 (Frame index=11507 frame address=0x00420785 word=44 mask=0x08000000)
[2022-12-17 08:27:18] 2 bit errors
[2022-12-17 08:27:18] Cycle 734: 2022-07-29 15:43:17
[2022-12-17 08:27:22] Cycle 735: 2022-07-29 15:43:21
[2022-12-17 08:27:27] Word 1157472 (Frame index=11460 frame address=0x00420696 word=12 mask=0x00400000)
[2022-12-17 08:27:27] Word 1157573 (Frame index=11461 frame address=0x00420697 word=12 mask=0x00200000)
[2022-12-17 08:27:27] Word 1157862 (Frame index=11463 frame address=0x00420699 word=99 mask=0x00000200)
[2022-12-17 08:27:27] 3 bit errors
[2022-12-17 08:27:27] Cycle 736: 2022-07-29 15:43:25
[2022-12-17 08:27:31] Cycle 737: 2022-07-29 15:43:29
[2022-12-17 08:27:35] Word 729708 (Frame index=7224 frame address=0x0002338a word=84 mask=0x40000000)
[2022-12-17 08:27:35] Word 729809 (Frame index=7225 frame address=0x0002338b word=84 mask=0x20000000)
[2022-12-17 08:27:35] Word 1782946 (Frame index=17652 frame address=0x00442b20 word=94 mask=0x00001000)
[2022-12-17 08:27:35] Word 1848874 (Frame index=18305 frame address=0x004434a7 word=69 mask=0x00008000)
[2022-12-17 08:27:35] 4 bit errors
[2022-12-17 08:27:35] Cycle 738: 2022-07-29 15:43:33
[2022-12-17 08:27:39] Word 244873 (Frame index=2424 frame address=0x0000231c word=49 mask=0x02000000)
[2022-12-17 08:27:39] Word 718666 (Frame index=7115 frame address=0x00023209 word=51 mask=0x00200000)
[2022-12-17 08:27:39] Word 925207 (Frame index=9160 frame address=0x00401a8e word=47 mask=0x00800000)
[2022-12-17 08:27:39] 3 bit errors
[2022-12-17 08:27:39] Cycle 739: 2022-07-29 15:43:37
[2022-12-17 08:27:43] Cycle 740: 2022-07-29 15:43:42
[2022-12-17 08:27:47] Word 118002 (Frame index=1168 frame address=0x000010a2 word=34 mask=0x02000000)
[2022-12-17 08:27:47] Word 1803683 (Frame index=17858 frame address=0x00442e82 word=25 mask=0x00080000)
[2022-12-17 08:27:47] Word 1803784 (Frame index=17859 frame address=0x00442e83 word=25 mask=0x00040000)
[2022-12-17 08:27:47] 3 bit errors
[2022-12-17 08:27:47] Cycle 741: 2022-07-29 15:43:46
[2022-12-17 08:27:52] Word 717584 (Frame index=7104 frame address=0x0002319a word=80 mask=0x00000200)
[2022-12-17 08:27:52] 1 bit errors
[2022-12-17 08:27:52] Cycle 742: 2022-07-29 15:43:50
[2022-12-17 08:27:56] Word 726508 (Frame index=7193 frame address=0x0002330f word=15 mask=0x00008000)
[2022-12-17 08:27:56] Word 1190625 (Frame index=11788 frame address=0x00420b86 word=37 mask=0x00002000)
[2022-12-17 08:27:56] Word 1190726 (Frame index=11789 frame address=0x00420b87 word=37 mask=0x00001000)
[2022-12-17 08:27:56] Word 1409009 (Frame index=13950 frame address=0x00422a9c word=59 mask=0x10000000)
[2022-12-17 08:27:56] Word 1409110 (Frame index=13951 frame address=0x00422a9d word=59 mask=0x08000000)
[2022-12-17 08:27:56] 5 bit errors
[2022-12-17 08:27:56] Cycle 743: 2022-07-29 15:43:54
[2022-12-17 08:28:00] Cycle 744: 2022-07-29 15:43:58
[2022-12-17 08:28:04] Word 961313 (Frame index=9517 frame address=0x00401fa1 word=96 mask=0x00000008)
[2022-12-17 08:28:04] 1 bit errors
[2022-12-17 08:28:04] Cycle 745: 2022-07-29 15:44:02
[2022-12-17 08:28:08] Word 990018 (Frame index=9802 frame address=0x0040240a word=16 mask=0x00000400)
[2022-12-17 08:28:08] 1 bit errors
[2022-12-17 08:28:08] Cycle 746: 2022-07-29 15:44:07
[2022-12-17 08:28:12] Cycle 747: 2022-07-29 15:44:11
[2022-12-17 08:28:17] Word 337672 (Frame index=3343 frame address=0x0000301b word=29 mask=0x00400000)
[2022-12-17 08:28:17] 1 bit errors
[2022-12-17 08:28:17] Cycle 748: 2022-07-29 15:44:15
[2022-12-17 08:28:21] Cycle 749: 2022-07-29 15:44:19
[2022-12-17 08:28:25] Cycle 750: 2022-07-29 15:44:23
[2022-12-17 08:28:29] Word 1483902 (Frame index=14692 frame address=0x00440082 word=10 mask=0x00800000)
[2022-12-17 08:28:29] 1 bit errors
[2022-12-17 08:28:29] Cycle 751: 2022-07-29 15:44:27
[2022-12-17 08:28:33] Cycle 752: 2022-07-29 15:44:32
[2022-12-17 08:28:37] Word 118539 (Frame index=1173 frame address=0x00001103 word=66 mask=0x00020000)
[2022-12-17 08:28:37] Word 715905 (Frame index=7088 frame address=0x0002318a word=17 mask=0x00010000)
[2022-12-17 08:28:37] 2 bit errors
[2022-12-17 08:28:37] Cycle 753: 2022-07-29 15:44:36
[2022-12-17 08:28:42] Word 209544 (Frame index=2074 frame address=0x00001e0e word=70 mask=0x00000004)
[2022-12-17 08:28:42] 1 bit errors
[2022-12-17 08:28:42] Cycle 754: 2022-07-29 15:44:40
[2022-12-17 08:28:46] Cycle 755: 2022-07-29 15:44:44
[2022-12-17 08:28:50] Cycle 756: 2022-07-29 15:44:48
[2022-12-17 08:28:54] Cycle 757: 2022-07-29 15:44:52
[2022-12-17 08:28:58] Cycle 758: 2022-07-29 15:44:56
[2022-12-17 08:29:02] Word 155324 (Frame index=1537 frame address=0x00001617 word=87 mask=0x00008000)
[2022-12-17 08:29:02] Word 382623 (Frame index=3788 frame address=0x00020192 word=35 mask=0x00001000)
[2022-12-17 08:29:02] Word 382724 (Frame index=3789 frame address=0x00020193 word=35 mask=0x00000800)
[2022-12-17 08:29:02] 3 bit errors
[2022-12-17 08:29:02] Cycle 759: 2022-07-29 15:45:01
[2022-12-17 08:29:06] Word 1067345 (Frame index=10567 frame address=0x00402ea3 word=78 mask=0x00000400)
[2022-12-17 08:29:06] 1 bit errors
[2022-12-17 08:29:06] Cycle 760: 2022-07-29 15:45:05
[2022-12-17 08:29:11] Cycle 761: 2022-07-29 15:45:09
[2022-12-17 08:29:15] Word 657143 (Frame index=6506 frame address=0x00022910 word=37 mask=0x00000001)
[2022-12-17 08:29:15] 1 bit errors
[2022-12-17 08:29:15] Cycle 762: 2022-07-29 15:45:13
[2022-12-17 08:29:19] Cycle 763: 2022-07-29 15:45:17
[2022-12-17 08:29:23] Word 1096752 (Frame index=10858 frame address=0x00403312 word=94 mask=0x80000000)
[2022-12-17 08:29:23] Word 1096853 (Frame index=10859 frame address=0x00403313 word=94 mask=0x40000000)
[2022-12-17 08:29:23] 2 bit errors
[2022-12-17 08:29:23] Cycle 764: 2022-07-29 15:45:21
[2022-12-17 08:29:27] Cycle 765: 2022-07-29 15:45:26
[2022-12-17 08:29:31] Word 762776 (Frame index=7552 frame address=0x0040030c word=24 mask=0x00001000)
[2022-12-17 08:29:31] Word 762877 (Frame index=7553 frame address=0x0040030d word=24 mask=0x00001000)
[2022-12-17 08:29:31] 2 bit errors
[2022-12-17 08:29:31] Cycle 766: 2022-07-29 15:45:30
[2022-12-17 08:29:36] Cycle 767: 2022-07-29 15:45:34
[2022-12-17 08:29:40] Word 796346 (Frame index=7884 frame address=0x00400808 word=62 mask=0x00100000)
[2022-12-17 08:29:40] 1 bit errors
[2022-12-17 08:29:40] Cycle 768: 2022-07-29 15:45:38
[2022-12-17 08:29:44] Word 150495 (Frame index=1490 frame address=0x00001584 word=5 mask=0x40000000)
[2022-12-17 08:29:44] 1 bit errors
[2022-12-17 08:29:44] Cycle 769: 2022-07-29 15:45:42
[2022-12-17 08:29:48] Word 44786 (Frame index=443 frame address=0x0000061b word=43 mask=0x00000040)
[2022-12-17 08:29:48] 1 bit errors
[2022-12-17 08:29:48] Cycle 770: 2022-07-29 15:45:46
[2022-12-17 08:29:52] Word 753495 (Frame index=7460 frame address=0x0040019c word=35 mask=0x00020000)
[2022-12-17 08:29:52] Word 753596 (Frame index=7461 frame address=0x0040019d word=35 mask=0x00010000)
[2022-12-17 08:29:52] Word 1788123 (Frame index=17704 frame address=0x00442c0c word=19 mask=0x00000008)
[2022-12-17 08:29:52] Word 1788224 (Frame index=17705 frame address=0x00442c0d word=19 mask=0x00000008)
[2022-12-17 08:29:52] 4 bit errors
[2022-12-17 08:29:52] Cycle 771: 2022-07-29 15:45:51
[2022-12-17 08:29:56] Cycle 772: 2022-07-29 15:45:55
[2022-12-17 08:30:01] Word 1137150 (Frame index=11258 frame address=0x0042039c word=92 mask=0x10000000)
[2022-12-17 08:30:01] 1 bit errors
[2022-12-17 08:30:01] Cycle 773: 2022-07-29 15:45:59
[2022-12-17 08:30:05] Cycle 774: 2022-07-29 15:46:03
[2022-12-17 08:30:09] Word 1106490 (Frame index=10955 frame address=0x0040348d word=35 mask=0x00010000)
[2022-12-17 08:30:09] 1 bit errors
[2022-12-17 08:30:09] Cycle 775: 2022-07-29 15:46:07
[2022-12-17 08:30:13] Word 1383974 (Frame index=13702 frame address=0x00422720 word=72 mask=0x02000000)
[2022-12-17 08:30:13] 1 bit errors
[2022-12-17 08:30:13] Cycle 776: 2022-07-29 15:46:11
[2022-12-17 08:30:17] Cycle 777: 2022-07-29 15:46:16
[2022-12-17 08:30:21] Word 758254 (Frame index=7507 frame address=0x00400283 word=47 mask=0x00000040)
[2022-12-17 08:30:21] 1 bit errors
[2022-12-17 08:30:21] Cycle 778: 2022-07-29 15:46:20
