[2022-12-16 19:34:08] INFO     STATE:Initial Starting State
[2022-12-16 19:34:08] INFO     git commit information
[2022-12-16 19:34:08] INFO     	git commit:1c8fc9e Updated rowhammer script
[2022-12-16 19:34:08] INFO     	git commit date:Fri Dec 16 16:09:45 2022
[2022-12-16 19:34:08] INFO     	git status:Fri Dec 16 16:09:45 2022
[2022-12-16 19:34:08] INFO     		M beam-test/test_scripts/readme.md
[2022-12-16 19:34:08] INFO     Command line information
[2022-12-16 19:34:08] INFO     	Command line:['ddrctrl_experiment.py', '--jcm_part', 'xc7a200t', '--bitstream', '/root/ddr_11_28.bit', '--log_dir', './lansce2022', '--jcm_clock', '30_000_000', '--frads_file', 'xc7a200t_frad.txt', '--fault_injection', '0', '--uart_bone_ident', '0xf0002000', '--jcm_ip', '169.254.132.152', '--jcm_netbooter_port', '1', '--nexys_netbooter_port', '2', '--usb_uart_phys_port', '1-4.4.2', '--uartbone_phys_port', '1-4.4.1']
[2022-12-16 19:34:08] INFO     	arg:bitstream=/root/ddr_11_28.bit
[2022-12-16 19:34:08] INFO     	arg:netbooter_ip=169.254.131.160
[2022-12-16 19:34:08] INFO     	arg:jcm_ip=169.254.132.152
[2022-12-16 19:34:08] INFO     	arg:jcm_part=xc7a200t
[2022-12-16 19:34:08] INFO     	arg:jcm_clock=30000000
[2022-12-16 19:34:08] INFO     	arg:usb_uart_phys_port=1-4.4.2
[2022-12-16 19:34:08] INFO     	arg:uart_litex_baudrate=115200
[2022-12-16 19:34:08] INFO     	arg:uartbone_phys_port=1-4.4.1
[2022-12-16 19:34:08] INFO     	arg:uartbone_phys_if=0
[2022-12-16 19:34:08] INFO     	arg:uartbone_baudrate=115200
[2022-12-16 19:34:08] INFO     	arg:repower_jcm=False
[2022-12-16 19:34:08] INFO     	arg:disable_scrubbing=False
[2022-12-16 19:34:08] INFO     	arg:fault_injection=0
[2022-12-16 19:34:08] INFO     	arg:frads_file=xc7a200t_frad.txt
[2022-12-16 19:34:08] INFO     	arg:jcm_netbooter_port=1
[2022-12-16 19:34:08] INFO     	arg:nexys_netbooter_port=2
[2022-12-16 19:34:08] INFO     	arg:log_dir=./lansce2022
[2022-12-16 19:34:08] INFO     	arg:single_step=False
[2022-12-16 19:34:08] INFO     	arg:bist_mem_burst_length=8192
[2022-12-16 19:34:08] INFO     	arg:bist_addr_mode=1
[2022-12-16 19:34:08] INFO     	arg:bist_pattern=165
[2022-12-16 19:34:08] INFO     	arg:no_uart_bone=False
[2022-12-16 19:34:08] INFO     	arg:uart_bone_ident=0xf0002000
[2022-12-16 19:34:08] INFO     STATE:Netbooter Setup State
[2022-12-16 19:34:08] INFO     STATE:JCM Setup State
[2022-12-16 19:34:08] INFO     NETBOOTER:Attempt 1 to set port 1 with cycle=False
[2022-12-16 19:34:10] INFO     NETBOOTER:Setting port 1 to On
[2022-12-16 19:34:11] INFO     JCM ping attempt 1
[2022-12-16 19:34:11] INFO     JCM:Logging in to JCM
[2022-12-16 19:34:11] INFO     JCM:Connecting to JCM over SSH... (Attempt 1)
[2022-12-16 19:34:12] INFO     JCM:SSH successful
[2022-12-16 19:34:12] INFO     STATE:UART Setup State
[2022-12-16 19:34:12] INFO     STATE:Power Nexys State
[2022-12-16 19:34:12] INFO     NETBOOTER:Attempt 1 to set port 2 with cycle=False
[2022-12-16 19:34:14] INFO     NETBOOTER:Setting port 2 to Off
[2022-12-16 19:34:15] INFO     NETBOOTER:Attempt 1 to set port 2 with cycle=False
[2022-12-16 19:34:17] INFO     NETBOOTER:Setting port 2 to On
[2022-12-16 19:34:18] INFO     STATE:Connect UART State
[2022-12-16 19:34:20] INFO     UART:Searching for ttyUSB device (Attempt 1)
[2022-12-16 19:34:20] INFO     UART:Found tty device:/dev/ttyUSB2
[2022-12-16 19:34:20] INFO     UART:Serial port /dev/ttyUSB2 open
[2022-12-16 19:34:20] INFO     STATE:Configure Nexys State
[2022-12-16 19:34:20] INFO     JCM:Attempting JCM device DNA read
[2022-12-16 19:34:20] INFO     JCM:Executing commmand on JCM
	~/jcm_apps/jcm_jtag_reg.elf -r 50 --swap -w 64
[2022-12-16 19:34:20] INFO     Device DNA:0:0x812c023b 1:0x2a0f6504
[2022-12-16 19:34:20] INFO     JCM:Attempting JCM configuration
[2022-12-16 19:34:20] INFO     JCM:Executing commmand on JCM
	~/jcm_apps/jcm_config.elf --part xc7a200t -c 30000000 --jtag --config_file /root/ddr_11_28.bit
[2022-12-16 19:34:25] INFO     JCM:Configuration Success
[2022-12-16 19:34:25] INFO     STATE:Setup UARTBone State
[2022-12-16 19:34:25] INFO     UARTBONE:Searching for ttyUSB device (Attempt 1) for port '1-4.4.1' IF '0'
[2022-12-16 19:34:25] INFO     UARTBONE:Found tty device:/dev/ttyUSB0
[2022-12-16 19:34:25] INFO     UARTBONE:Attempting to open:/dev/ttyUSB0 at baud 115200 with timeout=5
[2022-12-16 19:34:25] INFO     UARTBONE:Serial port /dev/ttyUSB0 open
[2022-12-16 19:34:26] INFO     UARTBONE ID Str=LiteX SoC on Nexys Video 2022-11-28 18:17:18
[2022-12-16 19:34:26] INFO     UARTBONE I ADDR=000012E8
[2022-12-16 19:34:26] INFO     STATE:Enable Scrubbing State
[2022-12-16 19:34:26] INFO     JCM:Starting JCM scrubber
[2022-12-16 19:34:26] INFO     JCM:Executing commmand on JCM
	~/jcm_apps/jcm_scrubbing.elf --part xc7a200t -c 30000000 --jtag --iterations 100000000 --frad_file xc7a200t_frad.txt
[2022-12-16 19:34:26] INFO     STATE:LiteX Login State
[2022-12-16 19:34:26] INFO     STATE:Start BIST State
[2022-12-16 19:34:26] INFO     STATE:BIST Execution State
[2022-12-16 19:34:26] INFO     BIST:Bad title line (1):8192 1 0 2
[2022-12-16 19:34:26] INFO     BIST:Header (first)
[2022-12-16 19:34:38] INFO     BIST:Header (ok)
[2022-12-16 19:34:50] INFO     BIST:Header (ok)
[2022-12-16 19:35:01] INFO     BIST:Header (ok)
[2022-12-16 19:35:13] INFO     BIST:Header (ok)
[2022-12-16 19:35:24] INFO     BIST:Header (ok)
[2022-12-16 19:35:36] INFO     BIST:Header (ok)
[2022-12-16 19:35:48] INFO     BIST:Header (ok)
[2022-12-16 19:35:59] INFO     BIST:Header (ok)
[2022-12-16 19:36:11] INFO     BIST:Header (ok)
[2022-12-16 19:36:23] INFO     BIST:Header (ok)
[2022-12-16 19:36:34] INFO     BIST:Header (ok)
[2022-12-16 19:36:46] INFO     BIST:Header (ok)
[2022-12-16 19:36:57] INFO     BIST:Header (ok)
[2022-12-16 19:37:09] INFO     BIST:Header (ok)
[2022-12-16 19:37:21] INFO     BIST:Header (ok)
[2022-12-16 19:37:32] INFO     BIST:Header (ok)
[2022-12-16 19:37:44] INFO     BIST:Header (ok)
[2022-12-16 19:37:55] INFO     BIST:Header (ok)
[2022-12-16 19:38:07] INFO     BIST:Header (ok)
[2022-12-16 19:38:19] INFO     BIST:Header (ok)
[2022-12-16 19:38:30] INFO     BIST:Header (ok)
[2022-12-16 19:38:42] INFO     BIST:Header (ok)
[2022-12-16 19:38:54] INFO     BIST:Header (ok)
[2022-12-16 19:39:05] INFO     BIST:Header (ok)
[2022-12-16 19:39:17] INFO     BIST:Header (ok)
[2022-12-16 19:39:28] INFO     BIST:Header (ok)
[2022-12-16 19:39:40] INFO     BIST:Header (ok)
[2022-12-16 19:39:52] INFO     BIST:Header (ok)
[2022-12-16 19:40:03] INFO     BIST:Header (ok)
[2022-12-16 19:40:15] INFO     BIST:Header (ok)
[2022-12-16 19:40:26] INFO     BIST:Header (ok)
[2022-12-16 19:40:38] INFO     BIST:Header (ok)
[2022-12-16 19:40:50] INFO     BIST:Header (ok)
[2022-12-16 19:41:01] INFO     BIST:Header (ok)
[2022-12-16 19:41:13] INFO     BIST:Header (ok)
[2022-12-16 19:41:24] INFO     BIST:Header (ok)
[2022-12-16 19:41:36] INFO     BIST:Header (ok)
[2022-12-16 19:41:48] INFO     BIST:Header (ok)
[2022-12-16 19:41:59] INFO     BIST:Header (ok)
[2022-12-16 19:42:11] INFO     BIST:Header (ok)
[2022-12-16 19:42:23] INFO     BIST:Header (ok)
[2022-12-16 19:42:34] INFO     BIST:Header (ok)
[2022-12-16 19:42:46] INFO     BIST:Header (ok)
[2022-12-16 19:42:57] INFO     BIST:Header (ok)
[2022-12-16 19:43:09] INFO     BIST:Header (ok)
[2022-12-16 19:43:21] INFO     BIST:Header (ok)
[2022-12-16 19:43:32] INFO     BIST:Header (ok)
[2022-12-16 19:43:44] INFO     BIST:Header (ok)
[2022-12-16 19:43:55] INFO     BIST:Header (ok)
[2022-12-16 19:44:07] INFO     BIST:Header (ok)
[2022-12-16 19:44:19] INFO     BIST:Header (ok)
[2022-12-16 19:44:30] INFO     BIST:Header (ok)
[2022-12-16 19:44:42] INFO     BIST:Header (ok)
[2022-12-16 19:44:54] INFO     BIST:Header (ok)
[2022-12-16 19:45:05] INFO     BIST:Header (ok)
[2022-12-16 19:45:17] INFO     BIST:Header (ok)
[2022-12-16 19:45:28] INFO     BIST:Header (ok)
[2022-12-16 19:45:40] INFO     BIST:Header (ok)
[2022-12-16 19:45:52] INFO     BIST:Header (ok)
[2022-12-16 19:46:03] INFO     BIST:Header (ok)
[2022-12-16 19:46:15] INFO     BIST:Header (ok)
[2022-12-16 19:46:26] INFO     BIST:Header (ok)
[2022-12-16 19:46:38] INFO     BIST:Header (ok)
[2022-12-16 19:46:50] INFO     BIST:Header (ok)
[2022-12-16 19:47:01] INFO     BIST:Header (ok)
[2022-12-16 19:47:13] INFO     BIST:Header (ok)
[2022-12-16 19:47:24] INFO     BIST:Header (ok)
[2022-12-16 19:47:36] INFO     BIST:Header (ok)
[2022-12-16 19:47:48] INFO     BIST:Header (ok)
[2022-12-16 19:47:59] INFO     BIST:Header (ok)
[2022-12-16 19:48:11] INFO     BIST:Header (ok)
[2022-12-16 19:48:23] INFO     BIST:Header (ok)
[2022-12-16 19:48:34] INFO     BIST:Header (ok)
[2022-12-16 19:48:46] INFO     BIST:Header (ok)
[2022-12-16 19:48:57] INFO     BIST:Header (ok)
[2022-12-16 19:49:09] INFO     BIST:Header (ok)
[2022-12-16 19:49:21] INFO     BIST:Header (ok)
[2022-12-16 19:49:32] INFO     BIST:Header (ok)
[2022-12-16 19:49:44] INFO     BIST:Header (ok)
[2022-12-16 19:49:55] INFO     BIST:Header (ok)
[2022-12-16 19:50:07] INFO     BIST:Header (ok)
[2022-12-16 19:50:19] INFO     BIST:Header (ok)
[2022-12-16 19:50:30] INFO     BIST:Header (ok)
