[2022-12-19 07:57:25] Creating JCM Hardware on port 0 with 0 shifts
[2022-12-19 07:57:25] Using Default Chain String: [ 6 ]
[2022-12-19 07:57:25] Changing JCM Clock. Old Rate=29411765 Request Rate=1000000 Actual rate=1000000
[2022-12-19 07:57:25] Register 0x32=
[2022-12-19 07:57:25]  0:0x812c023b
[2022-12-19 07:57:25]  1:0x2a0f6504
[2022-12-19 07:57:25] Changing JCM Clock. Old Rate=1000000 Request Rate=30000000 Actual rate=29411765
[2022-12-19 07:57:25] Creating JCM Hardware on port 0 with 0 shifts
[2022-12-19 07:57:25] Using Default Chain String: [ 6 ]
[2022-12-19 07:57:25] **** Warning ****
[2022-12-19 07:57:25]   Filename /root/ddr_11_28_tmr.bit does not have a '.bin' extension. Only '.bin' files can be used for this configuration command
[2022-12-19 07:57:25] Configuring with file: /root/ddr_11_28_tmr.bit
[2022-12-19 07:57:30] Configured Successfully
[2022-12-19 07:57:31] JCM Scrubbing. Build Date Thu Jul 28 15:32:32 MDT 2022
[2022-12-19 07:57:31] Execution time: Sun Jul 31 15:13:34 2022
[2022-12-19 07:57:31] 
[2022-12-19 07:57:31] Changing JCM Clock. Old Rate=29411765 Request Rate=30000000 Actual rate=29411765
[2022-12-19 07:57:31] Creating JCM Hardware on port 0 with 0 shifts
[2022-12-19 07:57:31] Using Default Chain String: [ 6 ]
[2022-12-19 07:57:35] FPGA: xc7a200t (7_Series family) IDCode=0x13636093
[2022-12-19 07:57:35] Read IDCODE Matched=0x13636093
[2022-12-19 07:57:35] No readback file specified
[2022-12-19 07:57:35] Number of OffSet words 101
[2022-12-19 07:57:35] No readback file specified. Reading 18310 frames
[2022-12-19 07:57:35] Number of OffSet words 101
[2022-12-19 07:57:35] Number of OffSet words 101
[2022-12-19 07:57:35] Part xc7a200t has 24802 frames. Family 7_Series has 101 words per frame
[2022-12-19 07:57:35] Cycle 0: 2022-07-31 15:13:39
[2022-12-19 07:57:39] Cycle 1: 2022-07-31 15:13:43
[2022-12-19 07:57:44] Cycle 2: 2022-07-31 15:13:47
[2022-12-19 07:57:48] Cycle 3: 2022-07-31 15:13:51
[2022-12-19 07:57:52] Cycle 4: 2022-07-31 15:13:55
[2022-12-19 07:57:56] Cycle 5: 2022-07-31 15:13:59
[2022-12-19 07:58:00] Cycle 6: 2022-07-31 15:14:04
[2022-12-19 07:58:04] Cycle 7: 2022-07-31 15:14:08
[2022-12-19 07:58:08] Cycle 8: 2022-07-31 15:14:12
[2022-12-19 07:58:13] Cycle 9: 2022-07-31 15:14:16
[2022-12-19 07:58:17] Cycle 10: 2022-07-31 15:14:20
[2022-12-19 07:58:21] Cycle 11: 2022-07-31 15:14:24
[2022-12-19 07:58:25] Cycle 12: 2022-07-31 15:14:29
[2022-12-19 07:58:29] Cycle 13: 2022-07-31 15:14:33
[2022-12-19 07:58:33] Cycle 14: 2022-07-31 15:14:37
[2022-12-19 07:58:38] Cycle 15: 2022-07-31 15:14:41
[2022-12-19 07:58:42] Cycle 16: 2022-07-31 15:14:45
[2022-12-19 07:58:46] Cycle 17: 2022-07-31 15:14:49
[2022-12-19 07:58:50] Cycle 18: 2022-07-31 15:14:54
[2022-12-19 07:58:54] Cycle 19: 2022-07-31 15:14:58
[2022-12-19 07:58:58] Cycle 20: 2022-07-31 15:15:02
[2022-12-19 07:59:03] Cycle 21: 2022-07-31 15:15:06
[2022-12-19 07:59:07] Cycle 22: 2022-07-31 15:15:10
[2022-12-19 07:59:11] Cycle 23: 2022-07-31 15:15:14
[2022-12-19 07:59:15] Cycle 24: 2022-07-31 15:15:19
[2022-12-19 07:59:19] Cycle 25: 2022-07-31 15:15:23
[2022-12-19 07:59:23] Cycle 26: 2022-07-31 15:15:27
[2022-12-19 07:59:28] Cycle 27: 2022-07-31 15:15:31
[2022-12-19 07:59:32] Cycle 28: 2022-07-31 15:15:35
[2022-12-19 07:59:36] Cycle 29: 2022-07-31 15:15:39
[2022-12-19 07:59:40] Cycle 30: 2022-07-31 15:15:43
[2022-12-19 07:59:44] Cycle 31: 2022-07-31 15:15:48
[2022-12-19 07:59:48] Cycle 32: 2022-07-31 15:15:52
[2022-12-19 07:59:53] Cycle 33: 2022-07-31 15:15:56
[2022-12-19 07:59:57] Cycle 34: 2022-07-31 15:16:00
[2022-12-19 08:00:01] Cycle 35: 2022-07-31 15:16:04
[2022-12-19 08:00:05] Cycle 36: 2022-07-31 15:16:08
[2022-12-19 08:00:09] Cycle 37: 2022-07-31 15:16:13
[2022-12-19 08:00:13] Cycle 38: 2022-07-31 15:16:17
[2022-12-19 08:00:18] Cycle 39: 2022-07-31 15:16:21
[2022-12-19 08:00:22] Cycle 40: 2022-07-31 15:16:25
[2022-12-19 08:00:26] Cycle 41: 2022-07-31 15:16:29
[2022-12-19 08:00:30] Cycle 42: 2022-07-31 15:16:33
[2022-12-19 08:00:34] Cycle 43: 2022-07-31 15:16:38
[2022-12-19 08:00:38] Cycle 44: 2022-07-31 15:16:42
[2022-12-19 08:00:42] Cycle 45: 2022-07-31 15:16:46
[2022-12-19 08:00:47] Cycle 46: 2022-07-31 15:16:50
[2022-12-19 08:00:51] Cycle 47: 2022-07-31 15:16:54
[2022-12-19 08:00:55] Cycle 48: 2022-07-31 15:16:58
[2022-12-19 08:00:59] Cycle 49: 2022-07-31 15:17:03
[2022-12-19 08:01:03] Cycle 50: 2022-07-31 15:17:07
[2022-12-19 08:01:07] Cycle 51: 2022-07-31 15:17:11
[2022-12-19 08:01:12] Cycle 52: 2022-07-31 15:17:15
[2022-12-19 08:01:16] Cycle 53: 2022-07-31 15:17:19
[2022-12-19 08:01:20] Cycle 54: 2022-07-31 15:17:23
[2022-12-19 08:01:24] Cycle 55: 2022-07-31 15:17:28
[2022-12-19 08:01:28] Cycle 56: 2022-07-31 15:17:32
[2022-12-19 08:01:32] Cycle 57: 2022-07-31 15:17:36
[2022-12-19 08:01:37] Cycle 58: 2022-07-31 15:17:40
[2022-12-19 08:01:41] Cycle 59: 2022-07-31 15:17:44
[2022-12-19 08:01:45] Cycle 60: 2022-07-31 15:17:48
[2022-12-19 08:01:49] Cycle 61: 2022-07-31 15:17:53
[2022-12-19 08:01:53] Cycle 62: 2022-07-31 15:17:57
[2022-12-19 08:01:57] Cycle 63: 2022-07-31 15:18:01
[2022-12-19 08:02:02] Cycle 64: 2022-07-31 15:18:05
[2022-12-19 08:02:06] Cycle 65: 2022-07-31 15:18:09
[2022-12-19 08:02:10] Cycle 66: 2022-07-31 15:18:13
[2022-12-19 08:02:14] Cycle 67: 2022-07-31 15:18:17
[2022-12-19 08:02:18] Cycle 68: 2022-07-31 15:18:22
[2022-12-19 08:02:22] Cycle 69: 2022-07-31 15:18:26
[2022-12-19 08:02:27] Cycle 70: 2022-07-31 15:18:30
[2022-12-19 08:02:31] Cycle 71: 2022-07-31 15:18:34
[2022-12-19 08:02:35] Cycle 72: 2022-07-31 15:18:38
[2022-12-19 08:02:39] Cycle 73: 2022-07-31 15:18:42
[2022-12-19 08:02:43] Cycle 74: 2022-07-31 15:18:47
[2022-12-19 08:02:47] Cycle 75: 2022-07-31 15:18:51
[2022-12-19 08:02:52] Cycle 76: 2022-07-31 15:18:55
[2022-12-19 08:02:56] Cycle 77: 2022-07-31 15:18:59
[2022-12-19 08:03:00] Cycle 78: 2022-07-31 15:19:03
[2022-12-19 08:03:04] Cycle 79: 2022-07-31 15:19:07
[2022-12-19 08:03:08] Cycle 80: 2022-07-31 15:19:12
[2022-12-19 08:03:12] Cycle 81: 2022-07-31 15:19:16
[2022-12-19 08:03:16] Cycle 82: 2022-07-31 15:19:20
[2022-12-19 08:03:21] Cycle 83: 2022-07-31 15:19:24
[2022-12-19 08:03:25] Cycle 84: 2022-07-31 15:19:28
[2022-12-19 08:03:29] Cycle 85: 2022-07-31 15:19:32
[2022-12-19 08:03:33] Cycle 86: 2022-07-31 15:19:37
[2022-12-19 08:03:37] Cycle 87: 2022-07-31 15:19:41
[2022-12-19 08:03:41] Cycle 88: 2022-07-31 15:19:45
[2022-12-19 08:03:46] Cycle 89: 2022-07-31 15:19:49
[2022-12-19 08:03:50] Cycle 90: 2022-07-31 15:19:53
[2022-12-19 08:03:54] Cycle 91: 2022-07-31 15:19:57
[2022-12-19 08:03:58] Cycle 92: 2022-07-31 15:20:02
[2022-12-19 08:04:02] Cycle 93: 2022-07-31 15:20:06
[2022-12-19 08:04:06] Cycle 94: 2022-07-31 15:20:10
[2022-12-19 08:04:11] Cycle 95: 2022-07-31 15:20:14
[2022-12-19 08:04:15] Cycle 96: 2022-07-31 15:20:18
[2022-12-19 08:04:19] Cycle 97: 2022-07-31 15:20:22
[2022-12-19 08:04:23] Cycle 98: 2022-07-31 15:20:27
[2022-12-19 08:04:27] Cycle 99: 2022-07-31 15:20:31
[2022-12-19 08:04:31] Cycle 100: 2022-07-31 15:20:35
[2022-12-19 08:04:36] Cycle 101: 2022-07-31 15:20:39
[2022-12-19 08:04:40] Cycle 102: 2022-07-31 15:20:43
[2022-12-19 08:04:44] Cycle 103: 2022-07-31 15:20:47
[2022-12-19 08:04:48] Cycle 104: 2022-07-31 15:20:51
[2022-12-19 08:04:52] Cycle 105: 2022-07-31 15:20:56
[2022-12-19 08:04:56] Cycle 106: 2022-07-31 15:21:00
[2022-12-19 08:05:01] Cycle 107: 2022-07-31 15:21:04
[2022-12-19 08:05:05] Cycle 108: 2022-07-31 15:21:08
[2022-12-19 08:05:09] Cycle 109: 2022-07-31 15:21:12
[2022-12-19 08:05:13] Cycle 110: 2022-07-31 15:21:16
[2022-12-19 08:05:17] Cycle 111: 2022-07-31 15:21:21
[2022-12-19 08:05:21] Cycle 112: 2022-07-31 15:21:25
[2022-12-19 08:05:26] Cycle 113: 2022-07-31 15:21:29
[2022-12-19 08:05:30] Cycle 114: 2022-07-31 15:21:33
[2022-12-19 08:05:34] Cycle 115: 2022-07-31 15:21:37
[2022-12-19 08:05:38] Cycle 116: 2022-07-31 15:21:41
[2022-12-19 08:05:42] Cycle 117: 2022-07-31 15:21:46
[2022-12-19 08:05:46] Cycle 118: 2022-07-31 15:21:50
[2022-12-19 08:05:50] Cycle 119: 2022-07-31 15:21:54
[2022-12-19 08:05:55] Cycle 120: 2022-07-31 15:21:58
[2022-12-19 08:05:59] Cycle 121: 2022-07-31 15:22:02
[2022-12-19 08:06:03] Cycle 122: 2022-07-31 15:22:06
[2022-12-19 08:06:07] Cycle 123: 2022-07-31 15:22:11
[2022-12-19 08:06:11] Cycle 124: 2022-07-31 15:22:15
[2022-12-19 08:06:15] Cycle 125: 2022-07-31 15:22:19
[2022-12-19 08:06:20] Cycle 126: 2022-07-31 15:22:23
[2022-12-19 08:06:24] Cycle 127: 2022-07-31 15:22:27
[2022-12-19 08:06:28] Cycle 128: 2022-07-31 15:22:31
[2022-12-19 08:06:32] Cycle 129: 2022-07-31 15:22:36
[2022-12-19 08:06:36] Cycle 130: 2022-07-31 15:22:40
[2022-12-19 08:06:40] Cycle 131: 2022-07-31 15:22:44
[2022-12-19 08:06:45] Cycle 132: 2022-07-31 15:22:48
[2022-12-19 08:06:49] Cycle 133: 2022-07-31 15:22:52
[2022-12-19 08:06:53] Cycle 134: 2022-07-31 15:22:56
[2022-12-19 08:06:57] Cycle 135: 2022-07-31 15:23:01
[2022-12-19 08:07:01] Cycle 136: 2022-07-31 15:23:05
[2022-12-19 08:07:05] Cycle 137: 2022-07-31 15:23:09
[2022-12-19 08:07:10] Cycle 138: 2022-07-31 15:23:13
[2022-12-19 08:07:14] Cycle 139: 2022-07-31 15:23:17
[2022-12-19 08:07:18] Cycle 140: 2022-07-31 15:23:21
[2022-12-19 08:07:22] Cycle 141: 2022-07-31 15:23:26
[2022-12-19 08:07:26] Cycle 142: 2022-07-31 15:23:30
[2022-12-19 08:07:30] Cycle 143: 2022-07-31 15:23:34
[2022-12-19 08:07:35] Cycle 144: 2022-07-31 15:23:38
[2022-12-19 08:07:39] Cycle 145: 2022-07-31 15:23:42
[2022-12-19 08:07:43] Cycle 146: 2022-07-31 15:23:46
[2022-12-19 08:07:47] Cycle 147: 2022-07-31 15:23:50
[2022-12-19 08:07:51] Cycle 148: 2022-07-31 15:23:55
[2022-12-19 08:07:55] Cycle 149: 2022-07-31 15:23:59
[2022-12-19 08:08:00] Cycle 150: 2022-07-31 15:24:03
[2022-12-19 08:08:04] Cycle 151: 2022-07-31 15:24:07
[2022-12-19 08:08:08] Cycle 152: 2022-07-31 15:24:11
[2022-12-19 08:08:12] Cycle 153: 2022-07-31 15:24:15
[2022-12-19 08:08:16] Cycle 154: 2022-07-31 15:24:20
[2022-12-19 08:08:20] Cycle 155: 2022-07-31 15:24:24
[2022-12-19 08:08:24] Cycle 156: 2022-07-31 15:24:28
[2022-12-19 08:08:29] Cycle 157: 2022-07-31 15:24:32
[2022-12-19 08:08:33] Cycle 158: 2022-07-31 15:24:36
[2022-12-19 08:08:37] Cycle 159: 2022-07-31 15:24:40
[2022-12-19 08:08:41] Cycle 160: 2022-07-31 15:24:45
[2022-12-19 08:08:45] Cycle 161: 2022-07-31 15:24:49
[2022-12-19 08:08:49] Cycle 162: 2022-07-31 15:24:53
[2022-12-19 08:08:54] Cycle 163: 2022-07-31 15:24:57
[2022-12-19 08:08:58] Cycle 164: 2022-07-31 15:25:01
[2022-12-19 08:09:02] Cycle 165: 2022-07-31 15:25:05
[2022-12-19 08:09:06] Cycle 166: 2022-07-31 15:25:10
[2022-12-19 08:09:10] Cycle 167: 2022-07-31 15:25:14
[2022-12-19 08:09:14] Cycle 168: 2022-07-31 15:25:18
[2022-12-19 08:09:19] Cycle 169: 2022-07-31 15:25:22
[2022-12-19 08:09:23] Cycle 170: 2022-07-31 15:25:26
[2022-12-19 08:09:27] Cycle 171: 2022-07-31 15:25:30
[2022-12-19 08:09:31] Cycle 172: 2022-07-31 15:25:35
[2022-12-19 08:09:35] Cycle 173: 2022-07-31 15:25:39
[2022-12-19 08:09:39] Cycle 174: 2022-07-31 15:25:43
[2022-12-19 08:09:44] Cycle 175: 2022-07-31 15:25:47
[2022-12-19 08:09:48] Cycle 176: 2022-07-31 15:25:51
[2022-12-19 08:09:52] Cycle 177: 2022-07-31 15:25:55
[2022-12-19 08:09:56] Cycle 178: 2022-07-31 15:26:00
[2022-12-19 08:10:00] Cycle 179: 2022-07-31 15:26:04
[2022-12-19 08:10:04] Cycle 180: 2022-07-31 15:26:08
[2022-12-19 08:10:09] Cycle 181: 2022-07-31 15:26:12
[2022-12-19 08:10:13] Cycle 182: 2022-07-31 15:26:16
[2022-12-19 08:10:17] Cycle 183: 2022-07-31 15:26:20
[2022-12-19 08:10:21] Cycle 184: 2022-07-31 15:26:24
[2022-12-19 08:10:25] Cycle 185: 2022-07-31 15:26:29
[2022-12-19 08:10:29] Cycle 186: 2022-07-31 15:26:33
[2022-12-19 08:10:33] Cycle 187: 2022-07-31 15:26:37
[2022-12-19 08:10:38] Cycle 188: 2022-07-31 15:26:41
[2022-12-19 08:10:42] Cycle 189: 2022-07-31 15:26:45
[2022-12-19 08:10:46] Cycle 190: 2022-07-31 15:26:49
[2022-12-19 08:10:50] Cycle 191: 2022-07-31 15:26:54
[2022-12-19 08:10:54] Cycle 192: 2022-07-31 15:26:58
[2022-12-19 08:10:58] Cycle 193: 2022-07-31 15:27:02
[2022-12-19 08:11:03] Cycle 194: 2022-07-31 15:27:06
[2022-12-19 08:11:07] Cycle 195: 2022-07-31 15:27:10
[2022-12-19 08:11:11] Cycle 196: 2022-07-31 15:27:14
[2022-12-19 08:11:15] Cycle 197: 2022-07-31 15:27:19
[2022-12-19 08:11:19] Cycle 198: 2022-07-31 15:27:23
[2022-12-19 08:11:23] Cycle 199: 2022-07-31 15:27:27
[2022-12-19 08:11:28] Cycle 200: 2022-07-31 15:27:31
[2022-12-19 08:11:32] Cycle 201: 2022-07-31 15:27:35
[2022-12-19 08:11:36] Cycle 202: 2022-07-31 15:27:39
[2022-12-19 08:11:40] Cycle 203: 2022-07-31 15:27:44
[2022-12-19 08:11:44] Word 1774114 (Frame index=17565 frame address=0x00442a11 word=49 mask=0x00000200)
[2022-12-19 08:11:44] 1 bit errors
[2022-12-19 08:11:44] Cycle 204: 2022-07-31 15:27:48
[2022-12-19 08:11:48] Cycle 205: 2022-07-31 15:27:52
[2022-12-19 08:11:53] Cycle 206: 2022-07-31 15:27:56
[2022-12-19 08:11:57] Word 1028012 (Frame index=10178 frame address=0x0040291a word=34 mask=0x20000000)
[2022-12-19 08:11:57] 1 bit errors
[2022-12-19 08:11:57] Cycle 207: 2022-07-31 15:28:00
[2022-12-19 08:12:01] Word 163687 (Frame index=1620 frame address=0x00001722 word=67 mask=0x00000100)
[2022-12-19 08:12:01] Word 163788 (Frame index=1621 frame address=0x00001723 word=67 mask=0x00000200)
[2022-12-19 08:12:01] Word 1530358 (Frame index=15152 frame address=0x00440710 word=6 mask=0x00200000)
[2022-12-19 08:12:01] 3 bit errors
[2022-12-19 08:12:01] Cycle 208: 2022-07-31 15:28:04
[2022-12-19 08:12:05] Word 258082 (Frame index=2555 frame address=0x0000250f word=27 mask=0x00000004)
[2022-12-19 08:12:05] 1 bit errors
[2022-12-19 08:12:05] Cycle 209: 2022-07-31 15:28:09
[2022-12-19 08:12:09] Cycle 210: 2022-07-31 15:28:13
[2022-12-19 08:12:13] Word 215854 (Frame index=2137 frame address=0x00001f0d word=17 mask=0x00000001)
[2022-12-19 08:12:13] 1 bit errors
[2022-12-19 08:12:13] Cycle 211: 2022-07-31 15:28:17
[2022-12-19 08:12:18] Word 473479 (Frame index=4687 frame address=0x00020e9b word=92 mask=0x00000100)
[2022-12-19 08:12:18] Word 1312613 (Frame index=12996 frame address=0x00421d0e word=17 mask=0x00800000)
[2022-12-19 08:12:18] Word 1312714 (Frame index=12997 frame address=0x00421d0f word=17 mask=0x00400000)
[2022-12-19 08:12:18] 3 bit errors
[2022-12-19 08:12:18] Cycle 212: 2022-07-31 15:28:21
[2022-12-19 08:12:22] Cycle 213: 2022-07-31 15:28:25
[2022-12-19 08:12:26] Cycle 214: 2022-07-31 15:28:29
[2022-12-19 08:12:30] Word 5370 (Frame index=53 frame address=0x0000008b word=17 mask=0x00004000)
[2022-12-19 08:12:30] Word 1387685 (Frame index=13739 frame address=0x004227a1 word=46 mask=0x04000000)
[2022-12-19 08:12:30] 2 bit errors
[2022-12-19 08:12:30] Cycle 215: 2022-07-31 15:28:34
[2022-12-19 08:12:34] Cycle 216: 2022-07-31 15:28:38
[2022-12-19 08:12:38] Word 1330807 (Frame index=13176 frame address=0x00421f9e word=31 mask=0x10000000)
[2022-12-19 08:12:38] Word 1333702 (Frame index=13204 frame address=0x00422016 word=98 mask=0x00000002)
[2022-12-19 08:12:38] 2 bit errors
[2022-12-19 08:12:38] Cycle 217: 2022-07-31 15:28:42
[2022-12-19 08:12:43] Word 1042103 (Frame index=10317 frame address=0x00402b15 word=86 mask=0x04000000)
[2022-12-19 08:12:43] 1 bit errors
[2022-12-19 08:12:43] Cycle 218: 2022-07-31 15:28:46
[2022-12-19 08:12:47] Cycle 219: 2022-07-31 15:28:50
[2022-12-19 08:12:51] Cycle 220: 2022-07-31 15:28:54
[2022-12-19 08:12:55] Cycle 221: 2022-07-31 15:28:58
[2022-12-19 08:12:59] Cycle 222: 2022-07-31 15:29:03
[2022-12-19 08:13:03] Word 1459002 (Frame index=14445 frame address=0x0042320f word=57 mask=0x01000000)
[2022-12-19 08:13:03] 1 bit errors
[2022-12-19 08:13:03] Cycle 223: 2022-07-31 15:29:07
[2022-12-19 08:13:08] Cycle 224: 2022-07-31 15:29:11
[2022-12-19 08:13:12] Cycle 225: 2022-07-31 15:29:15
[2022-12-19 08:13:16] Cycle 226: 2022-07-31 15:29:19
[2022-12-19 08:13:20] Word 864109 (Frame index=8555 frame address=0x00401199 word=54 mask=0x00000200)
[2022-12-19 08:13:20] Word 1107607 (Frame index=10966 frame address=0x00403498 word=41 mask=0x00004000)
[2022-12-19 08:13:20] Word 1130645 (Frame index=11194 frame address=0x0042029c word=51 mask=0x00100000)
[2022-12-19 08:13:20] 3 bit errors
[2022-12-19 08:13:20] Cycle 227: 2022-07-31 15:29:23
[2022-12-19 08:13:24] Cycle 228: 2022-07-31 15:29:28
[2022-12-19 08:13:28] Word 45454 (Frame index=450 frame address=0x00000622 word=4 mask=0x00000100)
[2022-12-19 08:13:28] Word 45555 (Frame index=451 frame address=0x00000623 word=4 mask=0x00000200)
[2022-12-19 08:13:28] 2 bit errors
[2022-12-19 08:13:28] Cycle 229: 2022-07-31 15:29:32
[2022-12-19 08:13:33] Word 1347972 (Frame index=13346 frame address=0x0042221c word=26 mask=0x00002000)
[2022-12-19 08:13:33] Word 1348073 (Frame index=13347 frame address=0x0042221d word=26 mask=0x00001000)
[2022-12-19 08:13:33] 2 bit errors
[2022-12-19 08:13:33] Cycle 230: 2022-07-31 15:29:36
[2022-12-19 08:13:37] Cycle 231: 2022-07-31 15:29:40
[2022-12-19 08:13:41] Cycle 232: 2022-07-31 15:29:44
[2022-12-19 08:13:45] Cycle 233: 2022-07-31 15:29:48
[2022-12-19 08:13:49] Cycle 234: 2022-07-31 15:29:53
[2022-12-19 08:13:53] Word 1123929 (Frame index=11128 frame address=0x004201a2 word=1 mask=0x00800000)
[2022-12-19 08:13:53] 1 bit errors
[2022-12-19 08:13:53] Cycle 235: 2022-07-31 15:29:57
[2022-12-19 08:13:57] Word 1500526 (Frame index=14856 frame address=0x0044029c word=70 mask=0x10000000)
[2022-12-19 08:13:57] 1 bit errors
[2022-12-19 08:13:57] Cycle 236: 2022-07-31 15:30:01
[2022-12-19 08:14:02] Word 1511297 (Frame index=14963 frame address=0x00440423 word=34 mask=0x00000200)
[2022-12-19 08:14:02] 1 bit errors
[2022-12-19 08:14:02] Cycle 237: 2022-07-31 15:30:05
[2022-12-19 08:14:06] Word 1598650 (Frame index=15828 frame address=0x0044110a word=22 mask=0x02000000)
[2022-12-19 08:14:06] 1 bit errors
[2022-12-19 08:14:06] Cycle 238: 2022-07-31 15:30:09
[2022-12-19 08:14:10] Word 630876 (Frame index=6246 frame address=0x00022588 word=30 mask=0x00200000)
[2022-12-19 08:14:10] Word 630977 (Frame index=6247 frame address=0x00022589 word=30 mask=0x00100000)
[2022-12-19 08:14:10] 2 bit errors
[2022-12-19 08:14:10] Cycle 239: 2022-07-31 15:30:13
[2022-12-19 08:14:14] Cycle 240: 2022-07-31 15:30:18
[2022-12-19 08:14:18] Word 764226 (Frame index=7566 frame address=0x0040031a word=60 mask=0x06000000)
[2022-12-19 08:14:18] Word 881724 (Frame index=8729 frame address=0x00401413 word=95 mask=0x01000000)
[2022-12-19 08:14:18] 3 bit errors
[2022-12-19 08:14:18] Cycle 241: 2022-07-31 15:30:22
[2022-12-19 08:14:22] Cycle 242: 2022-07-31 15:30:26
[2022-12-19 08:14:27] Word 56331 (Frame index=557 frame address=0x00000805 word=74 mask=0x00008000)
[2022-12-19 08:14:27] 1 bit errors
[2022-12-19 08:14:27] Cycle 243: 2022-07-31 15:30:30
[2022-12-19 08:14:31] Cycle 244: 2022-07-31 15:30:34
[2022-12-19 08:14:35] Cycle 245: 2022-07-31 15:30:38
[2022-12-19 08:14:39] Cycle 246: 2022-07-31 15:30:43
[2022-12-19 08:14:43] Word 187035 (Frame index=1851 frame address=0x00001a9d word=84 mask=0x00008000)
[2022-12-19 08:14:43] Word 278219 (Frame index=2754 frame address=0x000027a2 word=65 mask=0x08000000)
[2022-12-19 08:14:43] 2 bit errors
[2022-12-19 08:14:43] Cycle 247: 2022-07-31 15:30:47
[2022-12-19 08:14:47] Cycle 248: 2022-07-31 15:30:51
[2022-12-19 08:14:52] Word 638187 (Frame index=6318 frame address=0x00022688 word=69 mask=0x00004000)
[2022-12-19 08:14:52] Word 638288 (Frame index=6319 frame address=0x00022689 word=69 mask=0x00002000)
[2022-12-19 08:14:52] Word 1528859 (Frame index=15137 frame address=0x00440701 word=22 mask=0x80000000)
[2022-12-19 08:14:52] 3 bit errors
[2022-12-19 08:14:52] Cycle 249: 2022-07-31 15:30:55
[2022-12-19 08:14:56] Word 1764730 (Frame index=17472 frame address=0x004428a0 word=58 mask=0x40000000)
[2022-12-19 08:14:56] Word 1764831 (Frame index=17473 frame address=0x004428a1 word=58 mask=0x80000000)
[2022-12-19 08:14:56] 2 bit errors
[2022-12-19 08:14:56] Cycle 250: 2022-07-31 15:30:59
[2022-12-19 08:15:00] Cycle 251: 2022-07-31 15:31:03
[2022-12-19 08:15:04] Cycle 252: 2022-07-31 15:31:08
[2022-12-19 08:15:08] Cycle 253: 2022-07-31 15:31:12
[2022-12-19 08:15:12] Cycle 254: 2022-07-31 15:31:16
[2022-12-19 08:15:17] Word 1362074 (Frame index=13485 frame address=0x0042241f word=89 mask=0x00800000)
[2022-12-19 08:15:17] 1 bit errors
[2022-12-19 08:15:17] Cycle 255: 2022-07-31 15:31:20
[2022-12-19 08:15:21] Cycle 256: 2022-07-31 15:31:24
[2022-12-19 08:15:25] Word 146008 (Frame index=1445 frame address=0x0000149f word=63 mask=0x10000000)
[2022-12-19 08:15:25] 1 bit errors
[2022-12-19 08:15:25] Cycle 257: 2022-07-31 15:31:28
[2022-12-19 08:15:29] Cycle 258: 2022-07-31 15:31:33
[2022-12-19 08:15:33] Word 1193278 (Frame index=11814 frame address=0x00420ba0 word=64 mask=0x00020000)
[2022-12-19 08:15:33] 1 bit errors
[2022-12-19 08:15:33] Cycle 259: 2022-07-31 15:31:37
[2022-12-19 08:15:37] Word 1035327 (Frame index=10250 frame address=0x00402a1a word=77 mask=0x00000040)
[2022-12-19 08:15:37] Word 1211871 (Frame index=11998 frame address=0x00420e8e word=73 mask=0x80000000)
[2022-12-19 08:15:37] Word 1340033 (Frame index=13267 frame address=0x0042210d word=66 mask=0x00000080)
[2022-12-19 08:15:37] 3 bit errors
[2022-12-19 08:15:37] Cycle 260: 2022-07-31 15:31:41
[2022-12-19 08:15:42] Cycle 261: 2022-07-31 15:31:45
[2022-12-19 08:15:46] Word 1567023 (Frame index=15515 frame address=0x00440c85 word=8 mask=0x00001000)
[2022-12-19 08:15:46] 1 bit errors
[2022-12-19 08:15:46] Cycle 262: 2022-07-31 15:31:49
[2022-12-19 08:15:50] Cycle 263: 2022-07-31 15:31:53
[2022-12-19 08:15:54] Cycle 264: 2022-07-31 15:31:58
[2022-12-19 08:15:58] Cycle 265: 2022-07-31 15:32:02
[2022-12-19 08:16:02] Cycle 266: 2022-07-31 15:32:06
[2022-12-19 08:16:07] Word 1264824 (Frame index=12523 frame address=0x00421617 word=1 mask=0x00000040)
[2022-12-19 08:16:07] Word 1387539 (Frame index=13738 frame address=0x004227a0 word=1 mask=0x00000020)
[2022-12-19 08:16:07] Word 1387640 (Frame index=13739 frame address=0x004227a1 word=1 mask=0x00000040)
[2022-12-19 08:16:07] 3 bit errors
[2022-12-19 08:16:07] Cycle 267: 2022-07-31 15:32:10
[2022-12-19 08:16:11] Word 288375 (Frame index=2855 frame address=0x0000291b word=20 mask=0x00002000)
[2022-12-19 08:16:11] 1 bit errors
[2022-12-19 08:16:11] Cycle 268: 2022-07-31 15:32:14
[2022-12-19 08:16:15] Word 261945 (Frame index=2593 frame address=0x00002591 word=52 mask=0x00000020)
[2022-12-19 08:16:15] 1 bit errors
[2022-12-19 08:16:15] Cycle 269: 2022-07-31 15:32:18
[2022-12-19 08:16:19] Word 1318541 (Frame index=13054 frame address=0x00421e08 word=87 mask=0x04000000)
[2022-12-19 08:16:19] Word 1467588 (Frame index=14530 frame address=0x0042331c word=58 mask=0x00000030)
[2022-12-19 08:16:19] Word 1467689 (Frame index=14531 frame address=0x0042331d word=58 mask=0x00000010)
[2022-12-19 08:16:19] Word 1805959 (Frame index=17880 frame address=0x00442e98 word=79 mask=0x08000000)
[2022-12-19 08:16:19] Word 1806060 (Frame index=17881 frame address=0x00442e99 word=79 mask=0x04000000)
[2022-12-19 08:16:19] 6 bit errors
[2022-12-19 08:16:19] Cycle 270: 2022-07-31 15:32:23
[2022-12-19 08:16:23] Cycle 271: 2022-07-31 15:32:27
[2022-12-19 08:16:27] Cycle 272: 2022-07-31 15:32:31
[2022-12-19 08:16:32] Word 241834 (Frame index=2394 frame address=0x0000229a word=40 mask=0x00000003)
[2022-12-19 08:16:32] Word 1009574 (Frame index=9995 frame address=0x00402697 word=79 mask=0x00008000)
[2022-12-19 08:16:32] 3 bit errors
[2022-12-19 08:16:32] Cycle 273: 2022-07-31 15:32:35
[2022-12-19 08:16:36] Word 729296 (Frame index=7220 frame address=0x00023386 word=76 mask=0x00000001)
[2022-12-19 08:16:36] 1 bit errors
[2022-12-19 08:16:36] Cycle 274: 2022-07-31 15:32:39
[2022-12-19 08:16:40] Cycle 275: 2022-07-31 15:32:43
[2022-12-19 08:16:44] Word 319810 (Frame index=3166 frame address=0x00002d96 word=44 mask=0x00000200)
[2022-12-19 08:16:44] Word 319911 (Frame index=3167 frame address=0x00002d97 word=44 mask=0x00000100)
[2022-12-19 08:16:44] Word 320012 (Frame index=3168 frame address=0x00002d98 word=44 mask=0x00000800)
[2022-12-19 08:16:44] Word 320113 (Frame index=3169 frame address=0x00002d99 word=44 mask=0x00000400)
[2022-12-19 08:16:44] 4 bit errors
[2022-12-19 08:16:44] Cycle 276: 2022-07-31 15:32:48
[2022-12-19 08:16:48] Cycle 277: 2022-07-31 15:32:52
[2022-12-19 08:16:52] Word 702811 (Frame index=6958 frame address=0x00022f90 word=53 mask=0x00004000)
[2022-12-19 08:16:52] Word 702912 (Frame index=6959 frame address=0x00022f91 word=53 mask=0x00002000)
[2022-12-19 08:16:52] 2 bit errors
[2022-12-19 08:16:52] Cycle 278: 2022-07-31 15:32:56
[2022-12-19 08:16:57] Cycle 279: 2022-07-31 15:33:00
[2022-12-19 08:17:01] Word 313759 (Frame index=3106 frame address=0x00002ca2 word=53 mask=0x00080000)
[2022-12-19 08:17:01] 1 bit errors
[2022-12-19 08:17:01] Cycle 280: 2022-07-31 15:33:04
[2022-12-19 08:17:05] Word 238980 (Frame index=2366 frame address=0x00002222 word=14 mask=0x00000002)
[2022-12-19 08:17:05] Word 993290 (Frame index=9834 frame address=0x00402486 word=56 mask=0x00100000)
[2022-12-19 08:17:05] Word 993391 (Frame index=9835 frame address=0x00402487 word=56 mask=0x00080000)
[2022-12-19 08:17:05] Word 1294695 (Frame index=12818 frame address=0x00421a8a word=77 mask=0x00004000)
[2022-12-19 08:17:05] 4 bit errors
[2022-12-19 08:17:05] Cycle 281: 2022-07-31 15:33:08
[2022-12-19 08:17:09] Word 716558 (Frame index=7094 frame address=0x00023190 word=64 mask=0x00001000)
[2022-12-19 08:17:09] 1 bit errors
[2022-12-19 08:17:09] Cycle 282: 2022-07-31 15:33:13
[2022-12-19 08:17:13] Word 645410 (Frame index=6390 frame address=0x00022788 word=20 mask=0x08000000)
[2022-12-19 08:17:13] Word 1281391 (Frame index=12687 frame address=0x0042188f word=4 mask=0x08000000)
[2022-12-19 08:17:13] Word 1469685 (Frame index=14551 frame address=0x0042338d word=34 mask=0x00000020)
[2022-12-19 08:17:13] 3 bit errors
[2022-12-19 08:17:13] Cycle 283: 2022-07-31 15:33:17
[2022-12-19 08:17:17] Cycle 284: 2022-07-31 15:33:21
[2022-12-19 08:17:22] Word 686683 (Frame index=6798 frame address=0x00022d1c word=85 mask=0x20000000)
[2022-12-19 08:17:22] Word 686784 (Frame index=6799 frame address=0x00022d1d word=85 mask=0x10000000)
[2022-12-19 08:17:22] 2 bit errors
[2022-12-19 08:17:22] Cycle 285: 2022-07-31 15:33:25
[2022-12-19 08:17:26] Word 1534976 (Frame index=15197 frame address=0x004407a1 word=79 mask=0x00008000)
[2022-12-19 08:17:26] Word 1750846 (Frame index=17335 frame address=0x00442703 word=11 mask=0x00000040)
[2022-12-19 08:17:26] 2 bit errors
[2022-12-19 08:17:26] Cycle 286: 2022-07-31 15:33:29
[2022-12-19 08:17:30] Word 922038 (Frame index=9129 frame address=0x00401a13 word=9 mask=0x00000020)
[2022-12-19 08:17:30] 1 bit errors
[2022-12-19 08:17:30] Cycle 287: 2022-07-31 15:33:33
[2022-12-19 08:17:34] Word 1285273 (Frame index=12725 frame address=0x00421911 word=48 mask=0x00000004)
[2022-12-19 08:17:34] 1 bit errors
[2022-12-19 08:17:34] Cycle 288: 2022-07-31 15:33:37
[2022-12-19 08:17:38] Word 731917 (Frame index=7246 frame address=0x000233a0 word=71 mask=0x00000100)
[2022-12-19 08:17:38] 1 bit errors
[2022-12-19 08:17:38] Cycle 289: 2022-07-31 15:33:42
[2022-12-19 08:17:42] Cycle 290: 2022-07-31 15:33:46
[2022-12-19 08:17:47] Word 344907 (Frame index=3414 frame address=0x00003122 word=93 mask=0x00800000)
[2022-12-19 08:17:47] Word 345008 (Frame index=3415 frame address=0x00003123 word=93 mask=0x01000000)
[2022-12-19 08:17:47] Word 413400 (Frame index=4093 frame address=0x0002060f word=7 mask=0x00200000)
[2022-12-19 08:17:47] 3 bit errors
[2022-12-19 08:17:47] Cycle 291: 2022-07-31 15:33:50
[2022-12-19 08:17:51] Word 730138 (Frame index=7229 frame address=0x0002338f word=9 mask=0x40000000)
[2022-12-19 08:17:51] Word 1083450 (Frame index=10727 frame address=0x00403117 word=23 mask=0x00000020)
[2022-12-19 08:17:51] 2 bit errors
[2022-12-19 08:17:51] Cycle 292: 2022-07-31 15:33:54
[2022-12-19 08:17:55] Cycle 293: 2022-07-31 15:33:58
[2022-12-19 08:17:59] Word 917264 (Frame index=9081 frame address=0x00401923 word=83 mask=0x00000010)
[2022-12-19 08:17:59] Word 1823663 (Frame index=18056 frame address=0x0044311c word=7 mask=0x00001000)
[2022-12-19 08:17:59] Word 1823764 (Frame index=18057 frame address=0x0044311d word=7 mask=0x00000800)
[2022-12-19 08:17:59] 3 bit errors
[2022-12-19 08:17:59] Cycle 294: 2022-07-31 15:34:02
[2022-12-19 08:18:03] Cycle 295: 2022-07-31 15:34:07
[2022-12-19 08:18:07] Cycle 296: 2022-07-31 15:34:11
[2022-12-19 08:18:11] Cycle 297: 2022-07-31 15:34:15
[2022-12-19 08:18:16] Word 255789 (Frame index=2532 frame address=0x0000249c word=57 mask=0x00000400)
[2022-12-19 08:18:16] Word 255890 (Frame index=2533 frame address=0x0000249d word=57 mask=0x00000200)
[2022-12-19 08:18:16] 2 bit errors
[2022-12-19 08:18:16] Cycle 298: 2022-07-31 15:34:19
[2022-12-19 08:18:20] Word 943743 (Frame index=9343 frame address=0x00401d17 word=100 mask=0x10000000)
[2022-12-19 08:18:20] 1 bit errors
[2022-12-19 08:18:20] Cycle 299: 2022-07-31 15:34:23
[2022-12-19 08:18:24] Cycle 300: 2022-07-31 15:34:27
[2022-12-19 08:18:28] Word 685427 (Frame index=6786 frame address=0x00022d10 word=41 mask=0x00000002)
[2022-12-19 08:18:28] 1 bit errors
[2022-12-19 08:18:28] Cycle 301: 2022-07-31 15:34:32
[2022-12-19 08:18:32] Word 1189813 (Frame index=11780 frame address=0x00420b22 word=33 mask=0x00000040)
[2022-12-19 08:18:32] Word 1470881 (Frame index=14563 frame address=0x00423399 word=18 mask=0x02000000)
[2022-12-19 08:18:32] 2 bit errors
[2022-12-19 08:18:32] Cycle 302: 2022-07-31 15:34:36
[2022-12-19 08:18:36] Word 975860 (Frame index=9661 frame address=0x00402205 word=99 mask=0x00001000)
[2022-12-19 08:18:36] 1 bit errors
[2022-12-19 08:18:36] Cycle 303: 2022-07-31 15:34:40
[2022-12-19 08:18:41] Cycle 304: 2022-07-31 15:34:44
[2022-12-19 08:18:45] Cycle 305: 2022-07-31 15:34:48
[2022-12-19 08:18:49] Word 875385 (Frame index=8667 frame address=0x0040131d word=18 mask=0x00000800)
[2022-12-19 08:18:49] Word 1538065 (Frame index=15228 frame address=0x0044081c word=37 mask=0x02000000)
[2022-12-19 08:18:49] Word 1538166 (Frame index=15229 frame address=0x0044081d word=37 mask=0x01000000)
[2022-12-19 08:18:49] 3 bit errors
[2022-12-19 08:18:49] Cycle 306: 2022-07-31 15:34:52
[2022-12-19 08:18:53] Word 196390 (Frame index=1944 frame address=0x00001c14 word=46 mask=0x00008000)
[2022-12-19 08:18:53] Word 196491 (Frame index=1945 frame address=0x00001c15 word=46 mask=0x00004000)
[2022-12-19 08:18:53] Word 199279 (Frame index=1973 frame address=0x00001c8d word=6 mask=0x00002000)
[2022-12-19 08:18:53] Word 1371745 (Frame index=13581 frame address=0x00422593 word=64 mask=0x80000000)
[2022-12-19 08:18:53] 4 bit errors
[2022-12-19 08:18:53] Cycle 307: 2022-07-31 15:34:57
[2022-12-19 08:18:57] Word 899252 (Frame index=8903 frame address=0x0040169d word=49 mask=0x00000002)
[2022-12-19 08:18:57] 1 bit errors
[2022-12-19 08:18:57] Cycle 308: 2022-07-31 15:35:01
[2022-12-19 08:19:01] Word 245621 (Frame index=2431 frame address=0x00002323 word=90 mask=0x00400000)
[2022-12-19 08:19:01] Word 1144166 (Frame index=11328 frame address=0x0042049a word=38 mask=0x00000008)
[2022-12-19 08:19:01] 2 bit errors
[2022-12-19 08:19:01] Cycle 309: 2022-07-31 15:35:05
[2022-12-19 08:19:06] Word 122065 (Frame index=1208 frame address=0x00001182 word=57 mask=0x08000000)
[2022-12-19 08:19:06] 1 bit errors
[2022-12-19 08:19:06] Cycle 310: 2022-07-31 15:35:09
[2022-12-19 08:19:10] Cycle 311: 2022-07-31 15:35:13
[2022-12-19 08:19:14] Word 349817 (Frame index=3463 frame address=0x00003213 word=54 mask=0x00000080)
[2022-12-19 08:19:14] 1 bit errors
[2022-12-19 08:19:14] Cycle 312: 2022-07-31 15:35:17
[2022-12-19 08:19:18] Cycle 313: 2022-07-31 15:35:22
[2022-12-19 08:19:22] Cycle 314: 2022-07-31 15:35:26
[2022-12-19 08:19:26] Word 1036545 (Frame index=10262 frame address=0x00402a82 word=83 mask=0x00008000)
[2022-12-19 08:19:26] 1 bit errors
[2022-12-19 08:19:26] Cycle 315: 2022-07-31 15:35:30
[2022-12-19 08:19:31] Cycle 316: 2022-07-31 15:35:34
[2022-12-19 08:19:35] Word 1175049 (Frame index=11634 frame address=0x00420920 word=15 mask=0x00000c00)
[2022-12-19 08:19:35] Word 1175150 (Frame index=11635 frame address=0x00420921 word=15 mask=0x00001800)
[2022-12-19 08:19:35] 4 bit errors
[2022-12-19 08:19:35] Cycle 317: 2022-07-31 15:35:38
[2022-12-19 08:19:39] Word 915819 (Frame index=9067 frame address=0x00401915 word=52 mask=0x00000100)
[2022-12-19 08:19:39] 1 bit errors
[2022-12-19 08:19:39] Cycle 318: 2022-07-31 15:35:42
[2022-12-19 08:19:43] Cycle 319: 2022-07-31 15:35:47
[2022-12-19 08:19:47] Word 1142323 (Frame index=11310 frame address=0x00420488 word=13 mask=0x40000000)
[2022-12-19 08:19:47] Word 1280189 (Frame index=12675 frame address=0x00421883 word=14 mask=0x00400000)
[2022-12-19 08:19:47] 2 bit errors
[2022-12-19 08:19:47] Cycle 320: 2022-07-31 15:35:51
[2022-12-19 08:19:51] Word 140232 (Frame index=1388 frame address=0x00001402 word=44 mask=0x20000000)
[2022-12-19 08:19:51] Word 362120 (Frame index=3585 frame address=0x000033a1 word=35 mask=0x00000004)
[2022-12-19 08:19:51] Word 703065 (Frame index=6961 frame address=0x00022f93 word=4 mask=0x04000000)
[2022-12-19 08:19:51] Word 1507606 (Frame index=14926 frame address=0x004403a2 word=80 mask=0x80000000)
[2022-12-19 08:19:51] Word 1507707 (Frame index=14927 frame address=0x004403a3 word=80 mask=0x80000000)
[2022-12-19 08:19:51] Word 1507708 (Frame index=14927 frame address=0x004403a3 word=81 mask=0x00000001)
[2022-12-19 08:19:51] Word 1805142 (Frame index=17872 frame address=0x00442e90 word=70 mask=0x00200000)
[2022-12-19 08:19:51] 7 bit errors
[2022-12-19 08:19:51] Cycle 321: 2022-07-31 15:35:55
[2022-12-19 08:19:56] Cycle 322: 2022-07-31 15:35:59
[2022-12-19 08:20:00] Word 142781 (Frame index=1413 frame address=0x0000141b word=68 mask=0x00100000)
[2022-12-19 08:20:00] Word 1330650 (Frame index=13174 frame address=0x00421f9c word=76 mask=0x00004000)
[2022-12-19 08:20:00] Word 1330751 (Frame index=13175 frame address=0x00421f9d word=76 mask=0x00002000)
[2022-12-19 08:20:00] 3 bit errors
[2022-12-19 08:20:00] Cycle 323: 2022-07-31 15:36:03
[2022-12-19 08:20:04] Word 441306 (Frame index=4369 frame address=0x00020a13 word=37 mask=0x00400000)
[2022-12-19 08:20:04] Word 1756266 (Frame index=17388 frame address=0x00442794 word=78 mask=0x00008000)
[2022-12-19 08:20:04] 2 bit errors
[2022-12-19 08:20:04] Cycle 324: 2022-07-31 15:36:07
[2022-12-19 08:20:08] Cycle 325: 2022-07-31 15:36:12
[2022-12-19 08:20:12] Cycle 326: 2022-07-31 15:36:16
[2022-12-19 08:20:16] Cycle 327: 2022-07-31 15:36:20
[2022-12-19 08:20:21] Word 1077254 (Frame index=10665 frame address=0x00403019 word=89 mask=0x00100000)
[2022-12-19 08:20:21] 1 bit errors
[2022-12-19 08:20:21] Cycle 328: 2022-07-31 15:36:24
[2022-12-19 08:20:25] Word 1083971 (Frame index=10732 frame address=0x0040311c word=39 mask=0x00010000)
[2022-12-19 08:20:25] Word 1084072 (Frame index=10733 frame address=0x0040311d word=39 mask=0x00008000)
[2022-12-19 08:20:25] 2 bit errors
[2022-12-19 08:20:25] Cycle 329: 2022-07-31 15:36:28
[2022-12-19 08:20:29] Word 1449616 (Frame index=14352 frame address=0x00423096 word=64 mask=0x00200000)
[2022-12-19 08:20:29] Word 1449717 (Frame index=14353 frame address=0x00423097 word=64 mask=0x00100000)
[2022-12-19 08:20:29] Word 1538110 (Frame index=15228 frame address=0x0044081c word=82 mask=0x00000400)
[2022-12-19 08:20:29] 3 bit errors
[2022-12-19 08:20:29] Cycle 330: 2022-07-31 15:36:32
[2022-12-19 08:20:33] Word 237878 (Frame index=2355 frame address=0x00002217 word=23 mask=0x00800000)
[2022-12-19 08:20:33] Word 446994 (Frame index=4425 frame address=0x00020b03 word=69 mask=0x00000008)
[2022-12-19 08:20:33] Word 994150 (Frame index=9843 frame address=0x0040248f word=7 mask=0x00000800)
[2022-12-19 08:20:33] Word 1087677 (Frame index=10769 frame address=0x00403201 word=8 mask=0x00400000)
[2022-12-19 08:20:33] 4 bit errors
[2022-12-19 08:20:33] Cycle 331: 2022-07-31 15:36:37
[2022-12-19 08:20:37] Word 789305 (Frame index=7814 frame address=0x00400702 word=91 mask=0x00400000)
[2022-12-19 08:20:37] Word 789406 (Frame index=7815 frame address=0x00400703 word=91 mask=0x00200000)
[2022-12-19 08:20:37] Word 1078303 (Frame index=10676 frame address=0x00403088 word=27 mask=0x40000000)
[2022-12-19 08:20:37] 3 bit errors
[2022-12-19 08:20:37] Cycle 332: 2022-07-31 15:36:41
[2022-12-19 08:20:41] Word 1017299 (Frame index=10072 frame address=0x0040279c word=27 mask=0x00800000)
[2022-12-19 08:20:41] Word 1763528 (Frame index=17460 frame address=0x00442894 word=68 mask=0x00008000)
[2022-12-19 08:20:41] 2 bit errors
[2022-12-19 08:20:41] Cycle 333: 2022-07-31 15:36:45
[2022-12-19 08:20:46] Cycle 334: 2022-07-31 15:36:49
[2022-12-19 08:20:50] Cycle 335: 2022-07-31 15:36:53
[2022-12-19 08:20:54] Word 398371 (Frame index=3944 frame address=0x00020402 word=27 mask=0x20000000)
[2022-12-19 08:20:54] Word 398472 (Frame index=3945 frame address=0x00020403 word=27 mask=0x10000000)
[2022-12-19 08:20:54] 2 bit errors
[2022-12-19 08:20:54] Cycle 336: 2022-07-31 15:36:57
[2022-12-19 08:20:58] Word 1451337 (Frame index=14369 frame address=0x00423103 word=68 mask=0x01000000)
[2022-12-19 08:20:58] 1 bit errors
[2022-12-19 08:20:58] Cycle 337: 2022-07-31 15:37:02
[2022-12-19 08:21:02] Cycle 338: 2022-07-31 15:37:06
[2022-12-19 08:21:06] Word 849638 (Frame index=8412 frame address=0x00400f92 word=26 mask=0x00000800)
[2022-12-19 08:21:06] Word 849739 (Frame index=8413 frame address=0x00400f93 word=26 mask=0x00000400)
[2022-12-19 08:21:06] Word 1362296 (Frame index=13488 frame address=0x00422422 word=8 mask=0x20000000)
[2022-12-19 08:21:06] Word 1401751 (Frame index=13878 frame address=0x0042299c word=73 mask=0x00400000)
[2022-12-19 08:21:06] Word 1488003 (Frame index=14732 frame address=0x0044010c word=71 mask=0x00000400)
[2022-12-19 08:21:06] 5 bit errors
[2022-12-19 08:21:06] Cycle 339: 2022-07-31 15:37:10
[2022-12-19 08:21:11] Word 632532 (Frame index=6262 frame address=0x00022598 word=70 mask=0x00000100)
[2022-12-19 08:21:11] Word 632633 (Frame index=6263 frame address=0x00022599 word=70 mask=0x00000080)
[2022-12-19 08:21:11] 2 bit errors
[2022-12-19 08:21:11] Cycle 340: 2022-07-31 15:37:14
[2022-12-19 08:21:15] Word 1386145 (Frame index=13724 frame address=0x00422792 word=21 mask=0x04000000)
[2022-12-19 08:21:15] 1 bit errors
[2022-12-19 08:21:15] Cycle 341: 2022-07-31 15:37:18
[2022-12-19 08:21:19] Cycle 342: 2022-07-31 15:37:22
[2022-12-19 08:21:23] Word 206838 (Frame index=2047 frame address=0x00001d97 word=91 mask=0x08000000)
[2022-12-19 08:21:23] 1 bit errors
[2022-12-19 08:21:23] Cycle 343: 2022-07-31 15:37:27
[2022-12-19 08:21:27] Word 983298 (Frame index=9735 frame address=0x0040230f word=63 mask=0x00040000)
[2022-12-19 08:21:27] 1 bit errors
[2022-12-19 08:21:27] Cycle 344: 2022-07-31 15:37:31
[2022-12-19 08:21:31] Cycle 345: 2022-07-31 15:37:35
[2022-12-19 08:21:36] Cycle 346: 2022-07-31 15:37:39
[2022-12-19 08:21:40] Word 721188 (Frame index=7140 frame address=0x00023222 word=48 mask=0x00200000)
[2022-12-19 08:21:40] 1 bit errors
[2022-12-19 08:21:40] Cycle 347: 2022-07-31 15:37:43
[2022-12-19 08:21:44] Cycle 348: 2022-07-31 15:37:47
[2022-12-19 08:21:48] Cycle 349: 2022-07-31 15:37:51
[2022-12-19 08:21:52] Word 751184 (Frame index=7437 frame address=0x00400185 word=47 mask=0x00000001)
[2022-12-19 08:21:52] 1 bit errors
[2022-12-19 08:21:52] Cycle 350: 2022-07-31 15:37:56
[2022-12-19 08:21:56] Word 484307 (Frame index=4795 frame address=0x00021023 word=12 mask=0x10000000)
[2022-12-19 08:21:56] Word 875403 (Frame index=8667 frame address=0x0040131d word=36 mask=0x80000000)
[2022-12-19 08:21:56] 2 bit errors
[2022-12-19 08:21:56] Cycle 351: 2022-07-31 15:38:00
[2022-12-19 08:22:00] Cycle 352: 2022-07-31 15:38:04
[2022-12-19 08:22:05] Word 1432966 (Frame index=14187 frame address=0x00422e1d word=79 mask=0x04000000)
[2022-12-19 08:22:05] 1 bit errors
[2022-12-19 08:22:05] Cycle 353: 2022-07-31 15:38:08
[2022-12-19 08:22:09] Cycle 354: 2022-07-31 15:38:12
