[2022-12-19 08:22:57] Creating JCM Hardware on port 0 with 0 shifts
[2022-12-19 08:22:57] Using Default Chain String: [ 6 ]
[2022-12-19 08:22:57] Changing JCM Clock. Old Rate=29411765 Request Rate=1000000 Actual rate=1000000
[2022-12-19 08:22:57] Register 0x32=
[2022-12-19 08:22:57]  0:0x812c023b
[2022-12-19 08:22:57]  1:0x2a0f6504
[2022-12-19 08:22:57] Changing JCM Clock. Old Rate=1000000 Request Rate=30000000 Actual rate=29411765
[2022-12-19 08:22:57] Creating JCM Hardware on port 0 with 0 shifts
[2022-12-19 08:22:57] Using Default Chain String: [ 6 ]
[2022-12-19 08:22:57] **** Warning ****
[2022-12-19 08:22:57]   Filename /root/ddr_11_28_tmr.bit does not have a '.bin' extension. Only '.bin' files can be used for this configuration command
[2022-12-19 08:22:57] Configuring with file: /root/ddr_11_28_tmr.bit
[2022-12-19 08:23:03] Configured Successfully
[2022-12-19 08:23:04] JCM Scrubbing. Build Date Thu Jul 28 15:32:32 MDT 2022
[2022-12-19 08:23:04] Execution time: Sun Jul 31 15:39:07 2022
[2022-12-19 08:23:04] 
[2022-12-19 08:23:04] Changing JCM Clock. Old Rate=29411765 Request Rate=30000000 Actual rate=29411765
[2022-12-19 08:23:04] Creating JCM Hardware on port 0 with 0 shifts
[2022-12-19 08:23:04] Using Default Chain String: [ 6 ]
[2022-12-19 08:23:08] FPGA: xc7a200t (7_Series family) IDCode=0x13636093
[2022-12-19 08:23:08] Read IDCODE Matched=0x13636093
[2022-12-19 08:23:08] No readback file specified
[2022-12-19 08:23:08] Number of OffSet words 101
[2022-12-19 08:23:08] No readback file specified. Reading 18310 frames
[2022-12-19 08:23:08] Number of OffSet words 101
[2022-12-19 08:23:08] Number of OffSet words 101
[2022-12-19 08:23:08] Part xc7a200t has 24802 frames. Family 7_Series has 101 words per frame
[2022-12-19 08:23:08] Cycle 0: 2022-07-31 15:39:11
[2022-12-19 08:23:12] Word 1511297 (Frame index=14963 frame address=0x00440423 word=34 mask=0x00010000)
[2022-12-19 08:23:12] 1 bit errors
[2022-12-19 08:23:12] Cycle 1: 2022-07-31 15:39:15
[2022-12-19 08:23:16] Word 978865 (Frame index=9691 frame address=0x00402223 word=74 mask=0x00020000)
[2022-12-19 08:23:16] 1 bit errors
[2022-12-19 08:23:16] Cycle 2: 2022-07-31 15:39:20
[2022-12-19 08:23:20] Word 679429 (Frame index=6727 frame address=0x00022c15 word=2 mask=0x00400000)
[2022-12-19 08:23:20] 1 bit errors
[2022-12-19 08:23:20] Cycle 3: 2022-07-31 15:39:24
[2022-12-19 08:23:24] Cycle 4: 2022-07-31 15:39:28
[2022-12-19 08:23:29] Word 100521 (Frame index=995 frame address=0x00000e19 word=26 mask=0x00008000)
[2022-12-19 08:23:29] Word 1453495 (Frame index=14391 frame address=0x00423119 word=4 mask=0x00000040)
[2022-12-19 08:23:29] Word 1789658 (Frame index=17719 frame address=0x00442c1b word=39 mask=0x00000002)
[2022-12-19 08:23:29] 3 bit errors
[2022-12-19 08:23:29] Cycle 5: 2022-07-31 15:39:32
[2022-12-19 08:23:33] Cycle 6: 2022-07-31 15:39:36
[2022-12-19 08:23:37] Cycle 7: 2022-07-31 15:39:40
[2022-12-19 08:23:41] Word 895966 (Frame index=8870 frame address=0x00401620 word=96 mask=0x00000010)
[2022-12-19 08:23:41] 1 bit errors
[2022-12-19 08:23:41] Cycle 8: 2022-07-31 15:39:45
[2022-12-19 08:23:45] Cycle 9: 2022-07-31 15:39:49
[2022-12-19 08:23:49] Word 632345 (Frame index=6260 frame address=0x00022596 word=85 mask=0x00004000)
[2022-12-19 08:23:49] Word 782372 (Frame index=7746 frame address=0x00400606 word=26 mask=0x00000100)
[2022-12-19 08:23:49] 2 bit errors
[2022-12-19 08:23:49] Cycle 10: 2022-07-31 15:39:53
[2022-12-19 08:23:54] Cycle 11: 2022-07-31 15:39:57
[2022-12-19 08:23:58] Cycle 12: 2022-07-31 15:40:01
[2022-12-19 08:24:02] Cycle 13: 2022-07-31 15:40:05
[2022-12-19 08:24:06] Word 168832 (Frame index=1671 frame address=0x0000180d word=61 mask=0x00002000)
[2022-12-19 08:24:06] Word 921686 (Frame index=9125 frame address=0x00401a0f word=61 mask=0x00001000)
[2022-12-19 08:24:06] 2 bit errors
[2022-12-19 08:24:06] Cycle 14: 2022-07-31 15:40:10
[2022-12-19 08:24:10] Cycle 15: 2022-07-31 15:40:14
[2022-12-19 08:24:14] Word 89754 (Frame index=888 frame address=0x00000c9a word=66 mask=0x00100000)
[2022-12-19 08:24:14] 1 bit errors
[2022-12-19 08:24:14] Cycle 16: 2022-07-31 15:40:18
[2022-12-19 08:24:19] Cycle 17: 2022-07-31 15:40:22
[2022-12-19 08:24:23] Cycle 18: 2022-07-31 15:40:26
[2022-12-19 08:24:27] Word 933456 (Frame index=9242 frame address=0x00401b98 word=14 mask=0x10000000)
[2022-12-19 08:24:27] Word 933557 (Frame index=9243 frame address=0x00401b99 word=14 mask=0x08000000)
[2022-12-19 08:24:27] 2 bit errors
[2022-12-19 08:24:27] Cycle 19: 2022-07-31 15:40:30
[2022-12-19 08:24:31] Cycle 20: 2022-07-31 15:40:35
[2022-12-19 08:24:35] Cycle 21: 2022-07-31 15:40:39
[2022-12-19 08:24:39] Word 1546726 (Frame index=15314 frame address=0x0044098e word=12 mask=0x00008000)
[2022-12-19 08:24:39] 1 bit errors
[2022-12-19 08:24:39] Cycle 22: 2022-07-31 15:40:43
[2022-12-19 08:24:44] Word 413310 (Frame index=4092 frame address=0x0002060e word=18 mask=0x00001000)
[2022-12-19 08:24:44] Word 413411 (Frame index=4093 frame address=0x0002060f word=18 mask=0x00000800)
[2022-12-19 08:24:44] 2 bit errors
[2022-12-19 08:24:44] Cycle 23: 2022-07-31 15:40:47
[2022-12-19 08:24:48] Cycle 24: 2022-07-31 15:40:51
[2022-12-19 08:24:52] Word 1209454 (Frame index=11974 frame address=0x00420e12 word=80 mask=0x20000000)
[2022-12-19 08:24:52] 1 bit errors
[2022-12-19 08:24:52] Cycle 25: 2022-07-31 15:40:55
[2022-12-19 08:24:56] Word 661765 (Frame index=6552 frame address=0x0002299a word=13 mask=0x00000400)
[2022-12-19 08:24:56] Word 661866 (Frame index=6553 frame address=0x0002299b word=13 mask=0x00000800)
[2022-12-19 08:24:56] Word 1296966 (Frame index=12841 frame address=0x00421aa1 word=25 mask=0x00000020)
[2022-12-19 08:24:56] Word 1387557 (Frame index=13738 frame address=0x004227a0 word=19 mask=0x04000000)
[2022-12-19 08:24:56] 4 bit errors
[2022-12-19 08:24:56] Cycle 26: 2022-07-31 15:41:00
[2022-12-19 08:25:00] Word 1757037 (Frame index=17396 frame address=0x0044279c word=41 mask=0x20000000)
[2022-12-19 08:25:00] 1 bit errors
[2022-12-19 08:25:00] Cycle 27: 2022-07-31 15:41:04
[2022-12-19 08:25:04] Word 162665 (Frame index=1610 frame address=0x00001718 word=55 mask=0x40000000)
[2022-12-19 08:25:04] Word 162766 (Frame index=1611 frame address=0x00001719 word=55 mask=0x40000000)
[2022-12-19 08:25:04] Word 342411 (Frame index=3390 frame address=0x0000310a word=21 mask=0x00060000)
[2022-12-19 08:25:04] Word 342512 (Frame index=3391 frame address=0x0000310b word=21 mask=0x00030000)
[2022-12-19 08:25:04] 6 bit errors
[2022-12-19 08:25:04] Cycle 28: 2022-07-31 15:41:08
[2022-12-19 08:25:09] Cycle 29: 2022-07-31 15:41:12
[2022-12-19 08:25:13] Cycle 30: 2022-07-31 15:41:16
[2022-12-19 08:25:17] Cycle 31: 2022-07-31 15:41:20
[2022-12-19 08:25:21] Word 1290947 (Frame index=12781 frame address=0x00421a09 word=66 mask=0x10000000)
[2022-12-19 08:25:21] 1 bit errors
[2022-12-19 08:25:21] Cycle 32: 2022-07-31 15:41:24
[2022-12-19 08:25:25] Cycle 33: 2022-07-31 15:41:29
[2022-12-19 08:25:29] Word 1091089 (Frame index=10802 frame address=0x00403222 word=87 mask=0x0c000000)
[2022-12-19 08:25:29] Word 1091190 (Frame index=10803 frame address=0x00403223 word=87 mask=0x06000000)
[2022-12-19 08:25:29] Word 1465323 (Frame index=14508 frame address=0x00423306 word=15 mask=0x00000010)
[2022-12-19 08:25:29] Word 1465424 (Frame index=14509 frame address=0x00423307 word=15 mask=0x00000008)
[2022-12-19 08:25:29] 6 bit errors
[2022-12-19 08:25:29] Cycle 34: 2022-07-31 15:41:33
[2022-12-19 08:25:33] Cycle 35: 2022-07-31 15:41:37
[2022-12-19 08:25:38] Word 1569895 (Frame index=15543 frame address=0x00440ca1 word=52 mask=0x00004000)
[2022-12-19 08:25:38] 1 bit errors
[2022-12-19 08:25:38] Cycle 36: 2022-07-31 15:41:41
[2022-12-19 08:25:42] Cycle 37: 2022-07-31 15:41:45
[2022-12-19 08:25:46] Cycle 38: 2022-07-31 15:41:49
[2022-12-19 08:25:50] Cycle 39: 2022-07-31 15:41:54
[2022-12-19 08:25:54] Cycle 40: 2022-07-31 15:41:58
[2022-12-19 08:25:58] Cycle 41: 2022-07-31 15:42:02
[2022-12-19 08:26:03] Cycle 42: 2022-07-31 15:42:06
[2022-12-19 08:26:07] Word 414745 (Frame index=4106 frame address=0x0002061c word=39 mask=0x08000000)
[2022-12-19 08:26:07] Word 414846 (Frame index=4107 frame address=0x0002061d word=39 mask=0x04000000)
[2022-12-19 08:26:07] Word 832533 (Frame index=8242 frame address=0x00400d14 word=91 mask=0x00008000)
[2022-12-19 08:26:07] Word 832634 (Frame index=8243 frame address=0x00400d15 word=91 mask=0x00008000)
[2022-12-19 08:26:07] Word 996926 (Frame index=9870 frame address=0x00402506 word=56 mask=0x00002000)
[2022-12-19 08:26:07] Word 1753780 (Frame index=17364 frame address=0x00442720 word=16 mask=0x00000010)
[2022-12-19 08:26:07] 6 bit errors
[2022-12-19 08:26:07] Cycle 43: 2022-07-31 15:42:10
[2022-12-19 08:26:11] Cycle 44: 2022-07-31 15:42:14
[2022-12-19 08:26:15] Cycle 45: 2022-07-31 15:42:19
[2022-12-19 08:26:19] Word 138157 (Frame index=1367 frame address=0x00001391 word=90 mask=0x04000000)
[2022-12-19 08:26:19] 1 bit errors
[2022-12-19 08:26:19] Cycle 46: 2022-07-31 15:42:23
[2022-12-19 08:26:23] Word 1339933 (Frame index=13266 frame address=0x0042210c word=67 mask=0x00000004)
[2022-12-19 08:26:23] 1 bit errors
[2022-12-19 08:26:23] Cycle 47: 2022-07-31 15:42:27
[2022-12-19 08:26:28] Word 1585575 (Frame index=15698 frame address=0x00440f10 word=77 mask=0x00000100)
[2022-12-19 08:26:28] 1 bit errors
[2022-12-19 08:26:28] Cycle 48: 2022-07-31 15:42:31
[2022-12-19 08:26:32] Word 722026 (Frame index=7148 frame address=0x00023286 word=78 mask=0x00010000)
[2022-12-19 08:26:32] Word 722127 (Frame index=7149 frame address=0x00023287 word=78 mask=0x00008000)
[2022-12-19 08:26:32] 2 bit errors
[2022-12-19 08:26:32] Cycle 49: 2022-07-31 15:42:35
[2022-12-19 08:26:36] Word 774949 (Frame index=7672 frame address=0x00400504 word=77 mask=0x00080000)
[2022-12-19 08:26:36] Word 775050 (Frame index=7673 frame address=0x00400505 word=77 mask=0x00040000)
[2022-12-19 08:26:36] 2 bit errors
[2022-12-19 08:26:36] Cycle 50: 2022-07-31 15:42:39
[2022-12-19 08:26:40] Word 1510523 (Frame index=14955 frame address=0x0044041b word=68 mask=0x00000400)
[2022-12-19 08:26:40] Word 1754049 (Frame index=17366 frame address=0x00442722 word=83 mask=0x00000008)
[2022-12-19 08:26:40] 2 bit errors
[2022-12-19 08:26:40] Cycle 51: 2022-07-31 15:42:44
[2022-12-19 08:26:44] Cycle 52: 2022-07-31 15:42:48
[2022-12-19 08:26:48] Cycle 53: 2022-07-31 15:42:52
[2022-12-19 08:26:53] Word 55708 (Frame index=551 frame address=0x000007a3 word=57 mask=0x00000002)
[2022-12-19 08:26:53] Word 690685 (Frame index=6838 frame address=0x00022e04 word=47 mask=0x40000000)
[2022-12-19 08:26:53] Word 1551393 (Frame index=15360 frame address=0x00440a18 word=33 mask=0x01000000)
[2022-12-19 08:26:53] Word 1551494 (Frame index=15361 frame address=0x00440a19 word=33 mask=0x00800000)
[2022-12-19 08:26:53] 4 bit errors
[2022-12-19 08:26:53] Cycle 54: 2022-07-31 15:42:56
[2022-12-19 08:26:57] Word 1133547 (Frame index=11223 frame address=0x00420315 word=24 mask=0x00008000)
[2022-12-19 08:26:57] 1 bit errors
[2022-12-19 08:26:57] Cycle 55: 2022-07-31 15:43:00
[2022-12-19 08:27:01] Cycle 56: 2022-07-31 15:43:04
[2022-12-19 08:27:05] Word 271921 (Frame index=2692 frame address=0x00002708 word=29 mask=0x00000020)
[2022-12-19 08:27:05] 1 bit errors
[2022-12-19 08:27:05] Cycle 57: 2022-07-31 15:43:09
[2022-12-19 08:27:09] Cycle 58: 2022-07-31 15:43:13
[2022-12-19 08:27:13] Word 1010075 (Frame index=10000 frame address=0x0040269c word=75 mask=0x04000000)
[2022-12-19 08:27:13] 1 bit errors
[2022-12-19 08:27:13] Cycle 59: 2022-07-31 15:43:17
[2022-12-19 08:27:18] Word 1538105 (Frame index=15228 frame address=0x0044081c word=77 mask=0x00700000)
[2022-12-19 08:27:18] Word 1538206 (Frame index=15229 frame address=0x0044081d word=77 mask=0x00380000)
[2022-12-19 08:27:18] 6 bit errors
[2022-12-19 08:27:18] Cycle 60: 2022-07-31 15:43:21
[2022-12-19 08:27:22] Cycle 61: 2022-07-31 15:43:25
[2022-12-19 08:27:26] Word 368736 (Frame index=3650 frame address=0x000034a0 word=86 mask=0x20000000)
[2022-12-19 08:27:26] Word 368837 (Frame index=3651 frame address=0x000034a1 word=86 mask=0x10000000)
[2022-12-19 08:27:26] Word 1825936 (Frame index=18078 frame address=0x0044318e word=58 mask=0x00000100)
[2022-12-19 08:27:26] 3 bit errors
[2022-12-19 08:27:26] Cycle 62: 2022-07-31 15:43:29
[2022-12-19 08:27:30] Word 1384178 (Frame index=13704 frame address=0x00422722 word=74 mask=0x00008000)
[2022-12-19 08:27:30] Word 1426941 (Frame index=14128 frame address=0x00422d22 word=13 mask=0x00002000)
[2022-12-19 08:27:30] 2 bit errors
[2022-12-19 08:27:30] Cycle 63: 2022-07-31 15:43:34
[2022-12-19 08:27:34] Cycle 64: 2022-07-31 15:43:38
[2022-12-19 08:27:38] Word 1775685 (Frame index=17581 frame address=0x00442a21 word=4 mask=0x00400000)
[2022-12-19 08:27:38] 1 bit errors
[2022-12-19 08:27:38] Cycle 65: 2022-07-31 15:43:42
[2022-12-19 08:27:43] Word 1023823 (Frame index=10136 frame address=0x00402894 word=87 mask=0x80000000)
[2022-12-19 08:27:43] Word 1023924 (Frame index=10137 frame address=0x00402895 word=87 mask=0x40000000)
[2022-12-19 08:27:43] 2 bit errors
[2022-12-19 08:27:43] Cycle 66: 2022-07-31 15:43:46
[2022-12-19 08:27:47] Cycle 67: 2022-07-31 15:43:50
[2022-12-19 08:27:51] Cycle 68: 2022-07-31 15:43:54
[2022-12-19 08:27:55] Cycle 69: 2022-07-31 15:43:59
[2022-12-19 08:27:59] Word 1283193 (Frame index=12704 frame address=0x004218a0 word=89 mask=0x00100000)
[2022-12-19 08:27:59] 1 bit errors
[2022-12-19 08:27:59] Cycle 70: 2022-07-31 15:44:03
[2022-12-19 08:28:03] Cycle 71: 2022-07-31 15:44:07
[2022-12-19 08:28:08] Word 1119719 (Frame index=11086 frame address=0x0042011c word=33 mask=0x00000010)
[2022-12-19 08:28:08] Word 1119820 (Frame index=11087 frame address=0x0042011d word=33 mask=0x00000008)
[2022-12-19 08:28:08] Word 1821236 (Frame index=18032 frame address=0x00443104 word=4 mask=0x01000000)
[2022-12-19 08:28:08] 3 bit errors
[2022-12-19 08:28:08] Cycle 72: 2022-07-31 15:44:11
[2022-12-19 08:28:12] Cycle 73: 2022-07-31 15:44:15
[2022-12-19 08:28:16] Cycle 74: 2022-07-31 15:44:19
[2022-12-19 08:28:20] Word 1315147 (Frame index=13021 frame address=0x00421d8b word=26 mask=0x40000000)
[2022-12-19 08:28:20] 1 bit errors
[2022-12-19 08:28:20] Cycle 75: 2022-07-31 15:44:24
[2022-12-19 08:28:24] Cycle 76: 2022-07-31 15:44:28
[2022-12-19 08:28:28] Cycle 77: 2022-07-31 15:44:32
[2022-12-19 08:28:33] Word 222398 (Frame index=2201 frame address=0x00002005 word=97 mask=0x00000001)
[2022-12-19 08:28:33] 1 bit errors
[2022-12-19 08:28:33] Cycle 78: 2022-07-31 15:44:36
[2022-12-19 08:28:37] Word 104109 (Frame index=1030 frame address=0x00000ea0 word=79 mask=0x00040000)
[2022-12-19 08:28:37] 1 bit errors
[2022-12-19 08:28:37] Cycle 79: 2022-07-31 15:44:40
[2022-12-19 08:28:41] Cycle 80: 2022-07-31 15:44:44
[2022-12-19 08:28:45] Cycle 81: 2022-07-31 15:44:49
[2022-12-19 08:28:49] Cycle 82: 2022-07-31 15:44:53
[2022-12-19 08:28:53] Word 347651 (Frame index=3442 frame address=0x0000319a word=9 mask=0x20000000)
[2022-12-19 08:28:53] 1 bit errors
[2022-12-19 08:28:53] Cycle 83: 2022-07-31 15:44:57
[2022-12-19 08:28:58] Cycle 84: 2022-07-31 15:45:01
[2022-12-19 08:29:02] Word 387338 (Frame index=3835 frame address=0x0002021d word=3 mask=0x80000000)
[2022-12-19 08:29:02] Word 1166224 (Frame index=11546 frame address=0x00420808 word=78 mask=0x00000400)
[2022-12-19 08:29:02] Word 1416362 (Frame index=14023 frame address=0x00422b9d word=39 mask=0x00000010)
[2022-12-19 08:29:02] 3 bit errors
[2022-12-19 08:29:02] Cycle 85: 2022-07-31 15:45:05
[2022-12-19 08:29:06] Word 1147860 (Frame index=11364 frame address=0x00420522 word=96 mask=0x00000800)
[2022-12-19 08:29:06] Word 1147961 (Frame index=11365 frame address=0x00420523 word=96 mask=0x00001000)
[2022-12-19 08:29:06] 2 bit errors
[2022-12-19 08:29:06] Cycle 86: 2022-07-31 15:45:09
[2022-12-19 08:29:10] Cycle 87: 2022-07-31 15:45:13
[2022-12-19 08:29:14] Cycle 88: 2022-07-31 15:45:18
[2022-12-19 08:29:18] Word 1013675 (Frame index=10036 frame address=0x0040271c word=39 mask=0x00020000)
[2022-12-19 08:29:18] Word 1013776 (Frame index=10037 frame address=0x0040271d word=39 mask=0x00010000)
[2022-12-19 08:29:18] 2 bit errors
[2022-12-19 08:29:18] Cycle 89: 2022-07-31 15:45:22
[2022-12-19 08:29:22] Word 1231270 (Frame index=12190 frame address=0x00421122 word=80 mask=0x000c0000)
[2022-12-19 08:29:22] Word 1231371 (Frame index=12191 frame address=0x00421123 word=80 mask=0x00040000)
[2022-12-19 08:29:22] 3 bit errors
[2022-12-19 08:29:22] Cycle 90: 2022-07-31 15:45:26
[2022-12-19 08:29:27] Word 220737 (Frame index=2185 frame address=0x00001f99 word=52 mask=0x00000400)
[2022-12-19 08:29:27] Word 1063759 (Frame index=10532 frame address=0x00402e80 word=27 mask=0x00000020)
[2022-12-19 08:29:27] 2 bit errors
[2022-12-19 08:29:27] Cycle 91: 2022-07-31 15:45:30
[2022-12-19 08:29:31] Word 1389936 (Frame index=13761 frame address=0x00422813 word=75 mask=0x08000000)
[2022-12-19 08:29:31] 1 bit errors
[2022-12-19 08:29:31] Cycle 92: 2022-07-31 15:45:34
[2022-12-19 08:29:35] Cycle 93: 2022-07-31 15:45:38
[2022-12-19 08:29:39] Word 1412481 (Frame index=13984 frame address=0x00422b1a word=97 mask=0x00002000)
[2022-12-19 08:29:39] Word 1412582 (Frame index=13985 frame address=0x00422b1b word=97 mask=0x00004000)
[2022-12-19 08:29:39] 2 bit errors
[2022-12-19 08:29:39] Cycle 94: 2022-07-31 15:45:43
[2022-12-19 08:29:43] Cycle 95: 2022-07-31 15:45:47
[2022-12-19 08:29:47] Cycle 96: 2022-07-31 15:45:51
[2022-12-19 08:29:52] Word 871908 (Frame index=8632 frame address=0x0040129e word=76 mask=0x40000000)
[2022-12-19 08:29:52] Word 1152863 (Frame index=11414 frame address=0x0042060c word=49 mask=0x00000008)
[2022-12-19 08:29:52] 2 bit errors
[2022-12-19 08:29:52] Cycle 97: 2022-07-31 15:45:55
[2022-12-19 08:29:56] Word 1544504 (Frame index=15292 frame address=0x0044091c word=12 mask=0x00040000)
[2022-12-19 08:29:56] Word 1544605 (Frame index=15293 frame address=0x0044091d word=12 mask=0x00020000)
[2022-12-19 08:29:56] 2 bit errors
[2022-12-19 08:29:56] Cycle 98: 2022-07-31 15:45:59
[2022-12-19 08:30:00] Word 1355260 (Frame index=13418 frame address=0x00422380 word=42 mask=0x80000000)
[2022-12-19 08:30:00] Word 1355361 (Frame index=13419 frame address=0x00422381 word=42 mask=0x40000000)
[2022-12-19 08:30:00] 2 bit errors
[2022-12-19 08:30:00] Cycle 99: 2022-07-31 15:46:03
[2022-12-19 08:30:04] Cycle 100: 2022-07-31 15:46:08
[2022-12-19 08:30:08] Cycle 101: 2022-07-31 15:46:12
[2022-12-19 08:30:12] Word 361049 (Frame index=3574 frame address=0x00003396 word=75 mask=0x02000000)
[2022-12-19 08:30:12] Word 361150 (Frame index=3575 frame address=0x00003397 word=75 mask=0x01000000)
[2022-12-19 08:30:12] Word 738138 (Frame index=7308 frame address=0x0002349c word=30 mask=0x00000040)
[2022-12-19 08:30:12] Word 1526331 (Frame index=15112 frame address=0x0044068c word=19 mask=0x00000002)
[2022-12-19 08:30:12] Word 1526432 (Frame index=15113 frame address=0x0044068d word=19 mask=0x00000002)
[2022-12-19 08:30:12] Word 1793158 (Frame index=17754 frame address=0x00442ca2 word=4 mask=0x00100000)
[2022-12-19 08:30:12] 6 bit errors
[2022-12-19 08:30:12] Cycle 102: 2022-07-31 15:46:16
[2022-12-19 08:30:17] Word 160183 (Frame index=1585 frame address=0x000016a3 word=98 mask=0x00000100)
[2022-12-19 08:30:17] 1 bit errors
[2022-12-19 08:30:17] Cycle 103: 2022-07-31 15:46:20
[2022-12-19 08:30:21] Cycle 104: 2022-07-31 15:46:24
[2022-12-19 08:30:25] Cycle 105: 2022-07-31 15:46:28
[2022-12-19 08:30:29] Cycle 106: 2022-07-31 15:46:33
[2022-12-19 08:30:33] Word 923584 (Frame index=9144 frame address=0x00401a22 word=40 mask=0x00000018)
[2022-12-19 08:30:33] Word 923685 (Frame index=9145 frame address=0x00401a23 word=40 mask=0x0000000c)
[2022-12-19 08:30:33] 4 bit errors
[2022-12-19 08:30:33] Cycle 107: 2022-07-31 15:46:37
[2022-12-19 08:30:37] Word 168548 (Frame index=1668 frame address=0x0000180a word=80 mask=0x00100000)
[2022-12-19 08:30:37] Word 347087 (Frame index=3436 frame address=0x00003194 word=51 mask=0x00000800)
[2022-12-19 08:30:37] Word 347188 (Frame index=3437 frame address=0x00003195 word=51 mask=0x00000400)
[2022-12-19 08:30:37] 3 bit errors
[2022-12-19 08:30:37] Cycle 108: 2022-07-31 15:46:41
[2022-12-19 08:30:42] Cycle 109: 2022-07-31 15:46:45
[2022-12-19 08:30:46] Word 409454 (Frame index=4054 frame address=0x0002058c word=0 mask=0x00002000)
[2022-12-19 08:30:46] Word 409555 (Frame index=4055 frame address=0x0002058d word=0 mask=0x00002000)
[2022-12-19 08:30:46] 2 bit errors
[2022-12-19 08:30:46] Cycle 110: 2022-07-31 15:46:49
[2022-12-19 08:30:50] Cycle 111: 2022-07-31 15:46:53
[2022-12-19 08:30:54] Word 280109 (Frame index=2773 frame address=0x00002811 word=36 mask=0x00020000)
[2022-12-19 08:30:54] Word 1766086 (Frame index=17486 frame address=0x0044290a word=0 mask=0x00800000)
[2022-12-19 08:30:54] Word 1766187 (Frame index=17487 frame address=0x0044290b word=0 mask=0x00400000)
[2022-12-19 08:30:54] 3 bit errors
[2022-12-19 08:30:54] Cycle 112: 2022-07-31 15:46:58
[2022-12-19 08:30:58] Word 1450046 (Frame index=14356 frame address=0x0042309a word=90 mask=0x20000000)
[2022-12-19 08:30:58] Word 1450147 (Frame index=14357 frame address=0x0042309b word=90 mask=0x20000000)
[2022-12-19 08:30:58] 2 bit errors
[2022-12-19 08:30:58] Cycle 113: 2022-07-31 15:47:02
[2022-12-19 08:31:02] Cycle 114: 2022-07-31 15:47:06
[2022-12-19 08:31:07] Word 1423390 (Frame index=14092 frame address=0x00422ca2 word=98 mask=0x00008000)
[2022-12-19 08:31:07] Word 1423491 (Frame index=14093 frame address=0x00422ca3 word=98 mask=0x00010000)
[2022-12-19 08:31:07] 2 bit errors
[2022-12-19 08:31:07] Cycle 115: 2022-07-31 15:47:10
[2022-12-19 08:31:11] Word 687957 (Frame index=6811 frame address=0x00022d85 word=46 mask=0x00000800)
[2022-12-19 08:31:11] 1 bit errors
[2022-12-19 08:31:11] Cycle 116: 2022-07-31 15:47:14
[2022-12-19 08:31:15] Word 731520 (Frame index=7242 frame address=0x0002339c word=78 mask=0x00000200)
[2022-12-19 08:31:15] Word 731621 (Frame index=7243 frame address=0x0002339d word=78 mask=0x00000300)
[2022-12-19 08:31:15] Word 769791 (Frame index=7621 frame address=0x00400411 word=70 mask=0x00000004)
[2022-12-19 08:31:15] Word 1168772 (Frame index=11572 frame address=0x00420822 word=0 mask=0x60000000)
[2022-12-19 08:31:15] Word 1168873 (Frame index=11573 frame address=0x00420823 word=0 mask=0xc0000000)
[2022-12-19 08:31:15] 8 bit errors
[2022-12-19 08:31:15] Cycle 117: 2022-07-31 15:47:18
[2022-12-19 08:31:19] Cycle 118: 2022-07-31 15:47:23
[2022-12-19 08:31:23] Word 1112602 (Frame index=11015 frame address=0x0042001d word=87 mask=0x00400000)
[2022-12-19 08:31:23] Word 1408039 (Frame index=13940 frame address=0x00422a92 word=99 mask=0x00400000)
[2022-12-19 08:31:23] 2 bit errors
[2022-12-19 08:31:23] Cycle 119: 2022-07-31 15:47:27
[2022-12-19 08:31:27] Word 291533 (Frame index=2886 frame address=0x00002996 word=47 mask=0x00000100)
[2022-12-19 08:31:27] 1 bit errors
[2022-12-19 08:31:27] Cycle 120: 2022-07-31 15:47:31
[2022-12-19 08:31:32] Cycle 121: 2022-07-31 15:47:35
[2022-12-19 08:31:36] Word 23475 (Frame index=232 frame address=0x00000310 word=43 mask=0x40000000)
[2022-12-19 08:31:36] Word 23576 (Frame index=233 frame address=0x00000311 word=43 mask=0x20000000)
[2022-12-19 08:31:36] 2 bit errors
[2022-12-19 08:31:36] Cycle 122: 2022-07-31 15:47:39
[2022-12-19 08:31:40] Cycle 123: 2022-07-31 15:47:43
[2022-12-19 08:31:44] Word 257733 (Frame index=2551 frame address=0x0000250b word=82 mask=0x00000800)
[2022-12-19 08:31:44] 1 bit errors
[2022-12-19 08:31:44] Cycle 124: 2022-07-31 15:47:48
[2022-12-19 08:31:48] Word 896179 (Frame index=8873 frame address=0x00401623 word=6 mask=0x08000000)
[2022-12-19 08:31:48] 1 bit errors
[2022-12-19 08:31:48] Cycle 125: 2022-07-31 15:47:52
[2022-12-19 08:31:52] Cycle 126: 2022-07-31 15:47:56
[2022-12-19 08:31:57] Word 1084013 (Frame index=10732 frame address=0x0040311c word=81 mask=0x00020000)
[2022-12-19 08:31:57] 1 bit errors
[2022-12-19 08:31:57] Cycle 127: 2022-07-31 15:48:00
[2022-12-19 08:32:01] Cycle 128: 2022-07-31 15:48:04
[2022-12-19 08:32:05] Word 876109 (Frame index=8674 frame address=0x00401380 word=35 mask=0x00000100)
[2022-12-19 08:32:05] 1 bit errors
[2022-12-19 08:32:05] Cycle 129: 2022-07-31 15:48:08
[2022-12-19 08:32:09] Word 761532 (Frame index=7539 frame address=0x004002a3 word=93 mask=0x08000000)
[2022-12-19 08:32:09] Word 1428051 (Frame index=14139 frame address=0x00422d89 word=12 mask=0x00400000)
[2022-12-19 08:32:09] Word 1428253 (Frame index=14141 frame address=0x00422d8b word=12 mask=0x00400000)
[2022-12-19 08:32:09] 3 bit errors
[2022-12-19 08:32:09] Cycle 130: 2022-07-31 15:48:13
[2022-12-19 08:32:13] Word 876951 (Frame index=8682 frame address=0x00401388 word=69 mask=0x40000000)
[2022-12-19 08:32:13] Word 877052 (Frame index=8683 frame address=0x00401389 word=69 mask=0x20000000)
[2022-12-19 08:32:13] Word 1187829 (Frame index=11760 frame address=0x00420b0e word=69 mask=0x00020000)
[2022-12-19 08:32:13] 3 bit errors
[2022-12-19 08:32:13] Cycle 131: 2022-07-31 15:48:17
[2022-12-19 08:32:17] Cycle 132: 2022-07-31 15:48:21
[2022-12-19 08:32:22] Cycle 133: 2022-07-31 15:48:25
[2022-12-19 08:32:26] Cycle 134: 2022-07-31 15:48:29
[2022-12-19 08:32:30] Cycle 135: 2022-07-31 15:48:33
[2022-12-19 08:32:34] Cycle 136: 2022-07-31 15:48:38
[2022-12-19 08:32:38] Cycle 137: 2022-07-31 15:48:42
[2022-12-19 08:32:42] Word 157161 (Frame index=1556 frame address=0x00001686 word=5 mask=0x00000008)
[2022-12-19 08:32:42] Word 481090 (Frame index=4763 frame address=0x00021003 word=27 mask=0x00200000)
[2022-12-19 08:32:42] 2 bit errors
[2022-12-19 08:32:42] Cycle 138: 2022-07-31 15:48:46
[2022-12-19 08:32:47] Word 1056505 (Frame index=10460 frame address=0x00402d1c word=45 mask=0x80000000)
[2022-12-19 08:32:47] Word 1743306 (Frame index=17260 frame address=0x00442600 word=46 mask=0x00040000)
[2022-12-19 08:32:47] Word 1743407 (Frame index=17261 frame address=0x00442601 word=46 mask=0x00020000)
[2022-12-19 08:32:47] 3 bit errors
[2022-12-19 08:32:47] Cycle 139: 2022-07-31 15:48:50
[2022-12-19 08:32:51] Word 474190 (Frame index=4694 frame address=0x00020ea2 word=96 mask=0x00000800)
[2022-12-19 08:32:51] Word 474291 (Frame index=4695 frame address=0x00020ea3 word=96 mask=0x00001000)
[2022-12-19 08:32:51] Word 923593 (Frame index=9144 frame address=0x00401a22 word=49 mask=0x00000800)
[2022-12-19 08:32:51] 3 bit errors
[2022-12-19 08:32:51] Cycle 140: 2022-07-31 15:48:54
[2022-12-19 08:32:55] Cycle 141: 2022-07-31 15:48:58
[2022-12-19 08:32:59] Cycle 142: 2022-07-31 15:49:03
[2022-12-19 08:33:03] Word 1565106 (Frame index=15496 frame address=0x00440c10 word=10 mask=0x00400000)
[2022-12-19 08:33:03] Word 1565207 (Frame index=15497 frame address=0x00440c11 word=10 mask=0x00200000)
[2022-12-19 08:33:03] 2 bit errors
[2022-12-19 08:33:03] Cycle 143: 2022-07-31 15:49:07
[2022-12-19 08:33:07] Word 12508 (Frame index=123 frame address=0x0000018f word=85 mask=0x80000000)
[2022-12-19 08:33:07] 1 bit errors
[2022-12-19 08:33:07] Cycle 144: 2022-07-31 15:49:11
[2022-12-19 08:33:11] Cycle 145: 2022-07-31 15:49:15
[2022-12-19 08:33:16] Cycle 146: 2022-07-31 15:49:19
[2022-12-19 08:33:20] Word 1273195 (Frame index=12605 frame address=0x00421721 word=90 mask=0x00000800)
[2022-12-19 08:33:20] 1 bit errors
[2022-12-19 08:33:20] Cycle 147: 2022-07-31 15:49:23
[2022-12-19 08:33:24] Word 1302573 (Frame index=12896 frame address=0x00421b90 word=77 mask=0x08000000)
[2022-12-19 08:33:24] Word 1302674 (Frame index=12897 frame address=0x00421b91 word=77 mask=0x04000000)
[2022-12-19 08:33:24] Word 1495776 (Frame index=14809 frame address=0x00440211 word=67 mask=0x00000020)
[2022-12-19 08:33:24] 3 bit errors
[2022-12-19 08:33:24] Cycle 148: 2022-07-31 15:49:27
[2022-12-19 08:33:28] Cycle 149: 2022-07-31 15:49:32
[2022-12-19 08:33:32] Word 105911 (Frame index=1048 frame address=0x00000f0e word=63 mask=0x00080000)
[2022-12-19 08:33:32] Word 106012 (Frame index=1049 frame address=0x00000f0f word=63 mask=0x00040000)
[2022-12-19 08:33:32] Word 781708 (Frame index=7739 frame address=0x004005a3 word=69 mask=0x00040000)
[2022-12-19 08:33:32] 3 bit errors
[2022-12-19 08:33:32] Cycle 150: 2022-07-31 15:49:36
[2022-12-19 08:33:36] Word 357969 (Frame index=3544 frame address=0x0000331c word=25 mask=0x10000000)
[2022-12-19 08:33:36] Word 358070 (Frame index=3545 frame address=0x0000331d word=25 mask=0x08000000)
[2022-12-19 08:33:36] Word 844210 (Frame index=8358 frame address=0x00400f00 word=52 mask=0x08000000)
[2022-12-19 08:33:36] 3 bit errors
[2022-12-19 08:33:36] Cycle 151: 2022-07-31 15:49:40
[2022-12-19 08:33:41] Cycle 152: 2022-07-31 15:49:44
[2022-12-19 08:33:45] Word 107788 (Frame index=1067 frame address=0x00000f21 word=21 mask=0x08000000)
[2022-12-19 08:33:45] Word 1281043 (Frame index=12683 frame address=0x0042188b word=60 mask=0x00100000)
[2022-12-19 08:33:45] 2 bit errors
[2022-12-19 08:33:45] Cycle 153: 2022-07-31 15:49:48
[2022-12-19 08:33:49] Word 1048849 (Frame index=10384 frame address=0x00402c10 word=65 mask=0x00000001)
[2022-12-19 08:33:49] 1 bit errors
[2022-12-19 08:33:49] Cycle 154: 2022-07-31 15:49:52
[2022-12-19 08:33:53] Cycle 155: 2022-07-31 15:49:57
[2022-12-19 08:33:57] Cycle 156: 2022-07-31 15:50:01
[2022-12-19 08:34:01] Cycle 157: 2022-07-31 15:50:05
[2022-12-19 08:34:06] Word 141669 (Frame index=1402 frame address=0x00001410 word=67 mask=0x00000200)
[2022-12-19 08:34:06] Word 370711 (Frame index=3670 frame address=0x00020008 word=41 mask=0x00000200)
[2022-12-19 08:34:06] Word 1241357 (Frame index=12290 frame address=0x0042129a word=67 mask=0x10000000)
[2022-12-19 08:34:06] Word 1241458 (Frame index=12291 frame address=0x0042129b word=67 mask=0x20000000)
[2022-12-19 08:34:06] Word 1335650 (Frame index=13224 frame address=0x00422086 word=26 mask=0x01000000)
[2022-12-19 08:34:06] Word 1335751 (Frame index=13225 frame address=0x00422087 word=26 mask=0x00800000)
[2022-12-19 08:34:06] 6 bit errors
[2022-12-19 08:34:06] Cycle 158: 2022-07-31 15:50:09
[2022-12-19 08:34:10] Word 1543028 (Frame index=15277 frame address=0x0044090d word=51 mask=0x00000080)
[2022-12-19 08:34:10] 1 bit errors
[2022-12-19 08:34:10] Cycle 159: 2022-07-31 15:50:13
[2022-12-19 08:34:14] Word 1018217 (Frame index=10081 frame address=0x00402801 word=36 mask=0x00000004)
[2022-12-19 08:34:14] 1 bit errors
[2022-12-19 08:34:14] Cycle 160: 2022-07-31 15:50:17
[2022-12-19 08:34:18] Cycle 161: 2022-07-31 15:50:22
[2022-12-19 08:34:22] Cycle 162: 2022-07-31 15:50:26
[2022-12-19 08:34:26] Cycle 163: 2022-07-31 15:50:30
[2022-12-19 08:34:31] Word 866142 (Frame index=8575 frame address=0x00401209 word=67 mask=0x80000000)
[2022-12-19 08:34:31] Word 1167990 (Frame index=11564 frame address=0x0042081a word=26 mask=0x00000400)
[2022-12-19 08:34:31] 2 bit errors
[2022-12-19 08:34:31] Cycle 164: 2022-07-31 15:50:34
[2022-12-19 08:34:35] Word 1499648 (Frame index=14848 frame address=0x00440294 word=0 mask=0x00000004)
[2022-12-19 08:34:35] 1 bit errors
[2022-12-19 08:34:35] Cycle 165: 2022-07-31 15:50:38
[2022-12-19 08:34:39] Cycle 166: 2022-07-31 15:50:42
[2022-12-19 08:34:43] Word 1222541 (Frame index=12104 frame address=0x00421014 word=37 mask=0x00000001)
[2022-12-19 08:34:43] 1 bit errors
[2022-12-19 08:34:43] Cycle 167: 2022-07-31 15:50:47
[2022-12-19 08:34:47] Cycle 168: 2022-07-31 15:50:51
[2022-12-19 08:34:51] Cycle 169: 2022-07-31 15:50:55
[2022-12-19 08:34:56] Cycle 170: 2022-07-31 15:50:59
[2022-12-19 08:35:00] Cycle 171: 2022-07-31 15:51:03
[2022-12-19 08:35:04] Cycle 172: 2022-07-31 15:51:07
[2022-12-19 08:35:08] Cycle 173: 2022-07-31 15:51:12
[2022-12-19 08:35:12] Word 117248 (Frame index=1160 frame address=0x0000109a word=88 mask=0x40000000)
[2022-12-19 08:35:12] Word 117349 (Frame index=1161 frame address=0x0000109b word=88 mask=0x80000000)
[2022-12-19 08:35:12] Word 372500 (Frame index=3688 frame address=0x0002001a word=12 mask=0x00000100)
[2022-12-19 08:35:12] Word 1213226 (Frame index=12012 frame address=0x00420e9c word=14 mask=0x60000000)
[2022-12-19 08:35:12] Word 1213327 (Frame index=12013 frame address=0x00420e9d word=14 mask=0x30000000)
[2022-12-19 08:35:12] Word 1386048 (Frame index=13723 frame address=0x00422791 word=25 mask=0x00001000)
[2022-12-19 08:35:12] 8 bit errors
[2022-12-19 08:35:12] Cycle 174: 2022-07-31 15:51:16
[2022-12-19 08:35:16] Cycle 175: 2022-07-31 15:51:20
[2022-12-19 08:35:21] Word 1123958 (Frame index=11128 frame address=0x004201a2 word=30 mask=0x08000000)
[2022-12-19 08:35:21] Word 1124059 (Frame index=11129 frame address=0x004201a3 word=30 mask=0x10000000)
[2022-12-19 08:35:21] 2 bit errors
[2022-12-19 08:35:21] Cycle 176: 2022-07-31 15:51:24
[2022-12-19 08:35:25] Cycle 177: 2022-07-31 15:51:28
[2022-12-19 08:35:29] Cycle 178: 2022-07-31 15:51:32
[2022-12-19 08:35:33] Word 139684 (Frame index=1383 frame address=0x000013a1 word=1 mask=0x00200000)
[2022-12-19 08:35:33] Word 267343 (Frame index=2646 frame address=0x00002622 word=97 mask=0x00000100)
[2022-12-19 08:35:33] Word 1195321 (Frame index=11834 frame address=0x00420c10 word=87 mask=0x00000080)
[2022-12-19 08:35:33] Word 1405718 (Frame index=13918 frame address=0x00422a20 word=0 mask=0x02000000)
[2022-12-19 08:35:33] Word 1405819 (Frame index=13919 frame address=0x00422a21 word=0 mask=0x04000000)
[2022-12-19 08:35:33] 5 bit errors
[2022-12-19 08:35:33] Cycle 179: 2022-07-31 15:51:37
[2022-12-19 08:35:37] Cycle 180: 2022-07-31 15:51:41
[2022-12-19 08:35:41] Word 303662 (Frame index=3006 frame address=0x00002b22 word=56 mask=0x00000080)
[2022-12-19 08:35:41] Word 303763 (Frame index=3007 frame address=0x00002b23 word=56 mask=0x00000180)
[2022-12-19 08:35:41] Word 938572 (Frame index=9292 frame address=0x00401c88 word=80 mask=0x00000400)
[2022-12-19 08:35:41] Word 1773971 (Frame index=17564 frame address=0x00442a10 word=7 mask=0x00000400)
[2022-12-19 08:35:41] 5 bit errors
[2022-12-19 08:35:41] Cycle 181: 2022-07-31 15:51:45
[2022-12-19 08:35:46] Word 438213 (Frame index=4338 frame address=0x00020998 word=75 mask=0x00000040)
[2022-12-19 08:35:46] Word 438314 (Frame index=4339 frame address=0x00020999 word=75 mask=0x00000040)
[2022-12-19 08:35:46] 2 bit errors
[2022-12-19 08:35:46] Cycle 182: 2022-07-31 15:51:49
[2022-12-19 08:35:50] Cycle 183: 2022-07-31 15:51:53
[2022-12-19 08:35:54] Cycle 184: 2022-07-31 15:51:57
[2022-12-19 08:35:58] Cycle 185: 2022-07-31 15:52:02
[2022-12-19 08:36:02] Word 899179 (Frame index=8902 frame address=0x0040169c word=77 mask=0x00080000)
[2022-12-19 08:36:02] Word 899280 (Frame index=8903 frame address=0x0040169d word=77 mask=0x00040000)
[2022-12-19 08:36:02] 2 bit errors
[2022-12-19 08:36:02] Cycle 186: 2022-07-31 15:52:06
[2022-12-19 08:36:06] Cycle 187: 2022-07-31 15:52:10
[2022-12-19 08:36:11] Cycle 188: 2022-07-31 15:52:14
[2022-12-19 08:36:15] Word 29175 (Frame index=288 frame address=0x00000408 word=87 mask=0x00000002)
[2022-12-19 08:36:15] Word 661346 (Frame index=6547 frame address=0x00022995 word=99 mask=0x00004000)
[2022-12-19 08:36:15] 2 bit errors
[2022-12-19 08:36:15] Cycle 189: 2022-07-31 15:52:18
[2022-12-19 08:36:19] Word 1387173 (Frame index=13734 frame address=0x0042279c word=39 mask=0x01000000)
[2022-12-19 08:36:19] Word 1387274 (Frame index=13735 frame address=0x0042279d word=39 mask=0x00800000)
[2022-12-19 08:36:19] Word 1787231 (Frame index=17695 frame address=0x00442c03 word=36 mask=0x00001000)
[2022-12-19 08:36:19] 3 bit errors
[2022-12-19 08:36:19] Cycle 190: 2022-07-31 15:52:22
[2022-12-19 08:36:23] Cycle 191: 2022-07-31 15:52:27
[2022-12-19 08:36:27] Word 1559056 (Frame index=15436 frame address=0x00440b1c word=20 mask=0x00000006)
[2022-12-19 08:36:27] Word 1559157 (Frame index=15437 frame address=0x00440b1d word=20 mask=0x00000003)
[2022-12-19 08:36:27] 4 bit errors
[2022-12-19 08:36:27] Cycle 192: 2022-07-31 15:52:31
[2022-12-19 08:36:31] Cycle 193: 2022-07-31 15:52:35
[2022-12-19 08:36:36] Word 302805 (Frame index=2998 frame address=0x00002b1a word=7 mask=0x00002000)
[2022-12-19 08:36:36] 1 bit errors
[2022-12-19 08:36:36] Cycle 194: 2022-07-31 15:52:39
[2022-12-19 08:36:40] Word 431947 (Frame index=4276 frame address=0x0002089a word=71 mask=0x0000f000)
[2022-12-19 08:36:40] 4 bit errors
[2022-12-19 08:36:40] Cycle 195: 2022-07-31 15:52:43
[2022-12-19 08:36:44] Word 643241 (Frame index=6368 frame address=0x00022716 word=73 mask=0x40000000)
[2022-12-19 08:36:44] Word 717228 (Frame index=7101 frame address=0x00023197 word=27 mask=0x00000008)
[2022-12-19 08:36:44] 2 bit errors
[2022-12-19 08:36:44] Cycle 196: 2022-07-31 15:52:47
[2022-12-19 08:36:48] Word 442017 (Frame index=4376 frame address=0x00020a1a word=41 mask=0x00020000)
[2022-12-19 08:36:48] 1 bit errors
[2022-12-19 08:36:48] Cycle 197: 2022-07-31 15:52:52
[2022-12-19 08:36:52] Word 373702 (Frame index=3700 frame address=0x00020026 word=2 mask=0x00000020)
[2022-12-19 08:36:52] Word 1503381 (Frame index=14884 frame address=0x00440314 word=97 mask=0x00000800)
[2022-12-19 08:36:52] 2 bit errors
[2022-12-19 08:36:52] Cycle 198: 2022-07-31 15:52:56
[2022-12-19 08:36:56] Cycle 199: 2022-07-31 15:53:00
[2022-12-19 08:37:00] Cycle 200: 2022-07-31 15:53:04
[2022-12-19 08:37:05] Word 108015 (Frame index=1069 frame address=0x00000f23 word=46 mask=0x00008000)
[2022-12-19 08:37:05] 1 bit errors
[2022-12-19 08:37:05] Cycle 201: 2022-07-31 15:53:08
[2022-12-19 08:37:09] Cycle 202: 2022-07-31 15:53:12
[2022-12-19 08:37:13] Word 1235233 (Frame index=12230 frame address=0x00421202 word=3 mask=0x00002000)
[2022-12-19 08:37:13] Word 1235334 (Frame index=12231 frame address=0x00421203 word=3 mask=0x00001000)
[2022-12-19 08:37:13] 2 bit errors
[2022-12-19 08:37:13] Cycle 203: 2022-07-31 15:53:16
[2022-12-19 08:37:17] Word 1806909 (Frame index=17890 frame address=0x00442ea2 word=19 mask=0x20000000)
[2022-12-19 08:37:17] 1 bit errors
[2022-12-19 08:37:17] Cycle 204: 2022-07-31 15:53:21
[2022-12-19 08:37:21] Cycle 205: 2022-07-31 15:53:25
[2022-12-19 08:37:25] Cycle 206: 2022-07-31 15:53:29
[2022-12-19 08:37:30] Cycle 207: 2022-07-31 15:53:33
[2022-12-19 08:37:34] Cycle 208: 2022-07-31 15:53:37
[2022-12-19 08:37:38] Word 25209 (Frame index=249 frame address=0x00000385 word=60 mask=0x00000008)
[2022-12-19 08:37:38] 1 bit errors
[2022-12-19 08:37:38] Cycle 209: 2022-07-31 15:53:41
[2022-12-19 08:37:42] Word 1432544 (Frame index=14183 frame address=0x00422e19 word=61 mask=0x00400000)
[2022-12-19 08:37:42] 1 bit errors
[2022-12-19 08:37:42] Cycle 210: 2022-07-31 15:53:46
[2022-12-19 08:37:46] Word 286011 (Frame index=2831 frame address=0x00002903 word=80 mask=0x00000100)
[2022-12-19 08:37:46] 1 bit errors
[2022-12-19 08:37:46] Cycle 211: 2022-07-31 15:53:50
[2022-12-19 08:37:50] Word 456937 (Frame index=4524 frame address=0x00020c80 word=13 mask=0x00000200)
[2022-12-19 08:37:50] 1 bit errors
[2022-12-19 08:37:50] Cycle 212: 2022-07-31 15:53:54
[2022-12-19 08:37:55] Cycle 213: 2022-07-31 15:53:58
[2022-12-19 08:37:59] Word 631336 (Frame index=6250 frame address=0x0002258c word=86 mask=0x01000000)
[2022-12-19 08:37:59] Word 1757027 (Frame index=17396 frame address=0x0044279c word=31 mask=0x00000020)
[2022-12-19 08:37:59] 2 bit errors
[2022-12-19 08:37:59] Cycle 214: 2022-07-31 15:54:02
[2022-12-19 08:38:03] Word 745002 (Frame index=7376 frame address=0x0040008a word=26 mask=0x00001000)
[2022-12-19 08:38:03] Word 745103 (Frame index=7377 frame address=0x0040008b word=26 mask=0x00000800)
[2022-12-19 08:38:03] 2 bit errors
[2022-12-19 08:38:03] Cycle 215: 2022-07-31 15:54:06
[2022-12-19 08:38:07] Word 1543747 (Frame index=15284 frame address=0x00440914 word=63 mask=0x00000800)
[2022-12-19 08:38:07] Word 1543848 (Frame index=15285 frame address=0x00440915 word=63 mask=0x00000400)
[2022-12-19 08:38:07] 2 bit errors
[2022-12-19 08:38:07] Cycle 216: 2022-07-31 15:54:11
[2022-12-19 08:38:11] Cycle 217: 2022-07-31 15:54:15
[2022-12-19 08:38:15] Word 1362289 (Frame index=13488 frame address=0x00422422 word=1 mask=0x00000004)
[2022-12-19 08:38:15] Word 1362390 (Frame index=13489 frame address=0x00422423 word=1 mask=0x00000008)
[2022-12-19 08:38:15] 2 bit errors
[2022-12-19 08:38:15] Cycle 218: 2022-07-31 15:54:19
[2022-12-19 08:38:20] Word 134785 (Frame index=1334 frame address=0x00001314 word=51 mask=0x00000004)
[2022-12-19 08:38:20] Word 134886 (Frame index=1335 frame address=0x00001315 word=51 mask=0x00000002)
[2022-12-19 08:38:20] 2 bit errors
[2022-12-19 08:38:20] Cycle 219: 2022-07-31 15:54:23
[2022-12-19 08:38:24] Cycle 220: 2022-07-31 15:54:27
