[2022-12-16 21:44:01] INFO     STATE:Initial Starting State
[2022-12-16 21:44:01] INFO     git commit information
[2022-12-16 21:44:01] INFO     	git commit:8f8859a Tried to get jcm scrubbing working. Added coutner for rowhammer
[2022-12-16 21:44:01] INFO     	git commit date:Fri Dec 16 20:36:08 2022
[2022-12-16 21:44:01] INFO     	git status:Fri Dec 16 20:36:08 2022
[2022-12-16 21:44:01] INFO     		M beam-test/test_scripts/readme.md
[2022-12-16 21:44:01] INFO     Command line information
[2022-12-16 21:44:01] INFO     	Command line:['ddrctrl_experiment.py', '--jcm_part', 'xc7a200t', '--bitstream', '/root/ddr_11_28.bit', '--log_dir', './lansce2022', '--jcm_clock', '30_000_000', '--frads_file', 'xc7a200t_frad.txt', '--fault_injection', '0', '--uart_bone_ident', '0xf0002000', '--jcm_ip', '169.254.132.152', '--jcm_netbooter_port', '1', '--nexys_netbooter_port', '2', '--usb_uart_phys_port', '1-4.4.2', '--uartbone_phys_port', '1-4.4.1']
[2022-12-16 21:44:01] INFO     	arg:bitstream=/root/ddr_11_28.bit
[2022-12-16 21:44:01] INFO     	arg:netbooter_ip=169.254.131.160
[2022-12-16 21:44:01] INFO     	arg:jcm_ip=169.254.132.152
[2022-12-16 21:44:01] INFO     	arg:jcm_part=xc7a200t
[2022-12-16 21:44:01] INFO     	arg:jcm_clock=30000000
[2022-12-16 21:44:01] INFO     	arg:usb_uart_phys_port=1-4.4.2
[2022-12-16 21:44:01] INFO     	arg:uart_litex_baudrate=115200
[2022-12-16 21:44:01] INFO     	arg:uartbone_phys_port=1-4.4.1
[2022-12-16 21:44:01] INFO     	arg:uartbone_phys_if=0
[2022-12-16 21:44:01] INFO     	arg:uartbone_baudrate=115200
[2022-12-16 21:44:01] INFO     	arg:repower_jcm=False
[2022-12-16 21:44:01] INFO     	arg:disable_scrubbing=False
[2022-12-16 21:44:01] INFO     	arg:fault_injection=0
[2022-12-16 21:44:01] INFO     	arg:frads_file=xc7a200t_frad.txt
[2022-12-16 21:44:01] INFO     	arg:jcm_netbooter_port=1
[2022-12-16 21:44:01] INFO     	arg:nexys_netbooter_port=2
[2022-12-16 21:44:01] INFO     	arg:log_dir=./lansce2022
[2022-12-16 21:44:01] INFO     	arg:single_step=False
[2022-12-16 21:44:01] INFO     	arg:bist_mem_burst_length=8192
[2022-12-16 21:44:01] INFO     	arg:bist_addr_mode=1
[2022-12-16 21:44:01] INFO     	arg:bist_pattern=165
[2022-12-16 21:44:01] INFO     	arg:no_uart_bone=False
[2022-12-16 21:44:01] INFO     	arg:uart_bone_ident=0xf0002000
[2022-12-16 21:44:01] INFO     STATE:Netbooter Setup State
[2022-12-16 21:44:01] INFO     STATE:JCM Setup State
[2022-12-16 21:44:01] INFO     NETBOOTER:Attempt 1 to set port 1 with cycle=False
[2022-12-16 21:44:03] INFO     NETBOOTER:Setting port 1 to On
[2022-12-16 21:44:04] INFO     JCM ping attempt 1
[2022-12-16 21:44:04] INFO     JCM:Logging in to JCM
[2022-12-16 21:44:04] INFO     JCM:Connecting to JCM over SSH... (Attempt 1)
[2022-12-16 21:44:05] INFO     JCM:SSH successful
[2022-12-16 21:44:05] INFO     STATE:UART Setup State
[2022-12-16 21:44:05] INFO     STATE:Power Nexys State
[2022-12-16 21:44:05] INFO     NETBOOTER:Attempt 1 to set port 2 with cycle=False
[2022-12-16 21:44:07] INFO     NETBOOTER:Setting port 2 to Off
[2022-12-16 21:44:08] INFO     NETBOOTER:Attempt 1 to set port 2 with cycle=False
[2022-12-16 21:44:10] INFO     NETBOOTER:Setting port 2 to On
[2022-12-16 21:44:11] INFO     STATE:Connect UART State
[2022-12-16 21:44:13] INFO     UART:Searching for ttyUSB device (Attempt 1)
[2022-12-16 21:44:13] INFO     UART:Found tty device:/dev/ttyUSB2
[2022-12-16 21:44:13] INFO     UART:Serial port /dev/ttyUSB2 open
[2022-12-16 21:44:13] INFO     STATE:Configure Nexys State
[2022-12-16 21:44:13] INFO     JCM:Attempting JCM device DNA read
[2022-12-16 21:44:13] INFO     JCM:Executing commmand on JCM
	~/jcm_apps/jcm_jtag_reg.elf -r 50 --swap -w 64
[2022-12-16 21:44:13] INFO     Device DNA:0:0x812c023b 1:0x2a0f6504
[2022-12-16 21:44:13] INFO     JCM:Attempting JCM configuration
[2022-12-16 21:44:13] INFO     JCM:Executing commmand on JCM
	~/jcm_apps/jcm_config.elf --part xc7a200t -c 30000000 --jtag --config_file /root/ddr_11_28.bit
[2022-12-16 21:44:18] INFO     JCM:Configuration Success
[2022-12-16 21:44:18] INFO     STATE:Setup UARTBone State
[2022-12-16 21:44:18] INFO     UARTBONE:Searching for ttyUSB device (Attempt 1) for port '1-4.4.1' IF '0'
[2022-12-16 21:44:18] INFO     UARTBONE:Found tty device:/dev/ttyUSB0
[2022-12-16 21:44:18] INFO     UARTBONE:Attempting to open:/dev/ttyUSB0 at baud 115200 with timeout=5
[2022-12-16 21:44:18] INFO     UARTBONE:Serial port /dev/ttyUSB0 open
[2022-12-16 21:44:19] INFO     UARTBONE ID Str=LiteX SoC on Nexys Video 2022-11-28 18:17:18
[2022-12-16 21:44:19] INFO     UARTBONE I ADDR=000012E8
[2022-12-16 21:44:19] INFO     STATE:Enable Scrubbing State
[2022-12-16 21:44:19] INFO     JCM:Starting JCM scrubber
[2022-12-16 21:44:19] INFO     JCM:Executing commmand on JCM
	~/jcm_apps/jcm_scrubbing.elf --part xc7a200t -c 30000000 --jtag --iterations 100000000 --frad_file xc7a200t_frad.txt
[2022-12-16 21:44:19] INFO     STATE:LiteX Login State
[2022-12-16 21:44:19] INFO     STATE:Start BIST State
[2022-12-16 21:44:19] INFO     STATE:BIST Execution State
[2022-12-16 21:44:19] INFO     BIST:Bad title line (1):8192 1 0 2
[2022-12-16 21:44:19] INFO     BIST:Header (first)
[2022-12-16 21:44:31] INFO     BIST:Header (ok)
[2022-12-16 21:44:43] INFO     BIST:Header (ok)
[2022-12-16 21:44:54] INFO     BIST:Header (ok)
[2022-12-16 21:45:06] INFO     BIST:Header (ok)
[2022-12-16 21:45:18] INFO     BIST:Header (ok)
[2022-12-16 21:45:29] INFO     BIST:Header (ok)
[2022-12-16 21:45:41] INFO     BIST:Header (ok)
[2022-12-16 21:45:52] INFO     BIST:Header (ok)
[2022-12-16 21:46:04] INFO     BIST:Header (ok)
[2022-12-16 21:46:16] INFO     BIST:Header (ok)
[2022-12-16 21:46:27] INFO     BIST:Header (ok)
[2022-12-16 21:46:39] INFO     BIST:Header (ok)
[2022-12-16 21:46:50] INFO     BIST:Header (ok)
[2022-12-16 21:47:02] INFO     BIST:Header (ok)
[2022-12-16 21:47:14] INFO     BIST:Header (ok)
[2022-12-16 21:47:25] INFO     BIST:Header (ok)
[2022-12-16 21:47:37] INFO     BIST:Header (ok)
[2022-12-16 21:47:48] INFO     BIST:Header (ok)
[2022-12-16 21:48:00] INFO     BIST:Header (ok)
[2022-12-16 21:48:12] INFO     BIST:Header (ok)
[2022-12-16 21:48:23] INFO     BIST:Header (ok)
[2022-12-16 21:48:35] INFO     BIST:Header (ok)
[2022-12-16 21:48:47] INFO     BIST:Header (ok)
[2022-12-16 21:48:58] INFO     BIST:Header (ok)
[2022-12-16 21:49:10] INFO     BIST:Header (ok)
[2022-12-16 21:49:21] INFO     BIST:Header (ok)
[2022-12-16 21:49:33] INFO     BIST:Header (ok)
[2022-12-16 21:49:45] INFO     BIST:Header (ok)
[2022-12-16 21:49:53] ERROR    BIST:Data Errors (2486,0,0:2486/1)
[2022-12-16 21:49:55] ERROR    BIST:Data Errors (473,0,0:473/2)
[2022-12-16 21:49:56] ERROR    BIST:Data Errors (474,0,0:474/3)
[2022-12-16 21:49:56] INFO     BIST:Header (err 3)
[2022-12-16 21:49:58] ERROR    BIST:Data Errors (474,0,0:474/4)
[2022-12-16 21:50:01] ERROR    BIST:Data Errors (474,0,0:474/1)
[2022-12-16 21:50:02] ERROR    BIST:Data Errors (474,0,0:474/2)
[2022-12-16 21:50:04] ERROR    BIST:Data Errors (473,0,0:473/3)
[2022-12-16 21:50:05] ERROR    BIST:Data Errors (474,0,0:474/4)
[2022-12-16 21:50:06] ERROR    BIST:Data Errors (474,0,0:474/5)
[2022-12-16 21:50:08] ERROR    BIST:Data Errors (474,0,0:474/6)
[2022-12-16 21:50:08] INFO     BIST:Header (err 7)
[2022-12-16 21:50:19] INFO     BIST:Header (ok)
[2022-12-16 21:50:31] INFO     BIST:Header (ok)
[2022-12-16 21:50:43] INFO     BIST:Header (ok)
[2022-12-16 21:50:54] INFO     BIST:Header (ok)
[2022-12-16 21:51:06] INFO     BIST:Header (ok)
[2022-12-16 21:51:18] INFO     BIST:Header (ok)
[2022-12-16 21:51:29] INFO     BIST:Header (ok)
[2022-12-16 21:51:41] INFO     BIST:Header (ok)
[2022-12-16 21:51:52] INFO     BIST:Header (ok)
[2022-12-16 21:52:07] ERROR    BIST:Data Errors (3216,0,0:3216/1)
[2022-12-16 21:52:22] ERROR    UART:expect timeout (delay 15s)
[2022-12-16 21:52:22] INFO     STATE:Terminal Recovery State
[2022-12-16 21:52:22] INFO     UART:Serial port /dev/ttyUSB2 closed
[2022-12-16 21:52:25] INFO     UART:Searching for ttyUSB device (Attempt 1)
[2022-12-16 21:52:25] INFO     UART:Found tty device:/dev/ttyUSB2
[2022-12-16 21:52:25] INFO     UART:Serial port /dev/ttyUSB2 open
[2022-12-16 21:52:35] ERROR    UART:expect timeout (delay 10s)
[2022-12-16 21:52:35] INFO     STATE:Reset Recovery State
[2022-12-16 21:52:35] INFO     UARTBONE I ADDR=00001358
[2022-12-16 21:52:35] INFO     Issuing UART bone reset
[2022-12-16 21:52:36] INFO     UARTBONE I ADDR=000001F8
[2022-12-16 21:52:36] INFO     STATE:LiteX Login State
[2022-12-16 21:52:36] INFO     STATE:Start BIST State
[2022-12-16 21:52:36] INFO     STATE:BIST Execution State
[2022-12-16 21:52:36] INFO     BIST:Bad title line (1):8192 1 0 2
[2022-12-16 21:52:36] INFO     BIST:Header (first)
[2022-12-16 21:52:48] INFO     BIST:Header (ok)
[2022-12-16 21:52:59] INFO     BIST:Header (ok)
[2022-12-16 21:53:11] INFO     BIST:Header (ok)
[2022-12-16 21:53:22] INFO     BIST:Header (ok)
[2022-12-16 21:53:34] INFO     BIST:Header (ok)
[2022-12-16 21:53:46] INFO     BIST:Header (ok)
[2022-12-16 21:53:57] INFO     BIST:Header (ok)
[2022-12-16 21:54:09] INFO     BIST:Header (ok)
[2022-12-16 21:54:20] INFO     BIST:Header (ok)
[2022-12-16 21:54:32] INFO     BIST:Header (ok)
[2022-12-16 21:54:44] INFO     BIST:Header (ok)
[2022-12-16 21:54:55] INFO     BIST:Header (ok)
[2022-12-16 21:55:07] INFO     BIST:Header (ok)
[2022-12-16 21:55:18] INFO     BIST:Header (ok)
[2022-12-16 21:55:30] INFO     BIST:Header (ok)
[2022-12-16 21:55:42] INFO     BIST:Header (ok)
[2022-12-16 21:55:53] INFO     BIST:Header (ok)
[2022-12-16 21:56:05] INFO     BIST:Header (ok)
[2022-12-16 21:56:17] INFO     BIST:Header (ok)
[2022-12-16 21:56:28] INFO     BIST:Header (ok)
[2022-12-16 21:56:40] INFO     BIST:Header (ok)
[2022-12-16 21:56:51] INFO     BIST:Header (ok)
[2022-12-16 21:57:03] INFO     BIST:Header (ok)
[2022-12-16 21:57:15] INFO     BIST:Header (ok)
[2022-12-16 21:57:26] INFO     BIST:Header (ok)
[2022-12-16 21:57:38] INFO     BIST:Header (ok)
[2022-12-16 21:57:49] INFO     BIST:Header (ok)
[2022-12-16 21:58:01] INFO     BIST:Header (ok)
[2022-12-16 21:58:13] INFO     BIST:Header (ok)
[2022-12-16 21:58:24] INFO     BIST:Header (ok)
[2022-12-16 21:58:36] INFO     BIST:Header (ok)
[2022-12-16 21:58:47] INFO     BIST:Header (ok)
[2022-12-16 21:58:59] INFO     BIST:Header (ok)
[2022-12-16 21:59:11] INFO     BIST:Header (ok)
[2022-12-16 21:59:22] INFO     BIST:Header (ok)
[2022-12-16 21:59:34] INFO     BIST:Header (ok)
[2022-12-16 21:59:46] INFO     BIST:Header (ok)
[2022-12-16 21:59:57] INFO     BIST:Header (ok)
[2022-12-16 22:00:09] INFO     BIST:Header (ok)
[2022-12-16 22:00:20] INFO     BIST:Header (ok)
[2022-12-16 22:00:32] INFO     BIST:Header (ok)
[2022-12-16 22:00:44] INFO     BIST:Header (ok)
[2022-12-16 22:00:55] INFO     BIST:Header (ok)
[2022-12-16 22:01:07] INFO     BIST:Header (ok)
[2022-12-16 22:01:18] INFO     BIST:Header (ok)
[2022-12-16 22:01:30] INFO     BIST:Header (ok)
[2022-12-16 22:01:42] INFO     BIST:Header (ok)
[2022-12-16 22:01:53] INFO     BIST:Header (ok)
[2022-12-16 22:02:05] INFO     BIST:Header (ok)
[2022-12-16 22:02:17] INFO     BIST:Header (ok)
[2022-12-16 22:02:28] INFO     BIST:Header (ok)
[2022-12-16 22:02:40] INFO     BIST:Header (ok)
[2022-12-16 22:02:51] INFO     BIST:Header (ok)
[2022-12-16 22:03:03] INFO     BIST:Header (ok)
[2022-12-16 22:03:15] INFO     BIST:Header (ok)
[2022-12-16 22:03:26] INFO     BIST:Header (ok)
[2022-12-16 22:03:38] INFO     BIST:Header (ok)
[2022-12-16 22:03:49] INFO     BIST:Header (ok)
[2022-12-16 22:04:01] INFO     BIST:Header (ok)
[2022-12-16 22:04:13] INFO     BIST:Header (ok)
[2022-12-16 22:04:24] INFO     BIST:Header (ok)
[2022-12-16 22:04:36] INFO     BIST:Header (ok)
[2022-12-16 22:04:47] INFO     BIST:Header (ok)
[2022-12-16 22:04:59] INFO     BIST:Header (ok)
[2022-12-16 22:05:11] INFO     BIST:Header (ok)
[2022-12-16 22:05:22] INFO     BIST:Header (ok)
[2022-12-16 22:05:34] INFO     BIST:Header (ok)
[2022-12-16 22:05:46] INFO     BIST:Header (ok)
[2022-12-16 22:05:57] INFO     BIST:Header (ok)
[2022-12-16 22:06:09] INFO     BIST:Header (ok)
[2022-12-16 22:06:20] INFO     BIST:Header (ok)
[2022-12-16 22:06:32] INFO     BIST:Header (ok)
[2022-12-16 22:06:44] INFO     BIST:Header (ok)
[2022-12-16 22:06:55] INFO     BIST:Header (ok)
[2022-12-16 22:07:07] INFO     BIST:Header (ok)
[2022-12-16 22:07:18] INFO     BIST:Header (ok)
[2022-12-16 22:07:30] INFO     BIST:Header (ok)
[2022-12-16 22:07:42] INFO     BIST:Header (ok)
[2022-12-16 22:07:53] INFO     BIST:Header (ok)
[2022-12-16 22:08:05] INFO     BIST:Header (ok)
[2022-12-16 22:08:17] INFO     BIST:Header (ok)
[2022-12-16 22:08:28] INFO     BIST:Header (ok)
[2022-12-16 22:08:40] INFO     BIST:Header (ok)
[2022-12-16 22:08:51] INFO     BIST:Header (ok)
[2022-12-16 22:09:03] INFO     BIST:Header (ok)
[2022-12-16 22:09:15] INFO     BIST:Header (ok)
[2022-12-16 22:09:26] INFO     BIST:Header (ok)
[2022-12-16 22:09:38] INFO     BIST:Header (ok)
[2022-12-16 22:09:49] INFO     BIST:Header (ok)
[2022-12-16 22:10:01] INFO     BIST:Header (ok)
[2022-12-16 22:10:13] INFO     BIST:Header (ok)
[2022-12-16 22:10:24] INFO     BIST:Header (ok)
[2022-12-16 22:10:36] INFO     BIST:Header (ok)
[2022-12-16 22:10:47] INFO     BIST:Header (ok)
[2022-12-16 22:10:59] INFO     BIST:Header (ok)
[2022-12-16 22:11:11] INFO     BIST:Header (ok)
[2022-12-16 22:11:22] INFO     BIST:Header (ok)
[2022-12-16 22:11:34] INFO     BIST:Header (ok)
[2022-12-16 22:11:46] INFO     BIST:Header (ok)
[2022-12-16 22:11:57] INFO     BIST:Header (ok)
[2022-12-16 22:12:09] INFO     BIST:Header (ok)
[2022-12-16 22:12:20] INFO     BIST:Header (ok)
[2022-12-16 22:12:32] INFO     BIST:Header (ok)
[2022-12-16 22:12:44] INFO     BIST:Header (ok)
[2022-12-16 22:12:55] INFO     BIST:Header (ok)
[2022-12-16 22:13:07] INFO     BIST:Header (ok)
[2022-12-16 22:13:18] INFO     BIST:Header (ok)
[2022-12-16 22:13:30] INFO     BIST:Header (ok)
[2022-12-16 22:13:42] INFO     BIST:Header (ok)
[2022-12-16 22:13:53] INFO     BIST:Header (ok)
[2022-12-16 22:14:05] INFO     BIST:Header (ok)
[2022-12-16 22:14:16] INFO     BIST:Header (ok)
[2022-12-16 22:14:28] INFO     BIST:Header (ok)
[2022-12-16 22:14:40] INFO     BIST:Header (ok)
[2022-12-16 22:14:51] INFO     BIST:Header (ok)
[2022-12-16 22:15:03] INFO     BIST:Header (ok)
[2022-12-16 22:15:15] INFO     BIST:Header (ok)
[2022-12-16 22:15:26] INFO     BIST:Header (ok)
[2022-12-16 22:15:38] INFO     BIST:Header (ok)
[2022-12-16 22:15:49] INFO     BIST:Header (ok)
[2022-12-16 22:16:01] INFO     BIST:Header (ok)
[2022-12-16 22:16:13] INFO     BIST:Header (ok)
[2022-12-16 22:16:24] INFO     BIST:Header (ok)
[2022-12-16 22:16:36] INFO     BIST:Header (ok)
[2022-12-16 22:16:47] INFO     BIST:Header (ok)
[2022-12-16 22:16:59] INFO     BIST:Header (ok)
[2022-12-16 22:17:11] INFO     BIST:Header (ok)
[2022-12-16 22:17:22] INFO     BIST:Header (ok)
[2022-12-16 22:17:34] INFO     BIST:Header (ok)
[2022-12-16 22:17:45] INFO     BIST:Header (ok)
[2022-12-16 22:17:57] INFO     BIST:Header (ok)
[2022-12-16 22:18:09] INFO     BIST:Header (ok)
[2022-12-16 22:18:20] INFO     BIST:Header (ok)
[2022-12-16 22:18:32] INFO     BIST:Header (ok)
[2022-12-16 22:18:44] INFO     BIST:Header (ok)
[2022-12-16 22:18:55] INFO     BIST:Header (ok)
[2022-12-16 22:19:07] INFO     BIST:Header (ok)
[2022-12-16 22:19:18] INFO     BIST:Header (ok)
[2022-12-16 22:19:30] INFO     BIST:Header (ok)
[2022-12-16 22:19:42] INFO     BIST:Header (ok)
[2022-12-16 22:19:53] INFO     BIST:Header (ok)
[2022-12-16 22:20:05] INFO     BIST:Header (ok)
[2022-12-16 22:20:16] INFO     BIST:Header (ok)
[2022-12-16 22:20:28] INFO     BIST:Header (ok)
[2022-12-16 22:20:40] INFO     BIST:Header (ok)
[2022-12-16 22:20:51] INFO     BIST:Header (ok)
[2022-12-16 22:21:03] INFO     BIST:Header (ok)
[2022-12-16 22:21:14] INFO     BIST:Header (ok)
[2022-12-16 22:21:26] INFO     BIST:Header (ok)
[2022-12-16 22:21:38] INFO     BIST:Header (ok)
[2022-12-16 22:21:49] INFO     BIST:Header (ok)
[2022-12-16 22:22:01] INFO     BIST:Header (ok)
[2022-12-16 22:22:13] INFO     BIST:Header (ok)
[2022-12-16 22:22:24] INFO     BIST:Header (ok)
[2022-12-16 22:22:36] INFO     BIST:Header (ok)
[2022-12-16 22:22:47] INFO     BIST:Header (ok)
[2022-12-16 22:22:59] INFO     BIST:Header (ok)
[2022-12-16 22:23:11] INFO     BIST:Header (ok)
[2022-12-16 22:23:22] INFO     BIST:Header (ok)
[2022-12-16 22:23:34] INFO     BIST:Header (ok)
[2022-12-16 22:23:45] INFO     BIST:Header (ok)
[2022-12-16 22:23:57] INFO     BIST:Header (ok)
[2022-12-16 22:24:09] INFO     BIST:Header (ok)
[2022-12-16 22:24:20] INFO     BIST:Header (ok)
[2022-12-16 22:24:32] INFO     BIST:Header (ok)
[2022-12-16 22:24:44] INFO     BIST:Header (ok)
[2022-12-16 22:24:55] INFO     BIST:Header (ok)
[2022-12-16 22:25:07] INFO     BIST:Header (ok)
[2022-12-16 22:25:18] INFO     BIST:Header (ok)
[2022-12-16 22:25:30] INFO     BIST:Header (ok)
[2022-12-16 22:25:42] INFO     BIST:Header (ok)
[2022-12-16 22:25:53] INFO     BIST:Header (ok)
[2022-12-16 22:26:05] INFO     BIST:Header (ok)
[2022-12-16 22:26:16] INFO     BIST:Header (ok)
[2022-12-16 22:26:28] INFO     BIST:Header (ok)
[2022-12-16 22:26:40] INFO     BIST:Header (ok)
[2022-12-16 22:26:51] INFO     BIST:Header (ok)
[2022-12-16 22:27:03] INFO     BIST:Header (ok)
[2022-12-16 22:27:14] INFO     BIST:Header (ok)
[2022-12-16 22:27:26] INFO     BIST:Header (ok)
[2022-12-16 22:27:38] INFO     BIST:Header (ok)
[2022-12-16 22:27:49] INFO     BIST:Header (ok)
[2022-12-16 22:28:01] INFO     BIST:Header (ok)
[2022-12-16 22:28:13] INFO     BIST:Header (ok)
[2022-12-16 22:28:24] INFO     BIST:Header (ok)
[2022-12-16 22:28:36] INFO     BIST:Header (ok)
[2022-12-16 22:28:47] INFO     BIST:Header (ok)
[2022-12-16 22:28:59] INFO     BIST:Header (ok)
[2022-12-16 22:29:11] INFO     BIST:Header (ok)
[2022-12-16 22:29:22] INFO     BIST:Header (ok)
[2022-12-16 22:29:34] INFO     BIST:Header (ok)
[2022-12-16 22:29:45] INFO     BIST:Header (ok)
[2022-12-16 22:29:57] INFO     BIST:Header (ok)
[2022-12-16 22:30:09] INFO     BIST:Header (ok)
[2022-12-16 22:30:20] INFO     BIST:Header (ok)
[2022-12-16 22:30:32] INFO     BIST:Header (ok)
[2022-12-16 22:30:43] INFO     BIST:Header (ok)
[2022-12-16 22:30:55] INFO     BIST:Header (ok)
[2022-12-16 22:31:07] INFO     BIST:Header (ok)
[2022-12-16 22:31:18] INFO     BIST:Header (ok)
[2022-12-16 22:31:30] INFO     BIST:Header (ok)
[2022-12-16 22:31:42] INFO     BIST:Header (ok)
[2022-12-16 22:31:53] INFO     BIST:Header (ok)
[2022-12-16 22:32:05] INFO     BIST:Header (ok)
[2022-12-16 22:32:16] INFO     BIST:Header (ok)
[2022-12-16 22:32:28] INFO     BIST:Header (ok)
[2022-12-16 22:32:40] INFO     BIST:Header (ok)
[2022-12-16 22:32:51] INFO     BIST:Header (ok)
[2022-12-16 22:33:03] INFO     BIST:Header (ok)
[2022-12-16 22:33:14] INFO     BIST:Header (ok)
[2022-12-16 22:33:26] INFO     BIST:Header (ok)
[2022-12-16 22:33:38] INFO     BIST:Header (ok)
[2022-12-16 22:33:49] INFO     BIST:Header (ok)
[2022-12-16 22:34:01] INFO     BIST:Header (ok)
[2022-12-16 22:34:12] INFO     BIST:Header (ok)
[2022-12-16 22:34:24] INFO     BIST:Header (ok)
[2022-12-16 22:34:36] INFO     BIST:Header (ok)
[2022-12-16 22:34:47] INFO     BIST:Header (ok)
[2022-12-16 22:34:59] INFO     BIST:Header (ok)
[2022-12-16 22:35:11] INFO     BIST:Header (ok)
[2022-12-16 22:35:22] INFO     BIST:Header (ok)
[2022-12-16 22:35:34] INFO     BIST:Header (ok)
[2022-12-16 22:35:45] INFO     BIST:Header (ok)
[2022-12-16 22:35:57] INFO     BIST:Header (ok)
[2022-12-16 22:36:09] INFO     BIST:Header (ok)
[2022-12-16 22:36:20] INFO     BIST:Header (ok)
[2022-12-16 22:36:32] INFO     BIST:Header (ok)
[2022-12-16 22:36:43] INFO     BIST:Header (ok)
[2022-12-16 22:36:55] INFO     BIST:Header (ok)
[2022-12-16 22:37:07] INFO     BIST:Header (ok)
[2022-12-16 22:37:18] INFO     BIST:Header (ok)
[2022-12-16 22:37:30] INFO     BIST:Header (ok)
[2022-12-16 22:37:42] INFO     BIST:Header (ok)
[2022-12-16 22:37:53] INFO     BIST:Header (ok)
[2022-12-16 22:38:05] INFO     BIST:Header (ok)
[2022-12-16 22:38:16] INFO     BIST:Header (ok)
[2022-12-16 22:38:28] INFO     BIST:Header (ok)
[2022-12-16 22:38:40] INFO     BIST:Header (ok)
[2022-12-16 22:38:51] INFO     BIST:Header (ok)
[2022-12-16 22:39:03] INFO     BIST:Header (ok)
[2022-12-16 22:39:14] INFO     BIST:Header (ok)
[2022-12-16 22:39:26] INFO     BIST:Header (ok)
[2022-12-16 22:39:38] INFO     BIST:Header (ok)
[2022-12-16 22:39:49] INFO     BIST:Header (ok)
[2022-12-16 22:40:01] INFO     BIST:Header (ok)
[2022-12-16 22:40:12] INFO     BIST:Header (ok)
[2022-12-16 22:40:24] INFO     BIST:Header (ok)
[2022-12-16 22:40:36] INFO     BIST:Header (ok)
[2022-12-16 22:40:47] INFO     BIST:Header (ok)
[2022-12-16 22:40:59] INFO     BIST:Header (ok)
[2022-12-16 22:41:11] INFO     BIST:Header (ok)
[2022-12-16 22:41:22] INFO     BIST:Header (ok)
[2022-12-16 22:41:34] INFO     BIST:Header (ok)
[2022-12-16 22:41:45] INFO     BIST:Header (ok)
[2022-12-16 22:41:57] INFO     BIST:Header (ok)
[2022-12-16 22:42:09] INFO     BIST:Header (ok)
[2022-12-16 22:42:20] INFO     BIST:Header (ok)
[2022-12-16 22:42:32] INFO     BIST:Header (ok)
[2022-12-16 22:42:43] INFO     BIST:Header (ok)
[2022-12-16 22:42:55] INFO     BIST:Header (ok)
[2022-12-16 22:43:07] INFO     BIST:Header (ok)
[2022-12-16 22:43:18] INFO     BIST:Header (ok)
[2022-12-16 22:43:30] INFO     BIST:Header (ok)
[2022-12-16 22:43:42] INFO     BIST:Header (ok)
[2022-12-16 22:43:53] INFO     BIST:Header (ok)
[2022-12-16 22:44:05] INFO     BIST:Header (ok)
[2022-12-16 22:44:16] INFO     BIST:Header (ok)
[2022-12-16 22:44:28] INFO     BIST:Header (ok)
[2022-12-16 22:44:40] INFO     BIST:Header (ok)
[2022-12-16 22:44:51] INFO     BIST:Header (ok)
[2022-12-16 22:45:03] INFO     BIST:Header (ok)
[2022-12-16 22:45:14] INFO     BIST:Header (ok)
[2022-12-16 22:45:26] INFO     BIST:Header (ok)
[2022-12-16 22:45:38] INFO     BIST:Header (ok)
[2022-12-16 22:45:49] INFO     BIST:Header (ok)
[2022-12-16 22:46:01] INFO     BIST:Header (ok)
[2022-12-16 22:46:12] INFO     BIST:Header (ok)
[2022-12-16 22:46:24] INFO     BIST:Header (ok)
[2022-12-16 22:46:36] INFO     BIST:Header (ok)
[2022-12-16 22:46:47] INFO     BIST:Header (ok)
[2022-12-16 22:46:59] INFO     BIST:Header (ok)
[2022-12-16 22:47:11] INFO     BIST:Header (ok)
[2022-12-16 22:47:22] INFO     BIST:Header (ok)
[2022-12-16 22:47:34] INFO     BIST:Header (ok)
[2022-12-16 22:47:45] INFO     BIST:Header (ok)
[2022-12-16 22:47:57] INFO     BIST:Header (ok)
[2022-12-16 22:48:09] INFO     BIST:Header (ok)
[2022-12-16 22:48:20] INFO     BIST:Header (ok)
[2022-12-16 22:48:32] INFO     BIST:Header (ok)
[2022-12-16 22:48:43] INFO     BIST:Header (ok)
[2022-12-16 22:48:55] INFO     BIST:Header (ok)
[2022-12-16 22:49:07] INFO     BIST:Header (ok)
[2022-12-16 22:49:18] INFO     BIST:Header (ok)
[2022-12-16 22:49:30] INFO     BIST:Header (ok)
[2022-12-16 22:49:41] INFO     BIST:Header (ok)
[2022-12-16 22:49:53] INFO     BIST:Header (ok)
[2022-12-16 22:50:05] INFO     BIST:Header (ok)
[2022-12-16 22:50:16] INFO     BIST:Header (ok)
[2022-12-16 22:50:28] INFO     BIST:Header (ok)
[2022-12-16 22:50:40] INFO     BIST:Header (ok)
[2022-12-16 22:50:51] INFO     BIST:Header (ok)
[2022-12-16 22:51:03] INFO     BIST:Header (ok)
[2022-12-16 22:51:14] INFO     BIST:Header (ok)
[2022-12-16 22:51:26] INFO     BIST:Header (ok)
[2022-12-16 22:51:38] INFO     BIST:Header (ok)
[2022-12-16 22:51:49] INFO     BIST:Header (ok)
[2022-12-16 22:52:01] INFO     BIST:Header (ok)
[2022-12-16 22:52:12] INFO     BIST:Header (ok)
[2022-12-16 22:52:24] INFO     BIST:Header (ok)
[2022-12-16 22:52:36] INFO     BIST:Header (ok)
[2022-12-16 22:52:47] INFO     BIST:Header (ok)
[2022-12-16 22:52:59] INFO     BIST:Header (ok)
[2022-12-16 22:53:11] INFO     BIST:Header (ok)
[2022-12-16 22:53:22] INFO     BIST:Header (ok)
[2022-12-16 22:53:34] INFO     BIST:Header (ok)
[2022-12-16 22:53:45] INFO     BIST:Header (ok)
[2022-12-16 22:53:57] INFO     BIST:Header (ok)
[2022-12-16 22:54:09] INFO     BIST:Header (ok)
[2022-12-16 22:54:20] INFO     BIST:Header (ok)
[2022-12-16 22:54:32] INFO     BIST:Header (ok)
[2022-12-16 22:54:43] INFO     BIST:Header (ok)
[2022-12-16 22:54:55] INFO     BIST:Header (ok)
[2022-12-16 22:55:07] INFO     BIST:Header (ok)
[2022-12-16 22:55:18] INFO     BIST:Header (ok)
[2022-12-16 22:55:30] INFO     BIST:Header (ok)
[2022-12-16 22:55:41] INFO     BIST:Header (ok)
[2022-12-16 22:55:53] INFO     BIST:Header (ok)
[2022-12-16 22:56:05] INFO     BIST:Header (ok)
[2022-12-16 22:56:16] INFO     BIST:Header (ok)
[2022-12-16 22:56:28] INFO     BIST:Header (ok)
[2022-12-16 22:56:40] INFO     BIST:Header (ok)
[2022-12-16 22:56:51] INFO     BIST:Header (ok)
[2022-12-16 22:57:03] INFO     BIST:Header (ok)
[2022-12-16 22:57:14] INFO     BIST:Header (ok)
[2022-12-16 22:57:26] INFO     BIST:Header (ok)
[2022-12-16 22:57:38] INFO     BIST:Header (ok)
[2022-12-16 22:57:49] INFO     BIST:Header (ok)
[2022-12-16 22:58:01] INFO     BIST:Header (ok)
[2022-12-16 22:58:12] INFO     BIST:Header (ok)
[2022-12-16 22:58:24] INFO     BIST:Header (ok)
[2022-12-16 22:58:36] INFO     BIST:Header (ok)
[2022-12-16 22:58:47] INFO     BIST:Header (ok)
[2022-12-16 22:58:59] INFO     BIST:Header (ok)
[2022-12-16 22:59:10] INFO     BIST:Header (ok)
[2022-12-16 22:59:22] INFO     BIST:Header (ok)
[2022-12-16 22:59:34] INFO     BIST:Header (ok)
[2022-12-16 22:59:45] INFO     BIST:Header (ok)
[2022-12-16 22:59:57] INFO     BIST:Header (ok)
[2022-12-16 23:00:09] INFO     BIST:Header (ok)
[2022-12-16 23:00:20] INFO     BIST:Header (ok)
[2022-12-16 23:00:32] INFO     BIST:Header (ok)
[2022-12-16 23:00:43] INFO     BIST:Header (ok)
[2022-12-16 23:00:55] INFO     BIST:Header (ok)
[2022-12-16 23:01:07] INFO     BIST:Header (ok)
[2022-12-16 23:01:18] INFO     BIST:Header (ok)
[2022-12-16 23:01:30] INFO     BIST:Header (ok)
[2022-12-16 23:01:41] INFO     BIST:Header (ok)
[2022-12-16 23:01:53] INFO     BIST:Header (ok)
[2022-12-16 23:02:05] INFO     BIST:Header (ok)
[2022-12-16 23:02:16] INFO     BIST:Header (ok)
[2022-12-16 23:02:28] INFO     BIST:Header (ok)
[2022-12-16 23:02:39] INFO     BIST:Header (ok)
[2022-12-16 23:02:51] INFO     BIST:Header (ok)
[2022-12-16 23:03:03] INFO     BIST:Header (ok)
[2022-12-16 23:03:14] INFO     BIST:Header (ok)
[2022-12-16 23:03:26] INFO     BIST:Header (ok)
[2022-12-16 23:03:38] INFO     BIST:Header (ok)
[2022-12-16 23:03:49] INFO     BIST:Header (ok)
[2022-12-16 23:04:01] INFO     BIST:Header (ok)
[2022-12-16 23:04:12] INFO     BIST:Header (ok)
[2022-12-16 23:04:24] INFO     BIST:Header (ok)
[2022-12-16 23:04:36] INFO     BIST:Header (ok)
[2022-12-16 23:04:47] INFO     BIST:Header (ok)
[2022-12-16 23:04:59] INFO     BIST:Header (ok)
[2022-12-16 23:05:10] INFO     BIST:Header (ok)
[2022-12-16 23:05:22] INFO     BIST:Header (ok)
[2022-12-16 23:05:34] INFO     BIST:Header (ok)
[2022-12-16 23:05:45] INFO     BIST:Header (ok)
[2022-12-16 23:05:57] INFO     BIST:Header (ok)
[2022-12-16 23:06:09] INFO     BIST:Header (ok)
[2022-12-16 23:06:20] INFO     BIST:Header (ok)
[2022-12-16 23:06:32] INFO     BIST:Header (ok)
[2022-12-16 23:06:43] INFO     BIST:Header (ok)
[2022-12-16 23:06:55] INFO     BIST:Header (ok)
[2022-12-16 23:07:07] INFO     BIST:Header (ok)
[2022-12-16 23:07:18] INFO     BIST:Header (ok)
[2022-12-16 23:07:30] INFO     BIST:Header (ok)
[2022-12-16 23:07:41] INFO     BIST:Header (ok)
[2022-12-16 23:07:53] INFO     BIST:Header (ok)
[2022-12-16 23:08:05] INFO     BIST:Header (ok)
[2022-12-16 23:08:16] INFO     BIST:Header (ok)
[2022-12-16 23:08:28] INFO     BIST:Header (ok)
[2022-12-16 23:08:39] INFO     BIST:Header (ok)
[2022-12-16 23:08:51] INFO     BIST:Header (ok)
[2022-12-16 23:09:03] INFO     BIST:Header (ok)
[2022-12-16 23:09:14] INFO     BIST:Header (ok)
[2022-12-16 23:09:26] INFO     BIST:Header (ok)
[2022-12-16 23:09:38] INFO     BIST:Header (ok)
[2022-12-16 23:09:49] INFO     BIST:Header (ok)
[2022-12-16 23:10:01] INFO     BIST:Header (ok)
[2022-12-16 23:10:12] INFO     BIST:Header (ok)
[2022-12-16 23:10:24] INFO     BIST:Header (ok)
[2022-12-16 23:10:36] INFO     BIST:Header (ok)
[2022-12-16 23:10:47] INFO     BIST:Header (ok)
[2022-12-16 23:10:59] INFO     BIST:Header (ok)
[2022-12-16 23:11:10] INFO     BIST:Header (ok)
[2022-12-16 23:11:22] INFO     BIST:Header (ok)
[2022-12-16 23:11:34] INFO     BIST:Header (ok)
[2022-12-16 23:11:45] INFO     BIST:Header (ok)
[2022-12-16 23:11:57] INFO     BIST:Header (ok)
[2022-12-16 23:12:09] INFO     BIST:Header (ok)
[2022-12-16 23:12:20] INFO     BIST:Header (ok)
[2022-12-16 23:12:32] INFO     BIST:Header (ok)
[2022-12-16 23:12:43] INFO     BIST:Header (ok)
[2022-12-16 23:12:55] INFO     BIST:Header (ok)
[2022-12-16 23:13:07] INFO     BIST:Header (ok)
[2022-12-16 23:13:18] INFO     BIST:Header (ok)
[2022-12-16 23:13:30] INFO     BIST:Header (ok)
[2022-12-16 23:13:41] INFO     BIST:Header (ok)
[2022-12-16 23:13:53] INFO     BIST:Header (ok)
[2022-12-16 23:14:05] INFO     BIST:Header (ok)
[2022-12-16 23:14:16] INFO     BIST:Header (ok)
[2022-12-16 23:14:28] INFO     BIST:Header (ok)
[2022-12-16 23:14:39] INFO     BIST:Header (ok)
[2022-12-16 23:14:51] INFO     BIST:Header (ok)
[2022-12-16 23:15:03] INFO     BIST:Header (ok)
[2022-12-16 23:15:14] INFO     BIST:Header (ok)
[2022-12-16 23:15:26] INFO     BIST:Header (ok)
[2022-12-16 23:15:38] INFO     BIST:Header (ok)
[2022-12-16 23:15:49] INFO     BIST:Header (ok)
[2022-12-16 23:16:01] INFO     BIST:Header (ok)
[2022-12-16 23:16:12] INFO     BIST:Header (ok)
[2022-12-16 23:16:24] INFO     BIST:Header (ok)
[2022-12-16 23:16:36] INFO     BIST:Header (ok)
[2022-12-16 23:16:47] INFO     BIST:Header (ok)
[2022-12-16 23:16:59] INFO     BIST:Header (ok)
[2022-12-16 23:17:10] INFO     BIST:Header (ok)
[2022-12-16 23:17:22] INFO     BIST:Header (ok)
[2022-12-16 23:17:34] INFO     BIST:Header (ok)
[2022-12-16 23:17:45] INFO     BIST:Header (ok)
[2022-12-16 23:17:57] INFO     BIST:Header (ok)
[2022-12-16 23:18:09] INFO     BIST:Header (ok)
[2022-12-16 23:18:20] INFO     BIST:Header (ok)
[2022-12-16 23:18:32] INFO     BIST:Header (ok)
[2022-12-16 23:18:43] INFO     BIST:Header (ok)
[2022-12-16 23:18:55] INFO     BIST:Header (ok)
[2022-12-16 23:19:07] INFO     BIST:Header (ok)
[2022-12-16 23:19:18] INFO     BIST:Header (ok)
[2022-12-16 23:19:30] INFO     BIST:Header (ok)
[2022-12-16 23:19:41] INFO     BIST:Header (ok)
[2022-12-16 23:19:53] INFO     BIST:Header (ok)
[2022-12-16 23:20:05] INFO     BIST:Header (ok)
[2022-12-16 23:20:16] INFO     BIST:Header (ok)
[2022-12-16 23:20:28] INFO     BIST:Header (ok)
[2022-12-16 23:20:39] INFO     BIST:Header (ok)
[2022-12-16 23:20:51] INFO     BIST:Header (ok)
[2022-12-16 23:21:03] INFO     BIST:Header (ok)
[2022-12-16 23:21:14] INFO     BIST:Header (ok)
[2022-12-16 23:21:26] INFO     BIST:Header (ok)
[2022-12-16 23:21:38] INFO     BIST:Header (ok)
[2022-12-16 23:21:49] INFO     BIST:Header (ok)
[2022-12-16 23:22:01] INFO     BIST:Header (ok)
[2022-12-16 23:22:12] INFO     BIST:Header (ok)
[2022-12-16 23:22:24] INFO     BIST:Header (ok)
[2022-12-16 23:22:36] INFO     BIST:Header (ok)
[2022-12-16 23:22:47] INFO     BIST:Header (ok)
[2022-12-16 23:22:59] INFO     BIST:Header (ok)
[2022-12-16 23:23:10] INFO     BIST:Header (ok)
[2022-12-16 23:23:22] INFO     BIST:Header (ok)
[2022-12-16 23:23:34] INFO     BIST:Header (ok)
[2022-12-16 23:23:45] INFO     BIST:Header (ok)
[2022-12-16 23:23:57] INFO     BIST:Header (ok)
[2022-12-16 23:24:08] INFO     BIST:Header (ok)
[2022-12-16 23:24:20] INFO     BIST:Header (ok)
[2022-12-16 23:24:32] INFO     BIST:Header (ok)
[2022-12-16 23:24:43] INFO     BIST:Header (ok)
[2022-12-16 23:24:55] INFO     BIST:Header (ok)
[2022-12-16 23:25:07] INFO     BIST:Header (ok)
[2022-12-16 23:25:18] INFO     BIST:Header (ok)
[2022-12-16 23:25:30] INFO     BIST:Header (ok)
[2022-12-16 23:25:41] INFO     BIST:Header (ok)
[2022-12-16 23:25:53] INFO     BIST:Header (ok)
[2022-12-16 23:26:05] INFO     BIST:Header (ok)
[2022-12-16 23:26:16] INFO     BIST:Header (ok)
[2022-12-16 23:26:28] INFO     BIST:Header (ok)
[2022-12-16 23:26:39] INFO     BIST:Header (ok)
[2022-12-16 23:26:51] INFO     BIST:Header (ok)
[2022-12-16 23:27:03] INFO     BIST:Header (ok)
[2022-12-16 23:27:14] INFO     BIST:Header (ok)
[2022-12-16 23:27:26] INFO     BIST:Header (ok)
[2022-12-16 23:27:38] INFO     BIST:Header (ok)
[2022-12-16 23:27:49] INFO     BIST:Header (ok)
[2022-12-16 23:28:01] INFO     BIST:Header (ok)
[2022-12-16 23:28:12] INFO     BIST:Header (ok)
[2022-12-16 23:28:24] INFO     BIST:Header (ok)
[2022-12-16 23:28:36] INFO     BIST:Header (ok)
[2022-12-16 23:28:47] INFO     BIST:Header (ok)
[2022-12-16 23:28:59] INFO     BIST:Header (ok)
[2022-12-16 23:29:10] INFO     BIST:Header (ok)
[2022-12-16 23:29:22] INFO     BIST:Header (ok)
[2022-12-16 23:29:34] INFO     BIST:Header (ok)
[2022-12-16 23:29:45] INFO     BIST:Header (ok)
[2022-12-16 23:29:57] INFO     BIST:Header (ok)
[2022-12-16 23:30:08] INFO     BIST:Header (ok)
[2022-12-16 23:30:20] INFO     BIST:Header (ok)
[2022-12-16 23:30:32] INFO     BIST:Header (ok)
[2022-12-16 23:30:43] INFO     BIST:Header (ok)
[2022-12-16 23:30:55] INFO     BIST:Header (ok)
[2022-12-16 23:31:07] INFO     BIST:Header (ok)
[2022-12-16 23:31:18] INFO     BIST:Header (ok)
[2022-12-16 23:31:30] INFO     BIST:Header (ok)
[2022-12-16 23:31:41] INFO     BIST:Header (ok)
[2022-12-16 23:31:53] INFO     BIST:Header (ok)
[2022-12-16 23:32:05] INFO     BIST:Header (ok)
[2022-12-16 23:32:16] INFO     BIST:Header (ok)
[2022-12-16 23:32:28] INFO     BIST:Header (ok)
[2022-12-16 23:32:39] INFO     BIST:Header (ok)
[2022-12-16 23:32:51] INFO     BIST:Header (ok)
[2022-12-16 23:33:03] INFO     BIST:Header (ok)
[2022-12-16 23:33:14] INFO     BIST:Header (ok)
[2022-12-16 23:33:26] INFO     BIST:Header (ok)
[2022-12-16 23:33:37] INFO     BIST:Header (ok)
[2022-12-16 23:33:49] INFO     BIST:Header (ok)
[2022-12-16 23:34:01] INFO     BIST:Header (ok)
[2022-12-16 23:34:12] INFO     BIST:Header (ok)
[2022-12-16 23:34:24] INFO     BIST:Header (ok)
[2022-12-16 23:34:36] INFO     BIST:Header (ok)
[2022-12-16 23:34:47] INFO     BIST:Header (ok)
[2022-12-16 23:34:59] INFO     BIST:Header (ok)
[2022-12-16 23:35:10] INFO     BIST:Header (ok)
[2022-12-16 23:35:22] INFO     BIST:Header (ok)
[2022-12-16 23:35:34] INFO     BIST:Header (ok)
[2022-12-16 23:35:45] INFO     BIST:Header (ok)
[2022-12-16 23:35:57] INFO     BIST:Header (ok)
[2022-12-16 23:36:08] INFO     BIST:Header (ok)
[2022-12-16 23:36:20] INFO     BIST:Header (ok)
[2022-12-16 23:36:32] INFO     BIST:Header (ok)
[2022-12-16 23:36:43] INFO     BIST:Header (ok)
[2022-12-16 23:36:55] INFO     BIST:Header (ok)
[2022-12-16 23:37:07] INFO     BIST:Header (ok)
[2022-12-16 23:37:18] INFO     BIST:Header (ok)
[2022-12-16 23:37:30] INFO     BIST:Header (ok)
[2022-12-16 23:37:41] INFO     BIST:Header (ok)
[2022-12-16 23:37:53] INFO     BIST:Header (ok)
[2022-12-16 23:38:05] INFO     BIST:Header (ok)
[2022-12-16 23:38:16] INFO     BIST:Header (ok)
[2022-12-16 23:38:28] INFO     BIST:Header (ok)
[2022-12-16 23:38:39] INFO     BIST:Header (ok)
[2022-12-16 23:38:51] INFO     BIST:Header (ok)
[2022-12-16 23:39:03] INFO     BIST:Header (ok)
[2022-12-16 23:39:14] INFO     BIST:Header (ok)
[2022-12-16 23:39:26] INFO     BIST:Header (ok)
[2022-12-16 23:39:37] INFO     BIST:Header (ok)
[2022-12-16 23:39:49] INFO     BIST:Header (ok)
[2022-12-16 23:40:01] INFO     BIST:Header (ok)
[2022-12-16 23:40:12] INFO     BIST:Header (ok)
[2022-12-16 23:40:24] INFO     BIST:Header (ok)
[2022-12-16 23:40:36] INFO     BIST:Header (ok)
[2022-12-16 23:40:47] INFO     BIST:Header (ok)
[2022-12-16 23:40:59] INFO     BIST:Header (ok)
[2022-12-16 23:41:10] INFO     BIST:Header (ok)
[2022-12-16 23:41:22] INFO     BIST:Header (ok)
[2022-12-16 23:41:34] INFO     BIST:Header (ok)
[2022-12-16 23:41:45] INFO     BIST:Header (ok)
[2022-12-16 23:41:57] INFO     BIST:Header (ok)
[2022-12-16 23:42:08] INFO     BIST:Header (ok)
[2022-12-16 23:42:20] INFO     BIST:Header (ok)
[2022-12-16 23:42:32] INFO     BIST:Header (ok)
[2022-12-16 23:42:43] INFO     BIST:Header (ok)
[2022-12-16 23:42:55] INFO     BIST:Header (ok)
[2022-12-16 23:43:06] INFO     BIST:Header (ok)
[2022-12-16 23:43:18] INFO     BIST:Header (ok)
[2022-12-16 23:43:30] INFO     BIST:Header (ok)
[2022-12-16 23:43:41] INFO     BIST:Header (ok)
[2022-12-16 23:43:53] INFO     BIST:Header (ok)
[2022-12-16 23:44:05] INFO     BIST:Header (ok)
[2022-12-16 23:44:16] INFO     BIST:Header (ok)
[2022-12-16 23:44:28] INFO     BIST:Header (ok)
[2022-12-16 23:44:39] INFO     BIST:Header (ok)
[2022-12-16 23:44:51] INFO     BIST:Header (ok)
[2022-12-16 23:45:03] INFO     BIST:Header (ok)
[2022-12-16 23:45:14] INFO     BIST:Header (ok)
[2022-12-16 23:45:26] INFO     BIST:Header (ok)
[2022-12-16 23:45:37] INFO     BIST:Header (ok)
[2022-12-16 23:45:49] INFO     BIST:Header (ok)
[2022-12-16 23:46:01] INFO     BIST:Header (ok)
[2022-12-16 23:46:12] INFO     BIST:Header (ok)
[2022-12-16 23:46:24] INFO     BIST:Header (ok)
[2022-12-16 23:46:35] INFO     BIST:Header (ok)
[2022-12-16 23:46:55] ERROR    UART:expect timeout (delay 15s)
[2022-12-16 23:46:55] INFO     STATE:Terminal Recovery State
[2022-12-16 23:46:55] INFO     UART:Serial port /dev/ttyUSB2 closed
[2022-12-16 23:46:58] INFO     UART:Searching for ttyUSB device (Attempt 1)
[2022-12-16 23:46:58] INFO     UART:Found tty device:/dev/ttyUSB2
[2022-12-16 23:46:58] INFO     UART:Serial port /dev/ttyUSB2 open
[2022-12-16 23:47:08] ERROR    UART:expect timeout (delay 10s)
[2022-12-16 23:47:08] INFO     STATE:Reset Recovery State
[2022-12-16 23:47:08] INFO     UARTBONE I ADDR=3FF80018
[2022-12-16 23:47:08] INFO     Issuing UART bone reset
[2022-12-16 23:47:09] INFO     UARTBONE I ADDR=00000F40
[2022-12-16 23:47:09] INFO     STATE:LiteX Login State
[2022-12-16 23:47:09] ERROR    UART:expect unicode error
[2022-12-16 23:47:09] INFO     STATE:Power Nexys State
[2022-12-16 23:47:09] INFO     NETBOOTER:Attempt 1 to set port 2 with cycle=False
[2022-12-16 23:47:11] INFO     NETBOOTER:Setting port 2 to Off
[2022-12-16 23:47:12] INFO     NETBOOTER:Attempt 1 to set port 2 with cycle=False
[2022-12-16 23:47:14] INFO     NETBOOTER:Setting port 2 to On
[2022-12-16 23:47:15] INFO     STATE:Connect UART State
[2022-12-16 23:47:17] INFO     UART:Searching for ttyUSB device (Attempt 1)
[2022-12-16 23:47:17] INFO     UART:Found tty device:/dev/ttyUSB7
[2022-12-16 23:47:17] INFO     UART:Serial port /dev/ttyUSB7 open
[2022-12-16 23:47:17] INFO     STATE:Configure Nexys State
[2022-12-16 23:47:17] INFO     JCM:Attempting JCM device DNA read
[2022-12-16 23:47:17] ERROR    JCM:JCM currently executing a command. Cannot perform command
~/jcm_apps/jcm_jtag_reg.elf -r 50 --swap -w 64
[2022-12-16 23:47:17] ERROR    JCM:	jcm_thred:<Thread(Thread-5, started 140117655713536)>
[2022-12-16 23:47:17] ERROR    JCM:Problem reading device DNA
[2022-12-16 23:47:17] ERROR    Failed to read DNA
[2022-12-16 23:47:17] INFO     JCM:Attempting JCM configuration
[2022-12-16 23:47:17] ERROR    JCM:JCM currently executing a command. Cannot perform command
~/jcm_apps/jcm_config.elf --part xc7a200t -c 30000000 --jtag --config_file /root/ddr_11_28.bit
[2022-12-16 23:47:17] ERROR    JCM:	jcm_thred:<Thread(Thread-5, started 140117655713536)>
[2022-12-16 23:47:17] ERROR    JCM:Configuration Failed
[2022-12-16 23:47:17] INFO     STATE:Terminating State
[2022-12-16 23:47:17] INFO     JCM:Stopping JCM scrubber
[2022-12-16 23:47:19] INFO     JCM:JCM SSH closed
