[2022-12-16 15:57:56] 
[2022-12-16 15:57:56] [1m        __   _ __      _  __[0m
[2022-12-16 15:57:56] [1m       / /  (_) /____ | |/_/[0m
[2022-12-16 15:57:56] [1m      / /__/ / __/ -_)>  <[0m
[2022-12-16 15:57:56] [1m     /____/_/\__/\__/_/|_|[0m
[2022-12-16 15:57:56] [1m   Build your hardware, easily![0m
[2022-12-16 15:57:56]  (c) Copyright 2012-2022 Enjoy-Digital
[2022-12-16 15:57:56]  (c) Copyright 2007-2015 M-Labs
[2022-12-16 15:57:56]  BIOS built on Nov 28 2022 18:17:22
[2022-12-16 15:57:56]  BIOS CRC passed (b0e744c8)
[2022-12-16 15:57:56]  LiteX git sha1: f707551c
[2022-12-16 15:57:56] --=============== [1mSoC[0m ==================--
[2022-12-16 15:57:56] [1mCPU[0m:		VexRiscv @ 75MHz
[2022-12-16 15:57:56] [1mBUS[0m:		WISHBONE 32-bit @ 4GiB
[2022-12-16 15:57:56] [1mCSR[0m:		32-bit data
[2022-12-16 15:57:56] [1mROM[0m:		128KiB
[2022-12-16 15:57:56] [1mSRAM[0m:		8KiB
[2022-12-16 15:57:56] [1mL2[0m:		8KiB
[2022-12-16 15:57:56] [1mSDRAM[0m:		524288KiB 16-bit @ 600MT/s (CL-7 CWL-5)
[2022-12-16 15:57:56] --========== [1mInitialization[0m ============--
[2022-12-16 15:57:56] Initializing SDRAM @0x40000000...
[2022-12-16 15:57:56] Switching SDRAM to software control.
[2022-12-16 15:57:56] Read leveling:
[2022-12-16 15:57:56]   m0, b00: |00000000000000000000000000000000| delays: -
[2022-12-16 15:57:56]   m0, b01: |11111111100000000000000000000000| delays: 04+-04
[2022-12-16 15:57:56]   m0, b02: |00000000000111111111111111111110| delays: 20+-09
[2022-12-16 15:57:56]   m0, b03: |00000000000000000000000000000000| delays: -
[2022-12-16 15:57:56]   m0, b04: |00000000000000000000000000000000| delays: -
[2022-12-16 15:57:56]   m0, b05: |00000000000000000000000000000000| delays: -
[2022-12-16 15:57:56]   m0, b06: |00000000000000000000000000000000| delays: -
[2022-12-16 15:57:56]   m0, b07: |00000000000000000000000000000000| delays: -
[2022-12-16 15:57:56]   best: m0, b02 delays: 21+-10
[2022-12-16 15:57:56]   m1, b00: |00000000000000000000000000000000| delays: -
[2022-12-16 15:57:56]   m1, b01: |11111111100000000000000000000000| delays: 04+-04
[2022-12-16 15:57:56]   m1, b02: |00000000001111111111111111111100| delays: 20+-10
[2022-12-16 15:57:56]   m1, b03: |00000000000000000000000000000000| delays: -
[2022-12-16 15:57:56]   m1, b04: |00000000000000000000000000000000| delays: -
[2022-12-16 15:57:56]   m1, b05: |00000000000000000000000000000000| delays: -
[2022-12-16 15:57:56]   m1, b06: |00000000000000000000000000000000| delays: -
[2022-12-16 15:57:56]   m1, b07: |00000000000000000000000000000000| delays: -
[2022-12-16 15:57:56]   best: m1, b02 delays: 20+-10
[2022-12-16 15:57:56] Switching SDRAM to hardware control.
[2022-12-16 15:57:56] Memtest at 0x40000000 (2.0MiB)...
[2022-12-16 15:57:56]   Write: 0x40000000-0x40000000 0B   
[2022-12-16 15:57:56]   Write: 0x40000000-0x40200000 2.0MiB   
[2022-12-16 15:57:56]    Read: 0x40000000-0x40000000 0B   
[2022-12-16 15:57:56]    Read: 0x40000000-0x40200000 2.0MiB   
[2022-12-16 15:57:56] Memtest OK
[2022-12-16 15:57:56] Memspeed at 0x40000000 (Sequential, 2.0MiB)...
[2022-12-16 15:57:56]   Write speed: 26.2MiB/s
[2022-12-16 15:57:56]    Read speed: 35.1MiB/s
[2022-12-16 15:57:56] --============== [1mBoot[0m ==================--
[2022-12-16 15:57:56] Booting from serial...
[2022-12-16 15:57:56] Press Q or ESC to abort boot completely.
[2022-12-16 15:57:56] sL5DdSMmkekro
[2022-12-16 15:57:56] Timeout
[2022-12-16 15:57:56] No boot medium found
[2022-12-16 15:57:56] --============= [1mConsole[0m ================--
[2022-12-16 15:57:56] [92;1mlitex[0m> sdram_bist_pat 165
[2022-12-16 15:57:56] sdram_bist_pat 165
[2022-12-16 15:57:56] [92;1mlitex[0m> 
[2022-12-16 15:57:56] [92;1mlitex[0m> 
[2022-12-16 15:57:56] [92;1mlitex[0m> sdram_bist 8192 1 0 2
[2022-12-16 15:57:56] sdram_bist 8192 1 0 2
[2022-12-16 15:57:56] Starting SDRAM BIST with length=8192, addr_mode=1, data_mode=0 wmode=2
[2022-12-16 15:57:56] WR-BW(MiB/s) RD-BW(MiB/s)  TESTED(MiB)     ERRORS
[2022-12-16 15:57:58]          941          940          473          0
[2022-12-16 15:57:59]          941          940          947          0
[2022-12-16 15:58:01]          941          940         1421          0
[2022-12-16 15:58:02]          941          940         1895          0
[2022-12-16 15:58:04]          941          940         2369          0
[2022-12-16 15:58:05]          941          940         2843          0
[2022-12-16 15:58:07]          941          940         3316          0
[2022-12-16 15:58:08]          941          940         3790          0
[2022-12-16 15:58:08] WR-BW(MiB/s) RD-BW(MiB/s)  TESTED(MiB)     ERRORS
[2022-12-16 15:58:10]          941          940          168          0
[2022-12-16 15:58:11]          941          940          642          0
[2022-12-16 15:58:13]          941          940         1116          0
[2022-12-16 15:58:14]          941          940         1590          0
[2022-12-16 15:58:15]          941          940         2063          0
[2022-12-16 15:58:17]          941          940         2537          0
[2022-12-16 15:58:18]          941          940         3011          0
[2022-12-16 15:58:20]          941          940         3485          0
[2022-12-16 15:58:20] WR-BW(MiB/s) RD-BW(MiB/s)  TESTED(MiB)     ERRORS
[2022-12-16 15:58:21]          941          940         3959          0
[2022-12-16 15:58:23]          941          940          337          0
[2022-12-16 15:58:24]          941          940          810          0
[2022-12-16 15:58:26]          941          940         1284          0
[2022-12-16 15:58:27]          941          940         1758          0
[2022-12-16 15:58:28]          941          940         2232          0
[2022-12-16 15:58:30]          941          940         2706          0
[2022-12-16 15:58:31]          941          940         3180          0
[2022-12-16 15:58:31] WR-BW(MiB/s) RD-BW(MiB/s)  TESTED(MiB)     ERRORS
[2022-12-16 15:58:33]          940          940         3653          0
[2022-12-16 15:58:34]          941          940           31          0
[2022-12-16 15:58:36]          941          940          505          0
[2022-12-16 15:58:37]          941          940          979          0
[2022-12-16 15:58:39]          941          940         1453          0
[2022-12-16 15:58:40]          941          940         1927          0
[2022-12-16 15:58:42]          941          940         2400          0
[2022-12-16 15:58:43]          941          940         2874          0
[2022-12-16 15:58:43] WR-BW(MiB/s) RD-BW(MiB/s)  TESTED(MiB)     ERRORS
[2022-12-16 15:58:44]          941          940         3348          0
[2022-12-16 15:58:46]          941          940         3822          0
[2022-12-16 15:58:47]          941          940          200          0
[2022-12-16 15:58:49]          941          940          674          0
[2022-12-16 15:58:50]          941          940         1147          0
[2022-12-16 15:58:52]          941          940         1621          0
[2022-12-16 15:58:53]          941          940         2095          0
[2022-12-16 15:58:55]          941          940         2569          0
[2022-12-16 15:58:55] WR-BW(MiB/s) RD-BW(MiB/s)  TESTED(MiB)     ERRORS
[2022-12-16 15:58:56]          940          940         3043          0
[2022-12-16 15:58:58]          941          940         3517          0
[2022-12-16 15:58:59]          941          940         3990          0
[2022-12-16 15:59:00]          941          940          368          0
[2022-12-16 15:59:02]          941          940          842          0
[2022-12-16 15:59:03]          941          940         1316          0
[2022-12-16 15:59:05]          941          940         1790          0
[2022-12-16 15:59:06]          941          940         2264          0
[2022-12-16 15:59:06] WR-BW(MiB/s) RD-BW(MiB/s)  TESTED(MiB)     ERRORS
[2022-12-16 15:59:08]          941          940         2737          0
[2022-12-16 15:59:09]          941          940         3211          0
[2022-12-16 15:59:11]          941          940         3685          0
[2022-12-16 15:59:12]          941          940           63          0
[2022-12-16 15:59:13]          941          940          537          0
[2022-12-16 15:59:15]          941          940         1011          0
[2022-12-16 15:59:16]          941          940         1484          0
[2022-12-16 15:59:18]          941          940         1958          0
[2022-12-16 15:59:18] WR-BW(MiB/s) RD-BW(MiB/s)  TESTED(MiB)     ERRORS
[2022-12-16 15:59:19]          940          940         2432          0
[2022-12-16 15:59:21]          941          940         2906          0
[2022-12-16 15:59:22]          941          940         3380          0
[2022-12-16 15:59:24]          941          940         3854          0
[2022-12-16 15:59:25]          941          940          231          0
[2022-12-16 15:59:27]          941          940          705          0
[2022-12-16 15:59:28]          941          940         1179          0
[2022-12-16 15:59:29]          941          940         1653          0
[2022-12-16 15:59:29] WR-BW(MiB/s) RD-BW(MiB/s)  TESTED(MiB)     ERRORS
[2022-12-16 15:59:31]          940          940         2127          0
[2022-12-16 15:59:32]          941          940         2601          0
[2022-12-16 15:59:34]          941          940         3074          0
[2022-12-16 15:59:35]          941          940         3548          0
[2022-12-16 15:59:37]          941          940         4022          0
[2022-12-16 15:59:38]          941          940          400          0
[2022-12-16 15:59:40]          941          940          874          0
[2022-12-16 15:59:41]          941          940         1348          0
[2022-12-16 15:59:41] WR-BW(MiB/s) RD-BW(MiB/s)  TESTED(MiB)     ERRORS
[2022-12-16 15:59:43]          940          940         1821          0
[2022-12-16 15:59:44]          941          940         2295          0
[2022-12-16 15:59:45]          941          940         2769          0
[2022-12-16 15:59:47]          941          940         3243          0
[2022-12-16 15:59:48]          941          940         3717          0
[2022-12-16 15:59:50]          941          940           95          0
[2022-12-16 15:59:51]          941          940          568          0
[2022-12-16 15:59:53]          941          940         1042          0
[2022-12-16 15:59:53] WR-BW(MiB/s) RD-BW(MiB/s)  TESTED(MiB)     ERRORS
[2022-12-16 15:59:54]          941          940         1516          0
[2022-12-16 15:59:56]          941          940         1990          0
[2022-12-16 15:59:57]          941          940         2464          0
[2022-12-16 15:59:58]          941          940         2938          0
[2022-12-16 16:00:00]          941          940         3412          0
[2022-12-16 16:00:01]          941          940         3885          0
[2022-12-16 16:00:03]          941          940          263          0
[2022-12-16 16:00:04]          941          940          737          0
[2022-12-16 16:00:04] WR-BW(MiB/s) RD-BW(MiB/s)  TESTED(MiB)     ERRORS
[2022-12-16 16:00:06]          941          940         1211          0
[2022-12-16 16:00:07]          941          940         1685          0
[2022-12-16 16:00:09]          941          940         2159          0
[2022-12-16 16:00:10]          941          940         2632          0
[2022-12-16 16:00:11]          941          940         3106          0
[2022-12-16 16:00:13]          941          940         3580          0
[2022-12-16 16:00:14]          941          940         4054          0
[2022-12-16 16:00:16]          941          940          432          0
[2022-12-16 16:00:16] WR-BW(MiB/s) RD-BW(MiB/s)  TESTED(MiB)     ERRORS
[2022-12-16 16:00:17]          941          940          906          0
[2022-12-16 16:00:19]          941          940         1379          0
[2022-12-16 16:00:20]          941          940         1853          0
[2022-12-16 16:00:22]          941          940         2327          0
[2022-12-16 16:00:23]          941          940         2801          0
[2022-12-16 16:00:25]          941          940         3275          0
[2022-12-16 16:00:26]          941          940         3749          0
[2022-12-16 16:00:27]          941          940          126          0
[2022-12-16 16:00:27] WR-BW(MiB/s) RD-BW(MiB/s)  TESTED(MiB)     ERRORS
[2022-12-16 16:00:29]          941          940          600          0
[2022-12-16 16:00:30]          941          940         1074          0
[2022-12-16 16:00:32]          941          940         1548          0
[2022-12-16 16:00:33]          941          940         2022          0
[2022-12-16 16:00:35]          941          940         2496          0
[2022-12-16 16:00:36]          941          940         2969          0
[2022-12-16 16:00:38]          941          940         3443          0
[2022-12-16 16:00:39]          941          940         3917          0
[2022-12-16 16:00:39] WR-BW(MiB/s) RD-BW(MiB/s)  TESTED(MiB)     ERRORS
[2022-12-16 16:00:41]          940          940          295          0
[2022-12-16 16:00:42]          941          940          769          0
[2022-12-16 16:00:43]          941          940         1243          0
[2022-12-16 16:00:45]          941          940         1716          0
[2022-12-16 16:00:46]          941          940         2190          0
[2022-12-16 16:00:48]          941          940         2664          0
[2022-12-16 16:00:49]          941          940         3138          0
[2022-12-16 16:00:51]          941          940         3612          0
[2022-12-16 16:00:51] WR-BW(MiB/s) RD-BW(MiB/s)  TESTED(MiB)     ERRORS
[2022-12-16 16:00:52]          941          940         4086          0
[2022-12-16 16:00:54]          941          940          463          0
[2022-12-16 16:00:55]          941          940          937          0
[2022-12-16 16:00:57]          941          940         1411          0
[2022-12-16 16:00:58]          941          940         1885          0
[2022-12-16 16:00:59]          941          940         2359          0
[2022-12-16 16:01:01]          941          940         2833          0
[2022-12-16 16:01:02]          941          940         3306          0
[2022-12-16 16:01:02] WR-BW(MiB/s) RD-BW(MiB/s)  TESTED(MiB)     ERRORS
[2022-12-16 16:01:04]          940          940         3780          0
[2022-12-16 16:01:05]          941          940          158          0
[2022-12-16 16:01:07]          941          940          632          0
[2022-12-16 16:01:08]          941          940         1106          0
[2022-12-16 16:01:10]          941          940         1580          0
[2022-12-16 16:01:11]          941          940         2053          0
[2022-12-16 16:01:13]          941          940         2527          0
[2022-12-16 16:01:14]          941          940         3001          0
[2022-12-16 16:01:14] WR-BW(MiB/s) RD-BW(MiB/s)  TESTED(MiB)     ERRORS
[2022-12-16 16:01:15]          940          940         3475          0
[2022-12-16 16:01:17]          941          940         3949          0
[2022-12-16 16:01:18]          941          940          327          0
[2022-12-16 16:01:20]          941          940          800          0
[2022-12-16 16:01:21]          941          940         1274          0
[2022-12-16 16:01:23]          941          940         1748          0
[2022-12-16 16:01:24]          941          940         2222          0
[2022-12-16 16:01:26]          941          940         2696          0
[2022-12-16 16:01:26] WR-BW(MiB/s) RD-BW(MiB/s)  TESTED(MiB)     ERRORS
[2022-12-16 16:01:27]          940          940         3170          0
[2022-12-16 16:01:28]          941          940         3643          0
[2022-12-16 16:01:30]          941          940           21          0
[2022-12-16 16:01:31]          941          940          495          0
[2022-12-16 16:01:33]          941          940          969          0
[2022-12-16 16:01:34]          941          940         1443          0
[2022-12-16 16:01:36]          941          940         1917          0
[2022-12-16 16:01:37]          941          940         2390          0
[2022-12-16 16:01:37] WR-BW(MiB/s) RD-BW(MiB/s)  TESTED(MiB)     ERRORS
[2022-12-16 16:01:39]          940          940         2864          0
[2022-12-16 16:01:40]          941          940         3338          0
[2022-12-16 16:01:42]          941          940         3812          0
[2022-12-16 16:01:43]          941          940          190          0
[2022-12-16 16:01:44]          941          940          664          0
[2022-12-16 16:01:46]          941          940         1137          0
[2022-12-16 16:01:47]          941          940         1611          0
[2022-12-16 16:01:49]          941          940         2085          0
[2022-12-16 16:01:49] WR-BW(MiB/s) RD-BW(MiB/s)  TESTED(MiB)     ERRORS
[2022-12-16 16:01:50]          941          940         2559          0
[2022-12-16 16:01:52]          941          940         3033          0
[2022-12-16 16:01:53]          941          940         3507          0
[2022-12-16 16:01:55]          941          940         3980          0
[2022-12-16 16:01:56]          941          940          358          0
[2022-12-16 16:01:58]          941          940          832          0
[2022-12-16 16:01:59]          941          940         1306          0
[2022-12-16 16:02:00]          941          940         1780          0
[2022-12-16 16:02:00] WR-BW(MiB/s) RD-BW(MiB/s)  TESTED(MiB)     ERRORS
[2022-12-16 16:02:02]          940          940         2254          0
[2022-12-16 16:02:03]          941          940         2727          0
[2022-12-16 16:02:05]          941          940         3201          0
[2022-12-16 16:02:06]          941          940         3675          0
[2022-12-16 16:02:08]          941          940           53          0
[2022-12-16 16:02:09]          941          940          527          0
[2022-12-16 16:02:11]          941          940         1001          0
[2022-12-16 16:02:12]          941          940         1475          0
[2022-12-16 16:02:12] WR-BW(MiB/s) RD-BW(MiB/s)  TESTED(MiB)     ERRORS
[2022-12-16 16:02:13]          940          940         1948          0
[2022-12-16 16:02:15]          941          940         2422          0
[2022-12-16 16:02:16]          941          940         2896          0
[2022-12-16 16:02:18]          941          940         3370          0
[2022-12-16 16:02:19]          941          940         3844          0
[2022-12-16 16:02:21]          941          940          222          0
[2022-12-16 16:02:22]          941          940          695          0
[2022-12-16 16:02:24]          941          940         1169          0
[2022-12-16 16:02:24] WR-BW(MiB/s) RD-BW(MiB/s)  TESTED(MiB)     ERRORS
[2022-12-16 16:02:25]          941          940         1643          0
[2022-12-16 16:02:27]          941          940         2117          0
[2022-12-16 16:02:28]          941          940         2591          0
[2022-12-16 16:02:29]          941          940         3065          0
[2022-12-16 16:02:31]          941          940         3538          0
[2022-12-16 16:02:32]          941          940         4012          0
[2022-12-16 16:02:34]          941          940          390          0
[2022-12-16 16:02:35]          941          940          864          0
[2022-12-16 16:02:35] WR-BW(MiB/s) RD-BW(MiB/s)  TESTED(MiB)     ERRORS
[2022-12-16 16:02:37]          941          940         1338          0
[2022-12-16 16:02:38]          941          940         1812          0
[2022-12-16 16:02:40]          941          940         2285          0
[2022-12-16 16:02:41]          941          940         2759          0
[2022-12-16 16:02:42]          941          940         3233          0
[2022-12-16 16:02:44]          941          940         3707          0
[2022-12-16 16:02:45]          941          940           85          0
[2022-12-16 16:02:47]          941          940          559          0
[2022-12-16 16:02:47] WR-BW(MiB/s) RD-BW(MiB/s)  TESTED(MiB)     ERRORS
[2022-12-16 16:02:48]          941          940         1032          0
[2022-12-16 16:02:50]          941          940         1506          0
[2022-12-16 16:02:51]          941          940         1980          0
[2022-12-16 16:02:53]          941          940         2454          0
[2022-12-16 16:02:54]          941          940         2928          0
[2022-12-16 16:02:56]          941          940         3402          0
[2022-12-16 16:02:57]          941          940         3875          0
[2022-12-16 16:02:58]          941          940          253          0
[2022-12-16 16:02:58] WR-BW(MiB/s) RD-BW(MiB/s)  TESTED(MiB)     ERRORS
[2022-12-16 16:03:00]          941          940          727          0
[2022-12-16 16:03:01]          941          940         1201          0
[2022-12-16 16:03:03]          941          940         1675          0
[2022-12-16 16:03:04]          941          940         2149          0
[2022-12-16 16:03:06]          941          940         2622          0
[2022-12-16 16:03:07]          941          940         3096          0
[2022-12-16 16:03:09]          941          940         3570          0
[2022-12-16 16:03:10]          941          940         4044          0
[2022-12-16 16:03:10] WR-BW(MiB/s) RD-BW(MiB/s)  TESTED(MiB)     ERRORS
[2022-12-16 16:03:11]          941          940          422          0
[2022-12-16 16:03:13]          941          940          896          0
[2022-12-16 16:03:14]          941          940         1369          0
[2022-12-16 16:03:16]          941          940         1843          0
[2022-12-16 16:03:17]          941          940         2317          0
[2022-12-16 16:03:19]          941          940         2791          0
[2022-12-16 16:03:20]          941          940         3265          0
[2022-12-16 16:03:22]          941          940         3739          0
[2022-12-16 16:03:22] WR-BW(MiB/s) RD-BW(MiB/s)  TESTED(MiB)     ERRORS
[2022-12-16 16:03:23]          941          940          116          0
[2022-12-16 16:03:25]          941          940          590          0
[2022-12-16 16:03:26]          941          940         1064          0
[2022-12-16 16:03:27]          941          940         1538          0
[2022-12-16 16:03:29]          941          940         2012          0
[2022-12-16 16:03:30]          941          940         2486          0
[2022-12-16 16:03:32]          941          940         2959          0
[2022-12-16 16:03:33]          941          940         3433          0
[2022-12-16 16:03:33] WR-BW(MiB/s) RD-BW(MiB/s)  TESTED(MiB)     ERRORS
[2022-12-16 16:03:35]          940          940         3907          0
[2022-12-16 16:03:36]          941          940          285          0
[2022-12-16 16:03:38]          941          940          759          0
[2022-12-16 16:03:39]          941          940         1233          0
[2022-12-16 16:03:41]          941          940         1706          0
[2022-12-16 16:03:42]          941          940         2180          0
[2022-12-16 16:03:43]          941          940         2654          0
[2022-12-16 16:03:45]          941          940         3128          0
[2022-12-16 16:03:45] WR-BW(MiB/s) RD-BW(MiB/s)  TESTED(MiB)     ERRORS
[2022-12-16 16:03:46]          941          940         3602          0
[2022-12-16 16:03:48]          941          940         4076          0
[2022-12-16 16:03:49]          941          940          453          0
[2022-12-16 16:03:51]          941          940          927          0
[2022-12-16 16:03:52]          941          940         1401          0
[2022-12-16 16:03:54]          941          940         1875          0
[2022-12-16 16:03:55]          941          940         2349          0
[2022-12-16 16:03:56]          941          940         2823          0
[2022-12-16 16:03:56] WR-BW(MiB/s) RD-BW(MiB/s)  TESTED(MiB)     ERRORS
[2022-12-16 16:03:58]          941          940         3296          0
[2022-12-16 16:03:59]          941          940         3770          0
[2022-12-16 16:04:01]          941          940          148          0
[2022-12-16 16:04:02]          941          940          622          0
[2022-12-16 16:04:04]          941          940         1096          0
[2022-12-16 16:04:05]          941          940         1570          0
[2022-12-16 16:04:07]          941          940         2043          0
[2022-12-16 16:04:08]          941          940         2517          0
[2022-12-16 16:04:08] WR-BW(MiB/s) RD-BW(MiB/s)  TESTED(MiB)     ERRORS
[2022-12-16 16:04:10]          940          940         2991          0
[2022-12-16 16:04:11]          941          940         3465          0
[2022-12-16 16:04:12]          941          940         3939          0
[2022-12-16 16:04:14]          941          940          317          0
[2022-12-16 16:04:15]          941          940          791          0
[2022-12-16 16:04:17]          941          940         1264          0
[2022-12-16 16:04:18]          941          940         1738          0
[2022-12-16 16:04:20]          941          940         2212          0
[2022-12-16 16:04:20] WR-BW(MiB/s) RD-BW(MiB/s)  TESTED(MiB)     ERRORS
[2022-12-16 16:04:21]          941          940         2686          0
[2022-12-16 16:04:23]          941          940         3160          0
[2022-12-16 16:04:24]          941          940         3634          0
[2022-12-16 16:04:26]          941          940           11          0
[2022-12-16 16:04:27]          941          940          485          0
[2022-12-16 16:04:28]          941          940          959          0
[2022-12-16 16:04:30]          941          940         1433          0
[2022-12-16 16:04:31]          941          940         1907          0
[2022-12-16 16:04:31] WR-BW(MiB/s) RD-BW(MiB/s)  TESTED(MiB)     ERRORS
[2022-12-16 16:04:33]          941          940         2381          0
[2022-12-16 16:04:34]          941          940         2854          0
[2022-12-16 16:04:36]          941          940         3328          0
[2022-12-16 16:04:37]          941          940         3802          0
[2022-12-16 16:04:39]          941          940          180          0
[2022-12-16 16:04:40]          941          940          654          0
[2022-12-16 16:04:41]          941          940         1128          0
[2022-12-16 16:04:43]          941          940         1601          0
[2022-12-16 16:04:43] WR-BW(MiB/s) RD-BW(MiB/s)  TESTED(MiB)     ERRORS
[2022-12-16 16:04:44]          941          940         2075          0
[2022-12-16 16:04:46]          941          940         2549          0
[2022-12-16 16:04:47]          941          940         3023          0
[2022-12-16 16:04:49]          941          940         3497          0
[2022-12-16 16:04:50]          941          940         3971          0
[2022-12-16 16:04:52]          941          940          348          0
[2022-12-16 16:04:53]          941          940          822          0
[2022-12-16 16:04:55]          941          940         1296          0
[2022-12-16 16:04:55] WR-BW(MiB/s) RD-BW(MiB/s)  TESTED(MiB)     ERRORS
[2022-12-16 16:04:56]          940          940         1770          0
[2022-12-16 16:04:57]          941          940         2244          0
[2022-12-16 16:04:59]          941          940         2718          0
[2022-12-16 16:05:00]          941          940         3191          0
[2022-12-16 16:05:02]          941          940         3665          0
[2022-12-16 16:05:03]          941          940           43          0
[2022-12-16 16:05:05]          941          940          517          0
[2022-12-16 16:05:06]          941          940          991          0
[2022-12-16 16:05:06] WR-BW(MiB/s) RD-BW(MiB/s)  TESTED(MiB)     ERRORS
[2022-12-16 16:05:08]          941          940         1465          0
[2022-12-16 16:05:09]          941          940         1938          0
[2022-12-16 16:05:11]          941          940         2412          0
[2022-12-16 16:05:12]          941          940         2886          0
[2022-12-16 16:05:13]          941          940         3360          0
[2022-12-16 16:05:15]          941          940         3834          0
[2022-12-16 16:05:16]          941          940          212          0
[2022-12-16 16:05:18]          941          940          685          0
[2022-12-16 16:05:18] WR-BW(MiB/s) RD-BW(MiB/s)  TESTED(MiB)     ERRORS
[2022-12-16 16:05:19]          941          940         1159          0
[2022-12-16 16:05:21]          941          940         1633          0
[2022-12-16 16:05:22]          941          940         2107          0
[2022-12-16 16:05:24]          941          940         2581          0
[2022-12-16 16:05:25]          941          940         3055          0
[2022-12-16 16:05:26]          941          940         3528          0
[2022-12-16 16:05:28]          941          940         4002          0
[2022-12-16 16:05:29]          941          940          380          0
[2022-12-16 16:05:29] WR-BW(MiB/s) RD-BW(MiB/s)  TESTED(MiB)     ERRORS
[2022-12-16 16:05:31]          941          940          854          0
[2022-12-16 16:05:32]          941          940         1328          0
[2022-12-16 16:05:34]          941          940         1802          0
[2022-12-16 16:05:35]          941          940         2275          0
[2022-12-16 16:05:37]          941          940         2749          0
[2022-12-16 16:05:38]          941          940         3223          0
[2022-12-16 16:05:40]          941          940         3697          0
[2022-12-16 16:05:41]          941          940           75          0
[2022-12-16 16:05:41] WR-BW(MiB/s) RD-BW(MiB/s)  TESTED(MiB)     ERRORS
[2022-12-16 16:05:42]          941          940          549          0
[2022-12-16 16:05:44]          941          940         1022          0
[2022-12-16 16:05:45]          941          940         1496          0
[2022-12-16 16:05:47]          941          940         1970          0
[2022-12-16 16:05:48]          941          940         2444          0
[2022-12-16 16:05:50]          941          940         2918          0
[2022-12-16 16:05:51]          941          940         3392          0
[2022-12-16 16:05:53]          941          940         3865          0
[2022-12-16 16:05:53] WR-BW(MiB/s) RD-BW(MiB/s)  TESTED(MiB)     ERRORS
[2022-12-16 16:05:54]          940          940          243          0
[2022-12-16 16:05:56]          941          940          717          0
[2022-12-16 16:05:57]          941          940         1191          0
[2022-12-16 16:05:58]          941          940         1665          0
[2022-12-16 16:06:00]          941          940         2139          0
[2022-12-16 16:06:01]          941          940         2612          0
[2022-12-16 16:06:03]          941          940         3086          0
[2022-12-16 16:06:04]          941          940         3560          0
[2022-12-16 16:06:04] WR-BW(MiB/s) RD-BW(MiB/s)  TESTED(MiB)     ERRORS
[2022-12-16 16:06:06]          940          940         4034          0
[2022-12-16 16:06:07]          941          940          412          0
[2022-12-16 16:06:09]          941          940          886          0
[2022-12-16 16:06:10]          941          940         1359          0
[2022-12-16 16:06:11]          941          940         1833          0
[2022-12-16 16:06:13]          941          940         2307          0
[2022-12-16 16:06:14]          941          940         2781          0
[2022-12-16 16:06:16]          941          940         3255          0
[2022-12-16 16:06:16] WR-BW(MiB/s) RD-BW(MiB/s)  TESTED(MiB)     ERRORS
[2022-12-16 16:06:17]          941          940         3729          0
[2022-12-16 16:06:19]          941          940          107          0
[2022-12-16 16:06:20]          941          940          580          0
[2022-12-16 16:06:22]          941          940         1054          0
[2022-12-16 16:06:23]          941          940         1528          0
[2022-12-16 16:06:25]          941          940         2002          0
[2022-12-16 16:06:26]          941          940         2476          0
[2022-12-16 16:06:27]          941          940         2950          0
[2022-12-16 16:06:27] WR-BW(MiB/s) RD-BW(MiB/s)  TESTED(MiB)     ERRORS
[2022-12-16 16:06:29]          941          940         3423          0
[2022-12-16 16:06:30]          941          940         3897          0
[2022-12-16 16:06:32]          941          940          275          0
[2022-12-16 16:06:33]          941          940          749          0
[2022-12-16 16:06:35]          941          940         1223          0
[2022-12-16 16:06:36]          941          940         1697          0
[2022-12-16 16:06:38]          941          940         2170          0
[2022-12-16 16:06:39]          941          940         2644          0
[2022-12-16 16:06:39] WR-BW(MiB/s) RD-BW(MiB/s)  TESTED(MiB)     ERRORS
[2022-12-16 16:06:41]          940          940         3118          0
[2022-12-16 16:06:42]          941          940         3592          0
[2022-12-16 16:06:43]          941          940         4066          0
[2022-12-16 16:06:45]          941          940          444          0
[2022-12-16 16:06:46]          941          940          917          0
[2022-12-16 16:06:48]          941          940         1391          0
[2022-12-16 16:06:49]          941          940         1865          0
[2022-12-16 16:06:51]          941          940         2339          0
[2022-12-16 16:06:51] WR-BW(MiB/s) RD-BW(MiB/s)  TESTED(MiB)     ERRORS
[2022-12-16 16:06:52]          941          940         2813          0
[2022-12-16 16:06:54]          941          940         3287          0
[2022-12-16 16:06:55]          941          940         3760          0
[2022-12-16 16:06:56]          941          940          138          0
[2022-12-16 16:06:58]          941          940          612          0
[2022-12-16 16:06:59]          941          940         1086          0
[2022-12-16 16:07:01]          941          940         1560          0
[2022-12-16 16:07:02]          941          940         2034          0
[2022-12-16 16:07:02] WR-BW(MiB/s) RD-BW(MiB/s)  TESTED(MiB)     ERRORS
[2022-12-16 16:07:04]          941          940         2507          0
[2022-12-16 16:07:05]          941          940         2981          0
[2022-12-16 16:07:07]          941          940         3455          0
[2022-12-16 16:07:08]          941          940         3929          0
[2022-12-16 16:07:10]          941          940          307          0
[2022-12-16 16:07:11]          941          940          781          0
[2022-12-16 16:07:12]          941          940         1254          0
[2022-12-16 16:07:14]          941          940         1728          0
[2022-12-16 16:07:14] WR-BW(MiB/s) RD-BW(MiB/s)  TESTED(MiB)     ERRORS
[2022-12-16 16:07:15]          941          940         2202          0
[2022-12-16 16:07:17]          941          940         2676          0
[2022-12-16 16:07:18]          941          940         3150          0
[2022-12-16 16:07:20]          941          940         3624          0
[2022-12-16 16:07:21]          941          940            1          0
[2022-12-16 16:07:23]          941          940          475          0
[2022-12-16 16:07:24]          941          940          949          0
[2022-12-16 16:07:26]          941          940         1423          0
[2022-12-16 16:07:26] WR-BW(MiB/s) RD-BW(MiB/s)  TESTED(MiB)     ERRORS
[2022-12-16 16:07:27]          941          940         1897          0
[2022-12-16 16:07:28]          941          940         2371          0
[2022-12-16 16:07:30]          941          940         2844          0
[2022-12-16 16:07:31]          941          940         3318          0
[2022-12-16 16:07:33]          941          940         3792          0
[2022-12-16 16:07:34]          941          940          170          0
[2022-12-16 16:07:36]          941          940          644          0
[2022-12-16 16:07:37]          941          940         1118          0
[2022-12-16 16:07:37] WR-BW(MiB/s) RD-BW(MiB/s)  TESTED(MiB)     ERRORS
[2022-12-16 16:07:39]          941          940         1591          0
[2022-12-16 16:07:40]          941          940         2065          0
[2022-12-16 16:07:41]          941          940         2539          0
[2022-12-16 16:07:43]          941          940         3013          0
[2022-12-16 16:07:44]          941          940         3487          0
[2022-12-16 16:07:46]          941          940         3961          0
[2022-12-16 16:07:47]          941          940          338          0
[2022-12-16 16:07:49]          941          940          812          0
[2022-12-16 16:07:49] WR-BW(MiB/s) RD-BW(MiB/s)  TESTED(MiB)     ERRORS
[2022-12-16 16:07:50]          941          940         1286          0
[2022-12-16 16:07:52]          941          940         1760          0
[2022-12-16 16:07:53]          941          940         2234          0
[2022-12-16 16:07:55]          941          940         2708          0
[2022-12-16 16:07:56]          941          940         3181          0
[2022-12-16 16:07:57]          941          940         3655          0
[2022-12-16 16:07:59]          941          940           33          0
[2022-12-16 16:08:00]          941          940          507          0
[2022-12-16 16:08:00] WR-BW(MiB/s) RD-BW(MiB/s)  TESTED(MiB)     ERRORS
[2022-12-16 16:08:02]          940          940          981          0
[2022-12-16 16:08:03]          941          940         1455          0
[2022-12-16 16:08:05]          941          940         1928          0
[2022-12-16 16:08:06]          941          940         2402          0
[2022-12-16 16:08:08]          941          940         2876          0
[2022-12-16 16:08:09]          941          940         3350          0
[2022-12-16 16:08:11]          941          940         3824          0
[2022-12-16 16:08:12]          941          940          202          0
[2022-12-16 16:08:12] WR-BW(MiB/s) RD-BW(MiB/s)  TESTED(MiB)     ERRORS
[2022-12-16 16:08:13]          941          940          676          0
[2022-12-16 16:08:15]          941          940         1149          0
[2022-12-16 16:08:16]          941          940         1623          0
[2022-12-16 16:08:18]          941          940         2097          0
[2022-12-16 16:08:19]          941          940         2571          0
[2022-12-16 16:08:21]          941          940         3045          0
[2022-12-16 16:08:22]          941          940         3519          0
[2022-12-16 16:08:24]          941          940         3992          0
[2022-12-16 16:08:24] WR-BW(MiB/s) RD-BW(MiB/s)  TESTED(MiB)     ERRORS
[2022-12-16 16:08:25]          940          940          370          0
[2022-12-16 16:08:26]          941          940          844          0
[2022-12-16 16:08:28]          941          940         1318          0
[2022-12-16 16:08:29]          941          940         1792          0
[2022-12-16 16:08:31]          941          940         2266          0
[2022-12-16 16:08:32]          941          940         2739          0
[2022-12-16 16:08:34]          941          940         3213          0
[2022-12-16 16:08:35]          941          940         3687          0
[2022-12-16 16:08:35] WR-BW(MiB/s) RD-BW(MiB/s)  TESTED(MiB)     ERRORS
[2022-12-16 16:08:37]          940          940           65          0
[2022-12-16 16:08:38]          941          940          539          0
[2022-12-16 16:08:40]          941          940         1013          0
[2022-12-16 16:08:41]          941          940         1486          0
[2022-12-16 16:08:42]          941          940         1960          0
[2022-12-16 16:08:44]          941          940         2434          0
[2022-12-16 16:08:45]          941          940         2908          0
[2022-12-16 16:08:47]          941          940         3382          0
[2022-12-16 16:08:47] WR-BW(MiB/s) RD-BW(MiB/s)  TESTED(MiB)     ERRORS
[2022-12-16 16:08:48]          940          940         3856          0
[2022-12-16 16:08:50]          941          940          233          0
[2022-12-16 16:08:51]          941          940          707          0
[2022-12-16 16:08:53]          941          940         1181          0
[2022-12-16 16:08:54]          941          940         1655          0
[2022-12-16 16:08:56]          941          940         2129          0
[2022-12-16 16:08:57]          941          940         2603          0
[2022-12-16 16:08:58]          941          940         3076          0
[2022-12-16 16:08:58] WR-BW(MiB/s) RD-BW(MiB/s)  TESTED(MiB)     ERRORS
[2022-12-16 16:09:00]          941          940         3550          0
[2022-12-16 16:09:01]          941          940         4024          0
[2022-12-16 16:09:03]          941          940          402          0
[2022-12-16 16:09:04]          941          940          876          0
[2022-12-16 16:09:06]          941          940         1350          0
[2022-12-16 16:09:07]          941          940         1823          0
[2022-12-16 16:09:09]          941          940         2297          0
[2022-12-16 16:09:10]          941          940         2771          0
[2022-12-16 16:09:10] WR-BW(MiB/s) RD-BW(MiB/s)  TESTED(MiB)     ERRORS
[2022-12-16 16:09:11]          940          940         3245          0
[2022-12-16 16:09:13]          941          940         3719          0
[2022-12-16 16:09:14]          941          940           97          0
[2022-12-16 16:09:16]          941          940          570          0
[2022-12-16 16:09:17]          941          940         1044          0
[2022-12-16 16:09:19]          941          940         1518          0
[2022-12-16 16:09:20]          941          940         1992          0
[2022-12-16 16:09:22]          941          940         2466          0
[2022-12-16 16:09:22] WR-BW(MiB/s) RD-BW(MiB/s)  TESTED(MiB)     ERRORS
[2022-12-16 16:09:23]          941          940         2940          0
[2022-12-16 16:09:25]          941          940         3413          0
[2022-12-16 16:09:26]          941          940         3887          0
[2022-12-16 16:09:27]          941          940          265          0
[2022-12-16 16:09:29]          941          940          739          0
