[2022-12-16 21:38:28] 
[2022-12-16 21:38:28] [1m        __   _ __      _  __[0m
[2022-12-16 21:38:28] [1m       / /  (_) /____ | |/_/[0m
[2022-12-16 21:38:28] [1m      / /__/ / __/ -_)>  <[0m
[2022-12-16 21:38:28] [1m     /____/_/\__/\__/_/|_|[0m
[2022-12-16 21:38:28] [1m   Build your hardware, easily![0m
[2022-12-16 21:38:28]  (c) Copyright 2012-2022 Enjoy-Digital
[2022-12-16 21:38:28]  (c) Copyright 2007-2015 M-Labs
[2022-12-16 21:38:28]  BIOS built on Nov 28 2022 18:17:22
[2022-12-16 21:38:28]  BIOS CRC passed (b0e744c8)
[2022-12-16 21:38:28]  LiteX git sha1: f707551c
[2022-12-16 21:38:28] --=============== [1mSoC[0m ==================--
[2022-12-16 21:38:28] [1mCPU[0m:		VexRiscv @ 75MHz
[2022-12-16 21:38:28] [1mBUS[0m:		WISHBONE 32-bit @ 4GiB
[2022-12-16 21:38:28] [1mCSR[0m:		32-bit data
[2022-12-16 21:38:28] [1mROM[0m:		128KiB
[2022-12-16 21:38:28] [1mSRAM[0m:		8KiB
[2022-12-16 21:38:28] [1mL2[0m:		8KiB
[2022-12-16 21:38:28] [1mSDRAM[0m:		524288KiB 16-bit @ 600MT/s (CL-7 CWL-5)
[2022-12-16 21:38:28] --========== [1mInitialization[0m ============--
[2022-12-16 21:38:28] Initializing SDRAM @0x40000000...
[2022-12-16 21:38:28] Switching SDRAM to software control.
[2022-12-16 21:38:28] Read leveling:
[2022-12-16 21:38:28]   m0, b00: |00000000000000000000000000000000| delays: -
[2022-12-16 21:38:28]   m0, b01: |11111111100000000000000000000000| delays: 04+-04
[2022-12-16 21:38:28]   m0, b02: |00000000000111111111111111111100| delays: 20+-09
[2022-12-16 21:38:28]   m0, b03: |00000000000000000000000000000000| delays: -
[2022-12-16 21:38:28]   m0, b04: |00000000000000000000000000000000| delays: -
[2022-12-16 21:38:28]   m0, b05: |00000000000000000000000000000000| delays: -
[2022-12-16 21:38:28]   m0, b06: |00000000000000000000000000000000| delays: -
[2022-12-16 21:38:28]   m0, b07: |00000000000000000000000000000000| delays: -
[2022-12-16 21:38:28]   best: m0, b02 delays: 21+-10
[2022-12-16 21:38:28]   m1, b00: |00000000000000000000000000000000| delays: -
[2022-12-16 21:38:28]   m1, b01: |11111111100000000000000000000000| delays: 04+-04
[2022-12-16 21:38:28]   m1, b02: |00000000001111111111111111111100| delays: 20+-10
[2022-12-16 21:38:28]   m1, b03: |00000000000000000000000000000000| delays: -
[2022-12-16 21:38:28]   m1, b04: |00000000000000000000000000000000| delays: -
[2022-12-16 21:38:28]   m1, b05: |00000000000000000000000000000000| delays: -
[2022-12-16 21:38:28]   m1, b06: |00000000000000000000000000000000| delays: -
[2022-12-16 21:38:28]   m1, b07: |00000000000000000000000000000000| delays: -
[2022-12-16 21:38:28]   best: m1, b02 delays: 20+-10
[2022-12-16 21:38:28] Switching SDRAM to hardware control.
[2022-12-16 21:38:28] Memtest at 0x40000000 (2.0MiB)...
[2022-12-16 21:38:28]   Write: 0x40000000-0x40000000 0B   
[2022-12-16 21:38:28]   Write: 0x40000000-0x40200000 2.0MiB   
[2022-12-16 21:38:28]    Read: 0x40000000-0x40000000 0B   
[2022-12-16 21:38:28]    Read: 0x40000000-0x40200000 2.0MiB   
[2022-12-16 21:38:28] Memtest OK
[2022-12-16 21:38:28] Memspeed at 0x40000000 (Sequential, 2.0MiB)...
[2022-12-16 21:38:28]   Write speed: 26.2MiB/s
[2022-12-16 21:38:28]    Read speed: 35.1MiB/s
[2022-12-16 21:38:28] --============== [1mBoot[0m ==================--
[2022-12-16 21:38:28] Booting from serial...
[2022-12-16 21:38:28] Press Q or ESC to abort boot completely.
[2022-12-16 21:38:28] sL5DdSMmkekro
[2022-12-16 21:38:28] Timeout
[2022-12-16 21:38:28] No boot medium found
[2022-12-16 21:38:28] --============= [1mConsole[0m ================--
[2022-12-16 21:38:28] [92;1mlitex[0m> sdram_bist_pat 165
[2022-12-16 21:38:28] sdram_bist_pat 165
[2022-12-16 21:38:28] [92;1mlitex[0m> 
[2022-12-16 21:38:28] [92;1mlitex[0m> 
[2022-12-16 21:38:28] [92;1mlitex[0m> sdram_bist 8192 1 0 2
[2022-12-16 21:38:28] sdram_bist 8192 1 0 2
[2022-12-16 21:38:28] Starting SDRAM BIST with length=8192, addr_mode=1, data_mode=0 wmode=2
[2022-12-16 21:38:28] WR-BW(MiB/s) RD-BW(MiB/s)  TESTED(MiB)     ERRORS
[2022-12-16 21:38:30]          940          940          473          0
[2022-12-16 21:38:31]          941          940          947          0
[2022-12-16 21:38:33]          941          940         1421          0
[2022-12-16 21:38:34]          941          940         1895          0
[2022-12-16 21:38:36]          941          940         2369          0
[2022-12-16 21:38:37]          941          940         2843          0
[2022-12-16 21:38:38]          941          940         3316          0
[2022-12-16 21:38:40]          941          940         3790          0
[2022-12-16 21:38:40] WR-BW(MiB/s) RD-BW(MiB/s)  TESTED(MiB)     ERRORS
[2022-12-16 21:38:41]          940          940          168          0
[2022-12-16 21:38:43]          941          940          642          0
[2022-12-16 21:38:44]          941          940         1116          0
[2022-12-16 21:38:46]          941          940         1590          0
[2022-12-16 21:38:47]          941          940         2063          0
[2022-12-16 21:38:49]          941          940         2537          0
[2022-12-16 21:38:50]          941          940         3011          0
[2022-12-16 21:38:52]          941          940         3485          0
[2022-12-16 21:38:52] WR-BW(MiB/s) RD-BW(MiB/s)  TESTED(MiB)     ERRORS
[2022-12-16 21:38:53]          941          940         3959          0
[2022-12-16 21:38:54]          941          940          337          0
[2022-12-16 21:38:56]          941          940          810          0
[2022-12-16 21:38:57]          941          940         1284          0
[2022-12-16 21:38:59]          941          940         1758          0
[2022-12-16 21:39:00]          941          940         2232          0
[2022-12-16 21:39:02]          941          940         2706          0
[2022-12-16 21:39:03]          941          940         3180          0
[2022-12-16 21:39:03] WR-BW(MiB/s) RD-BW(MiB/s)  TESTED(MiB)     ERRORS
[2022-12-16 21:39:05]          940          940         3653          0
[2022-12-16 21:39:06]          941          940           31          0
[2022-12-16 21:39:07]          941          940          505          0
[2022-12-16 21:39:09]          941          940          979          0
[2022-12-16 21:39:10]          941          940         1453          0
[2022-12-16 21:39:12]          941          940         1927          0
[2022-12-16 21:39:13]          941          940         2400          0
[2022-12-16 21:39:15]          941          940         2874          0
[2022-12-16 21:39:15] WR-BW(MiB/s) RD-BW(MiB/s)  TESTED(MiB)     ERRORS
[2022-12-16 21:39:16]          940          940         3348          0
[2022-12-16 21:39:18]          941          940         3822          0
[2022-12-16 21:39:19]          941          940          200          0
[2022-12-16 21:39:21]          941          940          674          0
[2022-12-16 21:39:22]          941          940         1147          0
[2022-12-16 21:39:23]          941          940         1621          0
[2022-12-16 21:39:25]          941          940         2095          0
[2022-12-16 21:39:26]          941          940         2569          0
[2022-12-16 21:39:26] WR-BW(MiB/s) RD-BW(MiB/s)  TESTED(MiB)     ERRORS
[2022-12-16 21:39:28]          940          940         3043          0
[2022-12-16 21:39:29]          941          940         3517          0
[2022-12-16 21:39:31]          941          940         3990          0
[2022-12-16 21:39:32]          941          940          368          0
[2022-12-16 21:39:34]          941          940          842          0
[2022-12-16 21:39:35]          941          940         1316          0
[2022-12-16 21:39:37]          941          940         1790          0
[2022-12-16 21:39:38]          941          940         2264          0
[2022-12-16 21:39:38] WR-BW(MiB/s) RD-BW(MiB/s)  TESTED(MiB)     ERRORS
[2022-12-16 21:39:39]          940          940         2737          0
[2022-12-16 21:39:41]          941          940         3211          0
[2022-12-16 21:39:42]          941          940         3685          0
[2022-12-16 21:39:44]          941          940           63          0
[2022-12-16 21:39:45]          941          940          537          0
[2022-12-16 21:39:47]          941          940         1011          0
[2022-12-16 21:39:48]          941          940         1484          0
[2022-12-16 21:39:50]          941          940         1958          0
[2022-12-16 21:39:50] WR-BW(MiB/s) RD-BW(MiB/s)  TESTED(MiB)     ERRORS
[2022-12-16 21:39:51]          940          940         2432          0
[2022-12-16 21:39:52]          941          940         2906          0
[2022-12-16 21:39:54]          941          940         3380          0
[2022-12-16 21:39:55]          941          940         3854          0
[2022-12-16 21:39:57]          941          940          231          0
[2022-12-16 21:39:58]          941          940          705          0
[2022-12-16 21:40:00]          941          940         1179          0
[2022-12-16 21:40:01]          941          940         1653          0
[2022-12-16 21:40:01] WR-BW(MiB/s) RD-BW(MiB/s)  TESTED(MiB)     ERRORS
[2022-12-16 21:40:03]          940          940         2127          0
[2022-12-16 21:40:04]          941          940         2601          0
[2022-12-16 21:40:06]          941          940         3074          0
[2022-12-16 21:40:07]          941          940         3548          0
[2022-12-16 21:40:08]          941          940         4022          0
[2022-12-16 21:40:10]          941          940          400          0
[2022-12-16 21:40:11]          941          940          874          0
[2022-12-16 21:40:13]          941          940         1348          0
[2022-12-16 21:40:13] WR-BW(MiB/s) RD-BW(MiB/s)  TESTED(MiB)     ERRORS
[2022-12-16 21:40:14]          940          940         1821          0
[2022-12-16 21:40:43] [1m        __   _ __      _  __[0m
[2022-12-16 21:40:43] [1m       / /  (_) /____ | |/_/[0m
[2022-12-16 21:40:43] [1m      / /__/ / __/ -_)>  <[0m
[2022-12-16 21:40:43] [1m     /____/_/\__/\__/_/|_|[0m
[2022-12-16 21:40:43] [1m   Build your hardware, easily![0m
[2022-12-16 21:40:43]  (c) Copyright 2012-2022 Enjoy-Digital
[2022-12-16 21:40:43]  (c) Copyright 2007-2015 M-Labs
[2022-12-16 21:40:43]  BIOS built on Nov 28 2022 18:17:22
[2022-12-16 21:40:43]  BIOS CRC failed (expected b0e744c8, got 9136fe44)
[2022-12-16 21:40:43]  The system will continue, but expect problems.
[2022-12-16 21:40:43]  LiteX git sha1: f707551c
[2022-12-16 21:40:43] --=============== [1mSoC[0m ==================--
[2022-12-16 21:40:43] [1mCPU[0m:		VexRiscv @ 75MHz
[2022-12-16 21:40:43] [1mBUS[0m:		WISHBONE 32-bit @ 4GiB
[2022-12-16 21:40:43] [1mCSR[0m:		32-bit data
[2022-12-16 21:40:43] [1mROM[0m:		128KiB
[2022-12-16 21:40:43] [1mSRAM[0m:		8KiB
[2022-12-16 21:40:43] [1mL2[0m:		8KiB
[2022-12-16 21:40:43] [1mSDRAM[0m:		524288KiB 16-bit @ 600MT/s (CL-7 CWL-5)
[2022-12-16 21:40:43] --========== [1mInitialization[0m ============--
[2022-12-16 21:40:43] Initializing SDRAM @0x40000000...
[2022-12-16 21:40:43] Switching SDRAM to software control.
[2022-12-16 21:40:43] Read leveling:
[2022-12-16 21:40:43]   m0, b00: |00000000000000000000000000000000| delays: -
[2022-12-16 21:40:43]   m0, b01: |11111111100000000000000000000000| delays: 04+-04
[2022-12-16 21:40:43]   m0, b02: |00000000000111111111111111111100| delays: 20+-09
[2022-12-16 21:40:43]   m0, b03: |00000000000000000000000000000000| delays: -
[2022-12-16 21:40:43]   m0, b04: |00000000000000000000000000000000| delays: -
[2022-12-16 21:40:43]   m0, b05: |00000000000000000000000000000000| delays: -
[2022-12-16 21:40:43]   m0, b06: |00000000000000000000000000000000| delays: -
[2022-12-16 21:40:43]   m0, b07: |00000000000000000000000000000000| delays: -
[2022-12-16 21:40:43]   best: m0, b02 delays: 20+-09
[2022-12-16 21:40:43]   m1, b00: |00000000000000000000000000000000| delays: -
[2022-12-16 21:40:43]   m1, b01: |11111111100000000000000000000000| delays: 04+-04
[2022-12-16 21:40:43]   m1, b02: |00000000001111111111111111111100| delays: 20+-10
[2022-12-16 21:40:43]   m1, b03: |00000000000000000000000000000000| delays: -
[2022-12-16 21:40:43]   m1, b04: |00000000000000000000000000000000| delays: -
[2022-12-16 21:40:43]   m1, b05: |00000000000000000000000000000000| delays: -
[2022-12-16 21:40:43]   m1, b06: |00000000000000000000000000000000| delays: -
[2022-12-16 21:40:43]   m1, b07: |00000000000000000000000000000000| delays: -
[2022-12-16 21:40:43]   best: m1, b02 delays: 20+-10
[2022-12-16 21:40:43] Switching SDRAM to hardware control.
[2022-12-16 21:40:43] Memtest at 0x40000000 (2.0MiB)...
[2022-12-16 21:40:43]   Write: 0x40000000-0x40000000 0B   
[2022-12-16 21:40:43]   Write: 0x40000000-0x40200000 2.0MiB   
[2022-12-16 21:40:43]    Read: 0x40000000-0x40000000 0B   
[2022-12-16 21:40:43]    Read: 0x40000000-0x40200000 2.0MiB   
[2022-12-16 21:40:43] Memtest OK
[2022-12-16 21:40:43] Memspeed at 0x40000000 (Sequential, 2.0MiB)...
[2022-12-16 21:40:43]   Write speed: 26.2MiB/s
[2022-12-16 21:40:43]    Read speed: 35.1MiB/s
[2022-12-16 21:40:43] --============== [1mBoot[0m ==================--
[2022-12-16 21:40:43] Booting from serial...
[2022-12-16 21:40:43] Press Q or ESC to abort boot completely.
[2022-12-16 21:40:43] sL5DdSMmkekro
[2022-12-16 21:40:43] Timeout
[2022-12-16 21:40:43] No boot medium found
[2022-12-16 21:40:43] --============= [1mConsole[0m ================--
[2022-12-16 21:40:43] [92;1mlitex[0m> sdram_bist_pat 165
[2022-12-16 21:40:43] sdram_bist_pat 165
[2022-12-16 21:40:43] [92;1mlitex[0m> 
[2022-12-16 21:40:43] [92;1mlitex[0m> 
[2022-12-16 21:40:43] [92;1mlitex[0m> sdram_bist 8192 1 0 2
[2022-12-16 21:40:43] sdram_bist 8192 1 0 2
[2022-12-16 21:40:43] Starting SDRAM BIST with length=8192, addr_mode=1, data_mode=0 wmode=2
[2022-12-16 21:40:43] WR-BW(MiB/s) RD-BW(MiB/s)  TESTED(MiB)     ERRORS
[2022-12-16 21:41:13] [1m        __   _ __      _  __[0m
[2022-12-16 21:41:13] [1m       / /  (_) /____ | |/_/[0m
[2022-12-16 21:41:13] [1m      / /__/ / __/ -_)>  <[0m
[2022-12-16 21:41:13] [1m     /____/_/\__/\__/_/|_|[0m
[2022-12-16 21:41:13] [1m   Build your hardware, easily![0m
[2022-12-16 21:41:13]  (c) Copyright 2012-2022 Enjoy-Digital
[2022-12-16 21:41:13]  (c) Copyright 2007-2015 M-Labs
[2022-12-16 21:41:13]  BIOS built on Nov 28 2022 18:17:22
[2022-12-16 21:41:13]  BIOS CRC failed (expected b0e744c8, got 9136fe44)
[2022-12-16 21:41:13]  The system will continue, but expect problems.
[2022-12-16 21:41:13]  LiteX git sha1: f707551c
[2022-12-16 21:41:13] --=============== [1mSoC[0m ==================--
[2022-12-16 21:41:13] [1mCPU[0m:		VexRiscv @ 75MHz
[2022-12-16 21:41:13] [1mBUS[0m:		WISHBONE 32-bit @ 4GiB
[2022-12-16 21:41:13] [1mCSR[0m:		32-bit data
[2022-12-16 21:41:13] [1mROM[0m:		128KiB
[2022-12-16 21:41:13] [1mSRAM[0m:		8KiB
[2022-12-16 21:41:13] [1mL2[0m:		8KiB
[2022-12-16 21:41:13] [1mSDRAM[0m:		524288KiB 16-bit @ 600MT/s (CL-7 CWL-5)
[2022-12-16 21:41:13] --========== [1mInitialization[0m ============--
[2022-12-16 21:41:13] Initializing SDRAM @0x40000000...
[2022-12-16 21:41:13] Switching SDRAM to software control.
[2022-12-16 21:41:13] Read leveling:
[2022-12-16 21:41:13]   m0, b00: |00000000000000000000000000000000| delays: -
[2022-12-16 21:41:13]   m0, b01: |11111111100000000000000000000000| delays: 04+-04
[2022-12-16 21:41:13]   m0, b02: |00000000000111111111111111111100| delays: 20+-09
[2022-12-16 21:41:13]   m0, b03: |00000000000000000000000000000000| delays: -
[2022-12-16 21:41:13]   m0, b04: |00000000000000000000000000000000| delays: -
[2022-12-16 21:41:13]   m0, b05: |00000000000000000000000000000000| delays: -
[2022-12-16 21:41:13]   m0, b06: |00000000000000000000000000000000| delays: -
[2022-12-16 21:41:13]   m0, b07: |00000000000000000000000000000000| delays: -
[2022-12-16 21:41:13]   best: m0, b02 delays: 20+-09
[2022-12-16 21:41:13]   m1, b00: |00000000000000000000000000000000| delays: -
[2022-12-16 21:41:13]   m1, b01: |11111111100000000000000000000000| delays: 04+-04
[2022-12-16 21:41:13]   m1, b02: |00000000001111111111111111111100| delays: 20+-10
[2022-12-16 21:41:13]   m1, b03: |00000000000000000000000000000000| delays: -
[2022-12-16 21:41:13]   m1, b04: |00000000000000000000000000000000| delays: -
[2022-12-16 21:41:13]   m1, b05: |00000000000000000000000000000000| delays: -
[2022-12-16 21:41:13]   m1, b06: |00000000000000000000000000000000| delays: -
[2022-12-16 21:41:13]   m1, b07: |00000000000000000000000000000000| delays: -
[2022-12-16 21:41:13]   best: m1, b02 delays: 20+-10
[2022-12-16 21:41:13] Switching SDRAM to hardware control.
[2022-12-16 21:41:13] Memtest at 0x40000000 (2.0MiB)...
[2022-12-16 21:41:13]   Write: 0x40000000-0x40000000 0B   
[2022-12-16 21:41:13]   Write: 0x40000000-0x40200000 2.0MiB   
[2022-12-16 21:41:13]    Read: 0x40000000-0x40000000 0B   
[2022-12-16 21:41:13]    Read: 0x40000000-0x40200000 2.0MiB   
[2022-12-16 21:41:13] Memtest OK
[2022-12-16 21:41:13] Memspeed at 0x40000000 (Sequential, 2.0MiB)...
[2022-12-16 21:41:13]   Write speed: 26.2MiB/s
[2022-12-16 21:41:13]    Read speed: 35.1MiB/s
[2022-12-16 21:41:13] --============== [1mBoot[0m ==================--
[2022-12-16 21:41:13] Booting from serial...
[2022-12-16 21:41:13] Press Q or ESC to abort boot completely.
[2022-12-16 21:41:13] sL5DdSMmkekro
[2022-12-16 21:41:13] Timeout
[2022-12-16 21:41:13] No boot medium found
[2022-12-16 21:41:13] --============= [1mConsole[0m ================--
[2022-12-16 21:41:13] [92;1mlitex[0m> sdram_bist_pat 165
[2022-12-16 21:41:13] sdram_bist_pat 165
[2022-12-16 21:41:13] [92;1mlitex[0m> 
[2022-12-16 21:41:13] [92;1mlitex[0m> 
[2022-12-16 21:41:13] [92;1mlitex[0m> sdram_bist 8192 1 0 2
[2022-12-16 21:41:13] sdram_bist 8192 1 0 2
[2022-12-16 21:41:13] Starting SDRAM BIST with length=8192, addr_mode=1, data_mode=0 wmode=2
[2022-12-16 21:41:13] WR-BW(MiB/s) RD-BW(MiB/s)  TESTED(MiB)     ERRORS
[2022-12-16 21:41:42] [1m        __   _ __      _  __[0m
[2022-12-16 21:41:42] [1m       / /  (_) /____ | |/_/[0m
[2022-12-16 21:41:42] [1m      / /__/ / __/ -_)>  <[0m
[2022-12-16 21:41:42] [1m     /____/_/\__/\__/_/|_|[0m
[2022-12-16 21:41:42] [1m   Build your hardware, easily![0m
[2022-12-16 21:41:42]  (c) Copyright 2012-2022 Enjoy-Digital
[2022-12-16 21:41:42]  (c) Copyright 2007-2015 M-Labs
[2022-12-16 21:41:42]  BIOS built on Nov 28 2022 18:17:22
[2022-12-16 21:41:42]  BIOS CRC failed (expected b0e744c8, got 9136fe44)
[2022-12-16 21:41:42]  The system will continue, but expect problems.
[2022-12-16 21:41:42]  LiteX git sha1: f707551c
[2022-12-16 21:41:42] --=============== [1mSoC[0m ==================--
[2022-12-16 21:41:42] [1mCPU[0m:		VexRiscv @ 75MHz
[2022-12-16 21:41:42] [1mBUS[0m:		WISHBONE 32-bit @ 4GiB
[2022-12-16 21:41:42] [1mCSR[0m:		32-bit data
[2022-12-16 21:41:42] [1mROM[0m:		128KiB
[2022-12-16 21:41:42] [1mSRAM[0m:		8KiB
[2022-12-16 21:41:42] [1mL2[0m:		8KiB
[2022-12-16 21:41:42] [1mSDRAM[0m:		524288KiB 16-bit @ 600MT/s (CL-7 CWL-5)
[2022-12-16 21:41:42] --========== [1mInitialization[0m ============--
[2022-12-16 21:41:42] Initializing SDRAM @0x40000000...
[2022-12-16 21:41:42] Switching SDRAM to software control.
[2022-12-16 21:41:42] Read leveling:
[2022-12-16 21:41:42]   m0, b00: |00000000000000000000000000000000| delays: -
[2022-12-16 21:41:42]   m0, b01: |11111111100000000000000000000000| delays: 04+-04
[2022-12-16 21:41:42]   m0, b02: |00000000000111111111111111111100| delays: 20+-09
[2022-12-16 21:41:42]   m0, b03: |00000000000000000000000000000000| delays: -
[2022-12-16 21:41:42]   m0, b04: |00000000000000000000000000000000| delays: -
[2022-12-16 21:41:42]   m0, b05: |00000000000000000000000000000000| delays: -
[2022-12-16 21:41:42]   m0, b06: |00000000000000000000000000000000| delays: -
[2022-12-16 21:41:42]   m0, b07: |00000000000000000000000000000000| delays: -
[2022-12-16 21:41:42]   best: m0, b02 delays: 20+-09
[2022-12-16 21:41:42]   m1, b00: |00000000000000000000000000000000| delays: -
[2022-12-16 21:41:42]   m1, b01: |11111111100000000000000000000000| delays: 04+-04
[2022-12-16 21:41:42]   m1, b02: |00000000001111111111111111111100| delays: 20+-10
[2022-12-16 21:41:42]   m1, b03: |00000000000000000000000000000000| delays: -
[2022-12-16 21:41:42]   m1, b04: |00000000000000000000000000000000| delays: -
[2022-12-16 21:41:42]   m1, b05: |00000000000000000000000000000000| delays: -
[2022-12-16 21:41:42]   m1, b06: |00000000000000000000000000000000| delays: -
[2022-12-16 21:41:42]   m1, b07: |00000000000000000000000000000000| delays: -
[2022-12-16 21:41:42]   best: m1, b02 delays: 20+-10
[2022-12-16 21:41:42] Switching SDRAM to hardware control.
[2022-12-16 21:41:42] Memtest at 0x40000000 (2.0MiB)...
[2022-12-16 21:41:42]   Write: 0x40000000-0x40000000 0B   
[2022-12-16 21:41:42]   Write: 0x40000000-0x40200000 2.0MiB   
[2022-12-16 21:41:42]    Read: 0x40000000-0x40000000 0B   
[2022-12-16 21:41:42]    Read: 0x40000000-0x40200000 2.0MiB   
[2022-12-16 21:41:42] Memtest OK
[2022-12-16 21:41:42] Memspeed at 0x40000000 (Sequential, 2.0MiB)...
[2022-12-16 21:41:42]   Write speed: 26.2MiB/s
[2022-12-16 21:41:42]    Read speed: 35.1MiB/s
[2022-12-16 21:41:42] --============== [1mBoot[0m ==================--
[2022-12-16 21:41:42] Booting from serial...
[2022-12-16 21:41:42] Press Q or ESC to abort boot completely.
[2022-12-16 21:41:42] sL5DdSMmkekro
[2022-12-16 21:41:42] Timeout
[2022-12-16 21:41:42] No boot medium found
[2022-12-16 21:41:42] --============= [1mConsole[0m ================--
[2022-12-16 21:41:42] [92;1mlitex[0m> sdram_bist_pat 165
[2022-12-16 21:41:42] sdram_bist_pat 165
[2022-12-16 21:41:42] [92;1mlitex[0m> 
[2022-12-16 21:41:42] [92;1mlitex[0m> 
[2022-12-16 21:41:42] [92;1mlitex[0m> sdram_bist 8192 1 0 2
[2022-12-16 21:41:42] sdram_bist 8192 1 0 2
[2022-12-16 21:41:42] Starting SDRAM BIST with length=8192, addr_mode=1, data_mode=0 wmode=2
[2022-12-16 21:41:42] WR-BW(MiB/s) RD-BW(MiB/s)  TESTED(MiB)     ERRORS
[2022-12-16 21:42:11] [1m        __   _ __      _  __[0m
[2022-12-16 21:42:11] [1m       / /  (_) /____ | |/_/[0m
[2022-12-16 21:42:11] [1m      / /__/ / __/ -_)>  <[0m
[2022-12-16 21:42:11] [1m     /____/_/\__/\__/_/|_|[0m
[2022-12-16 21:42:11] [1m   Build your hardware, easily![0m
[2022-12-16 21:42:11]  (c) Copyright 2012-2022 Enjoy-Digital
[2022-12-16 21:42:11]  (c) Copyright 2007-2015 M-Labs
[2022-12-16 21:42:11]  BIOS built on Nov 28 2022 18:17:22
[2022-12-16 21:42:11]  BIOS CRC failed (expected b0e744c8, got 9136fe44)
[2022-12-16 21:42:11]  The system will continue, but expect problems.
[2022-12-16 21:42:11]  LiteX git sha1: f707551c
[2022-12-16 21:42:11] --=============== [1mSoC[0m ==================--
[2022-12-16 21:42:11] [1mCPU[0m:		VexRiscv @ 75MHz
[2022-12-16 21:42:11] [1mBUS[0m:		WISHBONE 32-bit @ 4GiB
[2022-12-16 21:42:11] [1mCSR[0m:		32-bit data
[2022-12-16 21:42:11] [1mROM[0m:		128KiB
[2022-12-16 21:42:11] [1mSRAM[0m:		8KiB
[2022-12-16 21:42:11] [1mL2[0m:		8KiB
[2022-12-16 21:42:11] [1mSDRAM[0m:		524288KiB 16-bit @ 600MT/s (CL-7 CWL-5)
[2022-12-16 21:42:11] --========== [1mInitialization[0m ============--
[2022-12-16 21:42:11] Initializing SDRAM @0x40000000...
[2022-12-16 21:42:11] Switching SDRAM to software control.
[2022-12-16 21:42:11] Read leveling:
[2022-12-16 21:42:11]   m0, b00: |00000000000000000000000000000000| delays: -
[2022-12-16 21:42:11]   m0, b01: |11111111100000000000000000000000| delays: 04+-04
[2022-12-16 21:42:11]   m0, b02: |00000000000111111111111111111100| delays: 20+-09
[2022-12-16 21:42:11]   m0, b03: |00000000000000000000000000000000| delays: -
[2022-12-16 21:42:11]   m0, b04: |00000000000000000000000000000000| delays: -
[2022-12-16 21:42:11]   m0, b05: |00000000000000000000000000000000| delays: -
[2022-12-16 21:42:11]   m0, b06: |00000000000000000000000000000000| delays: -
[2022-12-16 21:42:11]   m0, b07: |00000000000000000000000000000000| delays: -
[2022-12-16 21:42:11]   best: m0, b02 delays: 20+-09
[2022-12-16 21:42:11]   m1, b00: |00000000000000000000000000000000| delays: -
[2022-12-16 21:42:11]   m1, b01: |11111111100000000000000000000000| delays: 04+-04
[2022-12-16 21:42:11]   m1, b02: |00000000001111111111111111111100| delays: 20+-10
[2022-12-16 21:42:11]   m1, b03: |00000000000000000000000000000000| delays: -
[2022-12-16 21:42:11]   m1, b04: |00000000000000000000000000000000| delays: -
[2022-12-16 21:42:11]   m1, b05: |00000000000000000000000000000000| delays: -
[2022-12-16 21:42:11]   m1, b06: |00000000000000000000000000000000| delays: -
[2022-12-16 21:42:11]   m1, b07: |00000000000000000000000000000000| delays: -
[2022-12-16 21:42:11]   best: m1, b02 delays: 20+-10
[2022-12-16 21:42:11] Switching SDRAM to hardware control.
[2022-12-16 21:42:11] Memtest at 0x40000000 (2.0MiB)...
[2022-12-16 21:42:11]   Write: 0x40000000-0x40000000 0B   
[2022-12-16 21:42:11]   Write: 0x40000000-0x40200000 2.0MiB   
[2022-12-16 21:42:11]    Read: 0x40000000-0x40000000 0B   
[2022-12-16 21:42:11]    Read: 0x40000000-0x40200000 2.0MiB   
[2022-12-16 21:42:11] Memtest OK
[2022-12-16 21:42:11] Memspeed at 0x40000000 (Sequential, 2.0MiB)...
[2022-12-16 21:42:11]   Write speed: 26.2MiB/s
[2022-12-16 21:42:11]    Read speed: 35.1MiB/s
[2022-12-16 21:42:11] --============== [1mBoot[0m ==================--
[2022-12-16 21:42:11] Booting from serial...
[2022-12-16 21:42:11] Press Q or ESC to abort boot completely.
[2022-12-16 21:42:11] sL5DdSMmkekro
[2022-12-16 21:42:11] Timeout
[2022-12-16 21:42:11] No boot medium found
[2022-12-16 21:42:11] --============= [1mConsole[0m ================--
[2022-12-16 21:42:11] [92;1mlitex[0m> sdram_bist_pat 165
[2022-12-16 21:42:11] sdram_bist_pat 165
[2022-12-16 21:42:11] [92;1mlitex[0m> 
[2022-12-16 21:42:11] [92;1mlitex[0m> 
[2022-12-16 21:42:11] [92;1mlitex[0m> sdram_bist 8192 1 0 2
[2022-12-16 21:42:11] sdram_bist 8192 1 0 2
[2022-12-16 21:42:11] Starting SDRAM BIST with length=8192, addr_mode=1, data_mode=0 wmode=2
[2022-12-16 21:42:11] WR-BW(MiB/s) RD-BW(MiB/s)  TESTED(MiB)     ERRORS
[2022-12-16 21:42:40] [1m        __   _ __      _  __[0m
[2022-12-16 21:42:40] [1m       / /  (_) /____ | |/_/[0m
[2022-12-16 21:42:40] [1m      / /__/ / __/ -_)>  <[0m
[2022-12-16 21:42:40] [1m     /____/_/\__/\__/_/|_|[0m
[2022-12-16 21:42:40] [1m   Build your hardware, easily![0m
[2022-12-16 21:42:40]  (c) Copyright 2012-2022 Enjoy-Digital
[2022-12-16 21:42:40]  (c) Copyright 2007-2015 M-Labs
[2022-12-16 21:42:40]  BIOS built on Nov 28 2022 18:17:22
[2022-12-16 21:42:40]  BIOS CRC failed (expected b0e744c8, got 9136fe44)
[2022-12-16 21:42:40]  The system will continue, but expect problems.
[2022-12-16 21:42:40]  LiteX git sha1: f707551c
[2022-12-16 21:42:40] --=============== [1mSoC[0m ==================--
[2022-12-16 21:42:40] [1mCPU[0m:		VexRiscv @ 75MHz
[2022-12-16 21:42:40] [1mBUS[0m:		WISHBONE 32-bit @ 4GiB
[2022-12-16 21:42:40] [1mCSR[0m:		32-bit data
[2022-12-16 21:42:40] [1mROM[0m:		128KiB
[2022-12-16 21:42:40] [1mSRAM[0m:		8KiB
[2022-12-16 21:42:40] [1mL2[0m:		8KiB
[2022-12-16 21:42:40] [1mSDRAM[0m:		524288KiB 16-bit @ 600MT/s (CL-7 CWL-5)
[2022-12-16 21:42:40] --========== [1mInitialization[0m ============--
[2022-12-16 21:42:40] Initializing SDRAM @0x40000000...
[2022-12-16 21:42:40] Switching SDRAM to software control.
[2022-12-16 21:42:40] Read leveling:
[2022-12-16 21:42:40]   m0, b00: |00000000000000000000000000000000| delays: -
[2022-12-16 21:42:40]   m0, b01: |11111111100000000000000000000000| delays: 04+-04
[2022-12-16 21:42:40]   m0, b02: |00000000000111111111111111111100| delays: 20+-09
[2022-12-16 21:42:40]   m0, b03: |00000000000000000000000000000000| delays: -
[2022-12-16 21:42:40]   m0, b04: |00000000000000000000000000000000| delays: -
[2022-12-16 21:42:40]   m0, b05: |00000000000000000000000000000000| delays: -
[2022-12-16 21:42:40]   m0, b06: |00000000000000000000000000000000| delays: -
[2022-12-16 21:42:40]   m0, b07: |00000000000000000000000000000000| delays: -
[2022-12-16 21:42:40]   best: m0, b02 delays: 20+-09
[2022-12-16 21:42:40]   m1, b00: |00000000000000000000000000000000| delays: -
[2022-12-16 21:42:40]   m1, b01: |11111111100000000000000000000000| delays: 04+-04
[2022-12-16 21:42:40]   m1, b02: |00000000001111111111111111111100| delays: 20+-10
[2022-12-16 21:42:40]   m1, b03: |00000000000000000000000000000000| delays: -
[2022-12-16 21:42:40]   m1, b04: |00000000000000000000000000000000| delays: -
[2022-12-16 21:42:40]   m1, b05: |00000000000000000000000000000000| delays: -
[2022-12-16 21:42:40]   m1, b06: |00000000000000000000000000000000| delays: -
[2022-12-16 21:42:40]   m1, b07: |00000000000000000000000000000000| delays: -
[2022-12-16 21:42:40]   best: m1, b02 delays: 20+-10
[2022-12-16 21:42:40] Switching SDRAM to hardware control.
[2022-12-16 21:42:40] Memtest at 0x40000000 (2.0MiB)...
[2022-12-16 21:42:40]   Write: 0x40000000-0x40000000 0B   
[2022-12-16 21:42:40]   Write: 0x40000000-0x40200000 2.0MiB   
[2022-12-16 21:42:40]    Read: 0x40000000-0x40000000 0B   
[2022-12-16 21:42:40]    Read: 0x40000000-0x40200000 2.0MiB   
[2022-12-16 21:42:40] Memtest OK
[2022-12-16 21:42:40] Memspeed at 0x40000000 (Sequential, 2.0MiB)...
[2022-12-16 21:42:40]   Write speed: 26.2MiB/s
[2022-12-16 21:42:40]    Read speed: 35.1MiB/s
[2022-12-16 21:42:40] --============== [1mBoot[0m ==================--
[2022-12-16 21:42:40] Booting from serial...
[2022-12-16 21:42:40] Press Q or ESC to abort boot completely.
[2022-12-16 21:42:40] sL5DdSMmkekro
[2022-12-16 21:42:40] Timeout
[2022-12-16 21:42:40] No boot medium found
[2022-12-16 21:42:40] --============= [1mConsole[0m ================--
[2022-12-16 21:42:40] [92;1mlitex[0m> sdram_bist_pat 165
[2022-12-16 21:42:40] sdram_bist_pat 165
[2022-12-16 21:42:40] [92;1mlitex[0m> 
[2022-12-16 21:42:40] [92;1mlitex[0m> 
[2022-12-16 21:42:40] [92;1mlitex[0m> sdram_bist 8192 1 0 2
[2022-12-16 21:42:40] sdram_bist 8192 1 0 2
[2022-12-16 21:42:40] Starting SDRAM BIST with length=8192, addr_mode=1, data_mode=0 wmode=2
[2022-12-16 21:42:40] WR-BW(MiB/s) RD-BW(MiB/s)  TESTED(MiB)     ERRORS
[2022-12-16 21:43:10] [1m        __   _ __      _  __[0m
[2022-12-16 21:43:10] [1m       / /  (_) /____ | |/_/[0m
[2022-12-16 21:43:10] [1m      / /__/ / __/ -_)>  <[0m
[2022-12-16 21:43:10] [1m     /____/_/\__/\__/_/|_|[0m
[2022-12-16 21:43:10] [1m   Build your hardware, easily![0m
[2022-12-16 21:43:10]  (c) Copyright 2012-2022 Enjoy-Digital
[2022-12-16 21:43:10]  (c) Copyright 2007-2015 M-Labs
[2022-12-16 21:43:10]  BIOS built on Nov 28 2022 18:17:22
[2022-12-16 21:43:10]  BIOS CRC failed (expected b0e744c8, got 9136fe44)
[2022-12-16 21:43:10]  The system will continue, but expect problems.
[2022-12-16 21:43:10]  LiteX git sha1: f707551c
[2022-12-16 21:43:10] --=============== [1mSoC[0m ==================--
[2022-12-16 21:43:10] [1mCPU[0m:		VexRiscv @ 75MHz
[2022-12-16 21:43:10] [1mBUS[0m:		WISHBONE 32-bit @ 4GiB
[2022-12-16 21:43:10] [1mCSR[0m:		32-bit data
[2022-12-16 21:43:10] [1mROM[0m:		128KiB
[2022-12-16 21:43:10] [1mSRAM[0m:		8KiB
[2022-12-16 21:43:10] [1mL2[0m:		8KiB
[2022-12-16 21:43:10] [1mSDRAM[0m:		524288KiB 16-bit @ 600MT/s (CL-7 CWL-5)
[2022-12-16 21:43:10] --========== [1mInitialization[0m ============--
[2022-12-16 21:43:10] Initializing SDRAM @0x40000000...
[2022-12-16 21:43:10] Switching SDRAM to software control.
[2022-12-16 21:43:10] Read leveling:
[2022-12-16 21:43:10]   m0, b00: |00000000000000000000000000000000| delays: -
[2022-12-16 21:43:10]   m0, b01: |11111111100000000000000000000000| delays: 04+-04
[2022-12-16 21:43:10]   m0, b02: |00000000000111111111111111111100| delays: 20+-09
[2022-12-16 21:43:10]   m0, b03: |00000000000000000000000000000000| delays: -
[2022-12-16 21:43:10]   m0, b04: |00000000000000000000000000000000| delays: -
[2022-12-16 21:43:10]   m0, b05: |00000000000000000000000000000000| delays: -
[2022-12-16 21:43:10]   m0, b06: |00000000000000000000000000000000| delays: -
[2022-12-16 21:43:10]   m0, b07: |00000000000000000000000000000000| delays: -
[2022-12-16 21:43:10]   best: m0, b02 delays: 20+-09
[2022-12-16 21:43:10]   m1, b00: |00000000000000000000000000000000| delays: -
[2022-12-16 21:43:10]   m1, b01: |11111111100000000000000000000000| delays: 04+-04
[2022-12-16 21:43:10]   m1, b02: |00000000001111111111111111111100| delays: 20+-10
[2022-12-16 21:43:10]   m1, b03: |00000000000000000000000000000000| delays: -
[2022-12-16 21:43:10]   m1, b04: |00000000000000000000000000000000| delays: -
[2022-12-16 21:43:10]   m1, b05: |00000000000000000000000000000000| delays: -
[2022-12-16 21:43:10]   m1, b06: |00000000000000000000000000000000| delays: -
[2022-12-16 21:43:10]   m1, b07: |00000000000000000000000000000000| delays: -
[2022-12-16 21:43:10]   best: m1, b02 delays: 20+-10
[2022-12-16 21:43:10] Switching SDRAM to hardware control.
[2022-12-16 21:43:10] Memtest at 0x40000000 (2.0MiB)...
[2022-12-16 21:43:10]   Write: 0x40000000-0x40000000 0B   
[2022-12-16 21:43:10]   Write: 0x40000000-0x40200000 2.0MiB   
[2022-12-16 21:43:10]    Read: 0x40000000-0x40000000 0B   
[2022-12-16 21:43:10]    Read: 0x40000000-0x40200000 2.0MiB   
[2022-12-16 21:43:10] Memtest OK
[2022-12-16 21:43:10] Memspeed at 0x40000000 (Sequential, 2.0MiB)...
[2022-12-16 21:43:10]   Write speed: 26.2MiB/s
[2022-12-16 21:43:10]    Read speed: 35.1MiB/s
[2022-12-16 21:43:10] --============== [1mBoot[0m ==================--
[2022-12-16 21:43:10] Booting from serial...
[2022-12-16 21:43:10] Press Q or ESC to abort boot completely.
[2022-12-16 21:43:10] sL5DdSMmkekro
[2022-12-16 21:43:10] Timeout
[2022-12-16 21:43:10] No boot medium found
[2022-12-16 21:43:10] --============= [1mConsole[0m ================--
[2022-12-16 21:43:10] [92;1mlitex[0m> sdram_bist_pat 165
[2022-12-16 21:43:10] sdram_bist_pat 165
[2022-12-16 21:43:10] [92;1mlitex[0m> 
[2022-12-16 21:43:10] [92;1mlitex[0m> 
[2022-12-16 21:43:10] [92;1mlitex[0m> sdram_bist 8192 1 0 2
[2022-12-16 21:43:10] sdram_bist 8192 1 0 2
[2022-12-16 21:43:10] Starting SDRAM BIST with length=8192, addr_mode=1, data_mode=0 wmode=2
[2022-12-16 21:43:10] WR-BW(MiB/s) RD-BW(MiB/s)  TESTED(MiB)     ERRORS
[2022-12-16 21:43:39] [1m        __   _ __      _  __[0m
[2022-12-16 21:43:39] [1m       / /  (_) /____ | |/_/[0m
[2022-12-16 21:43:39] [1m      / /__/ / __/ -_)>  <[0m
[2022-12-16 21:43:39] [1m     /____/_/\__/\__/_/|_|[0m
[2022-12-16 21:43:39] [1m   Build your hardware, easily![0m
[2022-12-16 21:43:39]  (c) Copyright 2012-2022 Enjoy-Digital
[2022-12-16 21:43:39]  (c) Copyright 2007-2015 M-Labs
[2022-12-16 21:43:39]  BIOS built on Nov 28 2022 18:17:22
[2022-12-16 21:43:39]  BIOS CRC failed (expected b0e744c8, got 9136fe44)
[2022-12-16 21:43:39]  The system will continue, but expect problems.
[2022-12-16 21:43:39]  LiteX git sha1: f707551c
[2022-12-16 21:43:39] --=============== [1mSoC[0m ==================--
[2022-12-16 21:43:39] [1mCPU[0m:		VexRiscv @ 75MHz
[2022-12-16 21:43:39] [1mBUS[0m:		WISHBONE 32-bit @ 4GiB
[2022-12-16 21:43:39] [1mCSR[0m:		32-bit data
[2022-12-16 21:43:39] [1mROM[0m:		128KiB
[2022-12-16 21:43:39] [1mSRAM[0m:		8KiB
[2022-12-16 21:43:39] [1mL2[0m:		8KiB
[2022-12-16 21:43:39] [1mSDRAM[0m:		524288KiB 16-bit @ 600MT/s (CL-7 CWL-5)
[2022-12-16 21:43:39] --========== [1mInitialization[0m ============--
[2022-12-16 21:43:39] Initializing SDRAM @0x40000000...
[2022-12-16 21:43:39] Switching SDRAM to software control.
[2022-12-16 21:43:39] Read leveling:
[2022-12-16 21:43:39]   m0, b00: |00000000000000000000000000000000| delays: -
[2022-12-16 21:43:39]   m0, b01: |11111111100000000000000000000000| delays: 04+-04
[2022-12-16 21:43:39]   m0, b02: |00000000000111111111111111111100| delays: 20+-09
[2022-12-16 21:43:39]   m0, b03: |00000000000000000000000000000000| delays: -
[2022-12-16 21:43:39]   m0, b04: |00000000000000000000000000000000| delays: -
[2022-12-16 21:43:39]   m0, b05: |00000000000000000000000000000000| delays: -
[2022-12-16 21:43:39]   m0, b06: |00000000000000000000000000000000| delays: -
[2022-12-16 21:43:39]   m0, b07: |00000000000000000000000000000000| delays: -
[2022-12-16 21:43:39]   best: m0, b02 delays: 21+-10
[2022-12-16 21:43:39]   m1, b00: |00000000000000000000000000000000| delays: -
[2022-12-16 21:43:39]   m1, b01: |11111111100000000000000000000000| delays: 04+-04
[2022-12-16 21:43:39]   m1, b02: |00000000001111111111111111111100| delays: 20+-10
[2022-12-16 21:43:39]   m1, b03: |00000000000000000000000000000000| delays: -
[2022-12-16 21:43:39]   m1, b04: |00000000000000000000000000000000| delays: -
[2022-12-16 21:43:39]   m1, b05: |00000000000000000000000000000000| delays: -
[2022-12-16 21:43:39]   m1, b06: |00000000000000000000000000000000| delays: -
[2022-12-16 21:43:39]   m1, b07: |00000000000000000000000000000000| delays: -
[2022-12-16 21:43:39]   best: m1, b02 delays: 20+-10
[2022-12-16 21:43:39] Switching SDRAM to hardware control.
[2022-12-16 21:43:39] Memtest at 0x40000000 (2.0MiB)...
[2022-12-16 21:43:39]   Write: 0x40000000-0x40000000 0B   
[2022-12-16 21:43:39]   Write: 0x40000000-0x40200000 2.0MiB   
[2022-12-16 21:43:39]    Read: 0x40000000-0x40000000 0B   
[2022-12-16 21:43:39]    Read: 0x40000000-0x40200000 2.0MiB   
[2022-12-16 21:43:39] Memtest OK
[2022-12-16 21:43:39] Memspeed at 0x40000000 (Sequential, 2.0MiB)...
[2022-12-16 21:43:39]   Write speed: 26.2MiB/s
[2022-12-16 21:43:39]    Read speed: 35.1MiB/s
[2022-12-16 21:43:39] --============== [1mBoot[0m ==================--
[2022-12-16 21:43:39] Booting from serial...
[2022-12-16 21:43:39] Press Q or ESC to abort boot completely.
[2022-12-16 21:43:39] sL5DdSMmkekro
[2022-12-16 21:43:39] Timeout
[2022-12-16 21:43:39] No boot medium found
[2022-12-16 21:43:39] --============= [1mConsole[0m ================--
[2022-12-16 21:43:39] [92;1mlitex[0m> sdram_bist_pat 165
[2022-12-16 21:43:39] sdram_bist_pat 165
[2022-12-16 21:43:39] [92;1mlitex[0m> 
[2022-12-16 21:43:39] [92;1mlitex[0m> 
[2022-12-16 21:43:39] [92;1mlitex[0m> sdram_bist 8192 1 0 2
[2022-12-16 21:43:39] sdram_bist 8192 1 0 2
[2022-12-16 21:43:39] Starting SDRAM BIST with length=8192, addr_mode=1, data_mode=0 wmode=2
[2022-12-16 21:43:39] WR-BW(MiB/s) RD-BW(MiB/s)  TESTED(MiB)     ERRORS
