[2022-12-19 08:23:04] 
[2022-12-19 08:23:04] [1m        __   _ __      _  __[0m
[2022-12-19 08:23:04] [1m       / /  (_) /____ | |/_/[0m
[2022-12-19 08:23:04] [1m      / /__/ / __/ -_)>  <[0m
[2022-12-19 08:23:04] [1m     /____/_/\__/\__/_/|_|[0m
[2022-12-19 08:23:04] [1m   Build your hardware, easily![0m
[2022-12-19 08:23:04]  (c) Copyright 2012-2022 Enjoy-Digital
[2022-12-19 08:23:04]  (c) Copyright 2007-2015 M-Labs
[2022-12-19 08:23:04]  BIOS built on Nov 28 2022 18:17:22
[2022-12-19 08:23:04]  BIOS CRC passed (b0e744c8)
[2022-12-19 08:23:04]  LiteX git sha1: f707551c
[2022-12-19 08:23:04] --=============== [1mSoC[0m ==================--
[2022-12-19 08:23:04] [1mCPU[0m:		VexRiscv @ 75MHz
[2022-12-19 08:23:04] [1mBUS[0m:		WISHBONE 32-bit @ 4GiB
[2022-12-19 08:23:04] [1mCSR[0m:		32-bit data
[2022-12-19 08:23:04] [1mROM[0m:		128KiB
[2022-12-19 08:23:04] [1mSRAM[0m:		8KiB
[2022-12-19 08:23:04] [1mL2[0m:		8KiB
[2022-12-19 08:23:04] [1mSDRAM[0m:		524288KiB 16-bit @ 600MT/s (CL-7 CWL-5)
[2022-12-19 08:23:04] --========== [1mInitialization[0m ============--
[2022-12-19 08:23:04] Initializing SDRAM @0x40000000...
[2022-12-19 08:23:04] Switching SDRAM to software control.
[2022-12-19 08:23:04] Read leveling:
[2022-12-19 08:23:04]   m0, b00: |00000000000000000000000000000000| delays: -
[2022-12-19 08:23:04]   m0, b01: |11111111100000000000000000000000| delays: 04+-04
[2022-12-19 08:23:04]   m0, b02: |00000000000011111111111111111100| delays: 20+-09
[2022-12-19 08:23:04]   m0, b03: |00000000000000000000000000000000| delays: -
[2022-12-19 08:23:04]   m0, b04: |00000000000000000000000000000000| delays: -
[2022-12-19 08:23:04]   m0, b05: |00000000000000000000000000000000| delays: -
[2022-12-19 08:23:04]   m0, b06: |00000000000000000000000000000000| delays: -
[2022-12-19 08:23:04]   m0, b07: |00000000000000000000000000000000| delays: -
[2022-12-19 08:23:04]   best: m0, b02 delays: 20+-09
[2022-12-19 08:23:04]   m1, b00: |00000000000000000000000000000000| delays: -
[2022-12-19 08:23:04]   m1, b01: |11111111100000000000000000000000| delays: 04+-04
[2022-12-19 08:23:04]   m1, b02: |00000000001111111111111111111100| delays: 20+-10
[2022-12-19 08:23:04]   m1, b03: |00000000000000000000000000000001| delays: -
[2022-12-19 08:23:04]   m1, b04: |00000000000000000000000000000000| delays: -
[2022-12-19 08:23:04]   m1, b05: |00000000000000000000000000000000| delays: -
[2022-12-19 08:23:04]   m1, b06: |00000000000000000000000000000000| delays: -
[2022-12-19 08:23:04]   m1, b07: |00000000000000000000000000000000| delays: -
[2022-12-19 08:23:04]   best: m1, b02 delays: 20+-10
[2022-12-19 08:23:04] Switching SDRAM to hardware control.
[2022-12-19 08:23:04] Memtest at 0x40000000 (2.0MiB)...
[2022-12-19 08:23:04]   Write: 0x40000000-0x40000000 0B   
[2022-12-19 08:23:04]   Write: 0x40000000-0x40200000 2.0MiB   
[2022-12-19 08:23:04]    Read: 0x40000000-0x40000000 0B   
[2022-12-19 08:23:04]    Read: 0x40000000-0x40200000 2.0MiB   
[2022-12-19 08:23:04] Memtest OK
[2022-12-19 08:23:04] Memspeed at 0x40000000 (Sequential, 2.0MiB)...
[2022-12-19 08:23:04]   Write speed: 26.2MiB/s
[2022-12-19 08:23:04]    Read speed: 35.1MiB/s
[2022-12-19 08:23:04] --============== [1mBoot[0m ==================--
[2022-12-19 08:23:04] Booting from serial...
[2022-12-19 08:23:04] Press Q or ESC to abort boot completely.
[2022-12-19 08:23:04] sL5DdSMmkekro
[2022-12-19 08:23:04] Timeout
[2022-12-19 08:23:04] No boot medium found
[2022-12-19 08:23:04] --============= [1mConsole[0m ================--
[2022-12-19 08:23:04] [92;1mlitex[0m> sdram_bist_pat 165
[2022-12-19 08:23:04] sdram_bist_pat 165
[2022-12-19 08:23:04] [92;1mlitex[0m> 
[2022-12-19 08:23:04] [92;1mlitex[0m> 
[2022-12-19 08:23:04] [92;1mlitex[0m> sdram_bist 8192 1 0 2
[2022-12-19 08:23:04] sdram_bist 8192 1 0 2
[2022-12-19 08:23:04] Starting SDRAM BIST with length=8192, addr_mode=1, data_mode=0 wmode=2
[2022-12-19 08:23:04] WR-BW(MiB/s) RD-BW(MiB/s)  TESTED(MiB)     ERRORS
[2022-12-19 08:23:05]          940          940          473          0
[2022-12-19 08:23:07]          941          940          947          0
[2022-12-19 08:23:08]          941          940         1421          0
[2022-12-19 08:23:10]          941          940         1895          0
[2022-12-19 08:23:11]          941          940         2369          0
[2022-12-19 08:23:13]          941          940         2843          0
[2022-12-19 08:23:14]          941          940         3316          0
[2022-12-19 08:23:15]          941          940         3790          0
[2022-12-19 08:23:15] WR-BW(MiB/s) RD-BW(MiB/s)  TESTED(MiB)     ERRORS
[2022-12-19 08:23:17]          940          940          168          0
[2022-12-19 08:23:18]          941          940          642          0
[2022-12-19 08:23:20]          941          940         1116          0
[2022-12-19 08:23:21]          941          940         1590          0
[2022-12-19 08:23:23]          941          940         2063          0
[2022-12-19 08:23:24]          941          940         2537          0
[2022-12-19 08:23:26]          941          940         3011          0
[2022-12-19 08:23:27]          941          940         3485          0
[2022-12-19 08:23:27] WR-BW(MiB/s) RD-BW(MiB/s)  TESTED(MiB)     ERRORS
[2022-12-19 08:23:29]          941          940         3959          0
[2022-12-19 08:23:30]          941          940          337          0
[2022-12-19 08:23:31]          941          940          810          0
[2022-12-19 08:23:33]          941          940         1284          0
[2022-12-19 08:23:34]          941          940         1758          0
[2022-12-19 08:23:36]          941          940         2232          0
[2022-12-19 08:23:37]          941          940         2706          0
[2022-12-19 08:23:39]          941          940         3180          0
[2022-12-19 08:23:39] WR-BW(MiB/s) RD-BW(MiB/s)  TESTED(MiB)     ERRORS
[2022-12-19 08:23:40]          940          940         3653          0
[2022-12-19 08:23:42]          941          940           31          0
[2022-12-19 08:23:43]          941          940          505          0
[2022-12-19 08:23:45]          941          940          979          0
[2022-12-19 08:23:46]          941          940         1453          0
[2022-12-19 08:23:47]          941          940         1927          0
[2022-12-19 08:23:49]          941          940         2400          0
[2022-12-19 08:23:50]          941          940         2874          0
[2022-12-19 08:23:50] WR-BW(MiB/s) RD-BW(MiB/s)  TESTED(MiB)     ERRORS
[2022-12-19 08:23:52]          940          940         3348          0
[2022-12-19 08:23:53]          941          940         3822          0
[2022-12-19 08:23:55]          941          940          200          0
[2022-12-19 08:23:56]          941          940          674          0
[2022-12-19 08:23:58]          941          940         1147          0
[2022-12-19 08:23:59]          941          940         1621          0
[2022-12-19 08:24:00]          941          940         2095          0
[2022-12-19 08:24:02]          941          940         2569          0
[2022-12-19 08:24:02] WR-BW(MiB/s) RD-BW(MiB/s)  TESTED(MiB)     ERRORS
[2022-12-19 08:24:03]          940          940         3043          0
[2022-12-19 08:24:05]          941          940         3517          0
[2022-12-19 08:24:06]          941          940         3990          0
[2022-12-19 08:24:08]          941          940          368          0
[2022-12-19 08:24:09]          941          940          842          0
[2022-12-19 08:24:11]          941          940         1316          0
[2022-12-19 08:24:12]          941          940         1790          0
[2022-12-19 08:24:14]          941          940         2264          0
[2022-12-19 08:24:14] WR-BW(MiB/s) RD-BW(MiB/s)  TESTED(MiB)     ERRORS
[2022-12-19 08:24:15]          940          940         2737          0
[2022-12-19 08:24:16]          941          940         3211          0
[2022-12-19 08:24:18]          941          940         3685          0
[2022-12-19 08:24:19]          941          940           63          0
[2022-12-19 08:24:21]          941          940          537          0
[2022-12-19 08:24:22]          941          940         1011          0
[2022-12-19 08:24:24]          941          940         1484          0
[2022-12-19 08:24:25]          941          940         1958          0
[2022-12-19 08:24:25] WR-BW(MiB/s) RD-BW(MiB/s)  TESTED(MiB)     ERRORS
[2022-12-19 08:24:27]          940          940         2432          0
[2022-12-19 08:24:28]          941          940         2906          0
[2022-12-19 08:24:29]          941          940         3380          0
[2022-12-19 08:24:31]          941          940         3854          0
[2022-12-19 08:24:32]          941          940          231          0
[2022-12-19 08:24:34]          941          940          705          0
[2022-12-19 08:24:35]          941          940         1179          0
[2022-12-19 08:24:37]          941          940         1653          0
[2022-12-19 08:24:37] WR-BW(MiB/s) RD-BW(MiB/s)  TESTED(MiB)     ERRORS
[2022-12-19 08:24:38]          940          940         2127          0
[2022-12-19 08:24:40]          941          940         2601          0
[2022-12-19 08:24:41]          941          940         3074          0
[2022-12-19 08:24:43]          941          940         3548          0
[2022-12-19 08:24:44]          941          940         4022          0
[2022-12-19 08:24:45]          941          940          400          0
[2022-12-19 08:24:47]          941          940          874          0
[2022-12-19 08:24:48]          941          940         1348          0
[2022-12-19 08:24:48] WR-BW(MiB/s) RD-BW(MiB/s)  TESTED(MiB)     ERRORS
[2022-12-19 08:24:50]          940          940         1821          0
[2022-12-19 08:24:51]          941          940         2295          0
[2022-12-19 08:24:53]          941          940         2769          0
[2022-12-19 08:24:54]          941          940         3243          0
[2022-12-19 08:24:56]          941          940         3717          0
[2022-12-19 08:24:57]          941          940           95          0
[2022-12-19 08:24:59]          941          940          568          0
[2022-12-19 08:25:00]          941          940         1042          0
[2022-12-19 08:25:00] WR-BW(MiB/s) RD-BW(MiB/s)  TESTED(MiB)     ERRORS
[2022-12-19 08:25:01]          941          940         1516          0
[2022-12-19 08:25:03]          941          940         1990          0
[2022-12-19 08:25:04]          941          940         2464          0
[2022-12-19 08:25:06]          941          940         2938          0
[2022-12-19 08:25:07]          941          940         3411          0
[2022-12-19 08:25:09]          941          940         3885          0
[2022-12-19 08:25:10]          941          940          263          0
[2022-12-19 08:25:12]          941          940          737          0
[2022-12-19 08:25:12] WR-BW(MiB/s) RD-BW(MiB/s)  TESTED(MiB)     ERRORS
[2022-12-19 08:25:13]          941          940         1211          0
[2022-12-19 08:25:14]          941          940         1685          0
[2022-12-19 08:25:16]          941          940         2158          0
[2022-12-19 08:25:17]          941          940         2632          0
[2022-12-19 08:25:19]          941          940         3106          0
[2022-12-19 08:25:20]          941          940         3580          0
[2022-12-19 08:25:22]          941          940         4054          0
[2022-12-19 08:25:23]          941          940          432          0
[2022-12-19 08:25:23] WR-BW(MiB/s) RD-BW(MiB/s)  TESTED(MiB)     ERRORS
[2022-12-19 08:25:25]          941          940          906          0
[2022-12-19 08:25:26]          941          940         1379          0
[2022-12-19 08:25:28]          941          940         1853          0
[2022-12-19 08:25:29]          941          940         2327          0
[2022-12-19 08:25:30]          941          940         2801          0
[2022-12-19 08:25:32]          941          940         3275          0
[2022-12-19 08:25:33]          941          940         3749          0
[2022-12-19 08:25:35]          941          940          126          0
[2022-12-19 08:25:35] WR-BW(MiB/s) RD-BW(MiB/s)  TESTED(MiB)     ERRORS
[2022-12-19 08:25:36]          941          940          600          0
[2022-12-19 08:25:38]          941          940         1074          0
[2022-12-19 08:25:39]          941          940         1548          0
[2022-12-19 08:25:41]          941          940         2022          0
[2022-12-19 08:25:42]          941          940         2496          0
[2022-12-19 08:25:44]          941          940         2969          0
[2022-12-19 08:25:45]          941          940         3443          0
[2022-12-19 08:25:46]          941          940         3917          0
[2022-12-19 08:25:46] WR-BW(MiB/s) RD-BW(MiB/s)  TESTED(MiB)     ERRORS
[2022-12-19 08:25:48]          940          940          295          0
[2022-12-19 08:25:49]          941          940          769          0
[2022-12-19 08:25:51]          941          940         1243          0
[2022-12-19 08:25:52]          941          940         1716          0
[2022-12-19 08:25:54]          941          940         2190          0
[2022-12-19 08:25:55]          941          940         2664          0
[2022-12-19 08:25:57]          941          940         3138          0
[2022-12-19 08:25:58]          941          940         3612          0
[2022-12-19 08:25:58] WR-BW(MiB/s) RD-BW(MiB/s)  TESTED(MiB)     ERRORS
[2022-12-19 08:25:59]          941          940         4086          0
[2022-12-19 08:26:01]          941          940          463          0
[2022-12-19 08:26:02]          941          940          937          0
[2022-12-19 08:26:04]          941          940         1411          0
[2022-12-19 08:26:05]          941          940         1885          0
[2022-12-19 08:26:07]          941          940         2359          0
[2022-12-19 08:26:08]          941          940         2833          0
[2022-12-19 08:26:10]          941          940         3306          0
[2022-12-19 08:26:10] WR-BW(MiB/s) RD-BW(MiB/s)  TESTED(MiB)     ERRORS
[2022-12-19 08:26:11]          940          940         3780          0
[2022-12-19 08:26:13]          941          940          158          0
[2022-12-19 08:26:14]          941          940          632          0
[2022-12-19 08:26:15]          941          940         1106          0
[2022-12-19 08:26:17]          941          940         1580          0
[2022-12-19 08:26:18]          941          940         2053          0
[2022-12-19 08:26:20]          941          940         2527          0
[2022-12-19 08:26:21]          941          940         3001          0
[2022-12-19 08:26:21] WR-BW(MiB/s) RD-BW(MiB/s)  TESTED(MiB)     ERRORS
[2022-12-19 08:26:23]          940          940         3475          0
[2022-12-19 08:26:24]          941          940         3949          0
[2022-12-19 08:26:26]          941          940          327          0
[2022-12-19 08:26:27]          941          940          800          0
[2022-12-19 08:26:29]          941          940         1274          0
[2022-12-19 08:26:30]          941          940         1748          0
[2022-12-19 08:26:31]          941          940         2222          0
[2022-12-19 08:26:33]          941          940         2696          0
[2022-12-19 08:26:33] WR-BW(MiB/s) RD-BW(MiB/s)  TESTED(MiB)     ERRORS
[2022-12-19 08:26:34]          941          940         3170          0
[2022-12-19 08:26:36]          941          940         3643          0
[2022-12-19 08:26:37]          941          940           21          0
[2022-12-19 08:26:39]          941          940          495          0
[2022-12-19 08:26:40]          941          940          969          0
[2022-12-19 08:26:42]          941          940         1443          0
[2022-12-19 08:26:43]          941          940         1917          0
[2022-12-19 08:26:44]          941          940         2390          0
[2022-12-19 08:26:44] WR-BW(MiB/s) RD-BW(MiB/s)  TESTED(MiB)     ERRORS
[2022-12-19 08:26:46]          941          940         2864          0
[2022-12-19 08:26:47]          941          940         3338          0
[2022-12-19 08:26:49]          941          940         3812          0
[2022-12-19 08:26:50]          941          940          190          0
[2022-12-19 08:26:52]          941          940          664          0
[2022-12-19 08:26:53]          941          940         1137          0
[2022-12-19 08:26:55]          941          940         1611          0
[2022-12-19 08:26:56]          941          940         2085          0
[2022-12-19 08:26:56] WR-BW(MiB/s) RD-BW(MiB/s)  TESTED(MiB)     ERRORS
[2022-12-19 08:26:58]          940          940         2559          0
[2022-12-19 08:26:59]          941          940         3033          0
[2022-12-19 08:27:00]          941          940         3507          0
[2022-12-19 08:27:02]          941          940         3980          0
[2022-12-19 08:27:03]          941          940          358          0
[2022-12-19 08:27:05]          941          940          832          0
[2022-12-19 08:27:06]          941          940         1306          0
[2022-12-19 08:27:08]          941          940         1780          0
[2022-12-19 08:27:08] WR-BW(MiB/s) RD-BW(MiB/s)  TESTED(MiB)     ERRORS
[2022-12-19 08:27:09]          941          940         2254          0
[2022-12-19 08:27:11]          941          940         2727          0
[2022-12-19 08:27:12]          941          940         3201          0
[2022-12-19 08:27:14]          941          940         3675          0
[2022-12-19 08:27:15]          941          940           53          0
[2022-12-19 08:27:16]          941          940          527          0
[2022-12-19 08:27:18]          941          940         1001          0
[2022-12-19 08:27:19]          941          940         1474          0
[2022-12-19 08:27:19] WR-BW(MiB/s) RD-BW(MiB/s)  TESTED(MiB)     ERRORS
[2022-12-19 08:27:21]          940          940         1948          0
[2022-12-19 08:27:22]          941          940         2422          0
[2022-12-19 08:27:24]          941          940         2896          0
[2022-12-19 08:27:25]          941          940         3370          0
[2022-12-19 08:27:27]          941          940         3844          0
[2022-12-19 08:27:28]          941          940          221          0
[2022-12-19 08:27:29]          941          940          695          0
[2022-12-19 08:27:31]          941          940         1169          0
[2022-12-19 08:27:31] WR-BW(MiB/s) RD-BW(MiB/s)  TESTED(MiB)     ERRORS
[2022-12-19 08:27:32]          940          940         1643          0
[2022-12-19 08:27:34]          941          940         2117          0
[2022-12-19 08:27:35]          941          940         2591          0
[2022-12-19 08:27:37]          941          940         3065          0
[2022-12-19 08:27:38]          941          940         3538          0
[2022-12-19 08:27:40]          941          940         4012          0
[2022-12-19 08:27:41]          941          940          390          0
[2022-12-19 08:27:43]          941          940          864          0
[2022-12-19 08:27:43] WR-BW(MiB/s) RD-BW(MiB/s)  TESTED(MiB)     ERRORS
[2022-12-19 08:27:44]          941          940         1338          0
[2022-12-19 08:27:45]          941          940         1812          0
[2022-12-19 08:27:47]          941          940         2285          0
[2022-12-19 08:27:48]          941          940         2759          0
[2022-12-19 08:27:50]          941          940         3233          0
[2022-12-19 08:27:51]          941          940         3707          0
[2022-12-19 08:27:53]          941          940           85          0
[2022-12-19 08:27:54]          941          940          559          0
[2022-12-19 08:27:54] WR-BW(MiB/s) RD-BW(MiB/s)  TESTED(MiB)     ERRORS
[2022-12-19 08:27:56]          941          940         1032          0
[2022-12-19 08:27:57]          941          940         1506          0
[2022-12-19 08:27:58]          941          940         1980          0
[2022-12-19 08:28:00]          941          940         2454          0
[2022-12-19 08:28:01]          941          940         2928          0
[2022-12-19 08:28:03]          941          940         3402          0
[2022-12-19 08:28:04]          941          940         3875          0
[2022-12-19 08:28:06]          941          940          253          0
[2022-12-19 08:28:06] WR-BW(MiB/s) RD-BW(MiB/s)  TESTED(MiB)     ERRORS
[2022-12-19 08:28:07]          941          940          727          0
[2022-12-19 08:28:09]          941          940         1201          0
[2022-12-19 08:28:10]          941          940         1675          0
[2022-12-19 08:28:12]          941          940         2149          0
[2022-12-19 08:28:13]          941          940         2622          0
[2022-12-19 08:28:14]          941          940         3096          0
[2022-12-19 08:28:16]          941          940         3570          0
[2022-12-19 08:28:17]          941          940         4044          0
[2022-12-19 08:28:17] WR-BW(MiB/s) RD-BW(MiB/s)  TESTED(MiB)     ERRORS
[2022-12-19 08:28:19]          940          940          422          0
[2022-12-19 08:28:20]          941          940          896          0
[2022-12-19 08:28:22]          941          940         1369          0
[2022-12-19 08:28:23]          941          940         1843          0
[2022-12-19 08:28:25]          941          940         2317          0
[2022-12-19 08:28:26]          941          940         2791          0
[2022-12-19 08:28:28]          941          940         3265          0
[2022-12-19 08:28:29]          941          940         3739          0
[2022-12-19 08:28:29] WR-BW(MiB/s) RD-BW(MiB/s)  TESTED(MiB)     ERRORS
[2022-12-19 08:28:30]          941          940          116          0
[2022-12-19 08:28:32]          941          940          590          0
[2022-12-19 08:28:33]          941          940         1064          0
[2022-12-19 08:28:35]          941          940         1538          0
[2022-12-19 08:28:36]          941          940         2012          0
[2022-12-19 08:28:38]          941          940         2486          0
[2022-12-19 08:28:39]          941          940         2959          0
[2022-12-19 08:28:41]          941          940         3433          0
[2022-12-19 08:28:41] WR-BW(MiB/s) RD-BW(MiB/s)  TESTED(MiB)     ERRORS
[2022-12-19 08:28:42]          941          940         3907          0
[2022-12-19 08:28:43]          941          940          285          0
[2022-12-19 08:28:45]          941          940          759          0
[2022-12-19 08:28:46]          941          940         1233          0
[2022-12-19 08:28:48]          941          940         1706          0
[2022-12-19 08:28:49]          941          940         2180          0
[2022-12-19 08:28:51]          941          940         2654          0
[2022-12-19 08:28:52]          941          940         3128          0
[2022-12-19 08:28:52] WR-BW(MiB/s) RD-BW(MiB/s)  TESTED(MiB)     ERRORS
[2022-12-19 08:28:54]          940          940         3602          0
[2022-12-19 08:28:55]          941          940         4076          0
[2022-12-19 08:28:57]          941          940          453          0
[2022-12-19 08:28:58]          941          940          927          0
[2022-12-19 08:28:59]          941          940         1401          0
[2022-12-19 08:29:01]          941          940         1875          0
[2022-12-19 08:29:02]          941          940         2349          0
[2022-12-19 08:29:04]          941          940         2823          0
[2022-12-19 08:29:04] WR-BW(MiB/s) RD-BW(MiB/s)  TESTED(MiB)     ERRORS
[2022-12-19 08:29:05]          940          940         3296          0
[2022-12-19 08:29:07]          941          940         3770          0
[2022-12-19 08:29:08]          941          940          148          0
[2022-12-19 08:29:10]          941          940          622          0
[2022-12-19 08:29:11]          941          940         1096          0
[2022-12-19 08:29:13]          941          940         1570          0
[2022-12-19 08:29:14]          941          940         2043          0
[2022-12-19 08:29:15]          941          940         2517          0
[2022-12-19 08:29:15] WR-BW(MiB/s) RD-BW(MiB/s)  TESTED(MiB)     ERRORS
[2022-12-19 08:29:17]          940          940         2991          0
[2022-12-19 08:29:18]          941          940         3465          0
[2022-12-19 08:29:20]          941          940         3939          0
[2022-12-19 08:29:21]          941          940          317          0
[2022-12-19 08:29:23]          941          940          790          0
[2022-12-19 08:29:24]          941          940         1264          0
[2022-12-19 08:29:26]          941          940         1738          0
[2022-12-19 08:29:27]          941          940         2212          0
[2022-12-19 08:29:27] WR-BW(MiB/s) RD-BW(MiB/s)  TESTED(MiB)     ERRORS
[2022-12-19 08:29:28]          941          940         2686          0
[2022-12-19 08:29:30]          941          940         3160          0
[2022-12-19 08:29:31]          941          940         3633          0
[2022-12-19 08:29:33]          941          940           11          0
[2022-12-19 08:29:34]          941          940          485          0
[2022-12-19 08:29:36]          941          940          959          0
[2022-12-19 08:29:37]          941          940         1433          0
[2022-12-19 08:29:39]          941          940         1907          0
[2022-12-19 08:29:39] WR-BW(MiB/s) RD-BW(MiB/s)  TESTED(MiB)     ERRORS
[2022-12-19 08:29:40]          940          940         2380          0
[2022-12-19 08:29:42]          941          940         2854          0
[2022-12-19 08:29:43]          941          940         3328          0
[2022-12-19 08:29:44]          941          940         3802          0
[2022-12-19 08:29:46]          941          940          180          0
[2022-12-19 08:29:47]          941          940          654          0
[2022-12-19 08:29:49]          941          940         1128          0
[2022-12-19 08:29:50]          941          940         1601          0
[2022-12-19 08:29:50] WR-BW(MiB/s) RD-BW(MiB/s)  TESTED(MiB)     ERRORS
[2022-12-19 08:29:52]          941          940         2075          0
[2022-12-19 08:29:53]          941          940         2549          0
[2022-12-19 08:29:55]          941          940         3023          0
[2022-12-19 08:29:56]          941          940         3497          0
[2022-12-19 08:29:58]          941          940         3971          0
[2022-12-19 08:29:59]          941          940          348          0
[2022-12-19 08:30:00]          941          940          822          0
[2022-12-19 08:30:02]          941          940         1296          0
[2022-12-19 08:30:02] WR-BW(MiB/s) RD-BW(MiB/s)  TESTED(MiB)     ERRORS
[2022-12-19 08:30:03]          941          940         1770          0
[2022-12-19 08:30:05]          941          940         2244          0
[2022-12-19 08:30:06]          941          940         2718          0
[2022-12-19 08:30:08]          941          940         3191          0
[2022-12-19 08:30:09]          941          940         3665          0
[2022-12-19 08:30:11]          941          940           43          0
[2022-12-19 08:30:12]          941          940          517          0
[2022-12-19 08:30:13]          941          940          991          0
[2022-12-19 08:30:13] WR-BW(MiB/s) RD-BW(MiB/s)  TESTED(MiB)     ERRORS
[2022-12-19 08:30:15]          941          940         1465          0
[2022-12-19 08:30:16]          941          940         1938          0
[2022-12-19 08:30:18]          941          940         2412          0
[2022-12-19 08:30:19]          941          940         2886          0
[2022-12-19 08:30:21]          941          940         3360          0
[2022-12-19 08:30:22]          941          940         3834          0
[2022-12-19 08:30:24]          941          940          212          0
[2022-12-19 08:30:25]          941          940          685          0
[2022-12-19 08:30:25] WR-BW(MiB/s) RD-BW(MiB/s)  TESTED(MiB)     ERRORS
[2022-12-19 08:30:27]          941          940         1159          0
[2022-12-19 08:30:28]          941          940         1633          0
[2022-12-19 08:30:29]          941          940         2107          0
[2022-12-19 08:30:31]          941          940         2581          0
[2022-12-19 08:30:32]          941          940         3055          0
[2022-12-19 08:30:34]          941          940         3528          0
[2022-12-19 08:30:35]          941          940         4002          0
[2022-12-19 08:30:37]          941          940          380          0
[2022-12-19 08:30:37] WR-BW(MiB/s) RD-BW(MiB/s)  TESTED(MiB)     ERRORS
[2022-12-19 08:30:38]          941          940          854          0
[2022-12-19 08:30:40]          941          940         1328          0
[2022-12-19 08:30:41]          941          940         1802          0
[2022-12-19 08:30:43]          941          940         2275          0
[2022-12-19 08:30:44]          941          940         2749          0
[2022-12-19 08:30:45]          941          940         3223          0
[2022-12-19 08:30:47]          941          940         3697          0
[2022-12-19 08:30:48]          941          940           75          0
[2022-12-19 08:30:48] WR-BW(MiB/s) RD-BW(MiB/s)  TESTED(MiB)     ERRORS
[2022-12-19 08:30:50]          941          940          549          0
[2022-12-19 08:30:51]          941          940         1022          0
[2022-12-19 08:30:53]          941          940         1496          0
[2022-12-19 08:30:54]          941          940         1970          0
[2022-12-19 08:30:56]          941          940         2444          0
[2022-12-19 08:30:57]          941          940         2918          0
[2022-12-19 08:30:58]          941          940         3392          0
[2022-12-19 08:31:00]          941          940         3865          0
[2022-12-19 08:31:00] WR-BW(MiB/s) RD-BW(MiB/s)  TESTED(MiB)     ERRORS
[2022-12-19 08:31:01]          941          940          243          0
[2022-12-19 08:31:03]          941          940          717          0
[2022-12-19 08:31:04]          941          940         1191          0
[2022-12-19 08:31:06]          941          940         1665          0
[2022-12-19 08:31:07]          941          940         2139          0
[2022-12-19 08:31:09]          941          940         2612          0
[2022-12-19 08:31:10]          941          940         3086          0
[2022-12-19 08:31:12]          941          940         3560          0
[2022-12-19 08:31:12] WR-BW(MiB/s) RD-BW(MiB/s)  TESTED(MiB)     ERRORS
[2022-12-19 08:31:13]          941          940         4034          0
[2022-12-19 08:31:14]          941          940          412          0
[2022-12-19 08:31:16]          941          940          886          0
[2022-12-19 08:31:17]          941          940         1359          0
[2022-12-19 08:31:19]          941          940         1833          0
[2022-12-19 08:31:20]          941          940         2307          0
[2022-12-19 08:31:22]          941          940         2781          0
[2022-12-19 08:31:23]          941          940         3255          0
[2022-12-19 08:31:23] WR-BW(MiB/s) RD-BW(MiB/s)  TESTED(MiB)     ERRORS
[2022-12-19 08:31:25]          940          940         3729          0
[2022-12-19 08:31:26]          941          940          106          0
[2022-12-19 08:31:28]          941          940          580          0
[2022-12-19 08:31:29]          941          940         1054          0
[2022-12-19 08:31:30]          941          940         1528          0
[2022-12-19 08:31:32]          941          940         2002          0
[2022-12-19 08:31:33]          941          940         2476          0
[2022-12-19 08:31:35]          941          940         2949          0
[2022-12-19 08:31:35] WR-BW(MiB/s) RD-BW(MiB/s)  TESTED(MiB)     ERRORS
[2022-12-19 08:31:36]          940          940         3423          0
[2022-12-19 08:31:38]          941          940         3897          0
[2022-12-19 08:31:39]          941          940          275          0
[2022-12-19 08:31:41]          941          940          749          0
[2022-12-19 08:31:42]          941          940         1223          0
[2022-12-19 08:31:43]          941          940         1696          0
[2022-12-19 08:31:45]          941          940         2170          0
[2022-12-19 08:31:46]          941          940         2644          0
[2022-12-19 08:31:46] WR-BW(MiB/s) RD-BW(MiB/s)  TESTED(MiB)     ERRORS
[2022-12-19 08:31:48]          941          940         3118          0
[2022-12-19 08:31:49]          941          940         3592          0
[2022-12-19 08:31:51]          941          940         4066          0
[2022-12-19 08:31:52]          941          940          443          0
[2022-12-19 08:31:54]          941          940          917          0
[2022-12-19 08:31:55]          941          940         1391          0
[2022-12-19 08:31:57]          941          940         1865          0
[2022-12-19 08:31:58]          941          940         2339          0
[2022-12-19 08:31:58] WR-BW(MiB/s) RD-BW(MiB/s)  TESTED(MiB)     ERRORS
[2022-12-19 08:31:59]          940          940         2813          0
[2022-12-19 08:32:01]          941          940         3287          0
[2022-12-19 08:32:02]          941          940         3760          0
[2022-12-19 08:32:04]          941          940          138          0
[2022-12-19 08:32:05]          941          940          612          0
[2022-12-19 08:32:07]          941          940         1086          0
[2022-12-19 08:32:08]          941          940         1560          0
[2022-12-19 08:32:10]          941          940         2034          0
[2022-12-19 08:32:10] WR-BW(MiB/s) RD-BW(MiB/s)  TESTED(MiB)     ERRORS
[2022-12-19 08:32:11]          940          940         2507          0
[2022-12-19 08:32:13]          941          940         2981          0
[2022-12-19 08:32:14]          941          940         3455          0
[2022-12-19 08:32:15]          941          940         3929          0
[2022-12-19 08:32:17]          941          940          307          0
[2022-12-19 08:32:18]          941          940          781          0
[2022-12-19 08:32:20]          941          940         1254          0
[2022-12-19 08:32:21]          941          940         1728          0
[2022-12-19 08:32:21] WR-BW(MiB/s) RD-BW(MiB/s)  TESTED(MiB)     ERRORS
[2022-12-19 08:32:23]          941          940         2202          0
[2022-12-19 08:32:24]          941          940         2676          0
[2022-12-19 08:32:26]          941          940         3150          0
[2022-12-19 08:32:27]          941          940         3624          0
[2022-12-19 08:32:28]          941          940            1          0
[2022-12-19 08:32:30]          941          940          475          0
[2022-12-19 08:32:31]          941          940          949          0
[2022-12-19 08:32:33]          941          940         1423          0
[2022-12-19 08:32:33] WR-BW(MiB/s) RD-BW(MiB/s)  TESTED(MiB)     ERRORS
[2022-12-19 08:32:34]          941          940         1897          0
[2022-12-19 08:32:36]          941          940         2371          0
[2022-12-19 08:32:37]          941          940         2844          0
[2022-12-19 08:32:39]          941          940         3318          0
[2022-12-19 08:32:40]          941          940         3792          0
[2022-12-19 08:32:42]          941          940          170          0
[2022-12-19 08:32:43]          941          940          644          0
[2022-12-19 08:32:44]          941          940         1118          0
[2022-12-19 08:32:44] WR-BW(MiB/s) RD-BW(MiB/s)  TESTED(MiB)     ERRORS
[2022-12-19 08:32:46]          941          940         1591          0
[2022-12-19 08:32:47]          941          940         2065          0
[2022-12-19 08:32:49]          941          940         2539          0
[2022-12-19 08:32:50]          941          940         3013          0
[2022-12-19 08:32:52]          941          940         3487          0
[2022-12-19 08:32:53]          941          940         3961          0
[2022-12-19 08:32:55]          941          940          338          0
[2022-12-19 08:32:56]          941          940          812          0
[2022-12-19 08:32:56] WR-BW(MiB/s) RD-BW(MiB/s)  TESTED(MiB)     ERRORS
[2022-12-19 08:32:57]          941          940         1286          0
[2022-12-19 08:32:59]          941          940         1760          0
[2022-12-19 08:33:00]          941          940         2234          0
[2022-12-19 08:33:02]          941          940         2708          0
[2022-12-19 08:33:03]          941          940         3181          0
[2022-12-19 08:33:05]          941          940         3655          0
[2022-12-19 08:33:06]          941          940           33          0
[2022-12-19 08:33:08]          941          940          507          0
[2022-12-19 08:33:08] WR-BW(MiB/s) RD-BW(MiB/s)  TESTED(MiB)     ERRORS
[2022-12-19 08:33:09]          941          940          981          0
[2022-12-19 08:33:11]          941          940         1455          0
[2022-12-19 08:33:12]          941          940         1928          0
[2022-12-19 08:33:13]          941          940         2402          0
[2022-12-19 08:33:15]          941          940         2876          0
[2022-12-19 08:33:16]          941          940         3350          0
[2022-12-19 08:33:18]          941          940         3824          0
[2022-12-19 08:33:19]          941          940          202          0
[2022-12-19 08:33:19] WR-BW(MiB/s) RD-BW(MiB/s)  TESTED(MiB)     ERRORS
[2022-12-19 08:33:21]          941          940          675          0
[2022-12-19 08:33:22]          941          940         1149          0
[2022-12-19 08:33:24]          941          940         1623          0
[2022-12-19 08:33:25]          941          940         2097          0
[2022-12-19 08:33:27]          941          940         2571          0
[2022-12-19 08:33:28]          941          940         3045          0
[2022-12-19 08:33:29]          941          940         3518          0
[2022-12-19 08:33:31]          941          940         3992          0
[2022-12-19 08:33:31] WR-BW(MiB/s) RD-BW(MiB/s)  TESTED(MiB)     ERRORS
[2022-12-19 08:33:32]          940          940          370          0
[2022-12-19 08:33:34]          941          940          844          0
[2022-12-19 08:33:35]          941          940         1318          0
[2022-12-19 08:33:37]          941          940         1792          0
[2022-12-19 08:33:38]          941          940         2265          0
[2022-12-19 08:33:40]          941          940         2739          0
[2022-12-19 08:33:41]          941          940         3213          0
[2022-12-19 08:33:43]          941          940         3687          0
[2022-12-19 08:33:43] WR-BW(MiB/s) RD-BW(MiB/s)  TESTED(MiB)     ERRORS
[2022-12-19 08:33:44]          940          940           65          0
[2022-12-19 08:33:45]          941          940          539          0
[2022-12-19 08:33:47]          941          940         1012          0
[2022-12-19 08:33:48]          941          940         1486          0
[2022-12-19 08:33:50]          941          940         1960          0
[2022-12-19 08:33:51]          941          940         2434          0
[2022-12-19 08:33:53]          941          940         2908          0
[2022-12-19 08:33:54]          941          940         3382          0
[2022-12-19 08:33:54] WR-BW(MiB/s) RD-BW(MiB/s)  TESTED(MiB)     ERRORS
[2022-12-19 08:33:56]          940          940         3855          0
[2022-12-19 08:33:57]          941          940          233          0
[2022-12-19 08:33:58]          941          940          707          0
[2022-12-19 08:34:00]          941          940         1181          0
[2022-12-19 08:34:01]          941          940         1655          0
[2022-12-19 08:34:03]          941          940         2129          0
[2022-12-19 08:34:04]          941          940         2602          0
[2022-12-19 08:34:06]          941          940         3076          0
[2022-12-19 08:34:06] WR-BW(MiB/s) RD-BW(MiB/s)  TESTED(MiB)     ERRORS
[2022-12-19 08:34:07]          941          940         3550          0
[2022-12-19 08:34:09]          941          940         4024          0
[2022-12-19 08:34:10]          941          940          402          0
[2022-12-19 08:34:12]          941          940          876          0
[2022-12-19 08:34:13]          941          940         1350          0
[2022-12-19 08:34:14]          941          940         1823          0
[2022-12-19 08:34:16]          941          940         2297          0
[2022-12-19 08:34:17]          941          940         2771          0
[2022-12-19 08:34:17] WR-BW(MiB/s) RD-BW(MiB/s)  TESTED(MiB)     ERRORS
[2022-12-19 08:34:19]          940          940         3245          0
[2022-12-19 08:34:20]          941          940         3719          0
[2022-12-19 08:34:22]          941          940           97          0
[2022-12-19 08:34:23]          941          940          570          0
[2022-12-19 08:34:25]          941          940         1044          0
[2022-12-19 08:34:26]          941          940         1518          0
[2022-12-19 08:34:27]          941          940         1992          0
[2022-12-19 08:34:29]          941          940         2466          0
[2022-12-19 08:34:29] WR-BW(MiB/s) RD-BW(MiB/s)  TESTED(MiB)     ERRORS
[2022-12-19 08:34:30]          941          940         2940          0
[2022-12-19 08:34:32]          941          940         3413          0
[2022-12-19 08:34:33]          941          940         3887          0
[2022-12-19 08:34:35]          941          940          265          0
[2022-12-19 08:34:36]          941          940          739          0
[2022-12-19 08:34:38]          941          940         1213          0
[2022-12-19 08:34:39]          941          940         1687          0
[2022-12-19 08:34:41]          941          940         2160          0
[2022-12-19 08:34:41] WR-BW(MiB/s) RD-BW(MiB/s)  TESTED(MiB)     ERRORS
[2022-12-19 08:34:42]          941          940         2634          0
[2022-12-19 08:34:43]          941          940         3108          0
[2022-12-19 08:34:45]          941          940         3582          0
[2022-12-19 08:34:46]          941          940         4056          0
[2022-12-19 08:34:48]          941          940          434          0
[2022-12-19 08:34:49]          941          940          907          0
[2022-12-19 08:34:51]          941          940         1381          0
[2022-12-19 08:34:52]          941          940         1855          0
[2022-12-19 08:34:52] WR-BW(MiB/s) RD-BW(MiB/s)  TESTED(MiB)     ERRORS
[2022-12-19 08:34:54]          941          940         2329          0
[2022-12-19 08:34:55]          941          940         2803          0
[2022-12-19 08:34:57]          941          940         3277          0
[2022-12-19 08:34:58]          941          940         3750          0
[2022-12-19 08:34:59]          941          940          128          0
[2022-12-19 08:35:01]          941          940          602          0
[2022-12-19 08:35:02]          941          940         1076          0
[2022-12-19 08:35:04]          941          940         1550          0
[2022-12-19 08:35:04] WR-BW(MiB/s) RD-BW(MiB/s)  TESTED(MiB)     ERRORS
[2022-12-19 08:35:05]          941          940         2024          0
[2022-12-19 08:35:07]          941          940         2497          0
[2022-12-19 08:35:08]          941          940         2971          0
[2022-12-19 08:35:10]          941          940         3445          0
[2022-12-19 08:35:11]          941          940         3919          0
[2022-12-19 08:35:12]          941          940          297          0
[2022-12-19 08:35:14]          941          940          771          0
[2022-12-19 08:35:15]          941          940         1244          0
[2022-12-19 08:35:15] WR-BW(MiB/s) RD-BW(MiB/s)  TESTED(MiB)     ERRORS
[2022-12-19 08:35:17]          940          940         1718          0
[2022-12-19 08:35:18]          941          940         2192          0
[2022-12-19 08:35:20]          941          940         2666          0
[2022-12-19 08:35:21]          941          940         3140          0
[2022-12-19 08:35:23]          941          940         3614          0
[2022-12-19 08:35:24]          941          940         4087          0
[2022-12-19 08:35:26]          941          940          465          0
[2022-12-19 08:35:27]          941          940          939          0
[2022-12-19 08:35:27] WR-BW(MiB/s) RD-BW(MiB/s)  TESTED(MiB)     ERRORS
[2022-12-19 08:35:28]          941          940         1413          0
[2022-12-19 08:35:30]          941          940         1887          0
[2022-12-19 08:35:31]          941          940         2361          0
[2022-12-19 08:35:33]          941          940         2834          0
[2022-12-19 08:35:34]          941          940         3308          0
[2022-12-19 08:35:36]          941          940         3782          0
[2022-12-19 08:35:37]          941          940          160          0
[2022-12-19 08:35:39]          941          940          634          0
[2022-12-19 08:35:39] WR-BW(MiB/s) RD-BW(MiB/s)  TESTED(MiB)     ERRORS
[2022-12-19 08:35:40]          941          940         1108          0
[2022-12-19 08:35:42]          941          940         1581          0
[2022-12-19 08:35:43]          941          940         2055          0
[2022-12-19 08:35:44]          941          940         2529          0
[2022-12-19 08:35:46]          941          940         3003          0
[2022-12-19 08:35:47]          941          940         3477          0
[2022-12-19 08:35:49]          941          940         3951          0
[2022-12-19 08:35:50]          941          940          328          0
[2022-12-19 08:35:50] WR-BW(MiB/s) RD-BW(MiB/s)  TESTED(MiB)     ERRORS
[2022-12-19 08:35:52]          941          940          802          0
[2022-12-19 08:35:53]          941          940         1276          0
[2022-12-19 08:35:55]          941          940         1750          0
[2022-12-19 08:35:56]          941          940         2224          0
[2022-12-19 08:35:57]          941          940         2698          0
[2022-12-19 08:35:59]          941          940         3171          0
[2022-12-19 08:36:00]          941          940         3645          0
[2022-12-19 08:36:02]          941          940           23          0
[2022-12-19 08:36:02] WR-BW(MiB/s) RD-BW(MiB/s)  TESTED(MiB)     ERRORS
[2022-12-19 08:36:03]          941          940          497          0
[2022-12-19 08:36:05]          941          940          971          0
[2022-12-19 08:36:06]          941          940         1445          0
[2022-12-19 08:36:08]          941          940         1918          0
[2022-12-19 08:36:09]          941          940         2392          0
[2022-12-19 08:36:11]          941          940         2866          0
[2022-12-19 08:36:12]          941          940         3340          0
[2022-12-19 08:36:13]          941          940         3814          0
[2022-12-19 08:36:13] WR-BW(MiB/s) RD-BW(MiB/s)  TESTED(MiB)     ERRORS
[2022-12-19 08:36:15]          940          940          192          0
[2022-12-19 08:36:16]          941          940          665          0
[2022-12-19 08:36:18]          941          940         1139          0
[2022-12-19 08:36:19]          941          940         1613          0
[2022-12-19 08:36:21]          941          940         2087          0
[2022-12-19 08:36:22]          941          940         2561          0
[2022-12-19 08:36:24]          941          940         3035          0
[2022-12-19 08:36:25]          941          940         3509          0
[2022-12-19 08:36:25] WR-BW(MiB/s) RD-BW(MiB/s)  TESTED(MiB)     ERRORS
[2022-12-19 08:36:27]          940          940         3982          0
[2022-12-19 08:36:28]          941          940          360          0
[2022-12-19 08:36:29]          941          940          834          0
[2022-12-19 08:36:31]          941          940         1308          0
[2022-12-19 08:36:32]          941          940         1782          0
[2022-12-19 08:36:34]          941          940         2256          0
[2022-12-19 08:36:35]          941          940         2729          0
[2022-12-19 08:36:37]          941          940         3203          0
[2022-12-19 08:36:37] WR-BW(MiB/s) RD-BW(MiB/s)  TESTED(MiB)     ERRORS
[2022-12-19 08:36:38]          940          940         3677          0
[2022-12-19 08:36:40]          941          940           55          0
[2022-12-19 08:36:41]          941          940          529          0
[2022-12-19 08:36:42]          941          940         1003          0
[2022-12-19 08:36:44]          941          940         1476          0
[2022-12-19 08:36:45]          941          940         1950          0
[2022-12-19 08:36:47]          941          940         2424          0
[2022-12-19 08:36:48]          941          940         2898          0
[2022-12-19 08:36:48] WR-BW(MiB/s) RD-BW(MiB/s)  TESTED(MiB)     ERRORS
[2022-12-19 08:36:50]          940          940         3372          0
[2022-12-19 08:36:51]          941          940         3846          0
[2022-12-19 08:36:53]          941          940          223          0
[2022-12-19 08:36:54]          941          940          697          0
[2022-12-19 08:36:56]          941          940         1171          0
[2022-12-19 08:36:57]          941          940         1645          0
[2022-12-19 08:36:58]          941          940         2119          0
[2022-12-19 08:37:00]          941          940         2593          0
[2022-12-19 08:37:00] WR-BW(MiB/s) RD-BW(MiB/s)  TESTED(MiB)     ERRORS
[2022-12-19 08:37:01]          941          940         3066          0
[2022-12-19 08:37:03]          941          940         3540          0
[2022-12-19 08:37:04]          941          940         4014          0
[2022-12-19 08:37:06]          941          940          392          0
[2022-12-19 08:37:07]          941          940          866          0
[2022-12-19 08:37:09]          941          940         1340          0
[2022-12-19 08:37:10]          941          940         1813          0
[2022-12-19 08:37:12]          941          940         2287          0
[2022-12-19 08:37:12] WR-BW(MiB/s) RD-BW(MiB/s)  TESTED(MiB)     ERRORS
[2022-12-19 08:37:13]          940          940         2761          0
[2022-12-19 08:37:14]          941          940         3235          0
[2022-12-19 08:37:16]          941          940         3709          0
[2022-12-19 08:37:17]          941          940           87          0
[2022-12-19 08:37:19]          941          940          560          0
[2022-12-19 08:37:20]          941          940         1034          0
[2022-12-19 08:37:22]          941          940         1508          0
[2022-12-19 08:37:23]          941          940         1982          0
[2022-12-19 08:37:23] WR-BW(MiB/s) RD-BW(MiB/s)  TESTED(MiB)     ERRORS
[2022-12-19 08:37:25]          940          940         2456          0
[2022-12-19 08:37:26]          941          940         2930          0
[2022-12-19 08:37:27]          941          940         3403          0
[2022-12-19 08:37:29]          941          940         3877          0
[2022-12-19 08:37:30]          941          940          255          0
[2022-12-19 08:37:32]          941          940          729          0
[2022-12-19 08:37:33]          941          940         1203          0
[2022-12-19 08:37:35]          941          940         1677          0
[2022-12-19 08:37:35] WR-BW(MiB/s) RD-BW(MiB/s)  TESTED(MiB)     ERRORS
[2022-12-19 08:37:36]          941          940         2150          0
[2022-12-19 08:37:38]          941          940         2624          0
[2022-12-19 08:37:39]          941          940         3098          0
[2022-12-19 08:37:41]          941          940         3572          0
[2022-12-19 08:37:42]          941          940         4046          0
[2022-12-19 08:37:43]          941          940          424          0
[2022-12-19 08:37:45]          941          940          897          0
[2022-12-19 08:37:46]          941          940         1371          0
[2022-12-19 08:37:46] WR-BW(MiB/s) RD-BW(MiB/s)  TESTED(MiB)     ERRORS
[2022-12-19 08:37:48]          940          940         1845          0
[2022-12-19 08:37:49]          941          940         2319          0
[2022-12-19 08:37:51]          941          940         2793          0
[2022-12-19 08:37:52]          941          940         3267          0
[2022-12-19 08:37:54]          941          940         3740          0
[2022-12-19 08:37:55]          941          940          118          0
[2022-12-19 08:37:56]          941          940          592          0
[2022-12-19 08:37:58]          941          940         1066          0
[2022-12-19 08:37:58] WR-BW(MiB/s) RD-BW(MiB/s)  TESTED(MiB)     ERRORS
[2022-12-19 08:37:59]          940          940         1540          0
[2022-12-19 08:38:01]          941          940         2014          0
[2022-12-19 08:38:02]          941          940         2487          0
[2022-12-19 08:38:04]          941          940         2961          0
[2022-12-19 08:38:05]          941          940         3435          0
[2022-12-19 08:38:07]          941          940         3909          0
[2022-12-19 08:38:08]          941          940          287          0
[2022-12-19 08:38:10]          941          940          761          0
[2022-12-19 08:38:10] WR-BW(MiB/s) RD-BW(MiB/s)  TESTED(MiB)     ERRORS
[2022-12-19 08:38:11]          941          940         1234          0
[2022-12-19 08:38:12]          941          940         1708          0
[2022-12-19 08:38:14]          941          940         2182          0
[2022-12-19 08:38:15]          941          940         2656          0
[2022-12-19 08:38:17]          941          940         3130          0
[2022-12-19 08:38:18]          941          940         3604          0
[2022-12-19 08:38:20]          941          940         4077          0
[2022-12-19 08:38:21]          941          940          455          0
[2022-12-19 08:38:21] WR-BW(MiB/s) RD-BW(MiB/s)  TESTED(MiB)     ERRORS
[2022-12-19 08:38:23]          940          940          929          0
[2022-12-19 08:38:24]          941          940         1403          0
[2022-12-19 08:38:26]          941          940         1877          0
