[2022-12-17 11:41:08] INFO     STATE:Initial Starting State
[2022-12-17 11:41:08] INFO     git commit information
[2022-12-17 11:41:08] INFO     	git commit:107fd88 Added transition to repower on UART failure
[2022-12-17 11:41:08] INFO     	git commit date:Sat Dec 17 08:59:52 2022
[2022-12-17 11:41:08] INFO     	git status:Sat Dec 17 08:59:52 2022
[2022-12-17 11:41:08] INFO     		M beam-test/test_scripts/netbooter_control.py
[2022-12-17 11:41:08] INFO     		M beam-test/test_scripts/readme.md
[2022-12-17 11:41:08] INFO     		?? beam-test/test_scripts/bios_test.py
[2022-12-17 11:41:08] INFO     		?? beam-test/test_scripts/serial_expect.py
[2022-12-17 11:41:08] INFO     Command line information
[2022-12-17 11:41:08] INFO     	Command line:['ddrctrl_experiment.py', '--jcm_part', 'xc7a200t', '--bitstream', '/root/ddr_11_28.bit', '--log_dir', './lansce2022', '--jcm_clock', '30_000_000', '--frads_file', 'xc7a200t_frad.txt', '--fault_injection', '0', '--uart_bone_ident', '0xf0002000', '--jcm_ip', '169.254.132.152', '--jcm_netbooter_port', '1', '--nexys_netbooter_port', '2', '--usb_uart_phys_port', '1-4.4.2', '--uartbone_phys_port', '1-4.4.1']
[2022-12-17 11:41:08] INFO     	arg:bitstream=/root/ddr_11_28.bit
[2022-12-17 11:41:08] INFO     	arg:netbooter_ip=169.254.131.160
[2022-12-17 11:41:08] INFO     	arg:jcm_ip=169.254.132.152
[2022-12-17 11:41:08] INFO     	arg:jcm_part=xc7a200t
[2022-12-17 11:41:08] INFO     	arg:jcm_clock=30000000
[2022-12-17 11:41:08] INFO     	arg:usb_uart_phys_port=1-4.4.2
[2022-12-17 11:41:08] INFO     	arg:uart_litex_baudrate=115200
[2022-12-17 11:41:08] INFO     	arg:uartbone_phys_port=1-4.4.1
[2022-12-17 11:41:08] INFO     	arg:uartbone_phys_if=0
[2022-12-17 11:41:08] INFO     	arg:uartbone_baudrate=115200
[2022-12-17 11:41:08] INFO     	arg:repower_jcm=False
[2022-12-17 11:41:08] INFO     	arg:disable_scrubbing=False
[2022-12-17 11:41:08] INFO     	arg:fault_injection=0
[2022-12-17 11:41:08] INFO     	arg:frads_file=xc7a200t_frad.txt
[2022-12-17 11:41:08] INFO     	arg:jcm_netbooter_port=1
[2022-12-17 11:41:08] INFO     	arg:nexys_netbooter_port=2
[2022-12-17 11:41:08] INFO     	arg:log_dir=./lansce2022
[2022-12-17 11:41:08] INFO     	arg:single_step=False
[2022-12-17 11:41:08] INFO     	arg:bist_mem_burst_length=8192
[2022-12-17 11:41:08] INFO     	arg:bist_addr_mode=1
[2022-12-17 11:41:08] INFO     	arg:bist_pattern=165
[2022-12-17 11:41:08] INFO     	arg:no_uart_bone=False
[2022-12-17 11:41:08] INFO     	arg:uart_bone_ident=0xf0002000
[2022-12-17 11:41:08] INFO     STATE:Netbooter Setup State
[2022-12-17 11:41:08] INFO     STATE:JCM Setup State
[2022-12-17 11:41:08] INFO     NETBOOTER:Attempt 1 to set port 1 with cycle=False
[2022-12-17 11:41:10] INFO     NETBOOTER:Setting port 1 to On
[2022-12-17 11:41:11] INFO     JCM ping attempt 1
[2022-12-17 11:41:11] INFO     JCM:Logging in to JCM
[2022-12-17 11:41:11] INFO     JCM:Connecting to JCM over SSH... (Attempt 1)
[2022-12-17 11:41:12] INFO     JCM:SSH successful
[2022-12-17 11:41:12] INFO     STATE:UART Setup State
[2022-12-17 11:41:12] INFO     STATE:Power Nexys State
[2022-12-17 11:41:12] INFO     NETBOOTER:Attempt 1 to set port 2 with cycle=False
[2022-12-17 11:41:14] INFO     NETBOOTER:Setting port 2 to Off
[2022-12-17 11:41:15] INFO     NETBOOTER:Attempt 1 to set port 2 with cycle=False
[2022-12-17 11:41:17] INFO     NETBOOTER:Setting port 2 to On
[2022-12-17 11:41:18] INFO     STATE:Connect UART State
[2022-12-17 11:41:20] INFO     UART:Searching for ttyUSB device (Attempt 1)
[2022-12-17 11:41:20] INFO     UART:Found tty device:/dev/ttyUSB2
[2022-12-17 11:41:20] INFO     UART:Serial port /dev/ttyUSB2 open
[2022-12-17 11:41:20] INFO     STATE:Configure Nexys State
[2022-12-17 11:41:20] INFO     JCM:Attempting JCM device DNA read
[2022-12-17 11:41:20] INFO     JCM:Executing commmand on JCM
	~/jcm_apps/jcm_jtag_reg.elf -r 50 --swap -w 64
[2022-12-17 11:41:20] INFO     Device DNA:0:0x812c023b 1:0x2a0f6504
[2022-12-17 11:41:20] INFO     JCM:Attempting JCM configuration
[2022-12-17 11:41:20] INFO     JCM:Executing commmand on JCM
	~/jcm_apps/jcm_config.elf --part xc7a200t -c 30000000 --jtag --config_file /root/ddr_11_28.bit
[2022-12-17 11:41:25] INFO     JCM:Configuration Success
[2022-12-17 11:41:25] INFO     STATE:Setup UARTBone State
[2022-12-17 11:41:25] INFO     UARTBONE:Searching for ttyUSB device (Attempt 1) for port '1-4.4.1' IF '0'
[2022-12-17 11:41:26] INFO     UARTBONE:Found tty device:/dev/ttyUSB0
[2022-12-17 11:41:26] INFO     UARTBONE:Attempting to open:/dev/ttyUSB0 at baud 115200 with timeout=5
[2022-12-17 11:41:26] INFO     UARTBONE:Serial port /dev/ttyUSB0 open
[2022-12-17 11:41:26] INFO     UARTBONE ID Str=LiteX SoC on Nexys Video 2022-11-28 18:17:18
[2022-12-17 11:41:26] INFO     UARTBONE I ADDR=000012E8
[2022-12-17 11:41:26] INFO     STATE:Enable Scrubbing State
[2022-12-17 11:41:26] INFO     JCM:Starting JCM scrubber
[2022-12-17 11:41:26] INFO     JCM:Executing commmand on JCM
	~/jcm_apps/jcm_scrubbing.elf --part xc7a200t -c 30000000 --jtag --iterations 100000000 --frad_file xc7a200t_frad.txt
[2022-12-17 11:41:26] INFO     STATE:LiteX Login State
[2022-12-17 11:41:27] INFO     STATE:Start BIST State
[2022-12-17 11:41:27] INFO     STATE:BIST Execution State
[2022-12-17 11:41:27] INFO     BIST:Bad title line (1):8192 1 0 2
[2022-12-17 11:41:27] INFO     BIST:Header (first)
[2022-12-17 11:41:38] INFO     BIST:Header (ok)
[2022-12-17 11:41:50] INFO     BIST:Header (ok)
[2022-12-17 11:42:01] INFO     BIST:Header (ok)
[2022-12-17 11:42:13] INFO     BIST:Header (ok)
[2022-12-17 11:42:25] INFO     BIST:Header (ok)
[2022-12-17 11:42:36] INFO     BIST:Header (ok)
[2022-12-17 11:42:48] INFO     BIST:Header (ok)
[2022-12-17 11:42:59] INFO     BIST:Header (ok)
[2022-12-17 11:43:11] INFO     BIST:Header (ok)
[2022-12-17 11:43:23] INFO     BIST:Header (ok)
[2022-12-17 11:43:34] INFO     BIST:Header (ok)
[2022-12-17 11:43:46] INFO     BIST:Header (ok)
[2022-12-17 11:43:58] INFO     BIST:Header (ok)
[2022-12-17 11:44:09] INFO     BIST:Header (ok)
[2022-12-17 11:44:21] INFO     BIST:Header (ok)
[2022-12-17 11:44:32] INFO     BIST:Header (ok)
[2022-12-17 11:44:44] INFO     BIST:Header (ok)
[2022-12-17 11:44:56] INFO     BIST:Header (ok)
[2022-12-17 11:45:07] INFO     BIST:Header (ok)
[2022-12-17 11:45:19] INFO     BIST:Header (ok)
[2022-12-17 11:45:30] INFO     BIST:Header (ok)
[2022-12-17 11:45:42] INFO     BIST:Header (ok)
[2022-12-17 11:45:54] INFO     BIST:Header (ok)
[2022-12-17 11:46:05] INFO     BIST:Header (ok)
[2022-12-17 11:46:17] INFO     BIST:Header (ok)
[2022-12-17 11:46:28] INFO     BIST:Header (ok)
[2022-12-17 11:46:40] INFO     BIST:Header (ok)
[2022-12-17 11:46:52] INFO     BIST:Header (ok)
[2022-12-17 11:47:03] INFO     BIST:Header (ok)
[2022-12-17 11:47:15] INFO     BIST:Header (ok)
[2022-12-17 11:47:27] INFO     BIST:Header (ok)
[2022-12-17 11:47:38] INFO     BIST:Header (ok)
[2022-12-17 11:47:50] INFO     BIST:Header (ok)
[2022-12-17 11:48:01] INFO     BIST:Header (ok)
[2022-12-17 11:48:13] INFO     BIST:Header (ok)
[2022-12-17 11:48:25] INFO     BIST:Header (ok)
[2022-12-17 11:48:36] INFO     BIST:Header (ok)
[2022-12-17 11:48:48] INFO     BIST:Header (ok)
[2022-12-17 11:48:59] INFO     BIST:Header (ok)
[2022-12-17 11:49:11] INFO     BIST:Header (ok)
[2022-12-17 11:49:23] INFO     BIST:Header (ok)
[2022-12-17 11:49:34] INFO     BIST:Header (ok)
[2022-12-17 11:49:46] INFO     BIST:Header (ok)
[2022-12-17 11:49:57] INFO     BIST:Header (ok)
[2022-12-17 11:50:09] INFO     BIST:Header (ok)
[2022-12-17 11:50:21] INFO     BIST:Header (ok)
[2022-12-17 11:50:32] INFO     BIST:Header (ok)
[2022-12-17 11:50:44] INFO     BIST:Header (ok)
[2022-12-17 11:50:56] INFO     BIST:Header (ok)
[2022-12-17 11:51:07] INFO     BIST:Header (ok)
[2022-12-17 11:51:19] INFO     BIST:Header (ok)
[2022-12-17 11:51:30] INFO     BIST:Header (ok)
[2022-12-17 11:51:42] INFO     BIST:Header (ok)
[2022-12-17 11:51:54] INFO     BIST:Header (ok)
[2022-12-17 11:52:05] INFO     BIST:Header (ok)
[2022-12-17 11:52:17] INFO     BIST:Header (ok)
[2022-12-17 11:52:28] INFO     BIST:Header (ok)
[2022-12-17 11:52:40] INFO     BIST:Header (ok)
[2022-12-17 11:52:52] INFO     BIST:Header (ok)
[2022-12-17 11:53:03] INFO     BIST:Header (ok)
[2022-12-17 11:53:15] INFO     BIST:Header (ok)
[2022-12-17 11:53:26] INFO     BIST:Header (ok)
[2022-12-17 11:53:38] INFO     BIST:Header (ok)
[2022-12-17 11:53:50] INFO     BIST:Header (ok)
[2022-12-17 11:54:01] INFO     BIST:Header (ok)
[2022-12-17 11:54:13] INFO     BIST:Header (ok)
[2022-12-17 11:54:25] INFO     BIST:Header (ok)
[2022-12-17 11:54:36] INFO     BIST:Header (ok)
[2022-12-17 11:54:48] INFO     BIST:Header (ok)
[2022-12-17 11:54:59] INFO     BIST:Header (ok)
[2022-12-17 11:55:11] INFO     BIST:Header (ok)
[2022-12-17 11:55:23] INFO     BIST:Header (ok)
[2022-12-17 11:55:34] INFO     BIST:Header (ok)
[2022-12-17 11:55:46] INFO     BIST:Header (ok)
[2022-12-17 11:55:57] INFO     BIST:Header (ok)
[2022-12-17 11:56:09] INFO     BIST:Header (ok)
[2022-12-17 11:56:21] INFO     BIST:Header (ok)
[2022-12-17 11:56:32] INFO     BIST:Header (ok)
[2022-12-17 11:56:44] INFO     BIST:Header (ok)
[2022-12-17 11:56:56] INFO     BIST:Header (ok)
[2022-12-17 11:57:07] INFO     BIST:Header (ok)
[2022-12-17 11:57:19] INFO     BIST:Header (ok)
[2022-12-17 11:57:30] INFO     BIST:Header (ok)
[2022-12-17 11:57:42] INFO     BIST:Header (ok)
[2022-12-17 11:57:54] INFO     BIST:Header (ok)
[2022-12-17 11:58:05] INFO     BIST:Header (ok)
[2022-12-17 11:58:17] INFO     BIST:Header (ok)
[2022-12-17 11:58:28] INFO     BIST:Header (ok)
[2022-12-17 11:58:40] INFO     BIST:Header (ok)
[2022-12-17 11:58:52] INFO     BIST:Header (ok)
[2022-12-17 11:59:03] INFO     BIST:Header (ok)
[2022-12-17 11:59:15] INFO     BIST:Header (ok)
[2022-12-17 11:59:26] INFO     BIST:Header (ok)
[2022-12-17 11:59:38] INFO     BIST:Header (ok)
[2022-12-17 11:59:50] INFO     BIST:Header (ok)
[2022-12-17 12:00:01] INFO     BIST:Header (ok)
[2022-12-17 12:00:13] INFO     BIST:Header (ok)
[2022-12-17 12:00:25] INFO     BIST:Header (ok)
[2022-12-17 12:00:36] INFO     BIST:Header (ok)
[2022-12-17 12:00:48] INFO     BIST:Header (ok)
[2022-12-17 12:00:59] INFO     BIST:Header (ok)
[2022-12-17 12:01:11] INFO     BIST:Header (ok)
[2022-12-17 12:01:23] INFO     BIST:Header (ok)
[2022-12-17 12:01:34] INFO     BIST:Header (ok)
[2022-12-17 12:01:46] INFO     BIST:Header (ok)
[2022-12-17 12:01:57] INFO     BIST:Header (ok)
[2022-12-17 12:02:09] INFO     BIST:Header (ok)
[2022-12-17 12:02:21] INFO     BIST:Header (ok)
[2022-12-17 12:02:32] INFO     BIST:Header (ok)
[2022-12-17 12:02:44] INFO     BIST:Header (ok)
[2022-12-17 12:02:55] INFO     BIST:Header (ok)
[2022-12-17 12:03:07] INFO     BIST:Header (ok)
[2022-12-17 12:03:19] INFO     BIST:Header (ok)
[2022-12-17 12:03:30] INFO     BIST:Header (ok)
[2022-12-17 12:03:42] INFO     BIST:Header (ok)
[2022-12-17 12:03:54] INFO     BIST:Header (ok)
[2022-12-17 12:04:05] INFO     BIST:Header (ok)
[2022-12-17 12:04:17] INFO     BIST:Header (ok)
[2022-12-17 12:04:28] INFO     BIST:Header (ok)
[2022-12-17 12:04:40] INFO     BIST:Header (ok)
[2022-12-17 12:04:52] INFO     BIST:Header (ok)
[2022-12-17 12:05:03] INFO     BIST:Header (ok)
[2022-12-17 12:05:15] INFO     BIST:Header (ok)
[2022-12-17 12:05:26] INFO     BIST:Header (ok)
[2022-12-17 12:05:38] INFO     BIST:Header (ok)
[2022-12-17 12:05:50] INFO     BIST:Header (ok)
[2022-12-17 12:06:01] INFO     BIST:Header (ok)
[2022-12-17 12:06:13] INFO     BIST:Header (ok)
[2022-12-17 12:06:24] INFO     BIST:Header (ok)
[2022-12-17 12:06:36] INFO     BIST:Header (ok)
[2022-12-17 12:06:48] INFO     BIST:Header (ok)
[2022-12-17 12:06:59] INFO     BIST:Header (ok)
[2022-12-17 12:07:11] INFO     BIST:Header (ok)
[2022-12-17 12:07:23] INFO     BIST:Header (ok)
[2022-12-17 12:07:34] INFO     BIST:Header (ok)
[2022-12-17 12:07:46] INFO     BIST:Header (ok)
[2022-12-17 12:07:57] INFO     BIST:Header (ok)
[2022-12-17 12:08:09] INFO     BIST:Header (ok)
[2022-12-17 12:08:21] INFO     BIST:Header (ok)
[2022-12-17 12:08:32] INFO     BIST:Header (ok)
[2022-12-17 12:08:44] INFO     BIST:Header (ok)
[2022-12-17 12:08:55] INFO     BIST:Header (ok)
[2022-12-17 12:09:07] INFO     BIST:Header (ok)
[2022-12-17 12:09:19] INFO     BIST:Header (ok)
[2022-12-17 12:09:30] INFO     BIST:Header (ok)
[2022-12-17 12:09:42] INFO     BIST:Header (ok)
[2022-12-17 12:09:53] INFO     BIST:Header (ok)
[2022-12-17 12:10:05] INFO     BIST:Header (ok)
[2022-12-17 12:10:17] INFO     BIST:Header (ok)
[2022-12-17 12:10:28] INFO     BIST:Header (ok)
[2022-12-17 12:10:40] INFO     BIST:Header (ok)
[2022-12-17 12:10:52] INFO     BIST:Header (ok)
[2022-12-17 12:11:03] INFO     BIST:Header (ok)
[2022-12-17 12:11:15] INFO     BIST:Header (ok)
[2022-12-17 12:11:26] INFO     BIST:Header (ok)
[2022-12-17 12:11:38] INFO     BIST:Header (ok)
[2022-12-17 12:11:50] INFO     BIST:Header (ok)
[2022-12-17 12:12:01] INFO     BIST:Header (ok)
[2022-12-17 12:12:13] INFO     BIST:Header (ok)
[2022-12-17 12:12:24] INFO     BIST:Header (ok)
[2022-12-17 12:12:36] INFO     BIST:Header (ok)
[2022-12-17 12:12:48] INFO     BIST:Header (ok)
[2022-12-17 12:12:59] INFO     BIST:Header (ok)
[2022-12-17 12:13:11] INFO     BIST:Header (ok)
[2022-12-17 12:13:23] INFO     BIST:Header (ok)
[2022-12-17 12:13:34] INFO     BIST:Header (ok)
[2022-12-17 12:13:46] INFO     BIST:Header (ok)
[2022-12-17 12:13:57] INFO     BIST:Header (ok)
[2022-12-17 12:14:09] INFO     BIST:Header (ok)
[2022-12-17 12:14:21] INFO     BIST:Header (ok)
[2022-12-17 12:14:32] INFO     BIST:Header (ok)
[2022-12-17 12:14:44] INFO     BIST:Header (ok)
[2022-12-17 12:14:55] INFO     BIST:Header (ok)
[2022-12-17 12:15:07] INFO     BIST:Header (ok)
[2022-12-17 12:15:19] INFO     BIST:Header (ok)
[2022-12-17 12:15:30] INFO     BIST:Header (ok)
[2022-12-17 12:15:42] INFO     BIST:Header (ok)
[2022-12-17 12:15:53] INFO     BIST:Header (ok)
[2022-12-17 12:16:05] INFO     BIST:Header (ok)
[2022-12-17 12:16:17] INFO     BIST:Header (ok)
[2022-12-17 12:16:28] INFO     BIST:Header (ok)
[2022-12-17 12:16:40] INFO     BIST:Header (ok)
[2022-12-17 12:16:52] INFO     BIST:Header (ok)
[2022-12-17 12:17:03] INFO     BIST:Header (ok)
[2022-12-17 12:17:15] INFO     BIST:Header (ok)
[2022-12-17 12:17:26] INFO     BIST:Header (ok)
[2022-12-17 12:17:38] INFO     BIST:Header (ok)
[2022-12-17 12:17:50] INFO     BIST:Header (ok)
[2022-12-17 12:18:01] INFO     BIST:Header (ok)
[2022-12-17 12:18:13] INFO     BIST:Header (ok)
[2022-12-17 12:18:24] INFO     BIST:Header (ok)
[2022-12-17 12:18:36] INFO     BIST:Header (ok)
[2022-12-17 12:18:48] INFO     BIST:Header (ok)
[2022-12-17 12:18:59] INFO     BIST:Header (ok)
[2022-12-17 12:19:11] INFO     BIST:Header (ok)
[2022-12-17 12:19:22] INFO     BIST:Header (ok)
[2022-12-17 12:19:34] INFO     BIST:Header (ok)
[2022-12-17 12:19:46] INFO     BIST:Header (ok)
[2022-12-17 12:19:57] INFO     BIST:Header (ok)
[2022-12-17 12:20:09] INFO     BIST:Header (ok)
[2022-12-17 12:20:21] INFO     BIST:Header (ok)
[2022-12-17 12:20:32] INFO     BIST:Header (ok)
[2022-12-17 12:20:44] INFO     BIST:Header (ok)
[2022-12-17 12:20:55] INFO     BIST:Header (ok)
[2022-12-17 12:21:07] INFO     BIST:Header (ok)
[2022-12-17 12:21:19] INFO     BIST:Header (ok)
[2022-12-17 12:21:30] INFO     BIST:Header (ok)
[2022-12-17 12:21:42] INFO     BIST:Header (ok)
[2022-12-17 12:21:53] INFO     BIST:Header (ok)
[2022-12-17 12:22:05] INFO     BIST:Header (ok)
[2022-12-17 12:22:17] INFO     BIST:Header (ok)
[2022-12-17 12:22:28] INFO     BIST:Header (ok)
[2022-12-17 12:22:40] INFO     BIST:Header (ok)
[2022-12-17 12:22:51] INFO     BIST:Header (ok)
[2022-12-17 12:23:03] INFO     BIST:Header (ok)
[2022-12-17 12:23:15] INFO     BIST:Header (ok)
[2022-12-17 12:23:26] INFO     BIST:Header (ok)
[2022-12-17 12:23:38] INFO     BIST:Header (ok)
[2022-12-17 12:23:50] INFO     BIST:Header (ok)
[2022-12-17 12:24:01] INFO     BIST:Header (ok)
[2022-12-17 12:24:13] INFO     BIST:Header (ok)
[2022-12-17 12:24:24] INFO     BIST:Header (ok)
[2022-12-17 12:24:36] INFO     BIST:Header (ok)
[2022-12-17 12:24:48] INFO     BIST:Header (ok)
[2022-12-17 12:24:59] INFO     BIST:Header (ok)
[2022-12-17 12:25:11] INFO     BIST:Header (ok)
[2022-12-17 12:25:22] INFO     BIST:Header (ok)
[2022-12-17 12:25:34] INFO     BIST:Header (ok)
[2022-12-17 12:25:46] INFO     BIST:Header (ok)
[2022-12-17 12:25:57] INFO     BIST:Header (ok)
[2022-12-17 12:26:09] INFO     BIST:Header (ok)
[2022-12-17 12:26:20] INFO     BIST:Header (ok)
[2022-12-17 12:26:32] INFO     BIST:Header (ok)
[2022-12-17 12:26:44] INFO     BIST:Header (ok)
[2022-12-17 12:26:55] INFO     BIST:Header (ok)
[2022-12-17 12:27:07] INFO     BIST:Header (ok)
[2022-12-17 12:27:19] INFO     BIST:Header (ok)
[2022-12-17 12:27:30] INFO     BIST:Header (ok)
[2022-12-17 12:27:42] INFO     BIST:Header (ok)
[2022-12-17 12:27:53] INFO     BIST:Header (ok)
[2022-12-17 12:28:05] INFO     BIST:Header (ok)
[2022-12-17 12:28:17] INFO     BIST:Header (ok)
[2022-12-17 12:28:28] INFO     BIST:Header (ok)
[2022-12-17 12:28:52] ERROR    UART:expect timeout (delay 15s)
[2022-12-17 12:28:52] INFO     STATE:Terminal Recovery State
[2022-12-17 12:28:52] INFO     UART:Serial port /dev/ttyUSB2 closed
[2022-12-17 12:28:55] INFO     UART:Searching for ttyUSB device (Attempt 1)
[2022-12-17 12:28:55] INFO     UART:Found tty device:/dev/ttyUSB2
[2022-12-17 12:28:55] INFO     UART:Serial port /dev/ttyUSB2 open
[2022-12-17 12:29:05] ERROR    UART:expect timeout (delay 10s)
[2022-12-17 12:29:05] INFO     STATE:Reset Recovery State
[2022-12-17 12:29:05] INFO     UARTBONE I ADDR=00000008
[2022-12-17 12:29:05] INFO     Issuing UART bone reset
[2022-12-17 12:29:06] INFO     UARTBONE I ADDR=00000008
[2022-12-17 12:29:06] INFO     STATE:LiteX Login State
[2022-12-17 12:29:16] ERROR    UART:expect timeout (delay 10s)
[2022-12-17 12:29:16] INFO     STATE:Power Nexys State
[2022-12-17 12:29:16] INFO     NETBOOTER:Attempt 1 to set port 2 with cycle=False
[2022-12-17 12:29:18] INFO     NETBOOTER:Setting port 2 to Off
[2022-12-17 12:29:19] INFO     NETBOOTER:Attempt 1 to set port 2 with cycle=False
[2022-12-17 12:29:21] INFO     NETBOOTER:Setting port 2 to On
[2022-12-17 12:29:22] INFO     STATE:Connect UART State
[2022-12-17 12:29:24] INFO     UART:Searching for ttyUSB device (Attempt 1)
[2022-12-17 12:29:24] INFO     UART:Found tty device:/dev/ttyUSB7
[2022-12-17 12:29:24] INFO     UART:Serial port /dev/ttyUSB7 open
[2022-12-17 12:29:24] INFO     STATE:Configure Nexys State
[2022-12-17 12:29:24] INFO     JCM:Attempting JCM device DNA read
[2022-12-17 12:29:24] INFO     JCM:Executing commmand on JCM
	~/jcm_apps/jcm_jtag_reg.elf -r 50 --swap -w 64
[2022-12-17 12:29:24] INFO     Device DNA:0:0x812c023b 1:0x2a0f6504
[2022-12-17 12:29:24] INFO     JCM:Attempting JCM configuration
[2022-12-17 12:29:24] INFO     JCM:Executing commmand on JCM
	~/jcm_apps/jcm_config.elf --part xc7a200t -c 30000000 --jtag --config_file /root/ddr_11_28.bit
[2022-12-17 12:29:30] INFO     JCM:Configuration Success
[2022-12-17 12:29:30] INFO     STATE:Setup UARTBone State
[2022-12-17 12:29:30] INFO     UARTBONE:Searching for ttyUSB device (Attempt 1) for port '1-4.4.1' IF '0'
[2022-12-17 12:29:30] INFO     UARTBONE:Found tty device:/dev/ttyUSB1
[2022-12-17 12:29:30] INFO     UARTBONE:Attempting to open:/dev/ttyUSB1 at baud 115200 with timeout=5
[2022-12-17 12:29:30] INFO     UARTBONE:Serial port /dev/ttyUSB1 open
[2022-12-17 12:29:30] INFO     UARTBONE ID Str=LiteX SoC on Nexys Video 2022-11-28 18:17:18
[2022-12-17 12:29:31] INFO     UARTBONE I ADDR=000012E8
[2022-12-17 12:29:31] INFO     STATE:Enable Scrubbing State
[2022-12-17 12:29:31] INFO     JCM:Starting JCM scrubber
[2022-12-17 12:29:31] INFO     JCM:Executing commmand on JCM
	~/jcm_apps/jcm_scrubbing.elf --part xc7a200t -c 30000000 --jtag --iterations 100000000 --frad_file xc7a200t_frad.txt
[2022-12-17 12:29:31] INFO     STATE:LiteX Login State
[2022-12-17 12:29:31] INFO     STATE:Start BIST State
[2022-12-17 12:29:31] INFO     STATE:BIST Execution State
[2022-12-17 12:29:31] INFO     BIST:Bad title line (1):8192 1 0 2
[2022-12-17 12:29:31] INFO     BIST:Header (first)
[2022-12-17 12:29:42] INFO     BIST:Header (ok)
[2022-12-17 12:29:54] INFO     BIST:Header (ok)
[2022-12-17 12:30:06] INFO     BIST:Header (ok)
[2022-12-17 12:30:17] INFO     BIST:Header (ok)
[2022-12-17 12:30:29] INFO     BIST:Header (ok)
[2022-12-17 12:30:41] INFO     BIST:Header (ok)
[2022-12-17 12:30:52] INFO     BIST:Header (ok)
[2022-12-17 12:31:04] INFO     BIST:Header (ok)
[2022-12-17 12:31:15] INFO     BIST:Header (ok)
[2022-12-17 12:31:27] INFO     BIST:Header (ok)
[2022-12-17 12:31:39] INFO     BIST:Header (ok)
[2022-12-17 12:31:50] INFO     BIST:Header (ok)
[2022-12-17 12:32:02] INFO     BIST:Header (ok)
[2022-12-17 12:32:13] INFO     BIST:Header (ok)
[2022-12-17 12:32:25] INFO     BIST:Header (ok)
[2022-12-17 12:32:37] INFO     BIST:Header (ok)
[2022-12-17 12:32:48] INFO     BIST:Header (ok)
[2022-12-17 12:33:00] INFO     BIST:Header (ok)
[2022-12-17 12:33:11] INFO     BIST:Header (ok)
[2022-12-17 12:33:23] INFO     BIST:Header (ok)
[2022-12-17 12:33:35] INFO     BIST:Header (ok)
[2022-12-17 12:33:46] INFO     BIST:Header (ok)
[2022-12-17 12:33:58] INFO     BIST:Header (ok)
[2022-12-17 12:34:10] INFO     BIST:Header (ok)
[2022-12-17 12:34:21] INFO     BIST:Header (ok)
[2022-12-17 12:34:33] INFO     BIST:Header (ok)
[2022-12-17 12:34:44] INFO     BIST:Header (ok)
[2022-12-17 12:34:56] INFO     BIST:Header (ok)
[2022-12-17 12:35:08] INFO     BIST:Header (ok)
[2022-12-17 12:35:19] INFO     BIST:Header (ok)
[2022-12-17 12:35:31] INFO     BIST:Header (ok)
[2022-12-17 12:35:42] INFO     BIST:Header (ok)
[2022-12-17 12:35:54] INFO     BIST:Header (ok)
[2022-12-17 12:36:06] INFO     BIST:Header (ok)
[2022-12-17 12:36:17] INFO     BIST:Header (ok)
[2022-12-17 12:36:29] INFO     BIST:Header (ok)
[2022-12-17 12:36:40] INFO     BIST:Header (ok)
[2022-12-17 12:36:52] INFO     BIST:Header (ok)
[2022-12-17 12:37:04] INFO     BIST:Header (ok)
[2022-12-17 12:37:15] INFO     BIST:Header (ok)
[2022-12-17 12:37:27] INFO     BIST:Header (ok)
[2022-12-17 12:37:39] INFO     BIST:Header (ok)
[2022-12-17 12:37:50] INFO     BIST:Header (ok)
[2022-12-17 12:38:02] INFO     BIST:Header (ok)
[2022-12-17 12:38:13] INFO     BIST:Header (ok)
[2022-12-17 12:38:25] INFO     BIST:Header (ok)
[2022-12-17 12:38:37] INFO     BIST:Header (ok)
[2022-12-17 12:38:48] INFO     BIST:Header (ok)
[2022-12-17 12:39:00] INFO     BIST:Header (ok)
[2022-12-17 12:39:11] INFO     BIST:Header (ok)
[2022-12-17 12:39:23] INFO     BIST:Header (ok)
[2022-12-17 12:39:35] INFO     BIST:Header (ok)
[2022-12-17 12:39:46] INFO     BIST:Header (ok)
[2022-12-17 12:39:58] INFO     BIST:Header (ok)
[2022-12-17 12:40:09] INFO     BIST:Header (ok)
[2022-12-17 12:40:21] INFO     BIST:Header (ok)
[2022-12-17 12:40:33] INFO     BIST:Header (ok)
[2022-12-17 12:40:44] INFO     BIST:Header (ok)
[2022-12-17 12:40:56] INFO     BIST:Header (ok)
[2022-12-17 12:41:08] INFO     BIST:Header (ok)
[2022-12-17 12:41:19] INFO     BIST:Header (ok)
[2022-12-17 12:41:31] INFO     BIST:Header (ok)
[2022-12-17 12:41:42] INFO     BIST:Header (ok)
[2022-12-17 12:41:54] INFO     BIST:Header (ok)
[2022-12-17 12:42:06] INFO     BIST:Header (ok)
[2022-12-17 12:42:17] INFO     BIST:Header (ok)
[2022-12-17 12:42:29] INFO     BIST:Header (ok)
[2022-12-17 12:42:40] INFO     BIST:Header (ok)
[2022-12-17 12:42:52] INFO     BIST:Header (ok)
[2022-12-17 12:43:04] INFO     BIST:Header (ok)
[2022-12-17 12:43:15] INFO     BIST:Header (ok)
[2022-12-17 12:43:27] INFO     BIST:Header (ok)
[2022-12-17 12:43:39] INFO     BIST:Header (ok)
[2022-12-17 12:43:50] INFO     BIST:Header (ok)
[2022-12-17 12:44:02] INFO     BIST:Header (ok)
[2022-12-17 12:44:13] INFO     BIST:Header (ok)
[2022-12-17 12:44:25] INFO     BIST:Header (ok)
[2022-12-17 12:44:37] INFO     BIST:Header (ok)
[2022-12-17 12:44:48] INFO     BIST:Header (ok)
[2022-12-17 12:45:00] INFO     BIST:Header (ok)
[2022-12-17 12:45:11] INFO     BIST:Header (ok)
[2022-12-17 12:45:23] INFO     BIST:Header (ok)
[2022-12-17 12:45:35] INFO     BIST:Header (ok)
[2022-12-17 12:45:46] INFO     BIST:Header (ok)
[2022-12-17 12:45:58] INFO     BIST:Header (ok)
[2022-12-17 12:46:09] INFO     BIST:Header (ok)
[2022-12-17 12:46:21] INFO     BIST:Header (ok)
[2022-12-17 12:46:33] INFO     BIST:Header (ok)
[2022-12-17 12:46:44] INFO     BIST:Header (ok)
[2022-12-17 12:46:56] INFO     BIST:Header (ok)
[2022-12-17 12:47:08] INFO     BIST:Header (ok)
[2022-12-17 12:47:19] INFO     BIST:Header (ok)
[2022-12-17 12:47:31] INFO     BIST:Header (ok)
[2022-12-17 12:47:42] INFO     BIST:Header (ok)
[2022-12-17 12:47:54] INFO     BIST:Header (ok)
[2022-12-17 12:48:06] INFO     BIST:Header (ok)
[2022-12-17 12:48:17] INFO     BIST:Header (ok)
[2022-12-17 12:48:29] INFO     BIST:Header (ok)
[2022-12-17 12:48:40] INFO     BIST:Header (ok)
[2022-12-17 12:48:52] INFO     BIST:Header (ok)
[2022-12-17 12:49:04] INFO     BIST:Header (ok)
[2022-12-17 12:49:15] INFO     BIST:Header (ok)
[2022-12-17 12:49:27] INFO     BIST:Header (ok)
[2022-12-17 12:49:38] INFO     BIST:Header (ok)
[2022-12-17 12:49:50] INFO     BIST:Header (ok)
[2022-12-17 12:50:02] INFO     BIST:Header (ok)
[2022-12-17 12:50:13] INFO     BIST:Header (ok)
[2022-12-17 12:50:25] INFO     BIST:Header (ok)
[2022-12-17 12:50:37] INFO     BIST:Header (ok)
[2022-12-17 12:50:48] INFO     BIST:Header (ok)
[2022-12-17 12:51:00] INFO     BIST:Header (ok)
[2022-12-17 12:51:11] INFO     BIST:Header (ok)
[2022-12-17 12:51:23] INFO     BIST:Header (ok)
[2022-12-17 12:51:35] INFO     BIST:Header (ok)
[2022-12-17 12:51:46] INFO     BIST:Header (ok)
[2022-12-17 12:51:58] INFO     BIST:Header (ok)
[2022-12-17 12:52:09] INFO     BIST:Header (ok)
[2022-12-17 12:52:21] INFO     BIST:Header (ok)
[2022-12-17 12:52:33] INFO     BIST:Header (ok)
[2022-12-17 12:52:44] INFO     BIST:Header (ok)
[2022-12-17 12:52:56] INFO     BIST:Header (ok)
[2022-12-17 12:53:07] INFO     BIST:Header (ok)
[2022-12-17 12:53:19] INFO     BIST:Header (ok)
[2022-12-17 12:53:31] INFO     BIST:Header (ok)
[2022-12-17 12:53:42] INFO     BIST:Header (ok)
[2022-12-17 12:53:54] INFO     BIST:Header (ok)
[2022-12-17 12:54:06] INFO     BIST:Header (ok)
[2022-12-17 12:54:17] INFO     BIST:Header (ok)
[2022-12-17 12:54:29] INFO     BIST:Header (ok)
[2022-12-17 12:54:40] INFO     BIST:Header (ok)
[2022-12-17 12:54:52] INFO     BIST:Header (ok)
[2022-12-17 12:55:04] INFO     BIST:Header (ok)
[2022-12-17 12:55:15] INFO     BIST:Header (ok)
[2022-12-17 12:55:27] INFO     BIST:Header (ok)
[2022-12-17 12:55:38] INFO     BIST:Header (ok)
[2022-12-17 12:55:50] INFO     BIST:Header (ok)
[2022-12-17 12:56:02] INFO     BIST:Header (ok)
[2022-12-17 12:56:13] INFO     BIST:Header (ok)
[2022-12-17 12:56:25] INFO     BIST:Header (ok)
[2022-12-17 12:56:36] INFO     BIST:Header (ok)
[2022-12-17 12:56:48] INFO     BIST:Header (ok)
[2022-12-17 12:57:00] INFO     BIST:Header (ok)
[2022-12-17 12:57:11] INFO     BIST:Header (ok)
[2022-12-17 12:57:23] INFO     BIST:Header (ok)
[2022-12-17 12:57:35] INFO     BIST:Header (ok)
[2022-12-17 12:57:51] ERROR    UART:expect timeout (delay 15s)
[2022-12-17 12:57:51] INFO     STATE:Terminal Recovery State
[2022-12-17 12:57:51] INFO     UART:Serial port /dev/ttyUSB7 closed
[2022-12-17 12:57:54] INFO     UART:Searching for ttyUSB device (Attempt 1)
[2022-12-17 12:57:54] INFO     UART:Found tty device:/dev/ttyUSB7
[2022-12-17 12:57:54] INFO     UART:Serial port /dev/ttyUSB7 open
[2022-12-17 12:58:04] ERROR    UART:expect timeout (delay 10s)
[2022-12-17 12:58:04] INFO     STATE:Reset Recovery State
[2022-12-17 12:58:04] INFO     UARTBONE I ADDR=00001358
[2022-12-17 12:58:04] INFO     Issuing UART bone reset
[2022-12-17 12:58:05] INFO     UARTBONE I ADDR=00001358
[2022-12-17 12:58:05] INFO     STATE:LiteX Login State
[2022-12-17 12:58:15] ERROR    UART:expect timeout (delay 10s)
[2022-12-17 12:58:15] INFO     STATE:Power Nexys State
[2022-12-17 12:58:15] INFO     NETBOOTER:Attempt 1 to set port 2 with cycle=False
[2022-12-17 12:58:17] INFO     NETBOOTER:Setting port 2 to Off
[2022-12-17 12:58:18] INFO     NETBOOTER:Attempt 1 to set port 2 with cycle=False
[2022-12-17 12:58:20] INFO     NETBOOTER:Setting port 2 to On
[2022-12-17 12:58:21] INFO     STATE:Connect UART State
[2022-12-17 12:58:23] INFO     UART:Searching for ttyUSB device (Attempt 1)
[2022-12-17 12:58:23] INFO     UART:Found tty device:/dev/ttyUSB6
[2022-12-17 12:58:23] INFO     UART:Serial port /dev/ttyUSB6 open
[2022-12-17 12:58:23] INFO     STATE:Configure Nexys State
[2022-12-17 12:58:23] INFO     JCM:Attempting JCM device DNA read
[2022-12-17 12:58:23] INFO     JCM:Executing commmand on JCM
	~/jcm_apps/jcm_jtag_reg.elf -r 50 --swap -w 64
[2022-12-17 12:58:23] INFO     Device DNA:0:0x812c023b 1:0x2a0f6504
[2022-12-17 12:58:23] INFO     JCM:Attempting JCM configuration
[2022-12-17 12:58:23] INFO     JCM:Executing commmand on JCM
	~/jcm_apps/jcm_config.elf --part xc7a200t -c 30000000 --jtag --config_file /root/ddr_11_28.bit
[2022-12-17 12:58:29] INFO     JCM:Configuration Success
[2022-12-17 12:58:29] INFO     STATE:Setup UARTBone State
[2022-12-17 12:58:29] INFO     UARTBONE:Searching for ttyUSB device (Attempt 1) for port '1-4.4.1' IF '0'
[2022-12-17 12:58:29] INFO     UARTBONE:Found tty device:/dev/ttyUSB0
[2022-12-17 12:58:29] INFO     UARTBONE:Attempting to open:/dev/ttyUSB0 at baud 115200 with timeout=5
[2022-12-17 12:58:29] INFO     UARTBONE:Serial port /dev/ttyUSB0 open
[2022-12-17 12:58:30] INFO     UARTBONE ID Str=LiteX SoC on Nexys Video 2022-11-28 18:17:18
[2022-12-17 12:58:30] INFO     UARTBONE I ADDR=000012E8
[2022-12-17 12:58:30] INFO     STATE:Enable Scrubbing State
[2022-12-17 12:58:30] INFO     JCM:Starting JCM scrubber
[2022-12-17 12:58:30] INFO     JCM:Executing commmand on JCM
	~/jcm_apps/jcm_scrubbing.elf --part xc7a200t -c 30000000 --jtag --iterations 100000000 --frad_file xc7a200t_frad.txt
[2022-12-17 12:58:30] INFO     STATE:LiteX Login State
[2022-12-17 12:58:30] INFO     STATE:Start BIST State
[2022-12-17 12:58:30] INFO     STATE:BIST Execution State
[2022-12-17 12:58:30] INFO     BIST:Bad title line (1):8192 1 0 2
[2022-12-17 12:58:30] INFO     BIST:Header (first)
[2022-12-17 12:58:42] INFO     BIST:Header (ok)
[2022-12-17 12:58:53] INFO     BIST:Header (ok)
[2022-12-17 12:59:05] INFO     BIST:Header (ok)
[2022-12-17 12:59:16] INFO     BIST:Header (ok)
[2022-12-17 12:59:28] INFO     BIST:Header (ok)
[2022-12-17 12:59:40] INFO     BIST:Header (ok)
[2022-12-17 12:59:51] INFO     BIST:Header (ok)
[2022-12-17 13:00:03] INFO     BIST:Header (ok)
[2022-12-17 13:00:15] INFO     BIST:Header (ok)
[2022-12-17 13:00:26] INFO     BIST:Header (ok)
[2022-12-17 13:00:38] INFO     BIST:Header (ok)
[2022-12-17 13:00:49] INFO     BIST:Header (ok)
[2022-12-17 13:01:01] INFO     BIST:Header (ok)
[2022-12-17 13:01:13] INFO     BIST:Header (ok)
[2022-12-17 13:01:24] INFO     BIST:Header (ok)
[2022-12-17 13:01:36] INFO     BIST:Header (ok)
[2022-12-17 13:01:47] INFO     BIST:Header (ok)
[2022-12-17 13:01:59] INFO     BIST:Header (ok)
[2022-12-17 13:02:11] INFO     BIST:Header (ok)
[2022-12-17 13:02:22] INFO     BIST:Header (ok)
[2022-12-17 13:02:34] INFO     BIST:Header (ok)
[2022-12-17 13:02:45] INFO     BIST:Header (ok)
[2022-12-17 13:02:57] INFO     BIST:Header (ok)
[2022-12-17 13:03:09] INFO     BIST:Header (ok)
[2022-12-17 13:03:20] INFO     BIST:Header (ok)
[2022-12-17 13:03:32] INFO     BIST:Header (ok)
[2022-12-17 13:03:44] INFO     BIST:Header (ok)
[2022-12-17 13:03:55] INFO     BIST:Header (ok)
[2022-12-17 13:04:07] INFO     BIST:Header (ok)
[2022-12-17 13:04:18] INFO     BIST:Header (ok)
[2022-12-17 13:04:30] INFO     BIST:Header (ok)
[2022-12-17 13:04:42] INFO     BIST:Header (ok)
[2022-12-17 13:04:53] INFO     BIST:Header (ok)
[2022-12-17 13:05:05] INFO     BIST:Header (ok)
[2022-12-17 13:05:16] INFO     BIST:Header (ok)
[2022-12-17 13:05:28] INFO     BIST:Header (ok)
[2022-12-17 13:05:40] INFO     BIST:Header (ok)
[2022-12-17 13:05:51] INFO     BIST:Header (ok)
[2022-12-17 13:06:03] INFO     BIST:Header (ok)
[2022-12-17 13:06:14] INFO     BIST:Header (ok)
[2022-12-17 13:06:26] INFO     BIST:Header (ok)
[2022-12-17 13:06:38] INFO     BIST:Header (ok)
[2022-12-17 13:06:49] INFO     BIST:Header (ok)
[2022-12-17 13:07:01] INFO     BIST:Header (ok)
[2022-12-17 13:07:13] INFO     BIST:Header (ok)
[2022-12-17 13:07:24] INFO     BIST:Header (ok)
[2022-12-17 13:07:36] INFO     BIST:Header (ok)
[2022-12-17 13:07:47] INFO     BIST:Header (ok)
[2022-12-17 13:07:59] INFO     BIST:Header (ok)
[2022-12-17 13:08:11] INFO     BIST:Header (ok)
[2022-12-17 13:08:22] INFO     BIST:Header (ok)
[2022-12-17 13:08:34] INFO     BIST:Header (ok)
[2022-12-17 13:08:45] INFO     BIST:Header (ok)
[2022-12-17 13:08:57] INFO     BIST:Header (ok)
[2022-12-17 13:09:09] INFO     BIST:Header (ok)
[2022-12-17 13:09:20] INFO     BIST:Header (ok)
[2022-12-17 13:09:32] INFO     BIST:Header (ok)
[2022-12-17 13:09:43] INFO     BIST:Header (ok)
[2022-12-17 13:09:55] INFO     BIST:Header (ok)
[2022-12-17 13:10:07] INFO     BIST:Header (ok)
[2022-12-17 13:10:18] INFO     BIST:Header (ok)
[2022-12-17 13:10:30] INFO     BIST:Header (ok)
[2022-12-17 13:10:42] INFO     BIST:Header (ok)
[2022-12-17 13:10:53] INFO     BIST:Header (ok)
[2022-12-17 13:11:05] INFO     BIST:Header (ok)
[2022-12-17 13:11:16] INFO     BIST:Header (ok)
[2022-12-17 13:11:28] INFO     BIST:Header (ok)
[2022-12-17 13:11:40] INFO     BIST:Header (ok)
[2022-12-17 13:11:51] INFO     BIST:Header (ok)
[2022-12-17 13:12:03] INFO     BIST:Header (ok)
[2022-12-17 13:12:14] INFO     BIST:Header (ok)
[2022-12-17 13:12:26] INFO     BIST:Header (ok)
[2022-12-17 13:12:38] INFO     BIST:Header (ok)
[2022-12-17 13:12:49] INFO     BIST:Header (ok)
[2022-12-17 13:13:01] INFO     BIST:Header (ok)
[2022-12-17 13:13:12] INFO     BIST:Header (ok)
[2022-12-17 13:13:24] INFO     BIST:Header (ok)
[2022-12-17 13:13:36] INFO     BIST:Header (ok)
[2022-12-17 13:13:47] INFO     BIST:Header (ok)
[2022-12-17 13:13:59] INFO     BIST:Header (ok)
[2022-12-17 13:14:11] INFO     BIST:Header (ok)
[2022-12-17 13:14:22] INFO     BIST:Header (ok)
[2022-12-17 13:14:34] INFO     BIST:Header (ok)
[2022-12-17 13:14:45] INFO     BIST:Header (ok)
[2022-12-17 13:14:57] INFO     BIST:Header (ok)
[2022-12-17 13:15:09] INFO     BIST:Header (ok)
[2022-12-17 13:15:20] INFO     BIST:Header (ok)
[2022-12-17 13:15:32] INFO     BIST:Header (ok)
[2022-12-17 13:15:43] INFO     BIST:Header (ok)
[2022-12-17 13:15:55] INFO     BIST:Header (ok)
[2022-12-17 13:16:07] INFO     BIST:Header (ok)
[2022-12-17 13:16:18] INFO     BIST:Header (ok)
[2022-12-17 13:16:30] INFO     BIST:Header (ok)
[2022-12-17 13:16:41] INFO     BIST:Header (ok)
[2022-12-17 13:16:53] INFO     BIST:Header (ok)
[2022-12-17 13:17:05] INFO     BIST:Header (ok)
[2022-12-17 13:17:16] INFO     BIST:Header (ok)
[2022-12-17 13:17:28] INFO     BIST:Header (ok)
[2022-12-17 13:17:40] INFO     BIST:Header (ok)
[2022-12-17 13:17:51] INFO     BIST:Header (ok)
[2022-12-17 13:18:03] INFO     BIST:Header (ok)
[2022-12-17 13:18:14] INFO     BIST:Header (ok)
[2022-12-17 13:18:26] INFO     BIST:Header (ok)
[2022-12-17 13:18:38] INFO     BIST:Header (ok)
[2022-12-17 13:18:49] INFO     BIST:Header (ok)
[2022-12-17 13:19:01] INFO     BIST:Header (ok)
[2022-12-17 13:19:12] INFO     BIST:Header (ok)
[2022-12-17 13:19:24] INFO     BIST:Header (ok)
[2022-12-17 13:19:36] INFO     BIST:Header (ok)
[2022-12-17 13:19:47] INFO     BIST:Header (ok)
[2022-12-17 13:19:59] INFO     BIST:Header (ok)
[2022-12-17 13:20:11] INFO     BIST:Header (ok)
[2022-12-17 13:20:22] INFO     BIST:Header (ok)
[2022-12-17 13:20:34] INFO     BIST:Header (ok)
[2022-12-17 13:20:45] INFO     BIST:Header (ok)
[2022-12-17 13:20:57] INFO     BIST:Header (ok)
[2022-12-17 13:21:09] INFO     BIST:Header (ok)
[2022-12-17 13:21:20] INFO     BIST:Header (ok)
[2022-12-17 13:21:32] INFO     BIST:Header (ok)
[2022-12-17 13:21:43] INFO     BIST:Header (ok)
[2022-12-17 13:21:55] INFO     BIST:Header (ok)
[2022-12-17 13:22:07] INFO     BIST:Header (ok)
[2022-12-17 13:22:18] INFO     BIST:Header (ok)
[2022-12-17 13:22:30] INFO     BIST:Header (ok)
[2022-12-17 13:22:41] INFO     BIST:Header (ok)
[2022-12-17 13:22:53] INFO     BIST:Header (ok)
[2022-12-17 13:23:05] INFO     BIST:Header (ok)
[2022-12-17 13:23:16] INFO     BIST:Header (ok)
[2022-12-17 13:23:28] INFO     BIST:Header (ok)
[2022-12-17 13:23:40] INFO     BIST:Header (ok)
[2022-12-17 13:23:51] INFO     BIST:Header (ok)
[2022-12-17 13:24:03] INFO     BIST:Header (ok)
[2022-12-17 13:24:14] INFO     BIST:Header (ok)
[2022-12-17 13:24:26] INFO     BIST:Header (ok)
[2022-12-17 13:24:38] INFO     BIST:Header (ok)
[2022-12-17 13:24:49] INFO     BIST:Header (ok)
[2022-12-17 13:25:01] INFO     BIST:Header (ok)
[2022-12-17 13:25:12] INFO     BIST:Header (ok)
[2022-12-17 13:25:24] INFO     BIST:Header (ok)
[2022-12-17 13:25:36] INFO     BIST:Header (ok)
[2022-12-17 13:25:47] INFO     BIST:Header (ok)
[2022-12-17 13:25:59] INFO     BIST:Header (ok)
[2022-12-17 13:26:14] ERROR    UART:expect timeout (delay 15s)
[2022-12-17 13:26:14] INFO     STATE:Terminal Recovery State
[2022-12-17 13:26:14] INFO     UART:Serial port /dev/ttyUSB6 closed
[2022-12-17 13:26:17] INFO     UART:Searching for ttyUSB device (Attempt 1)
[2022-12-17 13:26:17] INFO     UART:Found tty device:/dev/ttyUSB6
[2022-12-17 13:26:17] INFO     UART:Serial port /dev/ttyUSB6 open
[2022-12-17 13:26:27] ERROR    UART:expect timeout (delay 10s)
[2022-12-17 13:26:27] INFO     STATE:Reset Recovery State
[2022-12-17 13:26:27] INFO     UARTBONE I ADDR=1D504008
[2022-12-17 13:26:27] INFO     Issuing UART bone reset
[2022-12-17 13:26:28] INFO     UARTBONE I ADDR=000001F8
[2022-12-17 13:26:28] INFO     STATE:LiteX Login State
[2022-12-17 13:26:28] INFO     STATE:Start BIST State
[2022-12-17 13:26:28] INFO     STATE:BIST Execution State
[2022-12-17 13:26:28] INFO     BIST:Bad title line (1):8192 1 0 2
[2022-12-17 13:26:28] INFO     BIST:Header (first)
[2022-12-17 13:26:40] INFO     BIST:Header (ok)
[2022-12-17 13:26:51] INFO     BIST:Header (ok)
[2022-12-17 13:27:03] INFO     BIST:Header (ok)
[2022-12-17 13:27:15] INFO     BIST:Header (ok)
[2022-12-17 13:27:26] INFO     BIST:Header (ok)
[2022-12-17 13:27:38] INFO     BIST:Header (ok)
[2022-12-17 13:27:50] INFO     BIST:Header (ok)
[2022-12-17 13:28:01] INFO     BIST:Header (ok)
[2022-12-17 13:28:13] INFO     BIST:Header (ok)
[2022-12-17 13:28:24] INFO     BIST:Header (ok)
[2022-12-17 13:28:36] INFO     BIST:Header (ok)
[2022-12-17 13:28:48] INFO     BIST:Header (ok)
[2022-12-17 13:28:59] INFO     BIST:Header (ok)
[2022-12-17 13:29:11] INFO     BIST:Header (ok)
[2022-12-17 13:29:22] INFO     BIST:Header (ok)
[2022-12-17 13:29:34] INFO     BIST:Header (ok)
[2022-12-17 13:29:46] INFO     BIST:Header (ok)
[2022-12-17 13:29:57] INFO     BIST:Header (ok)
[2022-12-17 13:30:09] INFO     BIST:Header (ok)
[2022-12-17 13:30:20] INFO     BIST:Header (ok)
[2022-12-17 13:30:32] INFO     BIST:Header (ok)
[2022-12-17 13:30:44] INFO     BIST:Header (ok)
[2022-12-17 13:30:55] INFO     BIST:Header (ok)
[2022-12-17 13:31:07] INFO     BIST:Header (ok)
[2022-12-17 13:31:19] INFO     BIST:Header (ok)
[2022-12-17 13:31:30] INFO     BIST:Header (ok)
[2022-12-17 13:31:42] INFO     BIST:Header (ok)
[2022-12-17 13:31:53] INFO     BIST:Header (ok)
[2022-12-17 13:32:05] INFO     BIST:Header (ok)
[2022-12-17 13:32:17] INFO     BIST:Header (ok)
[2022-12-17 13:32:28] INFO     BIST:Header (ok)
[2022-12-17 13:32:40] INFO     BIST:Header (ok)
[2022-12-17 13:32:51] INFO     BIST:Header (ok)
[2022-12-17 13:33:03] INFO     BIST:Header (ok)
[2022-12-17 13:33:15] INFO     BIST:Header (ok)
[2022-12-17 13:33:26] INFO     BIST:Header (ok)
[2022-12-17 13:33:38] INFO     BIST:Header (ok)
[2022-12-17 13:33:49] INFO     BIST:Header (ok)
[2022-12-17 13:34:01] INFO     BIST:Header (ok)
[2022-12-17 13:34:13] INFO     BIST:Header (ok)
[2022-12-17 13:34:24] INFO     BIST:Header (ok)
[2022-12-17 13:34:36] INFO     BIST:Header (ok)
[2022-12-17 13:34:48] INFO     BIST:Header (ok)
[2022-12-17 13:34:59] INFO     BIST:Header (ok)
[2022-12-17 13:35:11] INFO     BIST:Header (ok)
[2022-12-17 13:35:22] INFO     BIST:Header (ok)
[2022-12-17 13:35:34] INFO     BIST:Header (ok)
[2022-12-17 13:35:46] INFO     BIST:Header (ok)
[2022-12-17 13:35:57] INFO     BIST:Header (ok)
[2022-12-17 13:36:09] INFO     BIST:Header (ok)
[2022-12-17 13:36:20] INFO     BIST:Header (ok)
[2022-12-17 13:36:32] INFO     BIST:Header (ok)
[2022-12-17 13:36:44] INFO     BIST:Header (ok)
[2022-12-17 13:36:55] INFO     BIST:Header (ok)
[2022-12-17 13:37:07] INFO     BIST:Header (ok)
[2022-12-17 13:37:19] INFO     BIST:Header (ok)
[2022-12-17 13:37:30] INFO     BIST:Header (ok)
[2022-12-17 13:37:42] INFO     BIST:Header (ok)
[2022-12-17 13:37:53] INFO     BIST:Header (ok)
[2022-12-17 13:38:05] INFO     BIST:Header (ok)
[2022-12-17 13:38:17] INFO     BIST:Header (ok)
[2022-12-17 13:38:28] INFO     BIST:Header (ok)
[2022-12-17 13:38:40] INFO     BIST:Header (ok)
[2022-12-17 13:38:51] INFO     BIST:Header (ok)
[2022-12-17 13:39:03] INFO     BIST:Header (ok)
[2022-12-17 13:39:15] INFO     BIST:Header (ok)
[2022-12-17 13:39:26] INFO     BIST:Header (ok)
[2022-12-17 13:39:38] INFO     BIST:Header (ok)
[2022-12-17 13:39:49] INFO     BIST:Header (ok)
[2022-12-17 13:40:01] INFO     BIST:Header (ok)
[2022-12-17 13:40:13] INFO     BIST:Header (ok)
[2022-12-17 13:40:24] INFO     BIST:Header (ok)
[2022-12-17 13:40:36] INFO     BIST:Header (ok)
[2022-12-17 13:40:48] INFO     BIST:Header (ok)
[2022-12-17 13:40:59] INFO     BIST:Header (ok)
[2022-12-17 13:41:11] INFO     BIST:Header (ok)
[2022-12-17 13:41:22] INFO     BIST:Header (ok)
[2022-12-17 13:41:34] INFO     BIST:Header (ok)
[2022-12-17 13:41:46] INFO     BIST:Header (ok)
[2022-12-17 13:41:57] INFO     BIST:Header (ok)
[2022-12-17 13:42:09] INFO     BIST:Header (ok)
[2022-12-17 13:42:20] INFO     BIST:Header (ok)
[2022-12-17 13:42:32] INFO     BIST:Header (ok)
[2022-12-17 13:42:44] INFO     BIST:Header (ok)
[2022-12-17 13:42:55] INFO     BIST:Header (ok)
[2022-12-17 13:43:07] INFO     BIST:Header (ok)
[2022-12-17 13:43:18] INFO     BIST:Header (ok)
[2022-12-17 13:43:30] INFO     BIST:Header (ok)
[2022-12-17 13:43:42] INFO     BIST:Header (ok)
[2022-12-17 13:43:53] INFO     BIST:Header (ok)
[2022-12-17 13:44:05] INFO     BIST:Header (ok)
[2022-12-17 13:44:17] INFO     BIST:Header (ok)
[2022-12-17 13:44:28] INFO     BIST:Header (ok)
[2022-12-17 13:44:40] INFO     BIST:Header (ok)
[2022-12-17 13:44:51] INFO     BIST:Header (ok)
[2022-12-17 13:45:03] INFO     BIST:Header (ok)
[2022-12-17 13:45:15] INFO     BIST:Header (ok)
[2022-12-17 13:45:26] INFO     BIST:Header (ok)
[2022-12-17 13:45:38] INFO     BIST:Header (ok)
[2022-12-17 13:45:49] INFO     BIST:Header (ok)
[2022-12-17 13:46:01] INFO     BIST:Header (ok)
[2022-12-17 13:46:13] INFO     BIST:Header (ok)
[2022-12-17 13:46:24] INFO     BIST:Header (ok)
[2022-12-17 13:46:36] INFO     BIST:Header (ok)
[2022-12-17 13:46:47] INFO     BIST:Header (ok)
[2022-12-17 13:46:59] INFO     BIST:Header (ok)
[2022-12-17 13:47:11] INFO     BIST:Header (ok)
[2022-12-17 13:47:22] INFO     BIST:Header (ok)
[2022-12-17 13:47:34] INFO     BIST:Header (ok)
[2022-12-17 13:47:46] INFO     BIST:Header (ok)
[2022-12-17 13:47:57] INFO     BIST:Header (ok)
[2022-12-17 13:48:09] INFO     BIST:Header (ok)
[2022-12-17 13:48:20] INFO     BIST:Header (ok)
[2022-12-17 13:48:32] INFO     BIST:Header (ok)
[2022-12-17 13:48:44] INFO     BIST:Header (ok)
[2022-12-17 13:48:55] INFO     BIST:Header (ok)
[2022-12-17 13:49:07] INFO     BIST:Header (ok)
[2022-12-17 13:49:18] INFO     BIST:Header (ok)
[2022-12-17 13:49:30] INFO     BIST:Header (ok)
[2022-12-17 13:49:42] INFO     BIST:Header (ok)
[2022-12-17 13:49:53] INFO     BIST:Header (ok)
[2022-12-17 13:50:05] INFO     BIST:Header (ok)
[2022-12-17 13:50:16] INFO     BIST:Header (ok)
[2022-12-17 13:50:28] INFO     BIST:Header (ok)
[2022-12-17 13:50:40] INFO     BIST:Header (ok)
[2022-12-17 13:50:51] INFO     BIST:Header (ok)
[2022-12-17 13:51:03] INFO     BIST:Header (ok)
[2022-12-17 13:51:15] INFO     BIST:Header (ok)
[2022-12-17 13:51:26] INFO     BIST:Header (ok)
[2022-12-17 13:51:38] INFO     BIST:Header (ok)
[2022-12-17 13:51:49] INFO     BIST:Header (ok)
[2022-12-17 13:52:01] INFO     BIST:Header (ok)
[2022-12-17 13:52:13] INFO     BIST:Header (ok)
[2022-12-17 13:52:24] INFO     BIST:Header (ok)
[2022-12-17 13:52:36] INFO     BIST:Header (ok)
[2022-12-17 13:52:47] INFO     BIST:Header (ok)
[2022-12-17 13:52:59] INFO     BIST:Header (ok)
[2022-12-17 13:53:11] INFO     BIST:Header (ok)
[2022-12-17 13:53:22] INFO     BIST:Header (ok)
[2022-12-17 13:53:34] INFO     BIST:Header (ok)
[2022-12-17 13:53:45] INFO     BIST:Header (ok)
[2022-12-17 13:53:57] INFO     BIST:Header (ok)
[2022-12-17 13:54:09] INFO     BIST:Header (ok)
[2022-12-17 13:54:20] INFO     BIST:Header (ok)
[2022-12-17 13:54:32] INFO     BIST:Header (ok)
[2022-12-17 13:54:44] INFO     BIST:Header (ok)
[2022-12-17 13:54:55] INFO     BIST:Header (ok)
[2022-12-17 13:55:07] INFO     BIST:Header (ok)
[2022-12-17 13:55:18] INFO     BIST:Header (ok)
[2022-12-17 13:55:30] INFO     BIST:Header (ok)
[2022-12-17 13:55:42] INFO     BIST:Header (ok)
[2022-12-17 13:55:53] INFO     BIST:Header (ok)
[2022-12-17 13:56:05] INFO     BIST:Header (ok)
[2022-12-17 13:56:16] INFO     BIST:Header (ok)
[2022-12-17 13:56:28] INFO     BIST:Header (ok)
[2022-12-17 13:56:40] INFO     BIST:Header (ok)
[2022-12-17 13:56:51] INFO     BIST:Header (ok)
[2022-12-17 13:57:03] INFO     BIST:Header (ok)
[2022-12-17 13:57:15] INFO     BIST:Header (ok)
[2022-12-17 13:57:26] INFO     BIST:Header (ok)
[2022-12-17 13:57:38] INFO     BIST:Header (ok)
[2022-12-17 13:57:49] INFO     BIST:Header (ok)
[2022-12-17 13:58:01] INFO     BIST:Header (ok)
[2022-12-17 13:58:13] INFO     BIST:Header (ok)
[2022-12-17 13:58:24] INFO     BIST:Header (ok)
[2022-12-17 13:58:36] INFO     BIST:Header (ok)
[2022-12-17 13:58:47] INFO     BIST:Header (ok)
[2022-12-17 13:58:59] INFO     BIST:Header (ok)
[2022-12-17 13:59:11] INFO     BIST:Header (ok)
[2022-12-17 13:59:22] INFO     BIST:Header (ok)
[2022-12-17 13:59:34] INFO     BIST:Header (ok)
[2022-12-17 13:59:45] INFO     BIST:Header (ok)
[2022-12-17 13:59:57] INFO     BIST:Header (ok)
[2022-12-17 14:00:09] INFO     BIST:Header (ok)
[2022-12-17 14:00:20] INFO     BIST:Header (ok)
[2022-12-17 14:00:32] INFO     BIST:Header (ok)
[2022-12-17 14:00:44] INFO     BIST:Header (ok)
[2022-12-17 14:00:55] INFO     BIST:Header (ok)
[2022-12-17 14:01:07] INFO     BIST:Header (ok)
[2022-12-17 14:01:18] INFO     BIST:Header (ok)
[2022-12-17 14:01:30] INFO     BIST:Header (ok)
[2022-12-17 14:01:42] INFO     BIST:Header (ok)
[2022-12-17 14:01:53] INFO     BIST:Header (ok)
[2022-12-17 14:02:05] INFO     BIST:Header (ok)
[2022-12-17 14:02:16] INFO     BIST:Header (ok)
[2022-12-17 14:02:28] INFO     BIST:Header (ok)
[2022-12-17 14:02:40] INFO     BIST:Header (ok)
[2022-12-17 14:02:51] INFO     BIST:Header (ok)
[2022-12-17 14:03:03] INFO     BIST:Header (ok)
[2022-12-17 14:03:14] INFO     BIST:Header (ok)
[2022-12-17 14:03:26] INFO     BIST:Header (ok)
[2022-12-17 14:03:38] INFO     BIST:Header (ok)
[2022-12-17 14:03:49] INFO     BIST:Header (ok)
[2022-12-17 14:04:01] INFO     BIST:Header (ok)
[2022-12-17 14:04:13] INFO     BIST:Header (ok)
[2022-12-17 14:04:24] INFO     BIST:Header (ok)
[2022-12-17 14:04:36] INFO     BIST:Header (ok)
[2022-12-17 14:04:47] INFO     BIST:Header (ok)
[2022-12-17 14:04:59] INFO     BIST:Header (ok)
[2022-12-17 14:05:11] INFO     BIST:Header (ok)
[2022-12-17 14:05:22] INFO     BIST:Header (ok)
[2022-12-17 14:05:34] INFO     BIST:Header (ok)
[2022-12-17 14:05:45] INFO     BIST:Header (ok)
[2022-12-17 14:05:57] INFO     BIST:Header (ok)
[2022-12-17 14:06:09] INFO     BIST:Header (ok)
[2022-12-17 14:06:20] INFO     BIST:Header (ok)
[2022-12-17 14:06:32] INFO     BIST:Header (ok)
[2022-12-17 14:06:43] INFO     BIST:Header (ok)
[2022-12-17 14:06:55] INFO     BIST:Header (ok)
[2022-12-17 14:07:07] INFO     BIST:Header (ok)
[2022-12-17 14:07:18] INFO     BIST:Header (ok)
[2022-12-17 14:07:30] INFO     BIST:Header (ok)
[2022-12-17 14:07:42] INFO     BIST:Header (ok)
[2022-12-17 14:07:53] INFO     BIST:Header (ok)
[2022-12-17 14:08:05] INFO     BIST:Header (ok)
[2022-12-17 14:08:16] INFO     BIST:Header (ok)
[2022-12-17 14:08:28] INFO     BIST:Header (ok)
[2022-12-17 14:08:40] INFO     BIST:Header (ok)
[2022-12-17 14:08:51] INFO     BIST:Header (ok)
[2022-12-17 14:09:03] INFO     BIST:Header (ok)
[2022-12-17 14:09:14] INFO     BIST:Header (ok)
[2022-12-17 14:09:26] INFO     BIST:Header (ok)
[2022-12-17 14:09:38] INFO     BIST:Header (ok)
[2022-12-17 14:09:49] INFO     BIST:Header (ok)
[2022-12-17 14:10:01] INFO     BIST:Header (ok)
[2022-12-17 14:10:12] INFO     BIST:Header (ok)
[2022-12-17 14:10:24] INFO     BIST:Header (ok)
[2022-12-17 14:10:36] INFO     BIST:Header (ok)
[2022-12-17 14:10:47] INFO     BIST:Header (ok)
[2022-12-17 14:10:59] INFO     BIST:Header (ok)
[2022-12-17 14:11:11] INFO     BIST:Header (ok)
[2022-12-17 14:11:22] INFO     BIST:Header (ok)
[2022-12-17 14:11:35] ERROR    BIST:Data Errors (1641,0,0:1641/1)
[2022-12-17 14:11:36] ERROR    BIST:Data Errors (473,0,0:473/2)
[2022-12-17 14:11:38] ERROR    BIST:Data Errors (474,0,0:474/3)
[2022-12-17 14:11:38] INFO     BIST:Header (err 3)
[2022-12-17 14:11:39] ERROR    BIST:Data Errors (996,0,0:996/4)
[2022-12-17 14:11:46] ERROR    BIST:Data Errors (1332,0,0:1332/1)
[2022-12-17 14:11:48] ERROR    BIST:Data Errors (474,0,0:474/2)
[2022-12-17 14:11:49] ERROR    BIST:Data Errors (474,0,0:474/3)
[2022-12-17 14:11:49] INFO     BIST:Header (err 4)
[2022-12-17 14:11:51] ERROR    BIST:Data Errors (1301,0,0:1301/4)
[2022-12-17 14:11:58] ERROR    BIST:Data Errors (995,0,0:995/1)
[2022-12-17 14:11:59] ERROR    BIST:Data Errors (474,0,0:474/2)
[2022-12-17 14:12:01] ERROR    BIST:Data Errors (474,0,0:474/3)
[2022-12-17 14:12:01] INFO     BIST:Header (err 4)
[2022-12-17 14:12:02] ERROR    BIST:Data Errors (1606,0,0:1606/4)
[2022-12-17 14:12:09] ERROR    BIST:Data Errors (722,0,0:722/1)
[2022-12-17 14:12:11] ERROR    BIST:Data Errors (474,0,0:474/2)
[2022-12-17 14:12:12] ERROR    BIST:Data Errors (473,0,0:473/3)
[2022-12-17 14:12:12] INFO     BIST:Header (err 4)
[2022-12-17 14:12:14] ERROR    BIST:Data Errors (1912,0,0:1912/4)
[2022-12-17 14:12:24] INFO     BIST:Header (err 1)
[2022-12-17 14:12:33] ERROR    BIST:Data Errors (79,0,0:79/1)
[2022-12-17 14:12:34] ERROR    BIST:Data Errors (474,0,0:474/2)
[2022-12-17 14:12:36] ERROR    BIST:Data Errors (474,0,0:474/3)
[2022-12-17 14:12:36] INFO     BIST:Header (err 3)
[2022-12-17 14:12:37] ERROR    BIST:Data Errors (2522,0,0:2522/4)
[2022-12-17 14:12:47] INFO     BIST:Header (err 1)
[2022-12-17 14:12:59] INFO     BIST:Header (ok)
[2022-12-17 14:13:08] ERROR    BIST:Data Errors (3291,0,0:3291/1)
[2022-12-17 14:13:09] ERROR    BIST:Data Errors (474,0,0:474/2)
[2022-12-17 14:13:10] INFO     BIST:Header (err 2)
[2022-12-17 14:13:12] ERROR    BIST:Data Errors (3438,0,0:3438/1)
[2022-12-17 14:13:22] INFO     BIST:Header (err 1)
[2022-12-17 14:13:34] INFO     BIST:Header (ok)
[2022-12-17 14:13:45] INFO     BIST:Header (ok)
[2022-12-17 14:13:54] ERROR    BIST:Data Errors (2070,0,0:2070/1)
[2022-12-17 14:13:55] ERROR    BIST:Data Errors (474,0,0:474/2)
[2022-12-17 14:13:57] ERROR    BIST:Data Errors (473,0,0:473/3)
[2022-12-17 14:13:57] INFO     BIST:Header (err 3)
[2022-12-17 14:13:58] ERROR    BIST:Data Errors (564,0,0:564/4)
[2022-12-17 14:14:08] INFO     BIST:Header (err 1)
[2022-12-17 14:14:20] INFO     BIST:Header (ok)
[2022-12-17 14:14:32] INFO     BIST:Header (ok)
[2022-12-17 14:14:43] INFO     BIST:Header (ok)
[2022-12-17 14:14:55] INFO     BIST:Header (ok)
[2022-12-17 14:15:07] INFO     BIST:Header (ok)
[2022-12-17 14:15:18] INFO     BIST:Header (ok)
[2022-12-17 14:15:27] ERROR    BIST:Data Errors (3691,0,0:3691/1)
[2022-12-17 14:15:30] ERROR    BIST:Data Errors (474,0,0:474/1)
[2022-12-17 14:15:30] INFO     BIST:Header (err 2)
[2022-12-17 14:15:31] ERROR    BIST:Data Errors (3006,0,0:3006/2)
[2022-12-17 14:15:38] ERROR    BIST:Data Errors (3418,0,0:3418/1)
[2022-12-17 14:15:40] ERROR    BIST:Data Errors (474,0,0:474/2)
[2022-12-17 14:15:41] INFO     BIST:Header (err 3)
[2022-12-17 14:15:43] ERROR    BIST:Data Errors (3311,0,0:3311/1)
[2022-12-17 14:15:50] ERROR    BIST:Data Errors (2758,0,0:2758/1)
[2022-12-17 14:15:52] ERROR    BIST:Data Errors (473,0,0:473/2)
[2022-12-17 14:15:53] ERROR    BIST:Data Errors (474,0,0:474/3)
[2022-12-17 14:15:53] INFO     BIST:Header (err 4)
[2022-12-17 14:16:05] INFO     BIST:Header (ok)
[2022-12-17 14:16:16] INFO     BIST:Header (ok)
[2022-12-17 14:16:28] INFO     BIST:Header (ok)
[2022-12-17 14:16:37] ERROR    BIST:Data Errors (1859,0,0:1859/1)
[2022-12-17 14:16:38] ERROR    BIST:Data Errors (474,0,0:474/2)
[2022-12-17 14:16:39] ERROR    BIST:Data Errors (474,0,0:474/3)
[2022-12-17 14:16:39] INFO     BIST:Header (err 3)
[2022-12-17 14:16:41] ERROR    BIST:Data Errors (742,0,0:742/4)
[2022-12-17 14:16:59] ERROR    UART:expect timeout (delay 15s)
[2022-12-17 14:16:59] INFO     STATE:Terminal Recovery State
[2022-12-17 14:16:59] INFO     UART:Serial port /dev/ttyUSB6 closed
[2022-12-17 14:17:02] INFO     UART:Searching for ttyUSB device (Attempt 1)
[2022-12-17 14:17:02] INFO     UART:Found tty device:/dev/ttyUSB6
[2022-12-17 14:17:02] INFO     UART:Serial port /dev/ttyUSB6 open
[2022-12-17 14:17:02] INFO     STATE:BIST Execution State
[2022-12-17 14:17:02] INFO     BIST:Bad title line (1):8192 1 0 2
[2022-12-17 14:17:02] INFO     BIST:Header (first)
[2022-12-17 14:17:14] INFO     BIST:Header (ok)
[2022-12-17 14:17:25] INFO     BIST:Header (ok)
[2022-12-17 14:17:37] INFO     BIST:Header (ok)
[2022-12-17 14:17:48] INFO     BIST:Header (ok)
[2022-12-17 14:18:00] INFO     BIST:Header (ok)
[2022-12-17 14:18:12] INFO     BIST:Header (ok)
[2022-12-17 14:18:23] INFO     BIST:Header (ok)
[2022-12-17 14:18:35] INFO     BIST:Header (ok)
[2022-12-17 14:18:46] INFO     BIST:Header (ok)
[2022-12-17 14:18:58] INFO     BIST:Header (ok)
[2022-12-17 14:19:10] INFO     BIST:Header (ok)
[2022-12-17 14:19:21] INFO     BIST:Header (ok)
[2022-12-17 14:19:33] INFO     BIST:Header (ok)
[2022-12-17 14:19:44] INFO     BIST:Header (ok)
[2022-12-17 14:19:56] INFO     BIST:Header (ok)
[2022-12-17 14:20:08] INFO     BIST:Header (ok)
[2022-12-17 14:20:19] INFO     BIST:Header (ok)
[2022-12-17 14:20:31] INFO     BIST:Header (ok)
[2022-12-17 14:20:43] INFO     BIST:Header (ok)
[2022-12-17 14:20:54] INFO     BIST:Header (ok)
[2022-12-17 14:21:06] INFO     BIST:Header (ok)
[2022-12-17 14:21:17] INFO     BIST:Header (ok)
[2022-12-17 14:21:29] INFO     BIST:Header (ok)
[2022-12-17 14:21:41] INFO     BIST:Header (ok)
[2022-12-17 14:21:52] INFO     BIST:Header (ok)
[2022-12-17 14:22:04] INFO     BIST:Header (ok)
[2022-12-17 14:22:15] INFO     BIST:Header (ok)
[2022-12-17 14:22:27] INFO     BIST:Header (ok)
[2022-12-17 14:22:39] INFO     BIST:Header (ok)
[2022-12-17 14:22:50] INFO     BIST:Header (ok)
[2022-12-17 14:23:02] INFO     BIST:Header (ok)
[2022-12-17 14:23:13] INFO     BIST:Header (ok)
[2022-12-17 14:23:25] INFO     BIST:Header (ok)
[2022-12-17 14:23:37] INFO     BIST:Header (ok)
[2022-12-17 14:23:48] INFO     BIST:Header (ok)
[2022-12-17 14:24:00] INFO     BIST:Header (ok)
[2022-12-17 14:24:12] INFO     BIST:Header (ok)
[2022-12-17 14:24:23] INFO     BIST:Header (ok)
[2022-12-17 14:24:35] INFO     BIST:Header (ok)
[2022-12-17 14:24:46] INFO     BIST:Header (ok)
[2022-12-17 14:24:58] INFO     BIST:Header (ok)
[2022-12-17 14:25:10] INFO     BIST:Header (ok)
[2022-12-17 14:25:21] INFO     BIST:Header (ok)
[2022-12-17 14:25:33] INFO     BIST:Header (ok)
[2022-12-17 14:25:44] INFO     BIST:Header (ok)
[2022-12-17 14:25:56] INFO     BIST:Header (ok)
[2022-12-17 14:26:08] INFO     BIST:Header (ok)
[2022-12-17 14:26:19] INFO     BIST:Header (ok)
[2022-12-17 14:26:31] INFO     BIST:Header (ok)
[2022-12-17 14:26:42] INFO     BIST:Header (ok)
[2022-12-17 14:26:54] INFO     BIST:Header (ok)
[2022-12-17 14:27:06] INFO     BIST:Header (ok)
[2022-12-17 14:27:17] INFO     BIST:Header (ok)
[2022-12-17 14:27:29] INFO     BIST:Header (ok)
[2022-12-17 14:27:41] INFO     BIST:Header (ok)
[2022-12-17 14:27:52] INFO     BIST:Header (ok)
[2022-12-17 14:28:04] INFO     BIST:Header (ok)
[2022-12-17 14:28:15] INFO     BIST:Header (ok)
[2022-12-17 14:28:27] INFO     BIST:Header (ok)
[2022-12-17 14:28:39] INFO     BIST:Header (ok)
[2022-12-17 14:28:50] INFO     BIST:Header (ok)
[2022-12-17 14:29:02] INFO     BIST:Header (ok)
[2022-12-17 14:29:13] INFO     BIST:Header (ok)
[2022-12-17 14:29:25] INFO     BIST:Header (ok)
[2022-12-17 14:29:37] INFO     BIST:Header (ok)
[2022-12-17 14:29:48] INFO     BIST:Header (ok)
[2022-12-17 14:30:00] INFO     BIST:Header (ok)
[2022-12-17 14:30:11] INFO     BIST:Header (ok)
[2022-12-17 14:30:23] INFO     BIST:Header (ok)
[2022-12-17 14:30:35] INFO     BIST:Header (ok)
[2022-12-17 14:30:46] INFO     BIST:Header (ok)
[2022-12-17 14:30:58] INFO     BIST:Header (ok)
[2022-12-17 14:31:10] INFO     BIST:Header (ok)
[2022-12-17 14:31:21] INFO     BIST:Header (ok)
[2022-12-17 14:31:33] INFO     BIST:Header (ok)
[2022-12-17 14:31:44] INFO     BIST:Header (ok)
[2022-12-17 14:31:56] INFO     BIST:Header (ok)
[2022-12-17 14:32:08] INFO     BIST:Header (ok)
[2022-12-17 14:32:19] INFO     BIST:Header (ok)
[2022-12-17 14:32:31] INFO     BIST:Header (ok)
[2022-12-17 14:32:42] INFO     BIST:Header (ok)
[2022-12-17 14:32:54] INFO     BIST:Header (ok)
[2022-12-17 14:33:06] INFO     BIST:Header (ok)
[2022-12-17 14:33:17] INFO     BIST:Header (ok)
[2022-12-17 14:33:29] INFO     BIST:Header (ok)
[2022-12-17 14:33:41] INFO     BIST:Header (ok)
[2022-12-17 14:33:52] INFO     BIST:Header (ok)
[2022-12-17 14:34:04] INFO     BIST:Header (ok)
[2022-12-17 14:34:15] INFO     BIST:Header (ok)
[2022-12-17 14:34:27] INFO     BIST:Header (ok)
[2022-12-17 14:34:39] INFO     BIST:Header (ok)
[2022-12-17 14:34:50] INFO     BIST:Header (ok)
[2022-12-17 14:35:02] INFO     BIST:Header (ok)
[2022-12-17 14:35:13] INFO     BIST:Header (ok)
[2022-12-17 14:35:25] INFO     BIST:Header (ok)
[2022-12-17 14:35:37] INFO     BIST:Header (ok)
[2022-12-17 14:35:48] INFO     BIST:Header (ok)
[2022-12-17 14:36:00] INFO     BIST:Header (ok)
[2022-12-17 14:36:11] INFO     BIST:Header (ok)
[2022-12-17 14:36:23] INFO     BIST:Header (ok)
[2022-12-17 14:36:35] INFO     BIST:Header (ok)
[2022-12-17 14:36:46] INFO     BIST:Header (ok)
[2022-12-17 14:36:58] INFO     BIST:Header (ok)
[2022-12-17 14:37:10] INFO     BIST:Header (ok)
[2022-12-17 14:37:21] INFO     BIST:Header (ok)
[2022-12-17 14:37:33] INFO     BIST:Header (ok)
[2022-12-17 14:37:44] INFO     BIST:Header (ok)
[2022-12-17 14:37:56] INFO     BIST:Header (ok)
[2022-12-17 14:38:08] INFO     BIST:Header (ok)
[2022-12-17 14:38:19] INFO     BIST:Header (ok)
[2022-12-17 14:38:31] INFO     BIST:Header (ok)
[2022-12-17 14:38:42] INFO     BIST:Header (ok)
[2022-12-17 14:38:54] INFO     BIST:Header (ok)
[2022-12-17 14:39:06] INFO     BIST:Header (ok)
[2022-12-17 14:39:17] INFO     BIST:Header (ok)
[2022-12-17 14:39:29] INFO     BIST:Header (ok)
[2022-12-17 14:39:40] INFO     BIST:Header (ok)
[2022-12-17 14:39:52] INFO     BIST:Header (ok)
[2022-12-17 14:40:04] INFO     BIST:Header (ok)
[2022-12-17 14:40:15] INFO     BIST:Header (ok)
[2022-12-17 14:40:27] INFO     BIST:Header (ok)
[2022-12-17 14:40:39] INFO     BIST:Header (ok)
[2022-12-17 14:40:50] INFO     BIST:Header (ok)
[2022-12-17 14:41:02] INFO     BIST:Header (ok)
[2022-12-17 14:41:13] INFO     BIST:Header (ok)
[2022-12-17 14:41:25] INFO     BIST:Header (ok)
[2022-12-17 14:41:37] INFO     BIST:Header (ok)
[2022-12-17 14:41:48] INFO     BIST:Header (ok)
[2022-12-17 14:42:00] INFO     BIST:Header (ok)
[2022-12-17 14:42:11] INFO     BIST:Header (ok)
[2022-12-17 14:42:23] INFO     BIST:Header (ok)
[2022-12-17 14:42:35] INFO     BIST:Header (ok)
[2022-12-17 14:42:46] INFO     BIST:Header (ok)
[2022-12-17 14:42:58] INFO     BIST:Header (ok)
[2022-12-17 14:43:09] INFO     BIST:Header (ok)
[2022-12-17 14:43:21] INFO     BIST:Header (ok)
[2022-12-17 14:43:33] INFO     BIST:Header (ok)
[2022-12-17 14:43:44] INFO     BIST:Header (ok)
[2022-12-17 14:43:56] INFO     BIST:Header (ok)
[2022-12-17 14:44:08] INFO     BIST:Header (ok)
[2022-12-17 14:44:19] INFO     BIST:Header (ok)
[2022-12-17 14:44:31] INFO     BIST:Header (ok)
[2022-12-17 14:44:42] INFO     BIST:Header (ok)
[2022-12-17 14:44:54] INFO     BIST:Header (ok)
[2022-12-17 14:45:06] INFO     BIST:Header (ok)
[2022-12-17 14:45:17] INFO     BIST:Header (ok)
[2022-12-17 14:45:29] INFO     BIST:Header (ok)
[2022-12-17 14:45:40] INFO     BIST:Header (ok)
[2022-12-17 14:45:52] INFO     BIST:Header (ok)
[2022-12-17 14:46:04] INFO     BIST:Header (ok)
[2022-12-17 14:46:15] INFO     BIST:Header (ok)
[2022-12-17 14:46:27] INFO     BIST:Header (ok)
[2022-12-17 14:46:38] INFO     BIST:Header (ok)
[2022-12-17 14:46:50] INFO     BIST:Header (ok)
[2022-12-17 14:47:02] INFO     BIST:Header (ok)
[2022-12-17 14:47:13] INFO     BIST:Header (ok)
[2022-12-17 14:47:25] INFO     BIST:Header (ok)
[2022-12-17 14:47:37] INFO     BIST:Header (ok)
[2022-12-17 14:47:48] INFO     BIST:Header (ok)
[2022-12-17 14:48:00] INFO     BIST:Header (ok)
[2022-12-17 14:48:11] INFO     BIST:Header (ok)
[2022-12-17 14:48:23] INFO     BIST:Header (ok)
[2022-12-17 14:48:35] INFO     BIST:Header (ok)
[2022-12-17 14:48:46] INFO     BIST:Header (ok)
[2022-12-17 14:48:58] INFO     BIST:Header (ok)
[2022-12-17 14:49:09] INFO     BIST:Header (ok)
[2022-12-17 14:49:21] INFO     BIST:Header (ok)
[2022-12-17 14:49:33] INFO     BIST:Header (ok)
[2022-12-17 14:49:44] INFO     BIST:Header (ok)
[2022-12-17 14:49:56] INFO     BIST:Header (ok)
[2022-12-17 14:50:07] INFO     BIST:Header (ok)
[2022-12-17 14:50:19] INFO     BIST:Header (ok)
[2022-12-17 14:50:31] INFO     BIST:Header (ok)
[2022-12-17 14:50:42] INFO     BIST:Header (ok)
[2022-12-17 14:50:54] INFO     BIST:Header (ok)
[2022-12-17 14:51:06] INFO     BIST:Header (ok)
[2022-12-17 14:51:17] INFO     BIST:Header (ok)
[2022-12-17 14:51:29] INFO     BIST:Header (ok)
[2022-12-17 14:51:46] INFO     BIST:Header (ok)
[2022-12-17 14:51:57] INFO     BIST:Header (ok)
[2022-12-17 14:52:09] INFO     BIST:Header (ok)
[2022-12-17 14:52:20] INFO     BIST:Header (ok)
[2022-12-17 14:52:32] INFO     BIST:Header (ok)
[2022-12-17 14:52:44] INFO     BIST:Header (ok)
[2022-12-17 14:52:55] INFO     BIST:Header (ok)
[2022-12-17 14:53:07] INFO     BIST:Header (ok)
[2022-12-17 14:53:18] INFO     BIST:Header (ok)
[2022-12-17 14:53:30] INFO     BIST:Header (ok)
[2022-12-17 14:53:42] INFO     BIST:Header (ok)
[2022-12-17 14:53:53] INFO     BIST:Header (ok)
[2022-12-17 14:54:05] INFO     BIST:Header (ok)
[2022-12-17 14:54:17] INFO     BIST:Header (ok)
[2022-12-17 14:54:28] INFO     BIST:Header (ok)
[2022-12-17 14:54:40] INFO     BIST:Header (ok)
[2022-12-17 14:54:51] INFO     BIST:Header (ok)
[2022-12-17 14:55:03] INFO     BIST:Header (ok)
[2022-12-17 14:55:15] INFO     BIST:Header (ok)
[2022-12-17 14:55:26] INFO     BIST:Header (ok)
[2022-12-17 14:55:38] INFO     BIST:Header (ok)
[2022-12-17 14:55:49] INFO     BIST:Header (ok)
[2022-12-17 14:56:01] INFO     BIST:Header (ok)
[2022-12-17 14:56:13] INFO     BIST:Header (ok)
[2022-12-17 14:56:24] INFO     BIST:Header (ok)
[2022-12-17 14:56:36] INFO     BIST:Header (ok)
[2022-12-17 14:56:47] INFO     BIST:Header (ok)
[2022-12-17 14:56:59] INFO     BIST:Header (ok)
[2022-12-17 14:57:11] INFO     BIST:Header (ok)
[2022-12-17 14:57:22] INFO     BIST:Header (ok)
[2022-12-17 14:57:34] INFO     BIST:Header (ok)
[2022-12-17 14:57:46] INFO     BIST:Header (ok)
[2022-12-17 14:57:57] INFO     BIST:Header (ok)
[2022-12-17 14:58:09] INFO     BIST:Header (ok)
[2022-12-17 14:58:20] INFO     BIST:Header (ok)
[2022-12-17 14:58:32] INFO     BIST:Header (ok)
[2022-12-17 14:58:44] INFO     BIST:Header (ok)
[2022-12-17 14:58:55] INFO     BIST:Header (ok)
[2022-12-17 14:59:07] INFO     BIST:Header (ok)
[2022-12-17 14:59:18] INFO     BIST:Header (ok)
[2022-12-17 14:59:30] INFO     BIST:Header (ok)
[2022-12-17 14:59:42] INFO     BIST:Header (ok)
[2022-12-17 14:59:53] INFO     BIST:Header (ok)
[2022-12-17 15:00:05] INFO     BIST:Header (ok)
[2022-12-17 15:00:16] INFO     BIST:Header (ok)
[2022-12-17 15:00:28] INFO     BIST:Header (ok)
[2022-12-17 15:00:40] INFO     BIST:Header (ok)
[2022-12-17 15:00:51] INFO     BIST:Header (ok)
[2022-12-17 15:01:03] INFO     BIST:Header (ok)
[2022-12-17 15:01:15] INFO     BIST:Header (ok)
[2022-12-17 15:01:26] INFO     BIST:Header (ok)
[2022-12-17 15:01:38] INFO     BIST:Header (ok)
[2022-12-17 15:01:49] INFO     BIST:Header (ok)
[2022-12-17 15:02:01] INFO     BIST:Header (ok)
[2022-12-17 15:02:13] INFO     BIST:Header (ok)
[2022-12-17 15:02:24] INFO     BIST:Header (ok)
[2022-12-17 15:02:36] INFO     BIST:Header (ok)
[2022-12-17 15:02:47] INFO     BIST:Header (ok)
[2022-12-17 15:02:59] INFO     BIST:Header (ok)
[2022-12-17 15:03:11] INFO     BIST:Header (ok)
[2022-12-17 15:03:22] INFO     BIST:Header (ok)
[2022-12-17 15:03:34] INFO     BIST:Header (ok)
[2022-12-17 15:03:46] INFO     BIST:Header (ok)
[2022-12-17 15:03:57] INFO     BIST:Header (ok)
[2022-12-17 15:04:09] INFO     BIST:Header (ok)
[2022-12-17 15:04:20] INFO     BIST:Header (ok)
[2022-12-17 15:04:32] INFO     BIST:Header (ok)
[2022-12-17 15:04:44] INFO     BIST:Header (ok)
[2022-12-17 15:04:55] INFO     BIST:Header (ok)
[2022-12-17 15:05:07] INFO     BIST:Header (ok)
[2022-12-17 15:05:18] INFO     BIST:Header (ok)
[2022-12-17 15:05:30] INFO     BIST:Header (ok)
[2022-12-17 15:05:42] INFO     BIST:Header (ok)
[2022-12-17 15:05:53] INFO     BIST:Header (ok)
[2022-12-17 15:06:05] INFO     BIST:Header (ok)
[2022-12-17 15:06:16] INFO     BIST:Header (ok)
[2022-12-17 15:06:28] INFO     BIST:Header (ok)
[2022-12-17 15:06:40] INFO     BIST:Header (ok)
[2022-12-17 15:06:51] INFO     BIST:Header (ok)
[2022-12-17 15:07:03] INFO     BIST:Header (ok)
[2022-12-17 15:07:15] INFO     BIST:Header (ok)
[2022-12-17 15:07:26] INFO     BIST:Header (ok)
[2022-12-17 15:07:38] INFO     BIST:Header (ok)
[2022-12-17 15:07:49] INFO     BIST:Header (ok)
[2022-12-17 15:08:01] INFO     BIST:Header (ok)
[2022-12-17 15:08:13] INFO     BIST:Header (ok)
[2022-12-17 15:08:24] INFO     BIST:Header (ok)
[2022-12-17 15:08:36] INFO     BIST:Header (ok)
[2022-12-17 15:08:47] INFO     BIST:Header (ok)
[2022-12-17 15:08:59] INFO     BIST:Header (ok)
[2022-12-17 15:09:11] INFO     BIST:Header (ok)
[2022-12-17 15:09:22] INFO     BIST:Header (ok)
[2022-12-17 15:09:34] INFO     BIST:Header (ok)
[2022-12-17 15:09:45] INFO     BIST:Header (ok)
[2022-12-17 15:09:57] INFO     BIST:Header (ok)
[2022-12-17 15:10:09] INFO     BIST:Header (ok)
[2022-12-17 15:10:20] INFO     BIST:Header (ok)
[2022-12-17 15:10:32] INFO     BIST:Header (ok)
[2022-12-17 15:10:44] INFO     BIST:Header (ok)
[2022-12-17 15:10:55] INFO     BIST:Header (ok)
[2022-12-17 15:11:07] INFO     BIST:Header (ok)
[2022-12-17 15:11:18] INFO     BIST:Header (ok)
[2022-12-17 15:11:30] INFO     BIST:Header (ok)
[2022-12-17 15:11:42] INFO     BIST:Header (ok)
[2022-12-17 15:11:53] INFO     BIST:Header (ok)
[2022-12-17 15:12:05] INFO     BIST:Header (ok)
[2022-12-17 15:12:16] INFO     BIST:Header (ok)
[2022-12-17 15:12:28] INFO     BIST:Header (ok)
[2022-12-17 15:12:40] INFO     BIST:Header (ok)
[2022-12-17 15:12:51] INFO     BIST:Header (ok)
[2022-12-17 15:13:03] INFO     BIST:Header (ok)
[2022-12-17 15:13:14] INFO     BIST:Header (ok)
[2022-12-17 15:13:26] INFO     BIST:Header (ok)
[2022-12-17 15:13:38] INFO     BIST:Header (ok)
[2022-12-17 15:13:49] INFO     BIST:Header (ok)
[2022-12-17 15:14:01] INFO     BIST:Header (ok)
[2022-12-17 15:14:13] INFO     BIST:Header (ok)
[2022-12-17 15:14:24] INFO     BIST:Header (ok)
[2022-12-17 15:14:36] INFO     BIST:Header (ok)
[2022-12-17 15:14:47] INFO     BIST:Header (ok)
[2022-12-17 15:14:59] INFO     BIST:Header (ok)
[2022-12-17 15:15:11] INFO     BIST:Header (ok)
[2022-12-17 15:15:22] INFO     BIST:Header (ok)
[2022-12-17 15:15:34] INFO     BIST:Header (ok)
[2022-12-17 15:15:45] INFO     BIST:Header (ok)
[2022-12-17 15:15:57] INFO     BIST:Header (ok)
[2022-12-17 15:16:09] INFO     BIST:Header (ok)
[2022-12-17 15:16:20] INFO     BIST:Header (ok)
[2022-12-17 15:16:32] INFO     BIST:Header (ok)
[2022-12-17 15:16:43] INFO     BIST:Header (ok)
[2022-12-17 15:16:55] INFO     BIST:Header (ok)
[2022-12-17 15:17:07] INFO     BIST:Header (ok)
[2022-12-17 15:17:18] INFO     BIST:Header (ok)
[2022-12-17 15:17:30] INFO     BIST:Header (ok)
[2022-12-17 15:17:42] INFO     BIST:Header (ok)
[2022-12-17 15:17:53] INFO     BIST:Header (ok)
[2022-12-17 15:18:05] INFO     BIST:Header (ok)
[2022-12-17 15:18:16] INFO     BIST:Header (ok)
[2022-12-17 15:18:28] INFO     BIST:Header (ok)
[2022-12-17 15:18:40] INFO     BIST:Header (ok)
[2022-12-17 15:18:51] INFO     BIST:Header (ok)
[2022-12-17 15:19:03] INFO     BIST:Header (ok)
[2022-12-17 15:19:14] INFO     BIST:Header (ok)
[2022-12-17 15:19:26] INFO     BIST:Header (ok)
[2022-12-17 15:19:38] INFO     BIST:Header (ok)
[2022-12-17 15:19:49] INFO     BIST:Header (ok)
[2022-12-17 15:20:01] INFO     BIST:Header (ok)
[2022-12-17 15:20:12] INFO     BIST:Header (ok)
[2022-12-17 15:20:24] INFO     BIST:Header (ok)
[2022-12-17 15:20:36] INFO     BIST:Header (ok)
[2022-12-17 15:20:47] INFO     BIST:Header (ok)
[2022-12-17 15:20:59] INFO     BIST:Header (ok)
[2022-12-17 15:21:11] INFO     BIST:Header (ok)
[2022-12-17 15:21:22] INFO     BIST:Header (ok)
[2022-12-17 15:21:34] INFO     BIST:Header (ok)
[2022-12-17 15:21:45] INFO     BIST:Header (ok)
[2022-12-17 15:21:57] INFO     BIST:Header (ok)
[2022-12-17 15:22:09] INFO     BIST:Header (ok)
[2022-12-17 15:22:20] INFO     BIST:Header (ok)
[2022-12-17 15:22:32] INFO     BIST:Header (ok)
[2022-12-17 15:22:43] INFO     BIST:Header (ok)
[2022-12-17 15:22:55] INFO     BIST:Header (ok)
[2022-12-17 15:23:07] INFO     BIST:Header (ok)
[2022-12-17 15:23:18] INFO     BIST:Header (ok)
[2022-12-17 15:23:30] INFO     BIST:Header (ok)
[2022-12-17 15:23:42] INFO     BIST:Header (ok)
[2022-12-17 15:23:53] INFO     BIST:Header (ok)
[2022-12-17 15:24:05] INFO     BIST:Header (ok)
[2022-12-17 15:24:16] INFO     BIST:Header (ok)
[2022-12-17 15:24:28] INFO     BIST:Header (ok)
[2022-12-17 15:24:40] INFO     BIST:Header (ok)
[2022-12-17 15:24:51] INFO     BIST:Header (ok)
[2022-12-17 15:25:03] INFO     BIST:Header (ok)
[2022-12-17 15:25:14] INFO     BIST:Header (ok)
[2022-12-17 15:25:26] INFO     BIST:Header (ok)
[2022-12-17 15:25:38] INFO     BIST:Header (ok)
[2022-12-17 15:25:49] INFO     BIST:Header (ok)
[2022-12-17 15:26:01] INFO     BIST:Header (ok)
[2022-12-17 15:26:12] INFO     BIST:Header (ok)
[2022-12-17 15:26:24] INFO     BIST:Header (ok)
[2022-12-17 15:26:36] INFO     BIST:Header (ok)
[2022-12-17 15:26:47] INFO     BIST:Header (ok)
[2022-12-17 15:26:59] INFO     BIST:Header (ok)
[2022-12-17 15:27:11] INFO     BIST:Header (ok)
[2022-12-17 15:27:22] INFO     BIST:Header (ok)
[2022-12-17 15:27:34] INFO     BIST:Header (ok)
[2022-12-17 15:27:45] INFO     BIST:Header (ok)
[2022-12-17 15:27:57] INFO     BIST:Header (ok)
[2022-12-17 15:28:09] INFO     BIST:Header (ok)
[2022-12-17 15:28:20] INFO     BIST:Header (ok)
[2022-12-17 15:28:32] INFO     BIST:Header (ok)
[2022-12-17 15:28:43] INFO     BIST:Header (ok)
[2022-12-17 15:28:55] INFO     BIST:Header (ok)
[2022-12-17 15:29:07] INFO     BIST:Header (ok)
[2022-12-17 15:29:18] INFO     BIST:Header (ok)
[2022-12-17 15:29:30] INFO     BIST:Header (ok)
[2022-12-17 15:29:41] INFO     BIST:Header (ok)
[2022-12-17 15:29:53] INFO     BIST:Header (ok)
[2022-12-17 15:30:05] INFO     BIST:Header (ok)
[2022-12-17 15:30:16] INFO     BIST:Header (ok)
[2022-12-17 15:30:28] INFO     BIST:Header (ok)
[2022-12-17 15:30:40] INFO     BIST:Header (ok)
[2022-12-17 15:30:51] INFO     BIST:Header (ok)
[2022-12-17 15:31:03] INFO     BIST:Header (ok)
[2022-12-17 15:31:14] INFO     BIST:Header (ok)
[2022-12-17 15:31:26] INFO     BIST:Header (ok)
[2022-12-17 15:31:38] INFO     BIST:Header (ok)
[2022-12-17 15:31:49] INFO     BIST:Header (ok)
[2022-12-17 15:32:01] INFO     BIST:Header (ok)
[2022-12-17 15:32:12] INFO     BIST:Header (ok)
[2022-12-17 15:32:24] INFO     BIST:Header (ok)
[2022-12-17 15:32:36] INFO     BIST:Header (ok)
[2022-12-17 15:32:47] INFO     BIST:Header (ok)
[2022-12-17 15:32:59] INFO     BIST:Header (ok)
[2022-12-17 15:33:10] INFO     BIST:Header (ok)
[2022-12-17 15:33:22] INFO     BIST:Header (ok)
[2022-12-17 15:33:34] INFO     BIST:Header (ok)
[2022-12-17 15:33:45] INFO     BIST:Header (ok)
[2022-12-17 15:33:57] INFO     BIST:Header (ok)
[2022-12-17 15:34:09] INFO     BIST:Header (ok)
[2022-12-17 15:34:20] INFO     BIST:Header (ok)
[2022-12-17 15:34:32] INFO     BIST:Header (ok)
[2022-12-17 15:34:43] INFO     BIST:Header (ok)
[2022-12-17 15:34:55] INFO     BIST:Header (ok)
[2022-12-17 15:35:07] INFO     BIST:Header (ok)
[2022-12-17 15:35:18] INFO     BIST:Header (ok)
