[2022-12-19 07:57:31] 
[2022-12-19 07:57:31] [1m        __   _ __      _  __[0m
[2022-12-19 07:57:31] [1m       / /  (_) /____ | |/_/[0m
[2022-12-19 07:57:31] [1m      / /__/ / __/ -_)>  <[0m
[2022-12-19 07:57:31] [1m     /____/_/\__/\__/_/|_|[0m
[2022-12-19 07:57:31] [1m   Build your hardware, easily![0m
[2022-12-19 07:57:31]  (c) Copyright 2012-2022 Enjoy-Digital
[2022-12-19 07:57:31]  (c) Copyright 2007-2015 M-Labs
[2022-12-19 07:57:31]  BIOS built on Nov 28 2022 18:17:22
[2022-12-19 07:57:31]  BIOS CRC passed (b0e744c8)
[2022-12-19 07:57:31]  LiteX git sha1: f707551c
[2022-12-19 07:57:31] --=============== [1mSoC[0m ==================--
[2022-12-19 07:57:31] [1mCPU[0m:		VexRiscv @ 75MHz
[2022-12-19 07:57:31] [1mBUS[0m:		WISHBONE 32-bit @ 4GiB
[2022-12-19 07:57:31] [1mCSR[0m:		32-bit data
[2022-12-19 07:57:31] [1mROM[0m:		128KiB
[2022-12-19 07:57:31] [1mSRAM[0m:		8KiB
[2022-12-19 07:57:31] [1mL2[0m:		8KiB
[2022-12-19 07:57:31] [1mSDRAM[0m:		524288KiB 16-bit @ 600MT/s (CL-7 CWL-5)
[2022-12-19 07:57:31] --========== [1mInitialization[0m ============--
[2022-12-19 07:57:31] Initializing SDRAM @0x40000000...
[2022-12-19 07:57:31] Switching SDRAM to software control.
[2022-12-19 07:57:31] Read leveling:
[2022-12-19 07:57:31]   m0, b00: |00000000000000000000000000000000| delays: -
[2022-12-19 07:57:31]   m0, b01: |11111111100000000000000000000000| delays: 04+-04
[2022-12-19 07:57:31]   m0, b02: |00000000000111111111111111111100| delays: 20+-09
[2022-12-19 07:57:31]   m0, b03: |00000000000000000000000000000000| delays: -
[2022-12-19 07:57:31]   m0, b04: |00000000000000000000000000000000| delays: -
[2022-12-19 07:57:31]   m0, b05: |00000000000000000000000000000000| delays: -
[2022-12-19 07:57:31]   m0, b06: |00000000000000000000000000000000| delays: -
[2022-12-19 07:57:31]   m0, b07: |00000000000000000000000000000000| delays: -
[2022-12-19 07:57:31]   best: m0, b02 delays: 20+-09
[2022-12-19 07:57:31]   m1, b00: |00000000000000000000000000000000| delays: -
[2022-12-19 07:57:31]   m1, b01: |11111111100000000000000000000000| delays: 04+-04
[2022-12-19 07:57:31]   m1, b02: |00000000001111111111111111111100| delays: 19+-10
[2022-12-19 07:57:31]   m1, b03: |00000000000000000000000000000001| delays: 01+-02
[2022-12-19 07:57:31]   m1, b04: |00000000000000000000000000000000| delays: -
[2022-12-19 07:57:31]   m1, b05: |00000000000000000000000000000000| delays: -
[2022-12-19 07:57:31]   m1, b06: |00000000000000000000000000000000| delays: -
[2022-12-19 07:57:31]   m1, b07: |00000000000000000000000000000000| delays: -
[2022-12-19 07:57:31]   best: m1, b02 delays: 20+-10
[2022-12-19 07:57:31] Switching SDRAM to hardware control.
[2022-12-19 07:57:31] Memtest at 0x40000000 (2.0MiB)...
[2022-12-19 07:57:31]   Write: 0x40000000-0x40000000 0B   
[2022-12-19 07:57:31]   Write: 0x40000000-0x40200000 2.0MiB   
[2022-12-19 07:57:31]    Read: 0x40000000-0x40000000 0B   
[2022-12-19 07:57:31]    Read: 0x40000000-0x40200000 2.0MiB   
[2022-12-19 07:57:31] Memtest OK
[2022-12-19 07:57:31] Memspeed at 0x40000000 (Sequential, 2.0MiB)...
[2022-12-19 07:57:31]   Write speed: 26.2MiB/s
[2022-12-19 07:57:31]    Read speed: 35.1MiB/s
[2022-12-19 07:57:31] --============== [1mBoot[0m ==================--
[2022-12-19 07:57:31] Booting from serial...
[2022-12-19 07:57:31] Press Q or ESC to abort boot completely.
[2022-12-19 07:57:31] sL5DdSMmkekro
[2022-12-19 07:57:31] Timeout
[2022-12-19 07:57:31] No boot medium found
[2022-12-19 07:57:31] --============= [1mConsole[0m ================--
[2022-12-19 07:57:31] [92;1mlitex[0m> sdram_bist_pat 165
[2022-12-19 07:57:31] sdram_bist_pat 165
[2022-12-19 07:57:31] [92;1mlitex[0m> 
[2022-12-19 07:57:31] [92;1mlitex[0m> 
[2022-12-19 07:57:31] [92;1mlitex[0m> sdram_bist 8192 1 0 2
[2022-12-19 07:57:31] sdram_bist 8192 1 0 2
[2022-12-19 07:57:31] Starting SDRAM BIST with length=8192, addr_mode=1, data_mode=0 wmode=2
[2022-12-19 07:57:31] WR-BW(MiB/s) RD-BW(MiB/s)  TESTED(MiB)     ERRORS
[2022-12-19 07:57:33]          940          940          473          0
[2022-12-19 07:57:34]          941          940          947          0
[2022-12-19 07:57:36]          941          940         1421          0
[2022-12-19 07:57:37]          941          940         1895          0
[2022-12-19 07:57:39]          941          940         2369          0
[2022-12-19 07:57:40]          941          940         2843          0
[2022-12-19 07:57:41]          941          940         3316          0
[2022-12-19 07:57:43]          941          940         3790          0
[2022-12-19 07:57:43] WR-BW(MiB/s) RD-BW(MiB/s)  TESTED(MiB)     ERRORS
[2022-12-19 07:57:44]          941          940          168          0
[2022-12-19 07:57:46]          941          940          642          0
[2022-12-19 07:57:47]          941          940         1116          0
[2022-12-19 07:57:49]          941          940         1590          0
[2022-12-19 07:57:50]          941          940         2063          0
[2022-12-19 07:57:52]          941          940         2537          0
[2022-12-19 07:57:53]          941          940         3011          0
[2022-12-19 07:57:55]          941          940         3485          0
[2022-12-19 07:57:55] WR-BW(MiB/s) RD-BW(MiB/s)  TESTED(MiB)     ERRORS
[2022-12-19 07:57:56]          940          940         3959          0
[2022-12-19 07:57:57]          941          940          337          0
[2022-12-19 07:57:59]          941          940          810          0
[2022-12-19 07:58:00]          941          940         1284          0
[2022-12-19 07:58:02]          941          940         1758          0
[2022-12-19 07:58:03]          941          940         2232          0
[2022-12-19 07:58:05]          941          940         2706          0
[2022-12-19 07:58:06]          941          940         3180          0
[2022-12-19 07:58:06] WR-BW(MiB/s) RD-BW(MiB/s)  TESTED(MiB)     ERRORS
[2022-12-19 07:58:08]          940          940         3653          0
[2022-12-19 07:58:09]          941          940           31          0
[2022-12-19 07:58:10]          941          940          505          0
[2022-12-19 07:58:12]          941          940          979          0
[2022-12-19 07:58:13]          941          940         1453          0
[2022-12-19 07:58:15]          941          940         1927          0
[2022-12-19 07:58:16]          941          940         2400          0
[2022-12-19 07:58:18]          941          940         2874          0
[2022-12-19 07:58:18] WR-BW(MiB/s) RD-BW(MiB/s)  TESTED(MiB)     ERRORS
[2022-12-19 07:58:19]          940          940         3348          0
[2022-12-19 07:58:21]          941          940         3822          0
[2022-12-19 07:58:22]          941          940          200          0
[2022-12-19 07:58:24]          941          940          674          0
[2022-12-19 07:58:25]          941          940         1147          0
[2022-12-19 07:58:26]          941          940         1621          0
[2022-12-19 07:58:28]          941          940         2095          0
[2022-12-19 07:58:29]          941          940         2569          0
[2022-12-19 07:58:29] WR-BW(MiB/s) RD-BW(MiB/s)  TESTED(MiB)     ERRORS
[2022-12-19 07:58:31]          940          940         3043          0
[2022-12-19 07:58:32]          941          940         3517          0
[2022-12-19 07:58:34]          941          940         3990          0
[2022-12-19 07:58:35]          941          940          368          0
[2022-12-19 07:58:37]          941          940          842          0
[2022-12-19 07:58:38]          941          940         1316          0
[2022-12-19 07:58:39]          941          940         1790          0
[2022-12-19 07:58:41]          941          940         2264          0
[2022-12-19 07:58:41] WR-BW(MiB/s) RD-BW(MiB/s)  TESTED(MiB)     ERRORS
[2022-12-19 07:58:42]          940          940         2737          0
[2022-12-19 07:58:44]          941          940         3211          0
[2022-12-19 07:58:45]          941          940         3685          0
[2022-12-19 07:58:47]          941          940           63          0
[2022-12-19 07:58:48]          941          940          537          0
[2022-12-19 07:58:50]          941          940         1011          0
[2022-12-19 07:58:51]          941          940         1484          0
[2022-12-19 07:58:53]          941          940         1958          0
[2022-12-19 07:58:53] WR-BW(MiB/s) RD-BW(MiB/s)  TESTED(MiB)     ERRORS
[2022-12-19 07:58:54]          940          940         2432          0
[2022-12-19 07:58:55]          941          940         2906          0
[2022-12-19 07:58:57]          941          940         3380          0
[2022-12-19 07:58:58]          941          940         3854          0
[2022-12-19 07:59:00]          941          940          231          0
[2022-12-19 07:59:01]          941          940          705          0
[2022-12-19 07:59:03]          941          940         1179          0
[2022-12-19 07:59:04]          941          940         1653          0
[2022-12-19 07:59:04] WR-BW(MiB/s) RD-BW(MiB/s)  TESTED(MiB)     ERRORS
[2022-12-19 07:59:06]          940          940         2127          0
[2022-12-19 07:59:07]          941          940         2601          0
[2022-12-19 07:59:09]          941          940         3074          0
[2022-12-19 07:59:10]          941          940         3548          0
[2022-12-19 07:59:11]          941          940         4022          0
[2022-12-19 07:59:13]          941          940          400          0
[2022-12-19 07:59:14]          941          940          874          0
[2022-12-19 07:59:16]          941          940         1348          0
[2022-12-19 07:59:16] WR-BW(MiB/s) RD-BW(MiB/s)  TESTED(MiB)     ERRORS
[2022-12-19 07:59:17]          940          940         1821          0
[2022-12-19 07:59:19]          941          940         2295          0
[2022-12-19 07:59:20]          941          940         2769          0
[2022-12-19 07:59:22]          941          940         3243          0
[2022-12-19 07:59:23]          941          940         3717          0
[2022-12-19 07:59:24]          941          940           95          0
[2022-12-19 07:59:26]          941          940          568          0
[2022-12-19 07:59:27]          941          940         1042          0
[2022-12-19 07:59:27] WR-BW(MiB/s) RD-BW(MiB/s)  TESTED(MiB)     ERRORS
[2022-12-19 07:59:29]          941          940         1516          0
[2022-12-19 07:59:30]          941          940         1990          0
[2022-12-19 07:59:32]          941          940         2464          0
[2022-12-19 07:59:33]          941          940         2938          0
[2022-12-19 07:59:35]          941          940         3411          0
[2022-12-19 07:59:36]          941          940         3885          0
[2022-12-19 07:59:38]          941          940          263          0
[2022-12-19 07:59:39]          941          940          737          0
[2022-12-19 07:59:39] WR-BW(MiB/s) RD-BW(MiB/s)  TESTED(MiB)     ERRORS
[2022-12-19 07:59:40]          941          940         1211          0
[2022-12-19 07:59:42]          941          940         1685          0
[2022-12-19 07:59:43]          941          940         2158          0
[2022-12-19 07:59:45]          941          940         2632          0
[2022-12-19 07:59:46]          941          940         3106          0
[2022-12-19 07:59:48]          941          940         3580          0
[2022-12-19 07:59:49]          941          940         4054          0
[2022-12-19 07:59:51]          941          940          432          0
[2022-12-19 07:59:51] WR-BW(MiB/s) RD-BW(MiB/s)  TESTED(MiB)     ERRORS
[2022-12-19 07:59:52]          941          940          906          0
[2022-12-19 07:59:54]          941          940         1379          0
[2022-12-19 07:59:55]          941          940         1853          0
[2022-12-19 07:59:56]          941          940         2327          0
[2022-12-19 07:59:58]          941          940         2801          0
[2022-12-19 07:59:59]          941          940         3275          0
[2022-12-19 08:00:01]          941          940         3749          0
[2022-12-19 08:00:02]          941          940          126          0
[2022-12-19 08:00:02] WR-BW(MiB/s) RD-BW(MiB/s)  TESTED(MiB)     ERRORS
[2022-12-19 08:00:04]          941          940          600          0
[2022-12-19 08:00:05]          941          940         1074          0
[2022-12-19 08:00:07]          941          940         1548          0
[2022-12-19 08:00:08]          941          940         2022          0
[2022-12-19 08:00:09]          941          940         2496          0
[2022-12-19 08:00:11]          941          940         2969          0
[2022-12-19 08:00:12]          941          940         3443          0
[2022-12-19 08:00:14]          941          940         3917          0
[2022-12-19 08:00:14] WR-BW(MiB/s) RD-BW(MiB/s)  TESTED(MiB)     ERRORS
[2022-12-19 08:00:15]          940          940          295          0
[2022-12-19 08:00:17]          941          940          769          0
[2022-12-19 08:00:18]          941          940         1243          0
[2022-12-19 08:00:20]          941          940         1716          0
[2022-12-19 08:00:21]          941          940         2190          0
[2022-12-19 08:00:23]          941          940         2664          0
[2022-12-19 08:00:24]          941          940         3138          0
[2022-12-19 08:00:25]          941          940         3612          0
[2022-12-19 08:00:25] WR-BW(MiB/s) RD-BW(MiB/s)  TESTED(MiB)     ERRORS
[2022-12-19 08:00:27]          941          940         4086          0
[2022-12-19 08:00:28]          941          940          463          0
[2022-12-19 08:00:30]          941          940          937          0
[2022-12-19 08:00:31]          941          940         1411          0
[2022-12-19 08:00:33]          941          940         1885          0
[2022-12-19 08:00:34]          941          940         2359          0
[2022-12-19 08:00:36]          941          940         2833          0
[2022-12-19 08:00:37]          941          940         3306          0
[2022-12-19 08:00:37] WR-BW(MiB/s) RD-BW(MiB/s)  TESTED(MiB)     ERRORS
[2022-12-19 08:00:38]          940          940         3780          0
[2022-12-19 08:00:40]          941          940          158          0
[2022-12-19 08:00:41]          941          940          632          0
[2022-12-19 08:00:43]          941          940         1106          0
[2022-12-19 08:00:44]          941          940         1580          0
[2022-12-19 08:00:46]          941          940         2053          0
[2022-12-19 08:00:47]          941          940         2527          0
[2022-12-19 08:00:49]          941          940         3001          0
[2022-12-19 08:00:49] WR-BW(MiB/s) RD-BW(MiB/s)  TESTED(MiB)     ERRORS
[2022-12-19 08:00:50]          940          940         3475          0
[2022-12-19 08:00:52]          941          940         3949          0
[2022-12-19 08:00:53]          941          940          327          0
[2022-12-19 08:00:54]          941          940          800          0
[2022-12-19 08:00:56]          941          940         1274          0
[2022-12-19 08:00:57]          941          940         1748          0
[2022-12-19 08:00:59]          941          940         2222          0
[2022-12-19 08:01:00]          941          940         2696          0
[2022-12-19 08:01:00] WR-BW(MiB/s) RD-BW(MiB/s)  TESTED(MiB)     ERRORS
[2022-12-19 08:01:02]          941          940         3170          0
[2022-12-19 08:01:03]          941          940         3643          0
[2022-12-19 08:01:05]          941          940           21          0
[2022-12-19 08:01:06]          941          940          495          0
[2022-12-19 08:01:08]          941          940          969          0
[2022-12-19 08:01:09]          941          940         1443          0
[2022-12-19 08:01:10]          941          940         1917          0
[2022-12-19 08:01:12]          941          940         2390          0
[2022-12-19 08:01:12] WR-BW(MiB/s) RD-BW(MiB/s)  TESTED(MiB)     ERRORS
[2022-12-19 08:01:13]          941          940         2864          0
[2022-12-19 08:01:15]          941          940         3338          0
[2022-12-19 08:01:16]          941          940         3812          0
[2022-12-19 08:01:18]          941          940          190          0
[2022-12-19 08:01:19]          941          940          664          0
[2022-12-19 08:01:21]          941          940         1137          0
[2022-12-19 08:01:22]          941          940         1611          0
[2022-12-19 08:01:24]          941          940         2085          0
[2022-12-19 08:01:24] WR-BW(MiB/s) RD-BW(MiB/s)  TESTED(MiB)     ERRORS
[2022-12-19 08:01:25]          940          940         2559          0
[2022-12-19 08:01:26]          941          940         3033          0
[2022-12-19 08:01:28]          941          940         3507          0
[2022-12-19 08:01:29]          941          940         3980          0
[2022-12-19 08:01:31]          941          940          358          0
[2022-12-19 08:01:32]          941          940          832          0
[2022-12-19 08:01:34]          941          940         1306          0
[2022-12-19 08:01:35]          941          940         1780          0
[2022-12-19 08:01:35] WR-BW(MiB/s) RD-BW(MiB/s)  TESTED(MiB)     ERRORS
[2022-12-19 08:01:37]          941          940         2254          0
[2022-12-19 08:01:38]          941          940         2727          0
[2022-12-19 08:01:39]          941          940         3201          0
[2022-12-19 08:01:41]          941          940         3675          0
[2022-12-19 08:01:42]          941          940           53          0
[2022-12-19 08:01:44]          941          940          527          0
[2022-12-19 08:01:45]          941          940         1001          0
[2022-12-19 08:01:47]          941          940         1474          0
[2022-12-19 08:01:47] WR-BW(MiB/s) RD-BW(MiB/s)  TESTED(MiB)     ERRORS
[2022-12-19 08:01:48]          940          940         1948          0
[2022-12-19 08:01:50]          941          940         2422          0
[2022-12-19 08:01:51]          941          940         2896          0
[2022-12-19 08:01:53]          941          940         3370          0
[2022-12-19 08:01:54]          941          940         3844          0
[2022-12-19 08:01:55]          941          940          221          0
[2022-12-19 08:01:57]          941          940          695          0
[2022-12-19 08:01:58]          941          940         1169          0
[2022-12-19 08:01:58] WR-BW(MiB/s) RD-BW(MiB/s)  TESTED(MiB)     ERRORS
[2022-12-19 08:02:00]          940          940         1643          0
[2022-12-19 08:02:01]          941          940         2117          0
[2022-12-19 08:02:03]          941          940         2591          0
[2022-12-19 08:02:04]          941          940         3065          0
[2022-12-19 08:02:06]          941          940         3538          0
[2022-12-19 08:02:07]          941          940         4012          0
[2022-12-19 08:02:08]          941          940          390          0
[2022-12-19 08:02:10]          941          940          864          0
[2022-12-19 08:02:10] WR-BW(MiB/s) RD-BW(MiB/s)  TESTED(MiB)     ERRORS
[2022-12-19 08:02:11]          941          940         1338          0
[2022-12-19 08:02:13]          941          940         1812          0
[2022-12-19 08:02:14]          941          940         2285          0
[2022-12-19 08:02:16]          941          940         2759          0
[2022-12-19 08:02:17]          941          940         3233          0
[2022-12-19 08:02:19]          941          940         3707          0
[2022-12-19 08:02:20]          941          940           85          0
[2022-12-19 08:02:22]          941          940          559          0
[2022-12-19 08:02:22] WR-BW(MiB/s) RD-BW(MiB/s)  TESTED(MiB)     ERRORS
[2022-12-19 08:02:23]          941          940         1032          0
[2022-12-19 08:02:24]          941          940         1506          0
[2022-12-19 08:02:26]          941          940         1980          0
[2022-12-19 08:02:27]          941          940         2454          0
[2022-12-19 08:02:29]          941          940         2928          0
[2022-12-19 08:02:30]          941          940         3402          0
[2022-12-19 08:02:32]          941          940         3875          0
[2022-12-19 08:02:33]          941          940          253          0
[2022-12-19 08:02:33] WR-BW(MiB/s) RD-BW(MiB/s)  TESTED(MiB)     ERRORS
[2022-12-19 08:02:35]          941          940          727          0
[2022-12-19 08:02:36]          941          940         1201          0
[2022-12-19 08:02:38]          941          940         1675          0
[2022-12-19 08:02:39]          941          940         2149          0
[2022-12-19 08:02:40]          941          940         2622          0
[2022-12-19 08:02:42]          941          940         3096          0
[2022-12-19 08:02:43]          941          940         3570          0
[2022-12-19 08:02:45]          941          940         4044          0
[2022-12-19 08:02:45] WR-BW(MiB/s) RD-BW(MiB/s)  TESTED(MiB)     ERRORS
[2022-12-19 08:02:46]          940          940          422          0
[2022-12-19 08:02:48]          941          940          896          0
[2022-12-19 08:02:49]          941          940         1369          0
[2022-12-19 08:02:51]          941          940         1843          0
[2022-12-19 08:02:52]          941          940         2317          0
[2022-12-19 08:02:53]          941          940         2791          0
[2022-12-19 08:02:55]          941          940         3265          0
[2022-12-19 08:02:56]          941          940         3739          0
[2022-12-19 08:02:56] WR-BW(MiB/s) RD-BW(MiB/s)  TESTED(MiB)     ERRORS
[2022-12-19 08:02:58]          941          940          116          0
[2022-12-19 08:02:59]          941          940          590          0
[2022-12-19 08:03:01]          941          940         1064          0
[2022-12-19 08:03:02]          941          940         1538          0
[2022-12-19 08:03:04]          941          940         2012          0
[2022-12-19 08:03:05]          941          940         2486          0
[2022-12-19 08:03:07]          941          940         2959          0
[2022-12-19 08:03:08]          941          940         3433          0
[2022-12-19 08:03:08] WR-BW(MiB/s) RD-BW(MiB/s)  TESTED(MiB)     ERRORS
[2022-12-19 08:03:09]          941          940         3907          0
[2022-12-19 08:03:11]          941          940          285          0
[2022-12-19 08:03:12]          941          940          759          0
[2022-12-19 08:03:14]          941          940         1233          0
[2022-12-19 08:03:15]          941          940         1706          0
[2022-12-19 08:03:17]          941          940         2180          0
[2022-12-19 08:03:18]          941          940         2654          0
[2022-12-19 08:03:20]          941          940         3128          0
[2022-12-19 08:03:20] WR-BW(MiB/s) RD-BW(MiB/s)  TESTED(MiB)     ERRORS
[2022-12-19 08:03:21]          940          940         3602          0
[2022-12-19 08:03:23]          941          940         4076          0
[2022-12-19 08:03:24]          941          940          453          0
[2022-12-19 08:03:25]          941          940          927          0
[2022-12-19 08:03:27]          941          940         1401          0
[2022-12-19 08:03:28]          941          940         1875          0
[2022-12-19 08:03:30]          941          940         2349          0
[2022-12-19 08:03:31]          941          940         2823          0
[2022-12-19 08:03:31] WR-BW(MiB/s) RD-BW(MiB/s)  TESTED(MiB)     ERRORS
[2022-12-19 08:03:33]          940          940         3296          0
[2022-12-19 08:03:34]          941          940         3770          0
[2022-12-19 08:03:36]          941          940          148          0
[2022-12-19 08:03:37]          941          940          622          0
[2022-12-19 08:03:38]          941          940         1096          0
[2022-12-19 08:03:40]          941          940         1570          0
[2022-12-19 08:03:41]          941          940         2043          0
[2022-12-19 08:03:43]          941          940         2517          0
[2022-12-19 08:03:43] WR-BW(MiB/s) RD-BW(MiB/s)  TESTED(MiB)     ERRORS
[2022-12-19 08:03:44]          940          940         2991          0
[2022-12-19 08:03:46]          941          940         3465          0
[2022-12-19 08:03:47]          941          940         3939          0
[2022-12-19 08:03:49]          941          940          317          0
[2022-12-19 08:03:50]          941          940          790          0
[2022-12-19 08:03:52]          941          940         1264          0
[2022-12-19 08:03:53]          941          940         1738          0
[2022-12-19 08:03:54]          941          940         2212          0
[2022-12-19 08:03:54] WR-BW(MiB/s) RD-BW(MiB/s)  TESTED(MiB)     ERRORS
[2022-12-19 08:03:56]          941          940         2686          0
[2022-12-19 08:03:57]          941          940         3160          0
[2022-12-19 08:03:59]          941          940         3633          0
[2022-12-19 08:04:00]          941          940           11          0
[2022-12-19 08:04:02]          941          940          485          0
[2022-12-19 08:04:03]          941          940          959          0
[2022-12-19 08:04:05]          941          940         1433          0
[2022-12-19 08:04:06]          941          940         1907          0
[2022-12-19 08:04:06] WR-BW(MiB/s) RD-BW(MiB/s)  TESTED(MiB)     ERRORS
[2022-12-19 08:04:08]          940          940         2380          0
[2022-12-19 08:04:09]          941          940         2854          0
[2022-12-19 08:04:10]          941          940         3328          0
[2022-12-19 08:04:12]          941          940         3802          0
[2022-12-19 08:04:13]          941          940          180          0
[2022-12-19 08:04:15]          941          940          654          0
[2022-12-19 08:04:16]          941          940         1128          0
[2022-12-19 08:04:18]          941          940         1601          0
[2022-12-19 08:04:18] WR-BW(MiB/s) RD-BW(MiB/s)  TESTED(MiB)     ERRORS
[2022-12-19 08:04:19]          941          940         2075          0
[2022-12-19 08:04:21]          941          940         2549          0
[2022-12-19 08:04:22]          941          940         3023          0
[2022-12-19 08:04:23]          941          940         3497          0
[2022-12-19 08:04:25]          941          940         3971          0
[2022-12-19 08:04:26]          941          940          348          0
[2022-12-19 08:04:28]          941          940          822          0
[2022-12-19 08:04:29]          941          940         1296          0
[2022-12-19 08:04:29] WR-BW(MiB/s) RD-BW(MiB/s)  TESTED(MiB)     ERRORS
[2022-12-19 08:04:31]          941          940         1770          0
[2022-12-19 08:04:32]          941          940         2244          0
[2022-12-19 08:04:34]          941          940         2718          0
[2022-12-19 08:04:35]          941          940         3191          0
[2022-12-19 08:04:37]          941          940         3665          0
[2022-12-19 08:04:38]          941          940           43          0
[2022-12-19 08:04:39]          941          940          517          0
[2022-12-19 08:04:41]          941          940          991          0
[2022-12-19 08:04:41] WR-BW(MiB/s) RD-BW(MiB/s)  TESTED(MiB)     ERRORS
[2022-12-19 08:04:42]          941          940         1465          0
[2022-12-19 08:04:44]          941          940         1938          0
[2022-12-19 08:04:45]          941          940         2412          0
[2022-12-19 08:04:47]          941          940         2886          0
[2022-12-19 08:04:48]          941          940         3360          0
[2022-12-19 08:04:50]          941          940         3834          0
[2022-12-19 08:04:51]          941          940          212          0
[2022-12-19 08:04:53]          941          940          685          0
[2022-12-19 08:04:53] WR-BW(MiB/s) RD-BW(MiB/s)  TESTED(MiB)     ERRORS
[2022-12-19 08:04:54]          941          940         1159          0
[2022-12-19 08:04:55]          941          940         1633          0
[2022-12-19 08:04:57]          941          940         2107          0
[2022-12-19 08:04:58]          941          940         2581          0
[2022-12-19 08:05:00]          941          940         3055          0
[2022-12-19 08:05:01]          941          940         3528          0
[2022-12-19 08:05:03]          941          940         4002          0
[2022-12-19 08:05:04]          941          940          380          0
[2022-12-19 08:05:04] WR-BW(MiB/s) RD-BW(MiB/s)  TESTED(MiB)     ERRORS
[2022-12-19 08:05:06]          941          940          854          0
[2022-12-19 08:05:07]          941          940         1328          0
[2022-12-19 08:05:08]          941          940         1802          0
[2022-12-19 08:05:10]          941          940         2275          0
[2022-12-19 08:05:11]          941          940         2749          0
[2022-12-19 08:05:13]          941          940         3223          0
[2022-12-19 08:05:14]          941          940         3697          0
[2022-12-19 08:05:16]          941          940           75          0
[2022-12-19 08:05:16] WR-BW(MiB/s) RD-BW(MiB/s)  TESTED(MiB)     ERRORS
[2022-12-19 08:05:17]          941          940          549          0
[2022-12-19 08:05:19]          941          940         1022          0
[2022-12-19 08:05:20]          941          940         1496          0
[2022-12-19 08:05:22]          941          940         1970          0
[2022-12-19 08:05:23]          941          940         2444          0
[2022-12-19 08:05:24]          941          940         2918          0
[2022-12-19 08:05:26]          941          940         3392          0
[2022-12-19 08:05:27]          941          940         3865          0
[2022-12-19 08:05:27] WR-BW(MiB/s) RD-BW(MiB/s)  TESTED(MiB)     ERRORS
[2022-12-19 08:05:29]          941          940          243          0
[2022-12-19 08:05:30]          941          940          717          0
[2022-12-19 08:05:32]          941          940         1191          0
[2022-12-19 08:05:33]          941          940         1665          0
[2022-12-19 08:05:35]          941          940         2139          0
[2022-12-19 08:05:36]          941          940         2612          0
[2022-12-19 08:05:38]          941          940         3086          0
[2022-12-19 08:05:39]          941          940         3560          0
[2022-12-19 08:05:39] WR-BW(MiB/s) RD-BW(MiB/s)  TESTED(MiB)     ERRORS
[2022-12-19 08:05:40]          941          940         4034          0
[2022-12-19 08:05:42]          941          940          412          0
[2022-12-19 08:05:43]          941          940          886          0
[2022-12-19 08:05:45]          941          940         1359          0
[2022-12-19 08:05:46]          941          940         1833          0
[2022-12-19 08:05:48]          941          940         2307          0
[2022-12-19 08:05:49]          941          940         2781          0
[2022-12-19 08:05:51]          941          940         3255          0
[2022-12-19 08:05:51] WR-BW(MiB/s) RD-BW(MiB/s)  TESTED(MiB)     ERRORS
[2022-12-19 08:05:52]          940          940         3729          0
[2022-12-19 08:05:53]          941          940          106          0
[2022-12-19 08:05:55]          941          940          580          0
[2022-12-19 08:05:56]          941          940         1054          0
[2022-12-19 08:05:58]          941          940         1528          0
[2022-12-19 08:05:59]          941          940         2002          0
[2022-12-19 08:06:01]          941          940         2476          0
[2022-12-19 08:06:02]          941          940         2949          0
[2022-12-19 08:06:02] WR-BW(MiB/s) RD-BW(MiB/s)  TESTED(MiB)     ERRORS
[2022-12-19 08:06:04]          940          940         3423          0
[2022-12-19 08:06:05]          941          940         3897          0
[2022-12-19 08:06:07]          941          940          275          0
[2022-12-19 08:06:08]          941          940          749          0
[2022-12-19 08:06:09]          941          940         1223          0
[2022-12-19 08:06:11]          941          940         1696          0
[2022-12-19 08:06:12]          941          940         2170          0
[2022-12-19 08:06:14]          941          940         2644          0
[2022-12-19 08:06:14] WR-BW(MiB/s) RD-BW(MiB/s)  TESTED(MiB)     ERRORS
[2022-12-19 08:06:15]          941          940         3118          0
[2022-12-19 08:06:17]          941          940         3592          0
[2022-12-19 08:06:18]          941          940         4066          0
[2022-12-19 08:06:20]          941          940          443          0
[2022-12-19 08:06:21]          941          940          917          0
[2022-12-19 08:06:23]          941          940         1391          0
[2022-12-19 08:06:24]          941          940         1865          0
[2022-12-19 08:06:25]          941          940         2339          0
[2022-12-19 08:06:25] WR-BW(MiB/s) RD-BW(MiB/s)  TESTED(MiB)     ERRORS
[2022-12-19 08:06:27]          940          940         2813          0
[2022-12-19 08:06:28]          941          940         3287          0
[2022-12-19 08:06:30]          941          940         3760          0
[2022-12-19 08:06:31]          941          940          138          0
[2022-12-19 08:06:33]          941          940          612          0
[2022-12-19 08:06:34]          941          940         1086          0
[2022-12-19 08:06:36]          941          940         1560          0
[2022-12-19 08:06:37]          941          940         2034          0
[2022-12-19 08:06:37] WR-BW(MiB/s) RD-BW(MiB/s)  TESTED(MiB)     ERRORS
[2022-12-19 08:06:38]          940          940         2507          0
[2022-12-19 08:06:40]          941          940         2981          0
[2022-12-19 08:06:41]          941          940         3455          0
[2022-12-19 08:06:43]          941          940         3929          0
[2022-12-19 08:06:44]          941          940          307          0
[2022-12-19 08:06:46]          941          940          781          0
[2022-12-19 08:06:47]          941          940         1254          0
[2022-12-19 08:06:49]          941          940         1728          0
[2022-12-19 08:06:49] WR-BW(MiB/s) RD-BW(MiB/s)  TESTED(MiB)     ERRORS
[2022-12-19 08:06:50]          941          940         2202          0
[2022-12-19 08:06:52]          941          940         2676          0
[2022-12-19 08:06:53]          941          940         3150          0
[2022-12-19 08:06:54]          941          940         3624          0
[2022-12-19 08:06:56]          941          940            1          0
[2022-12-19 08:06:57]          941          940          475          0
[2022-12-19 08:06:59]          941          940          949          0
[2022-12-19 08:07:00]          941          940         1423          0
[2022-12-19 08:07:00] WR-BW(MiB/s) RD-BW(MiB/s)  TESTED(MiB)     ERRORS
[2022-12-19 08:07:02]          941          940         1897          0
[2022-12-19 08:07:03]          941          940         2371          0
[2022-12-19 08:07:05]          941          940         2844          0
[2022-12-19 08:07:06]          941          940         3318          0
[2022-12-19 08:07:07]          941          940         3792          0
[2022-12-19 08:07:09]          941          940          170          0
[2022-12-19 08:07:10]          941          940          644          0
[2022-12-19 08:07:12]          941          940         1118          0
[2022-12-19 08:07:12] WR-BW(MiB/s) RD-BW(MiB/s)  TESTED(MiB)     ERRORS
[2022-12-19 08:07:13]          941          940         1591          0
[2022-12-19 08:07:15]          941          940         2065          0
[2022-12-19 08:07:16]          941          940         2539          0
[2022-12-19 08:07:18]          941          940         3013          0
[2022-12-19 08:07:19]          941          940         3487          0
[2022-12-19 08:07:21]          941          940         3961          0
[2022-12-19 08:07:22]          941          940          338          0
[2022-12-19 08:07:23]          941          940          812          0
[2022-12-19 08:07:23] WR-BW(MiB/s) RD-BW(MiB/s)  TESTED(MiB)     ERRORS
[2022-12-19 08:07:25]          941          940         1286          0
[2022-12-19 08:07:26]          941          940         1760          0
[2022-12-19 08:07:28]          941          940         2234          0
[2022-12-19 08:07:29]          941          940         2708          0
[2022-12-19 08:07:31]          941          940         3181          0
[2022-12-19 08:07:32]          941          940         3655          0
[2022-12-19 08:07:34]          941          940           33          0
[2022-12-19 08:07:35]          941          940          507          0
[2022-12-19 08:07:35] WR-BW(MiB/s) RD-BW(MiB/s)  TESTED(MiB)     ERRORS
[2022-12-19 08:07:37]          941          940          981          0
[2022-12-19 08:07:38]          941          940         1455          0
[2022-12-19 08:07:39]          941          940         1928          0
[2022-12-19 08:07:41]          941          940         2402          0
[2022-12-19 08:07:42]          941          940         2876          0
[2022-12-19 08:07:44]          941          940         3350          0
[2022-12-19 08:07:45]          941          940         3824          0
[2022-12-19 08:07:47]          941          940          202          0
[2022-12-19 08:07:47] WR-BW(MiB/s) RD-BW(MiB/s)  TESTED(MiB)     ERRORS
[2022-12-19 08:07:48]          941          940          675          0
[2022-12-19 08:07:50]          941          940         1149          0
[2022-12-19 08:07:51]          941          940         1623          0
[2022-12-19 08:07:52]          941          940         2097          0
[2022-12-19 08:07:54]          941          940         2571          0
[2022-12-19 08:07:55]          941          940         3045          0
[2022-12-19 08:07:57]          941          940         3518          0
[2022-12-19 08:07:58]          941          940         3992          0
[2022-12-19 08:07:58] WR-BW(MiB/s) RD-BW(MiB/s)  TESTED(MiB)     ERRORS
[2022-12-19 08:08:00]          940          940          370          0
[2022-12-19 08:08:01]          941          940          844          0
[2022-12-19 08:08:03]          941          940         1318          0
[2022-12-19 08:08:04]          941          940         1792          0
[2022-12-19 08:08:06]          941          940         2265          0
[2022-12-19 08:08:07]          941          940         2739          0
[2022-12-19 08:08:08]          941          940         3213          0
[2022-12-19 08:08:10]          941          940         3687          0
[2022-12-19 08:08:10] WR-BW(MiB/s) RD-BW(MiB/s)  TESTED(MiB)     ERRORS
[2022-12-19 08:08:11]          940          940           65          0
[2022-12-19 08:08:13]          941          940          539          0
[2022-12-19 08:08:14]          941          940         1012          0
[2022-12-19 08:08:16]          941          940         1486          0
[2022-12-19 08:08:17]          941          940         1960          0
[2022-12-19 08:08:19]          941          940         2434          0
[2022-12-19 08:08:20]          941          940         2908          0
[2022-12-19 08:08:22]          941          940         3382          0
[2022-12-19 08:08:22] WR-BW(MiB/s) RD-BW(MiB/s)  TESTED(MiB)     ERRORS
[2022-12-19 08:08:23]          940          940         3855          0
[2022-12-19 08:08:24]          941          940          233          0
[2022-12-19 08:08:26]          941          940          707          0
[2022-12-19 08:08:27]          941          940         1181          0
[2022-12-19 08:08:29]          941          940         1655          0
[2022-12-19 08:08:30]          941          940         2129          0
[2022-12-19 08:08:32]          941          940         2602          0
[2022-12-19 08:08:33]          941          940         3076          0
[2022-12-19 08:08:33] WR-BW(MiB/s) RD-BW(MiB/s)  TESTED(MiB)     ERRORS
[2022-12-19 08:08:35]          941          940         3550          0
[2022-12-19 08:08:36]          941          940         4024          0
[2022-12-19 08:08:37]          941          940          402          0
[2022-12-19 08:08:39]          941          940          876          0
[2022-12-19 08:08:40]          941          940         1350          0
[2022-12-19 08:08:42]          941          940         1823          0
[2022-12-19 08:08:43]          941          940         2297          0
[2022-12-19 08:08:45]          941          940         2771          0
[2022-12-19 08:08:45] WR-BW(MiB/s) RD-BW(MiB/s)  TESTED(MiB)     ERRORS
[2022-12-19 08:08:46]          940          940         3245          0
[2022-12-19 08:08:48]          941          940         3719          0
[2022-12-19 08:08:49]          941          940           97          0
[2022-12-19 08:08:51]          941          940          570          0
[2022-12-19 08:08:52]          941          940         1044          0
[2022-12-19 08:08:53]          941          940         1518          0
[2022-12-19 08:08:55]          941          940         1992          0
[2022-12-19 08:08:56]          941          940         2466          0
[2022-12-19 08:08:56] WR-BW(MiB/s) RD-BW(MiB/s)  TESTED(MiB)     ERRORS
[2022-12-19 08:08:58]          941          940         2940          0
[2022-12-19 08:08:59]          941          940         3413          0
[2022-12-19 08:09:01]          941          940         3887          0
[2022-12-19 08:09:02]          941          940          265          0
[2022-12-19 08:09:04]          941          940          739          0
[2022-12-19 08:09:05]          941          940         1213          0
[2022-12-19 08:09:07]          941          940         1687          0
[2022-12-19 08:09:08]          941          940         2160          0
[2022-12-19 08:09:08] WR-BW(MiB/s) RD-BW(MiB/s)  TESTED(MiB)     ERRORS
[2022-12-19 08:09:09]          941          940         2634          0
[2022-12-19 08:09:11]          941          940         3108          0
[2022-12-19 08:09:12]          941          940         3582          0
[2022-12-19 08:09:14]          941          940         4056          0
[2022-12-19 08:09:15]          941          940          434          0
[2022-12-19 08:09:17]          941          940          907          0
[2022-12-19 08:09:18]          941          940         1381          0
[2022-12-19 08:09:20]          941          940         1855          0
[2022-12-19 08:09:20] WR-BW(MiB/s) RD-BW(MiB/s)  TESTED(MiB)     ERRORS
[2022-12-19 08:09:21]          941          940         2329          0
[2022-12-19 08:09:22]          941          940         2803          0
[2022-12-19 08:09:24]          941          940         3277          0
[2022-12-19 08:09:25]          941          940         3750          0
[2022-12-19 08:09:27]          941          940          128          0
[2022-12-19 08:09:28]          941          940          602          0
[2022-12-19 08:09:30]          941          940         1076          0
[2022-12-19 08:09:31]          941          940         1550          0
[2022-12-19 08:09:31] WR-BW(MiB/s) RD-BW(MiB/s)  TESTED(MiB)     ERRORS
[2022-12-19 08:09:33]          941          940         2024          0
[2022-12-19 08:09:34]          941          940         2497          0
[2022-12-19 08:09:36]          941          940         2971          0
[2022-12-19 08:09:37]          941          940         3445          0
[2022-12-19 08:09:38]          941          940         3919          0
[2022-12-19 08:09:40]          941          940          297          0
[2022-12-19 08:09:41]          941          940          771          0
[2022-12-19 08:09:43]          941          940         1244          0
[2022-12-19 08:09:43] WR-BW(MiB/s) RD-BW(MiB/s)  TESTED(MiB)     ERRORS
[2022-12-19 08:09:44]          940          940         1718          0
[2022-12-19 08:09:46]          941          940         2192          0
[2022-12-19 08:09:47]          941          940         2666          0
[2022-12-19 08:09:49]          941          940         3140          0
[2022-12-19 08:09:50]          941          940         3614          0
[2022-12-19 08:09:52]          941          940         4087          0
[2022-12-19 08:09:53]          941          940          465          0
[2022-12-19 08:09:54]          941          940          939          0
[2022-12-19 08:09:54] WR-BW(MiB/s) RD-BW(MiB/s)  TESTED(MiB)     ERRORS
[2022-12-19 08:09:56]          941          940         1413          0
[2022-12-19 08:09:57]          941          940         1887          0
[2022-12-19 08:09:59]          941          940         2361          0
[2022-12-19 08:10:00]          941          940         2834          0
[2022-12-19 08:10:02]          941          940         3308          0
[2022-12-19 08:10:03]          941          940         3782          0
[2022-12-19 08:10:05]          941          940          160          0
[2022-12-19 08:10:06]          941          940          634          0
[2022-12-19 08:10:06] WR-BW(MiB/s) RD-BW(MiB/s)  TESTED(MiB)     ERRORS
[2022-12-19 08:10:07]          941          940         1108          0
[2022-12-19 08:10:09]          941          940         1581          0
[2022-12-19 08:10:10]          941          940         2055          0
[2022-12-19 08:10:12]          941          940         2529          0
[2022-12-19 08:10:13]          941          940         3003          0
[2022-12-19 08:10:15]          941          940         3477          0
[2022-12-19 08:10:16]          941          940         3951          0
[2022-12-19 08:10:18]          941          940          328          0
[2022-12-19 08:10:18] WR-BW(MiB/s) RD-BW(MiB/s)  TESTED(MiB)     ERRORS
[2022-12-19 08:10:19]          941          940          802          0
[2022-12-19 08:10:21]          941          940         1276          0
[2022-12-19 08:10:22]          941          940         1750          0
[2022-12-19 08:10:23]          941          940         2224          0
[2022-12-19 08:10:25]          941          940         2698          0
[2022-12-19 08:10:26]          941          940         3171          0
[2022-12-19 08:10:28]          941          940         3645          0
[2022-12-19 08:10:29]          941          940           23          0
[2022-12-19 08:10:29] WR-BW(MiB/s) RD-BW(MiB/s)  TESTED(MiB)     ERRORS
[2022-12-19 08:10:31]          941          940          497          0
[2022-12-19 08:10:32]          941          940          971          0
[2022-12-19 08:10:34]          941          940         1445          0
[2022-12-19 08:10:35]          941          940         1918          0
[2022-12-19 08:10:36]          941          940         2392          0
[2022-12-19 08:10:38]          941          940         2866          0
[2022-12-19 08:10:39]          941          940         3340          0
[2022-12-19 08:10:41]          941          940         3814          0
[2022-12-19 08:10:41] WR-BW(MiB/s) RD-BW(MiB/s)  TESTED(MiB)     ERRORS
[2022-12-19 08:10:42]          940          940          192          0
[2022-12-19 08:10:44]          941          940          665          0
[2022-12-19 08:10:45]          941          940         1139          0
[2022-12-19 08:10:47]          941          940         1613          0
[2022-12-19 08:10:48]          941          940         2087          0
[2022-12-19 08:10:50]          941          940         2561          0
[2022-12-19 08:10:51]          941          940         3035          0
[2022-12-19 08:10:52]          941          940         3509          0
[2022-12-19 08:10:52] WR-BW(MiB/s) RD-BW(MiB/s)  TESTED(MiB)     ERRORS
[2022-12-19 08:10:54]          940          940         3982          0
[2022-12-19 08:10:55]          941          940          360          0
[2022-12-19 08:10:57]          941          940          834          0
[2022-12-19 08:10:58]          941          940         1308          0
[2022-12-19 08:11:00]          941          940         1782          0
[2022-12-19 08:11:01]          941          940         2256          0
[2022-12-19 08:11:03]          941          940         2729          0
[2022-12-19 08:11:04]          941          940         3203          0
[2022-12-19 08:11:04] WR-BW(MiB/s) RD-BW(MiB/s)  TESTED(MiB)     ERRORS
[2022-12-19 08:11:06]          940          940         3677          0
[2022-12-19 08:11:07]          941          940           55          0
[2022-12-19 08:11:08]          941          940          529          0
[2022-12-19 08:11:10]          941          940         1003          0
[2022-12-19 08:11:11]          941          940         1476          0
[2022-12-19 08:11:13]          941          940         1950          0
[2022-12-19 08:11:14]          941          940         2424          0
[2022-12-19 08:11:16]          941          940         2898          0
[2022-12-19 08:11:16] WR-BW(MiB/s) RD-BW(MiB/s)  TESTED(MiB)     ERRORS
[2022-12-19 08:11:17]          940          940         3372          0
[2022-12-19 08:11:19]          941          940         3846          0
[2022-12-19 08:11:20]          941          940          223          0
[2022-12-19 08:11:22]          941          940          697          0
[2022-12-19 08:11:23]          941          940         1171          0
[2022-12-19 08:11:24]          941          940         1645          0
[2022-12-19 08:11:26]          941          940         2119          0
[2022-12-19 08:11:27]          941          940         2593          0
[2022-12-19 08:11:27] WR-BW(MiB/s) RD-BW(MiB/s)  TESTED(MiB)     ERRORS
[2022-12-19 08:11:29]          941          940         3066          0
[2022-12-19 08:11:30]          941          940         3540          0
[2022-12-19 08:11:32]          941          940         4014          0
[2022-12-19 08:11:33]          941          940          392          0
[2022-12-19 08:11:35]          941          940          866          0
[2022-12-19 08:11:36]          941          940         1340          0
[2022-12-19 08:11:37]          941          940         1813          0
[2022-12-19 08:11:39]          941          940         2287          0
[2022-12-19 08:11:39] WR-BW(MiB/s) RD-BW(MiB/s)  TESTED(MiB)     ERRORS
[2022-12-19 08:11:40]          940          940         2761          0
[2022-12-19 08:11:42]          941          940         3235          0
[2022-12-19 08:11:43]          941          940         3709          0
[2022-12-19 08:11:45]          941          940           87          0
[2022-12-19 08:11:46]          941          940          560          0
[2022-12-19 08:11:48]          941          940         1034          0
[2022-12-19 08:11:49]          941          940         1508          0
[2022-12-19 08:11:51]          941          940         1982          0
[2022-12-19 08:11:51] WR-BW(MiB/s) RD-BW(MiB/s)  TESTED(MiB)     ERRORS
[2022-12-19 08:11:52]          940          940         2456          0
[2022-12-19 08:11:53]          941          940         2930          0
[2022-12-19 08:11:55]          941          940         3403          0
[2022-12-19 08:11:56]          941          940         3877          0
[2022-12-19 08:11:58]          941          940          255          0
[2022-12-19 08:11:59]          941          940          729          0
[2022-12-19 08:12:01]          941          940         1203          0
[2022-12-19 08:12:02]          941          940         1677          0
[2022-12-19 08:12:02] WR-BW(MiB/s) RD-BW(MiB/s)  TESTED(MiB)     ERRORS
[2022-12-19 08:12:04]          941          940         2150          0
[2022-12-19 08:12:05]          941          940         2624          0
[2022-12-19 08:12:06]          941          940         3098          0
[2022-12-19 08:12:08]          941          940         3572          0
[2022-12-19 08:12:09]          941          940         4046          0
[2022-12-19 08:12:11]          941          940          424          0
[2022-12-19 08:12:12]          941          940          897          0
[2022-12-19 08:12:14]          941          940         1371          0
[2022-12-19 08:12:14] WR-BW(MiB/s) RD-BW(MiB/s)  TESTED(MiB)     ERRORS
[2022-12-19 08:12:15]          940          940         1845          0
[2022-12-19 08:12:17]          941          940         2319          0
[2022-12-19 08:12:18]          941          940         2793          0
[2022-12-19 08:12:20]          941          940         3267          0
[2022-12-19 08:12:21]          941          940         3740          0
[2022-12-19 08:12:22]          941          940          118          0
[2022-12-19 08:12:24]          941          940          592          0
[2022-12-19 08:12:25]          941          940         1066          0
[2022-12-19 08:12:25] WR-BW(MiB/s) RD-BW(MiB/s)  TESTED(MiB)     ERRORS
[2022-12-19 08:12:27]          940          940         1540          0
[2022-12-19 08:12:28]          941          940         2014          0
[2022-12-19 08:12:30]          941          940         2487          0
[2022-12-19 08:12:31]          941          940         2961          0
[2022-12-19 08:12:33]          941          940         3435          0
[2022-12-19 08:12:34]          941          940         3909          0
[2022-12-19 08:12:36]          941          940          287          0
[2022-12-19 08:12:37]          941          940          761          0
[2022-12-19 08:12:37] WR-BW(MiB/s) RD-BW(MiB/s)  TESTED(MiB)     ERRORS
[2022-12-19 08:12:38]          941          940         1234          0
[2022-12-19 08:12:40]          941          940         1708          0
[2022-12-19 08:12:41]          941          940         2182          0
[2022-12-19 08:12:43]          941          940         2656          0
[2022-12-19 08:12:44]          941          940         3130          0
[2022-12-19 08:12:46]          941          940         3604          0
[2022-12-19 08:12:47]          941          940         4077          0
[2022-12-19 08:12:49]          941          940          455          0
[2022-12-19 08:12:49] WR-BW(MiB/s) RD-BW(MiB/s)  TESTED(MiB)     ERRORS
[2022-12-19 08:12:50]          940          940          929          0
[2022-12-19 08:12:51]          941          940         1403          0
[2022-12-19 08:12:53]          941          940         1877          0
[2022-12-19 08:12:54]          941          940         2351          0
[2022-12-19 08:12:56]          941          940         2825          0
[2022-12-19 08:12:57]          941          940         3298          0
[2022-12-19 08:12:59]          941          940         3772          0
[2022-12-19 08:13:00]          941          940          150          0
[2022-12-19 08:13:00] WR-BW(MiB/s) RD-BW(MiB/s)  TESTED(MiB)     ERRORS
[2022-12-19 08:13:02]          940          940          624          0
[2022-12-19 08:13:03]          941          940         1098          0
[2022-12-19 08:13:05]          941          940         1572          0
[2022-12-19 08:13:06]          941          940         2045          0
[2022-12-19 08:13:07]          941          940         2519          0
[2022-12-19 08:13:09]          941          940         2993          0
[2022-12-19 08:13:10]          941          940         3467          0
[2022-12-19 08:13:12]          941          940         3941          0
[2022-12-19 08:13:12] WR-BW(MiB/s) RD-BW(MiB/s)  TESTED(MiB)     ERRORS
[2022-12-19 08:13:13]          941          940          319          0
[2022-12-19 08:13:15]          941          940          792          0
[2022-12-19 08:13:16]          941          940         1266          0
[2022-12-19 08:13:18]          941          940         1740          0
[2022-12-19 08:13:19]          941          940         2214          0
[2022-12-19 08:13:21]          941          940         2688          0
[2022-12-19 08:13:22]          941          940         3162          0
[2022-12-19 08:13:23]          941          940         3635          0
[2022-12-19 08:13:23] WR-BW(MiB/s) RD-BW(MiB/s)  TESTED(MiB)     ERRORS
[2022-12-19 08:13:25]          940          940           13          0
[2022-12-19 08:13:26]          941          940          487          0
[2022-12-19 08:13:28]          941          940          961          0
[2022-12-19 08:13:29]          941          940         1435          0
[2022-12-19 08:13:31]          941          940         1909          0
[2022-12-19 08:13:32]          941          940         2382          0
[2022-12-19 08:13:34]          941          940         2856          0
[2022-12-19 08:13:35]          941          940         3330          0
[2022-12-19 08:13:35] WR-BW(MiB/s) RD-BW(MiB/s)  TESTED(MiB)     ERRORS
[2022-12-19 08:13:36]          941          940         3804          0
[2022-12-19 08:13:38]          941          940          182          0
[2022-12-19 08:13:39]          941          940          656          0
[2022-12-19 08:13:41]          941          940         1129          0
[2022-12-19 08:13:42]          941          940         1603          0
[2022-12-19 08:13:44]          941          940         2077          0
[2022-12-19 08:13:45]          941          940         2551          0
[2022-12-19 08:13:47]          941          940         3025          0
[2022-12-19 08:13:47] WR-BW(MiB/s) RD-BW(MiB/s)  TESTED(MiB)     ERRORS
[2022-12-19 08:13:48]          941          940         3499          0
[2022-12-19 08:13:50]          941          940         3972          0
[2022-12-19 08:13:51]          941          940          350          0
[2022-12-19 08:13:52]          941          940          824          0
[2022-12-19 08:13:54]          941          940         1298          0
[2022-12-19 08:13:55]          941          940         1772          0
[2022-12-19 08:13:57]          941          940         2246          0
[2022-12-19 08:13:58]          941          940         2719          0
[2022-12-19 08:13:58] WR-BW(MiB/s) RD-BW(MiB/s)  TESTED(MiB)     ERRORS
[2022-12-19 08:14:00]          940          940         3193          0
[2022-12-19 08:14:01]          941          940         3667          0
[2022-12-19 08:14:03]          941          940           45          0
[2022-12-19 08:14:04]          941          940          519          0
[2022-12-19 08:14:06]          941          940          993          0
[2022-12-19 08:14:07]          941          940         1466          0
[2022-12-19 08:14:08]          941          940         1940          0
[2022-12-19 08:14:10]          941          940         2414          0
[2022-12-19 08:14:10] WR-BW(MiB/s) RD-BW(MiB/s)  TESTED(MiB)     ERRORS
[2022-12-19 08:14:11]          941          940         2888          0
[2022-12-19 08:14:13]          941          940         3362          0
[2022-12-19 08:14:14]          941          940         3836          0
[2022-12-19 08:14:16]          941          940          213          0
[2022-12-19 08:14:17]          941          940          687          0
[2022-12-19 08:14:19]          941          940         1161          0
[2022-12-19 08:14:20]          941          940         1635          0
[2022-12-19 08:14:21]          941          940         2109          0
[2022-12-19 08:14:21] WR-BW(MiB/s) RD-BW(MiB/s)  TESTED(MiB)     ERRORS
[2022-12-19 08:14:23]          941          940         2583          0
[2022-12-19 08:14:24]          941          940         3056          0
[2022-12-19 08:14:26]          941          940         3530          0
[2022-12-19 08:14:27]          941          940         4004          0
[2022-12-19 08:14:29]          941          940          382          0
[2022-12-19 08:14:30]          941          940          856          0
[2022-12-19 08:14:32]          941          940         1330          0
[2022-12-19 08:14:33]          941          940         1803          0
[2022-12-19 08:14:33] WR-BW(MiB/s) RD-BW(MiB/s)  TESTED(MiB)     ERRORS
[2022-12-19 08:14:35]          940          940         2277          0
[2022-12-19 08:14:36]          941          940         2751          0
[2022-12-19 08:14:37]          941          940         3225          0
[2022-12-19 08:14:39]          941          940         3699          0
[2022-12-19 08:14:40]          941          940           77          0
[2022-12-19 08:14:42]          941          940          550          0
[2022-12-19 08:14:43]          941          940         1024          0
[2022-12-19 08:14:45]          941          940         1498          0
[2022-12-19 08:14:45] WR-BW(MiB/s) RD-BW(MiB/s)  TESTED(MiB)     ERRORS
[2022-12-19 08:14:46]          940          940         1972          0
[2022-12-19 08:14:48]          941          940         2446          0
[2022-12-19 08:14:49]          941          940         2920          0
[2022-12-19 08:14:51]          941          940         3393          0
[2022-12-19 08:14:52]          941          940         3867          0
[2022-12-19 08:14:53]          941          940          245          0
[2022-12-19 08:14:55]          941          940          719          0
[2022-12-19 08:14:56]          941          940         1193          0
[2022-12-19 08:14:56] WR-BW(MiB/s) RD-BW(MiB/s)  TESTED(MiB)     ERRORS
[2022-12-19 08:14:58]          941          940         1667          0
[2022-12-19 08:14:59]          941          940         2141          0
[2022-12-19 08:15:01]          941          940         2614          0
[2022-12-19 08:15:02]          941          940         3088          0
[2022-12-19 08:15:04]          941          940         3562          0
[2022-12-19 08:15:05]          941          940         4036          0
[2022-12-19 08:15:06]          941          940          414          0
[2022-12-19 08:15:08]          941          940          888          0
[2022-12-19 08:15:08] WR-BW(MiB/s) RD-BW(MiB/s)  TESTED(MiB)     ERRORS
[2022-12-19 08:15:09]          940          940         1361          0
[2022-12-19 08:15:11]          941          940         1835          0
[2022-12-19 08:15:12]          941          940         2309          0
[2022-12-19 08:15:14]          941          940         2783          0
[2022-12-19 08:15:15]          941          940         3257          0
[2022-12-19 08:15:17]          941          940         3731          0
[2022-12-19 08:15:18]          941          940          108          0
[2022-12-19 08:15:20]          941          940          582          0
[2022-12-19 08:15:20] WR-BW(MiB/s) RD-BW(MiB/s)  TESTED(MiB)     ERRORS
[2022-12-19 08:15:21]          941          940         1056          0
[2022-12-19 08:15:22]          941          940         1530          0
[2022-12-19 08:15:24]          941          940         2004          0
[2022-12-19 08:15:25]          941          940         2478          0
[2022-12-19 08:15:27]          941          940         2951          0
[2022-12-19 08:15:28]          941          940         3425          0
[2022-12-19 08:15:30]          941          940         3899          0
[2022-12-19 08:15:31]          941          940          277          0
[2022-12-19 08:15:31] WR-BW(MiB/s) RD-BW(MiB/s)  TESTED(MiB)     ERRORS
[2022-12-19 08:15:33]          941          940          751          0
[2022-12-19 08:15:34]          941          940         1225          0
[2022-12-19 08:15:36]          941          940         1698          0
[2022-12-19 08:15:37]          941          940         2172          0
[2022-12-19 08:15:38]          941          940         2646          0
[2022-12-19 08:15:40]          941          940         3120          0
[2022-12-19 08:15:41]          941          940         3594          0
[2022-12-19 08:15:43]          941          940         4068          0
[2022-12-19 08:15:43] WR-BW(MiB/s) RD-BW(MiB/s)  TESTED(MiB)     ERRORS
[2022-12-19 08:15:44]          941          940          445          0
[2022-12-19 08:15:46]          941          940          919          0
[2022-12-19 08:15:47]          941          940         1393          0
[2022-12-19 08:15:49]          941          940         1867          0
[2022-12-19 08:15:50]          941          940         2341          0
[2022-12-19 08:15:51]          941          940         2815          0
[2022-12-19 08:15:53]          941          940         3288          0
[2022-12-19 08:15:54]          941          940         3762          0
[2022-12-19 08:15:54] WR-BW(MiB/s) RD-BW(MiB/s)  TESTED(MiB)     ERRORS
[2022-12-19 08:15:56]          941          940          140          0
[2022-12-19 08:15:57]          941          940          614          0
[2022-12-19 08:15:59]          941          940         1088          0
[2022-12-19 08:16:00]          941          940         1562          0
[2022-12-19 08:16:02]          941          940         2035          0
[2022-12-19 08:16:03]          941          940         2509          0
[2022-12-19 08:16:05]          941          940         2983          0
[2022-12-19 08:16:06]          941          940         3457          0
[2022-12-19 08:16:06] WR-BW(MiB/s) RD-BW(MiB/s)  TESTED(MiB)     ERRORS
[2022-12-19 08:16:07]          940          940         3931          0
[2022-12-19 08:16:09]          941          940          309          0
[2022-12-19 08:16:10]          941          940          782          0
[2022-12-19 08:16:12]          941          940         1256          0
[2022-12-19 08:16:13]          941          940         1730          0
[2022-12-19 08:16:15]          941          940         2204          0
[2022-12-19 08:16:16]          941          940         2678          0
[2022-12-19 08:16:18]          941          940         3152          0
[2022-12-19 08:16:18] WR-BW(MiB/s) RD-BW(MiB/s)  TESTED(MiB)     ERRORS
[2022-12-19 08:16:19]          941          940         3625          0
[2022-12-19 08:16:21]          941          940            3          0
[2022-12-19 08:16:22]          941          940          477          0
[2022-12-19 08:16:23]          941          940          951          0
[2022-12-19 08:16:25]          941          940         1425          0
[2022-12-19 08:16:26]          941          940         1899          0
[2022-12-19 08:16:28]          941          940         2372          0
[2022-12-19 08:16:29]          941          940         2846          0
[2022-12-19 08:16:29] WR-BW(MiB/s) RD-BW(MiB/s)  TESTED(MiB)     ERRORS
[2022-12-19 08:16:31]          941          940         3320          0
[2022-12-19 08:16:32]          941          940         3794          0
[2022-12-19 08:16:34]          941          940          172          0
[2022-12-19 08:16:35]          941          940          646          0
[2022-12-19 08:16:36]          941          940         1119          0
[2022-12-19 08:16:38]          941          940         1593          0
[2022-12-19 08:16:39]          941          940         2067          0
[2022-12-19 08:16:41]          941          940         2541          0
[2022-12-19 08:16:41] WR-BW(MiB/s) RD-BW(MiB/s)  TESTED(MiB)     ERRORS
[2022-12-19 08:16:42]          940          940         3015          0
[2022-12-19 08:16:44]          941          940         3489          0
[2022-12-19 08:16:45]          941          940         3962          0
[2022-12-19 08:16:47]          941          940          340          0
[2022-12-19 08:16:48]          941          940          814          0
[2022-12-19 08:16:50]          941          940         1288          0
[2022-12-19 08:16:51]          941          940         1762          0
[2022-12-19 08:16:52]          941          940         2236          0
[2022-12-19 08:16:52] WR-BW(MiB/s) RD-BW(MiB/s)  TESTED(MiB)     ERRORS
[2022-12-19 08:16:54]          941          940         2709          0
[2022-12-19 08:16:55]          941          940         3183          0
[2022-12-19 08:16:57]          941          940         3657          0
[2022-12-19 08:16:58]          941          940           35          0
[2022-12-19 08:17:00]          941          940          509          0
[2022-12-19 08:17:01]          941          940          983          0
[2022-12-19 08:17:03]          941          940         1457          0
[2022-12-19 08:17:04]          941          940         1930          0
[2022-12-19 08:17:04] WR-BW(MiB/s) RD-BW(MiB/s)  TESTED(MiB)     ERRORS
[2022-12-19 08:17:05]          941          940         2404          0
[2022-12-19 08:17:07]          941          940         2878          0
[2022-12-19 08:17:08]          941          940         3352          0
[2022-12-19 08:17:10]          941          940         3826          0
[2022-12-19 08:17:11]          941          940          204          0
[2022-12-19 08:17:13]          941          940          677          0
[2022-12-19 08:17:14]          941          940         1151          0
[2022-12-19 08:17:16]          941          940         1625          0
[2022-12-19 08:17:16] WR-BW(MiB/s) RD-BW(MiB/s)  TESTED(MiB)     ERRORS
[2022-12-19 08:17:17]          941          940         2099          0
[2022-12-19 08:17:19]          941          940         2573          0
[2022-12-19 08:17:20]          941          940         3047          0
[2022-12-19 08:17:21]          941          940         3520          0
[2022-12-19 08:17:23]          941          940         3994          0
[2022-12-19 08:17:24]          941          940          372          0
[2022-12-19 08:17:26]          941          940          846          0
[2022-12-19 08:17:27]          941          940         1320          0
[2022-12-19 08:17:27] WR-BW(MiB/s) RD-BW(MiB/s)  TESTED(MiB)     ERRORS
[2022-12-19 08:17:29]          941          940         1794          0
[2022-12-19 08:17:30]          941          940         2267          0
[2022-12-19 08:17:32]          941          940         2741          0
[2022-12-19 08:17:33]          941          940         3215          0
[2022-12-19 08:17:35]          941          940         3689          0
[2022-12-19 08:17:36]          941          940           67          0
[2022-12-19 08:17:37]          941          940          541          0
[2022-12-19 08:17:39]          941          940         1014          0
[2022-12-19 08:17:39] WR-BW(MiB/s) RD-BW(MiB/s)  TESTED(MiB)     ERRORS
[2022-12-19 08:17:40]          940          940         1488          0
[2022-12-19 08:17:42]          941          940         1962          0
[2022-12-19 08:17:43]          941          940         2436          0
[2022-12-19 08:17:45]          941          940         2910          0
[2022-12-19 08:17:46]          941          940         3384          0
[2022-12-19 08:17:48]          941          940         3857          0
[2022-12-19 08:17:49]          941          940          235          0
[2022-12-19 08:17:50]          941          940          709          0
[2022-12-19 08:17:50] WR-BW(MiB/s) RD-BW(MiB/s)  TESTED(MiB)     ERRORS
[2022-12-19 08:17:52]          941          940         1183          0
[2022-12-19 08:17:53]          941          940         1657          0
[2022-12-19 08:17:55]          941          940         2131          0
[2022-12-19 08:17:56]          941          940         2604          0
[2022-12-19 08:17:58]          941          940         3078          0
[2022-12-19 08:17:59]          941          940         3552          0
[2022-12-19 08:18:01]          941          940         4026          0
[2022-12-19 08:18:02]          941          940          404          0
[2022-12-19 08:18:02] WR-BW(MiB/s) RD-BW(MiB/s)  TESTED(MiB)     ERRORS
[2022-12-19 08:18:04]          941          940          878          0
[2022-12-19 08:18:05]          941          940         1351          0
[2022-12-19 08:18:06]          941          940         1825          0
[2022-12-19 08:18:08]          941          940         2299          0
[2022-12-19 08:18:09]          941          940         2773          0
[2022-12-19 08:18:11]          941          940         3247          0
[2022-12-19 08:18:12]          941          940         3721          0
[2022-12-19 08:18:14]          941          940           98          0
[2022-12-19 08:18:14] WR-BW(MiB/s) RD-BW(MiB/s)  TESTED(MiB)     ERRORS
[2022-12-19 08:18:15]          941          940          572          0
[2022-12-19 08:18:17]          941          940         1046          0
[2022-12-19 08:18:18]          941          940         1520          0
[2022-12-19 08:18:20]          941          940         1994          0
[2022-12-19 08:18:21]          941          940         2468          0
[2022-12-19 08:18:22]          941          940         2941          0
[2022-12-19 08:18:24]          941          940         3415          0
[2022-12-19 08:18:25]          941          940         3889          0
[2022-12-19 08:18:25] WR-BW(MiB/s) RD-BW(MiB/s)  TESTED(MiB)     ERRORS
[2022-12-19 08:18:27]          941          940          267          0
[2022-12-19 08:18:28]          941          940          741          0
[2022-12-19 08:18:30]          941          940         1215          0
[2022-12-19 08:18:31]          941          940         1688          0
[2022-12-19 08:18:33]          941          940         2162          0
[2022-12-19 08:18:34]          941          940         2636          0
[2022-12-19 08:18:35]          941          940         3110          0
[2022-12-19 08:18:37]          941          940         3584          0
[2022-12-19 08:18:37] WR-BW(MiB/s) RD-BW(MiB/s)  TESTED(MiB)     ERRORS
[2022-12-19 08:18:38]          940          940         4058          0
[2022-12-19 08:18:40]          941          940          435          0
[2022-12-19 08:18:41]          941          940          909          0
[2022-12-19 08:18:43]          941          940         1383          0
[2022-12-19 08:18:44]          941          940         1857          0
[2022-12-19 08:18:46]          941          940         2331          0
[2022-12-19 08:18:47]          941          940         2805          0
[2022-12-19 08:18:49]          941          940         3278          0
[2022-12-19 08:18:49] WR-BW(MiB/s) RD-BW(MiB/s)  TESTED(MiB)     ERRORS
[2022-12-19 08:18:50]          941          940         3752          0
[2022-12-19 08:18:51]          941          940          130          0
[2022-12-19 08:18:53]          941          940          604          0
[2022-12-19 08:18:54]          941          940         1078          0
[2022-12-19 08:18:56]          941          940         1552          0
[2022-12-19 08:18:57]          941          940         2025          0
[2022-12-19 08:18:59]          941          940         2499          0
[2022-12-19 08:19:00]          941          940         2973          0
[2022-12-19 08:19:00] WR-BW(MiB/s) RD-BW(MiB/s)  TESTED(MiB)     ERRORS
[2022-12-19 08:19:02]          940          940         3447          0
[2022-12-19 08:19:03]          941          940         3921          0
[2022-12-19 08:19:05]          941          940          299          0
[2022-12-19 08:19:06]          941          940          772          0
[2022-12-19 08:19:07]          941          940         1246          0
[2022-12-19 08:19:09]          941          940         1720          0
[2022-12-19 08:19:10]          941          940         2194          0
[2022-12-19 08:19:12]          941          940         2668          0
[2022-12-19 08:19:12] WR-BW(MiB/s) RD-BW(MiB/s)  TESTED(MiB)     ERRORS
[2022-12-19 08:19:13]          940          940         3142          0
[2022-12-19 08:19:15]          941          940         3615          0
[2022-12-19 08:19:16]          941          940         4089          0
[2022-12-19 08:19:18]          941          940          467          0
[2022-12-19 08:19:19]          941          940          941          0
[2022-12-19 08:19:20]          941          940         1415          0
[2022-12-19 08:19:22]          941          940         1889          0
[2022-12-19 08:19:23]          941          940         2363          0
[2022-12-19 08:19:23] WR-BW(MiB/s) RD-BW(MiB/s)  TESTED(MiB)     ERRORS
[2022-12-19 08:19:25]          940          940         2836          0
[2022-12-19 08:19:26]          941          940         3310          0
[2022-12-19 08:19:28]          941          940         3784          0
[2022-12-19 08:19:29]          941          940          162          0
[2022-12-19 08:19:31]          941          940          636          0
[2022-12-19 08:19:32]          941          940         1110          0
[2022-12-19 08:19:34]          941          940         1583          0
[2022-12-19 08:19:35]          941          940         2057          0
[2022-12-19 08:19:35] WR-BW(MiB/s) RD-BW(MiB/s)  TESTED(MiB)     ERRORS
[2022-12-19 08:19:36]          940          940         2531          0
[2022-12-19 08:19:38]          941          940         3005          0
[2022-12-19 08:19:39]          941          940         3479          0
[2022-12-19 08:19:41]          941          940         3953          0
[2022-12-19 08:19:42]          941          940          330          0
[2022-12-19 08:19:44]          941          940          804          0
[2022-12-19 08:19:45]          941          940         1278          0
[2022-12-19 08:19:47]          941          940         1752          0
[2022-12-19 08:19:47] WR-BW(MiB/s) RD-BW(MiB/s)  TESTED(MiB)     ERRORS
[2022-12-19 08:19:48]          941          940         2226          0
[2022-12-19 08:19:50]          941          940         2700          0
[2022-12-19 08:19:51]          941          940         3173          0
[2022-12-19 08:19:52]          941          940         3647          0
[2022-12-19 08:19:54]          941          940           25          0
[2022-12-19 08:19:55]          941          940          499          0
[2022-12-19 08:19:57]          941          940          973          0
[2022-12-19 08:19:58]          941          940         1447          0
[2022-12-19 08:19:58] WR-BW(MiB/s) RD-BW(MiB/s)  TESTED(MiB)     ERRORS
[2022-12-19 08:20:00]          940          940         1920          0
[2022-12-19 08:20:01]          941          940         2394          0
[2022-12-19 08:20:03]          941          940         2868          0
[2022-12-19 08:20:04]          941          940         3342          0
[2022-12-19 08:20:05]          941          940         3816          0
[2022-12-19 08:20:07]          941          940          194          0
[2022-12-19 08:20:08]          941          940          667          0
[2022-12-19 08:20:10]          941          940         1141          0
[2022-12-19 08:20:10] WR-BW(MiB/s) RD-BW(MiB/s)  TESTED(MiB)     ERRORS
[2022-12-19 08:20:11]          940          940         1615          0
[2022-12-19 08:20:13]          941          940         2089          0
[2022-12-19 08:20:14]          941          940         2563          0
[2022-12-19 08:20:16]          941          940         3037          0
[2022-12-19 08:20:17]          941          940         3510          0
[2022-12-19 08:20:19]          941          940         3984          0
[2022-12-19 08:20:20]          941          940          362          0
[2022-12-19 08:20:21]          941          940          836          0
[2022-12-19 08:20:21] WR-BW(MiB/s) RD-BW(MiB/s)  TESTED(MiB)     ERRORS
[2022-12-19 08:20:23]          941          940         1310          0
[2022-12-19 08:20:24]          941          940         1784          0
[2022-12-19 08:20:26]          941          940         2257          0
[2022-12-19 08:20:27]          941          940         2731          0
[2022-12-19 08:20:29]          941          940         3205          0
[2022-12-19 08:20:30]          941          940         3679          0
[2022-12-19 08:20:32]          941          940           57          0
[2022-12-19 08:20:33]          941          940          531          0
[2022-12-19 08:20:33] WR-BW(MiB/s) RD-BW(MiB/s)  TESTED(MiB)     ERRORS
[2022-12-19 08:20:35]          941          940         1004          0
[2022-12-19 08:20:36]          941          940         1478          0
[2022-12-19 08:20:37]          941          940         1952          0
[2022-12-19 08:20:39]          941          940         2426          0
[2022-12-19 08:20:40]          941          940         2900          0
[2022-12-19 08:20:42]          941          940         3374          0
[2022-12-19 08:20:43]          941          940         3847          0
[2022-12-19 08:20:45]          941          940          225          0
[2022-12-19 08:20:45] WR-BW(MiB/s) RD-BW(MiB/s)  TESTED(MiB)     ERRORS
[2022-12-19 08:20:46]          940          940          699          0
[2022-12-19 08:20:48]          941          940         1173          0
[2022-12-19 08:20:49]          941          940         1647          0
[2022-12-19 08:20:50]          941          940         2121          0
[2022-12-19 08:20:52]          941          940         2594          0
[2022-12-19 08:20:53]          941          940         3068          0
[2022-12-19 08:20:55]          941          940         3542          0
[2022-12-19 08:20:56]          941          940         4016          0
[2022-12-19 08:20:56] WR-BW(MiB/s) RD-BW(MiB/s)  TESTED(MiB)     ERRORS
[2022-12-19 08:20:58]          941          940          394          0
[2022-12-19 08:20:59]          941          940          868          0
[2022-12-19 08:21:01]          941          940         1341          0
[2022-12-19 08:21:02]          941          940         1815          0
[2022-12-19 08:21:04]          941          940         2289          0
[2022-12-19 08:21:05]          941          940         2763          0
[2022-12-19 08:21:06]          941          940         3237          0
[2022-12-19 08:21:08]          941          940         3711          0
[2022-12-19 08:21:08] WR-BW(MiB/s) RD-BW(MiB/s)  TESTED(MiB)     ERRORS
[2022-12-19 08:21:09]          940          940           88          0
[2022-12-19 08:21:11]          941          940          562          0
[2022-12-19 08:21:12]          941          940         1036          0
[2022-12-19 08:21:14]          941          940         1510          0
[2022-12-19 08:21:15]          941          940         1984          0
[2022-12-19 08:21:17]          941          940         2458          0
[2022-12-19 08:21:18]          941          940         2931          0
[2022-12-19 08:21:20]          941          940         3405          0
[2022-12-19 08:21:20] WR-BW(MiB/s) RD-BW(MiB/s)  TESTED(MiB)     ERRORS
[2022-12-19 08:21:21]          941          940         3879          0
[2022-12-19 08:21:22]          941          940          257          0
[2022-12-19 08:21:24]          941          940          731          0
[2022-12-19 08:21:25]          941          940         1205          0
[2022-12-19 08:21:27]          941          940         1678          0
[2022-12-19 08:21:28]          941          940         2152          0
[2022-12-19 08:21:30]          941          940         2626          0
[2022-12-19 08:21:31]          941          940         3100          0
[2022-12-19 08:21:31] WR-BW(MiB/s) RD-BW(MiB/s)  TESTED(MiB)     ERRORS
[2022-12-19 08:21:33]          941          940         3574          0
[2022-12-19 08:21:34]          941          940         4048          0
[2022-12-19 08:21:35]          941          940          425          0
[2022-12-19 08:21:37]          941          940          899          0
[2022-12-19 08:21:38]          941          940         1373          0
[2022-12-19 08:21:40]          941          940         1847          0
[2022-12-19 08:21:41]          941          940         2321          0
[2022-12-19 08:21:43]          941          940         2795          0
[2022-12-19 08:21:43] WR-BW(MiB/s) RD-BW(MiB/s)  TESTED(MiB)     ERRORS
[2022-12-19 08:21:44]          940          940         3268          0
[2022-12-19 08:21:46]          941          940         3742          0
[2022-12-19 08:21:47]          941          940          120          0
[2022-12-19 08:21:49]          941          940          594          0
[2022-12-19 08:21:50]          941          940         1068          0
[2022-12-19 08:21:51]          941          940         1542          0
[2022-12-19 08:21:53]          941          940         2016          0
[2022-12-19 08:21:54]          941          940         2489          0
[2022-12-19 08:21:54] WR-BW(MiB/s) RD-BW(MiB/s)  TESTED(MiB)     ERRORS
[2022-12-19 08:21:56]          940          940         2963          0
[2022-12-19 08:21:57]          941          940         3437          0
[2022-12-19 08:21:59]          941          940         3911          0
[2022-12-19 08:22:00]          941          940          289          0
[2022-12-19 08:22:02]          941          940          763          0
[2022-12-19 08:22:03]          941          940         1236          0
[2022-12-19 08:22:05]          941          940         1710          0
[2022-12-19 08:22:06]          941          940         2184          0
[2022-12-19 08:22:06] WR-BW(MiB/s) RD-BW(MiB/s)  TESTED(MiB)     ERRORS
[2022-12-19 08:22:07]          940          940         2658          0
[2022-12-19 08:22:09]          941          940         3132          0
