[2022-12-16 15:52:26] Creating JCM Hardware on port 0 with 0 shifts
[2022-12-16 15:52:26] Using Default Chain String: [ 6 ]
[2022-12-16 15:52:26] Changing JCM Clock. Old Rate=29411765 Request Rate=1000000 Actual rate=1000000
[2022-12-16 15:52:26] Register 0x32=
[2022-12-16 15:52:26]  0:0x812c023b
[2022-12-16 15:52:26]  1:0x2a0f6504
[2022-12-16 15:52:26] Changing JCM Clock. Old Rate=1000000 Request Rate=30000000 Actual rate=29411765
[2022-12-16 15:52:26] Creating JCM Hardware on port 0 with 0 shifts
[2022-12-16 15:52:26] Using Default Chain String: [ 6 ]
[2022-12-16 15:52:26] **** Warning ****
[2022-12-16 15:52:26]   Filename /root/ddr_11_28.bit does not have a '.bin' extension. Only '.bin' files can be used for this configuration command
[2022-12-16 15:52:26] Configuring with file: /root/ddr_11_28.bit
[2022-12-16 15:52:32] Configured Successfully
[2022-12-16 15:52:32] JCM Scrubbing. Build Date Thu Jul 28 15:32:32 MDT 2022
[2022-12-16 15:52:32] Execution time: Thu Jul 28 23:08:30 2022
[2022-12-16 15:52:32] 
[2022-12-16 15:52:32] Changing JCM Clock. Old Rate=29411765 Request Rate=30000000 Actual rate=29411765
[2022-12-16 15:52:32] Creating JCM Hardware on port 0 with 0 shifts
[2022-12-16 15:52:32] Using Default Chain String: [ 6 ]
[2022-12-16 15:52:37] FPGA: xc7a200t (7_Series family) IDCode=0x13636093
[2022-12-16 15:52:37] Read IDCODE Matched=0x13636093
[2022-12-16 15:52:37] No readback file specified
[2022-12-16 15:52:37] Number of OffSet words 101
[2022-12-16 15:52:37] No readback file specified. Reading 18310 frames
[2022-12-16 15:52:37] Number of OffSet words 101
[2022-12-16 15:52:37] Number of OffSet words 101
[2022-12-16 15:52:37] Part xc7a200t has 24802 frames. Family 7_Series has 101 words per frame
[2022-12-16 15:52:37] Cycle 0: 2022-07-28 23:08:34
[2022-12-16 15:52:41] Cycle 1: 2022-07-28 23:08:39
[2022-12-16 15:52:45] Cycle 2: 2022-07-28 23:08:43
[2022-12-16 15:52:49] Cycle 3: 2022-07-28 23:08:47
[2022-12-16 15:52:53] Cycle 4: 2022-07-28 23:08:51
[2022-12-16 15:52:58] Cycle 5: 2022-07-28 23:08:55
[2022-12-16 15:53:02] Cycle 6: 2022-07-28 23:08:59
[2022-12-16 15:53:06] Cycle 7: 2022-07-28 23:09:04
[2022-12-16 15:53:10] Cycle 8: 2022-07-28 23:09:08
[2022-12-16 15:53:14] Cycle 9: 2022-07-28 23:09:12
[2022-12-16 15:53:18] Cycle 10: 2022-07-28 23:09:16
[2022-12-16 15:53:23] Cycle 11: 2022-07-28 23:09:20
[2022-12-16 15:53:27] Cycle 12: 2022-07-28 23:09:24
[2022-12-16 15:53:31] Cycle 13: 2022-07-28 23:09:29
[2022-12-16 15:53:35] Cycle 14: 2022-07-28 23:09:33
[2022-12-16 15:53:39] Cycle 15: 2022-07-28 23:09:37
[2022-12-16 15:53:43] Cycle 16: 2022-07-28 23:09:41
[2022-12-16 15:53:47] Cycle 17: 2022-07-28 23:09:45
[2022-12-16 15:53:52] Cycle 18: 2022-07-28 23:09:49
[2022-12-16 15:53:56] Cycle 19: 2022-07-28 23:09:54
[2022-12-16 15:54:00] Cycle 20: 2022-07-28 23:09:58
[2022-12-16 15:54:04] Cycle 21: 2022-07-28 23:10:02
[2022-12-16 15:54:08] Cycle 22: 2022-07-28 23:10:06
[2022-12-16 15:54:12] Cycle 23: 2022-07-28 23:10:10
[2022-12-16 15:54:17] Cycle 24: 2022-07-28 23:10:14
[2022-12-16 15:54:21] Cycle 25: 2022-07-28 23:10:19
[2022-12-16 15:54:25] Cycle 26: 2022-07-28 23:10:23
[2022-12-16 15:54:29] Cycle 27: 2022-07-28 23:10:27
[2022-12-16 15:54:33] Cycle 28: 2022-07-28 23:10:31
[2022-12-16 15:54:37] Cycle 29: 2022-07-28 23:10:35
[2022-12-16 15:54:42] Cycle 30: 2022-07-28 23:10:39
[2022-12-16 15:54:46] Cycle 31: 2022-07-28 23:10:43
[2022-12-16 15:54:50] Cycle 32: 2022-07-28 23:10:48
[2022-12-16 15:54:54] Cycle 33: 2022-07-28 23:10:52
[2022-12-16 15:54:58] Cycle 34: 2022-07-28 23:10:56
[2022-12-16 15:55:02] Cycle 35: 2022-07-28 23:11:00
[2022-12-16 15:55:06] Cycle 36: 2022-07-28 23:11:04
[2022-12-16 15:55:11] Cycle 37: 2022-07-28 23:11:08
[2022-12-16 15:55:15] Cycle 38: 2022-07-28 23:11:13
[2022-12-16 15:55:19] Cycle 39: 2022-07-28 23:11:17
[2022-12-16 15:55:23] Cycle 40: 2022-07-28 23:11:21
[2022-12-16 15:55:27] Cycle 41: 2022-07-28 23:11:25
[2022-12-16 15:55:31] Cycle 42: 2022-07-28 23:11:29
[2022-12-16 15:55:36] Cycle 43: 2022-07-28 23:11:33
[2022-12-16 15:55:40] Cycle 44: 2022-07-28 23:11:38
[2022-12-16 15:55:44] Cycle 45: 2022-07-28 23:11:42
[2022-12-16 15:55:48] Cycle 46: 2022-07-28 23:11:46
[2022-12-16 15:55:52] Cycle 47: 2022-07-28 23:11:50
[2022-12-16 15:55:56] Cycle 48: 2022-07-28 23:11:54
[2022-12-16 15:56:01] Cycle 49: 2022-07-28 23:11:58
[2022-12-16 15:56:05] Cycle 50: 2022-07-28 23:12:03
[2022-12-16 15:56:09] Cycle 51: 2022-07-28 23:12:07
[2022-12-16 15:56:13] Cycle 52: 2022-07-28 23:12:11
[2022-12-16 15:56:17] Cycle 53: 2022-07-28 23:12:15
[2022-12-16 15:56:21] Cycle 54: 2022-07-28 23:12:19
[2022-12-16 15:56:26] Cycle 55: 2022-07-28 23:12:23
[2022-12-16 15:56:30] Cycle 56: 2022-07-28 23:12:28
[2022-12-16 15:56:34] Cycle 57: 2022-07-28 23:12:32
[2022-12-16 15:56:38] Cycle 58: 2022-07-28 23:12:36
[2022-12-16 15:56:42] Cycle 59: 2022-07-28 23:12:40
[2022-12-16 15:56:47] Cycle 60: 2022-07-28 23:12:44
[2022-12-16 15:56:51] Cycle 61: 2022-07-28 23:12:48
[2022-12-16 15:56:55] Cycle 62: 2022-07-28 23:12:53
[2022-12-16 15:56:59] Cycle 63: 2022-07-28 23:12:57
[2022-12-16 15:57:03] Cycle 64: 2022-07-28 23:13:01
[2022-12-16 15:57:07] Cycle 65: 2022-07-28 23:13:05
[2022-12-16 15:57:11] Cycle 66: 2022-07-28 23:13:09
[2022-12-16 15:57:16] Cycle 67: 2022-07-28 23:13:13
[2022-12-16 15:57:20] Cycle 68: 2022-07-28 23:13:17
[2022-12-16 15:57:24] Cycle 69: 2022-07-28 23:13:22
[2022-12-16 15:57:28] Cycle 70: 2022-07-28 23:13:26
[2022-12-16 15:57:32] Cycle 71: 2022-07-28 23:13:30
[2022-12-16 15:57:36] Cycle 72: 2022-07-28 23:13:34
