[2022-12-20 17:47:55] INFO     STATE:Initial Starting State
[2022-12-20 17:47:55] INFO     git commit information
[2022-12-20 17:47:55] INFO     	git commit:90c8516 Have a pshow command working
[2022-12-20 17:47:55] INFO     	git commit date:Tue Dec 20 14:16:57 2022
[2022-12-20 17:47:55] INFO     	git status:Tue Dec 20 14:16:57 2022
[2022-12-20 17:47:55] INFO     		M beam-test/test_scripts/netbooter_control.py
[2022-12-20 17:47:55] INFO     Command line information
[2022-12-20 17:47:55] INFO     	Command line:['ddrctrl_experiment.py', '--jcm_part', 'xc7a200t', '--bitstream', '/root/ddr_11_28_tmr.bit', '--log_dir', './lansce2022', '--jcm_clock', '30_000_000', '--frads_file', 'xc7a200t_frad.txt', '--fault_injection', '0', '--uart_bone_ident', '0xf0002000', '--jcm_ip', '169.254.132.152', '--jcm_netbooter_port', '1', '--nexys_netbooter_port', '2', '--usb_uart_phys_port', '1-4.4.2', '--uartbone_phys_port', '1-4.4.1']
[2022-12-20 17:47:55] INFO     	arg:bitstream=/root/ddr_11_28_tmr.bit
[2022-12-20 17:47:55] INFO     	arg:netbooter_ip=169.254.131.160
[2022-12-20 17:47:55] INFO     	arg:jcm_ip=169.254.132.152
[2022-12-20 17:47:55] INFO     	arg:jcm_part=xc7a200t
[2022-12-20 17:47:55] INFO     	arg:jcm_clock=30000000
[2022-12-20 17:47:55] INFO     	arg:usb_uart_phys_port=1-4.4.2
[2022-12-20 17:47:55] INFO     	arg:uart_litex_baudrate=115200
[2022-12-20 17:47:55] INFO     	arg:uartbone_phys_port=1-4.4.1
[2022-12-20 17:47:55] INFO     	arg:uartbone_phys_if=0
[2022-12-20 17:47:55] INFO     	arg:uartbone_baudrate=115200
[2022-12-20 17:47:55] INFO     	arg:repower_jcm=False
[2022-12-20 17:47:55] INFO     	arg:disable_scrubbing=False
[2022-12-20 17:47:55] INFO     	arg:fault_injection=0
[2022-12-20 17:47:55] INFO     	arg:frads_file=xc7a200t_frad.txt
[2022-12-20 17:47:55] INFO     	arg:jcm_netbooter_port=1
[2022-12-20 17:47:55] INFO     	arg:nexys_netbooter_port=2
[2022-12-20 17:47:55] INFO     	arg:log_dir=./lansce2022
[2022-12-20 17:47:55] INFO     	arg:single_step=False
[2022-12-20 17:47:55] INFO     	arg:bist_mem_burst_length=8192
[2022-12-20 17:47:55] INFO     	arg:bist_addr_mode=1
[2022-12-20 17:47:55] INFO     	arg:bist_pattern=165
[2022-12-20 17:47:55] INFO     	arg:no_uart_bone=False
[2022-12-20 17:47:55] INFO     	arg:uart_bone_ident=0xf0002000
[2022-12-20 17:47:55] INFO     STATE:Netbooter Setup State
[2022-12-20 17:47:55] INFO     STATE:JCM Setup State
[2022-12-20 17:47:55] INFO     NETBOOTER:Attempt 1 to set port 1 with cycle=False
[2022-12-20 17:47:58] INFO     NETBOOTER:Setting port 1 to On
[2022-12-20 17:47:59] INFO     JCM ping attempt 1
[2022-12-20 17:47:59] INFO     JCM:Logging in to JCM
[2022-12-20 17:47:59] INFO     JCM:Connecting to JCM over SSH... (Attempt 1)
[2022-12-20 17:47:59] INFO     JCM:SSH successful
[2022-12-20 17:47:59] INFO     STATE:UART Setup State
[2022-12-20 17:47:59] INFO     STATE:Power Nexys State
[2022-12-20 17:47:59] INFO     NETBOOTER:Attempt 1 to set port 2 with cycle=False
[2022-12-20 17:48:01] INFO     NETBOOTER:Setting port 2 to Off
[2022-12-20 17:48:02] INFO     NETBOOTER:Attempt 1 to set port 2 with cycle=False
[2022-12-20 17:48:04] INFO     NETBOOTER:Setting port 2 to On
[2022-12-20 17:48:05] INFO     STATE:Connect UART State
[2022-12-20 17:48:07] INFO     UART:Searching for ttyUSB device (Attempt 1)
[2022-12-20 17:48:07] INFO     UART:Found tty device:/dev/ttyUSB2
[2022-12-20 17:48:07] INFO     UART:Serial port /dev/ttyUSB2 open
[2022-12-20 17:48:07] INFO     STATE:Configure Nexys State
[2022-12-20 17:48:07] INFO     JCM:Attempting JCM device DNA read
[2022-12-20 17:48:07] INFO     JCM:Executing commmand on JCM
	~/jcm_apps/jcm_jtag_reg.elf -r 50 --swap -w 64
[2022-12-20 17:48:07] INFO     Device DNA:0:0x812c023b 1:0x2a0f6504
[2022-12-20 17:48:07] INFO     JCM:Attempting JCM configuration
[2022-12-20 17:48:07] INFO     JCM:Executing commmand on JCM
	~/jcm_apps/jcm_config.elf --part xc7a200t -c 30000000 --jtag --config_file /root/ddr_11_28_tmr.bit
[2022-12-20 17:48:13] INFO     JCM:Configuration Success
[2022-12-20 17:48:13] INFO     STATE:Setup UARTBone State
[2022-12-20 17:48:13] INFO     UARTBONE:Searching for ttyUSB device (Attempt 1) for port '1-4.4.1' IF '0'
[2022-12-20 17:48:13] INFO     UARTBONE:Found tty device:/dev/ttyUSB0
[2022-12-20 17:48:13] INFO     UARTBONE:Attempting to open:/dev/ttyUSB0 at baud 115200 with timeout=5
[2022-12-20 17:48:13] INFO     UARTBONE:Serial port /dev/ttyUSB0 open
[2022-12-20 17:48:14] INFO     UARTBONE ID Str=LiteX SoC on Nexys Video 2022-11-28 18:17:18
[2022-12-20 17:48:14] INFO     UARTBONE I ADDR=000012E8
[2022-12-20 17:48:14] INFO     STATE:Enable Scrubbing State
[2022-12-20 17:48:14] INFO     JCM:Starting JCM scrubber
[2022-12-20 17:48:14] INFO     JCM:Executing commmand on JCM
	~/jcm_apps/jcm_scrubbing.elf --part xc7a200t -c 30000000 --jtag --iterations 100000000 --frad_file xc7a200t_frad.txt
[2022-12-20 17:48:14] INFO     STATE:LiteX Login State
[2022-12-20 17:48:14] INFO     STATE:Start BIST State
[2022-12-20 17:48:14] INFO     STATE:BIST Execution State
[2022-12-20 17:48:14] INFO     BIST:Bad title line (1):8192 1 0 2
[2022-12-20 17:48:14] INFO     BIST:Header (first)
[2022-12-20 17:48:26] INFO     BIST:Header (ok)
[2022-12-20 17:48:37] INFO     BIST:Header (ok)
[2022-12-20 17:48:49] INFO     BIST:Header (ok)
[2022-12-20 17:49:00] INFO     BIST:Header (ok)
[2022-12-20 17:49:12] INFO     BIST:Header (ok)
[2022-12-20 17:49:24] INFO     BIST:Header (ok)
[2022-12-20 17:49:35] INFO     BIST:Header (ok)
[2022-12-20 17:49:47] INFO     BIST:Header (ok)
[2022-12-20 17:49:58] INFO     BIST:Header (ok)
[2022-12-20 17:50:10] INFO     BIST:Header (ok)
[2022-12-20 17:50:22] INFO     BIST:Header (ok)
[2022-12-20 17:50:33] INFO     BIST:Header (ok)
[2022-12-20 17:50:45] INFO     BIST:Header (ok)
[2022-12-20 17:50:56] INFO     BIST:Header (ok)
[2022-12-20 17:51:08] INFO     BIST:Header (ok)
[2022-12-20 17:51:20] INFO     BIST:Header (ok)
[2022-12-20 17:51:31] INFO     BIST:Header (ok)
[2022-12-20 17:51:43] INFO     BIST:Header (ok)
[2022-12-20 17:51:55] INFO     BIST:Header (ok)
[2022-12-20 17:52:06] INFO     BIST:Header (ok)
[2022-12-20 17:52:18] INFO     BIST:Header (ok)
[2022-12-20 17:52:29] INFO     BIST:Header (ok)
[2022-12-20 17:52:41] INFO     BIST:Header (ok)
[2022-12-20 17:52:53] INFO     BIST:Header (ok)
[2022-12-20 17:53:04] INFO     BIST:Header (ok)
[2022-12-20 17:53:16] INFO     BIST:Header (ok)
[2022-12-20 17:53:27] INFO     BIST:Header (ok)
[2022-12-20 17:53:39] INFO     BIST:Header (ok)
[2022-12-20 17:53:51] INFO     BIST:Header (ok)
[2022-12-20 17:54:02] INFO     BIST:Header (ok)
[2022-12-20 17:54:14] INFO     BIST:Header (ok)
[2022-12-20 17:54:25] INFO     BIST:Header (ok)
[2022-12-20 17:54:37] INFO     BIST:Header (ok)
[2022-12-20 17:54:49] INFO     BIST:Header (ok)
[2022-12-20 17:55:00] INFO     BIST:Header (ok)
[2022-12-20 17:55:12] INFO     BIST:Header (ok)
[2022-12-20 17:55:24] INFO     BIST:Header (ok)
[2022-12-20 17:55:35] INFO     BIST:Header (ok)
[2022-12-20 17:55:47] INFO     BIST:Header (ok)
[2022-12-20 17:55:58] INFO     BIST:Header (ok)
[2022-12-20 17:56:10] INFO     BIST:Header (ok)
[2022-12-20 17:56:22] INFO     BIST:Header (ok)
[2022-12-20 17:56:33] INFO     BIST:Header (ok)
[2022-12-20 17:56:45] INFO     BIST:Header (ok)
[2022-12-20 17:56:56] INFO     BIST:Header (ok)
[2022-12-20 17:57:08] INFO     BIST:Header (ok)
[2022-12-20 17:57:20] INFO     BIST:Header (ok)
[2022-12-20 17:57:31] INFO     BIST:Header (ok)
[2022-12-20 17:57:43] INFO     BIST:Header (ok)
[2022-12-20 17:57:54] INFO     BIST:Header (ok)
[2022-12-20 17:58:06] INFO     BIST:Header (ok)
[2022-12-20 17:58:18] INFO     BIST:Header (ok)
[2022-12-20 17:58:29] INFO     BIST:Header (ok)
[2022-12-20 17:58:41] INFO     BIST:Header (ok)
[2022-12-20 17:58:53] INFO     BIST:Header (ok)
[2022-12-20 17:59:04] INFO     BIST:Header (ok)
[2022-12-20 17:59:16] INFO     BIST:Header (ok)
[2022-12-20 17:59:27] INFO     BIST:Header (ok)
[2022-12-20 17:59:39] INFO     BIST:Header (ok)
[2022-12-20 17:59:51] INFO     BIST:Header (ok)
[2022-12-20 18:00:02] INFO     BIST:Header (ok)
[2022-12-20 18:00:14] INFO     BIST:Header (ok)
[2022-12-20 18:00:25] INFO     BIST:Header (ok)
[2022-12-20 18:00:37] INFO     BIST:Header (ok)
[2022-12-20 18:00:49] INFO     BIST:Header (ok)
