[2022-12-16 15:57:50] Creating JCM Hardware on port 0 with 0 shifts
[2022-12-16 15:57:50] Using Default Chain String: [ 6 ]
[2022-12-16 15:57:50] Changing JCM Clock. Old Rate=29411765 Request Rate=1000000 Actual rate=1000000
[2022-12-16 15:57:50] Register 0x32=
[2022-12-16 15:57:50]  0:0x812c023b
[2022-12-16 15:57:50]  1:0x2a0f6504
[2022-12-16 15:57:50] Changing JCM Clock. Old Rate=1000000 Request Rate=30000000 Actual rate=29411765
[2022-12-16 15:57:50] Creating JCM Hardware on port 0 with 0 shifts
[2022-12-16 15:57:50] Using Default Chain String: [ 6 ]
[2022-12-16 15:57:50] **** Warning ****
[2022-12-16 15:57:50]   Filename /root/ddr_11_28.bit does not have a '.bin' extension. Only '.bin' files can be used for this configuration command
[2022-12-16 15:57:50] Configuring with file: /root/ddr_11_28.bit
[2022-12-16 15:57:55] Configured Successfully
[2022-12-16 15:57:56] JCM Scrubbing. Build Date Thu Jul 28 15:32:32 MDT 2022
[2022-12-16 15:57:56] Execution time: Thu Jul 28 23:13:54 2022
[2022-12-16 15:57:56] 
[2022-12-16 15:57:56] Changing JCM Clock. Old Rate=29411765 Request Rate=30000000 Actual rate=29411765
[2022-12-16 15:57:56] Creating JCM Hardware on port 0 with 0 shifts
[2022-12-16 15:57:56] Using Default Chain String: [ 6 ]
[2022-12-16 15:58:00] FPGA: xc7a200t (7_Series family) IDCode=0x13636093
[2022-12-16 15:58:00] Read IDCODE Matched=0x13636093
[2022-12-16 15:58:00] No readback file specified
[2022-12-16 15:58:00] Number of OffSet words 101
[2022-12-16 15:58:00] No readback file specified. Reading 18310 frames
[2022-12-16 15:58:00] Number of OffSet words 101
[2022-12-16 15:58:00] Number of OffSet words 101
[2022-12-16 15:58:00] Part xc7a200t has 24802 frames. Family 7_Series has 101 words per frame
[2022-12-16 15:58:00] Cycle 0: 2022-07-28 23:13:58
[2022-12-16 15:58:05] Cycle 1: 2022-07-28 23:14:02
[2022-12-16 15:58:09] Cycle 2: 2022-07-28 23:14:06
[2022-12-16 15:58:13] Cycle 3: 2022-07-28 23:14:11
[2022-12-16 15:58:17] Cycle 4: 2022-07-28 23:14:15
[2022-12-16 15:58:21] Cycle 5: 2022-07-28 23:14:19
[2022-12-16 15:58:25] Cycle 6: 2022-07-28 23:14:23
[2022-12-16 15:58:30] Cycle 7: 2022-07-28 23:14:27
[2022-12-16 15:58:34] Cycle 8: 2022-07-28 23:14:31
[2022-12-16 15:58:38] Cycle 9: 2022-07-28 23:14:36
[2022-12-16 15:58:42] Cycle 10: 2022-07-28 23:14:40
[2022-12-16 15:58:46] Cycle 11: 2022-07-28 23:14:44
[2022-12-16 15:58:50] Cycle 12: 2022-07-28 23:14:48
[2022-12-16 15:58:55] Cycle 13: 2022-07-28 23:14:52
[2022-12-16 15:58:59] Cycle 14: 2022-07-28 23:14:56
[2022-12-16 15:59:03] Cycle 15: 2022-07-28 23:15:01
[2022-12-16 15:59:07] Cycle 16: 2022-07-28 23:15:05
[2022-12-16 15:59:11] Cycle 17: 2022-07-28 23:15:09
[2022-12-16 15:59:15] Cycle 18: 2022-07-28 23:15:13
[2022-12-16 15:59:20] Cycle 19: 2022-07-28 23:15:17
[2022-12-16 15:59:24] Cycle 20: 2022-07-28 23:15:21
[2022-12-16 15:59:28] Cycle 21: 2022-07-28 23:15:25
[2022-12-16 15:59:32] Cycle 22: 2022-07-28 23:15:30
[2022-12-16 15:59:36] Cycle 23: 2022-07-28 23:15:34
[2022-12-16 15:59:40] Cycle 24: 2022-07-28 23:15:38
[2022-12-16 15:59:45] Cycle 25: 2022-07-28 23:15:42
[2022-12-16 15:59:49] Cycle 26: 2022-07-28 23:15:46
[2022-12-16 15:59:53] Cycle 27: 2022-07-28 23:15:50
[2022-12-16 15:59:57] Cycle 28: 2022-07-28 23:15:55
[2022-12-16 16:00:01] Cycle 29: 2022-07-28 23:15:59
[2022-12-16 16:00:05] Cycle 30: 2022-07-28 23:16:03
[2022-12-16 16:00:09] Cycle 31: 2022-07-28 23:16:07
[2022-12-16 16:00:14] Cycle 32: 2022-07-28 23:16:11
[2022-12-16 16:00:18] Cycle 33: 2022-07-28 23:16:15
[2022-12-16 16:00:22] Cycle 34: 2022-07-28 23:16:20
[2022-12-16 16:00:26] Cycle 35: 2022-07-28 23:16:24
[2022-12-16 16:00:30] Cycle 36: 2022-07-28 23:16:28
[2022-12-16 16:00:34] Cycle 37: 2022-07-28 23:16:32
[2022-12-16 16:00:39] Cycle 38: 2022-07-28 23:16:36
[2022-12-16 16:00:43] Cycle 39: 2022-07-28 23:16:40
[2022-12-16 16:00:47] Cycle 40: 2022-07-28 23:16:45
[2022-12-16 16:00:51] Cycle 41: 2022-07-28 23:16:49
[2022-12-16 16:00:55] Cycle 42: 2022-07-28 23:16:53
[2022-12-16 16:00:59] Cycle 43: 2022-07-28 23:16:57
[2022-12-16 16:01:04] Cycle 44: 2022-07-28 23:17:01
[2022-12-16 16:01:08] Cycle 45: 2022-07-28 23:17:05
[2022-12-16 16:01:12] Cycle 46: 2022-07-28 23:17:10
[2022-12-16 16:01:16] Cycle 47: 2022-07-28 23:17:14
[2022-12-16 16:01:20] Cycle 48: 2022-07-28 23:17:18
[2022-12-16 16:01:24] Cycle 49: 2022-07-28 23:17:22
[2022-12-16 16:01:29] Cycle 50: 2022-07-28 23:17:26
[2022-12-16 16:01:33] Cycle 51: 2022-07-28 23:17:30
[2022-12-16 16:01:37] Cycle 52: 2022-07-28 23:17:35
[2022-12-16 16:01:41] Cycle 53: 2022-07-28 23:17:39
[2022-12-16 16:01:45] Cycle 54: 2022-07-28 23:17:43
[2022-12-16 16:01:49] Cycle 55: 2022-07-28 23:17:47
[2022-12-16 16:01:54] Cycle 56: 2022-07-28 23:17:51
[2022-12-16 16:01:58] Cycle 57: 2022-07-28 23:17:55
[2022-12-16 16:02:02] Cycle 58: 2022-07-28 23:17:59
[2022-12-16 16:02:06] Cycle 59: 2022-07-28 23:18:04
[2022-12-16 16:02:10] Cycle 60: 2022-07-28 23:18:08
[2022-12-16 16:02:14] Cycle 61: 2022-07-28 23:18:12
[2022-12-16 16:02:18] Cycle 62: 2022-07-28 23:18:16
[2022-12-16 16:02:23] Cycle 63: 2022-07-28 23:18:20
[2022-12-16 16:02:27] Cycle 64: 2022-07-28 23:18:24
[2022-12-16 16:02:31] Cycle 65: 2022-07-28 23:18:29
[2022-12-16 16:02:35] Cycle 66: 2022-07-28 23:18:33
[2022-12-16 16:02:39] Cycle 67: 2022-07-28 23:18:37
[2022-12-16 16:02:43] Cycle 68: 2022-07-28 23:18:41
[2022-12-16 16:02:48] Cycle 69: 2022-07-28 23:18:45
[2022-12-16 16:02:52] Cycle 70: 2022-07-28 23:18:49
[2022-12-16 16:02:56] Cycle 71: 2022-07-28 23:18:54
[2022-12-16 16:03:00] Cycle 72: 2022-07-28 23:18:58
[2022-12-16 16:03:04] Cycle 73: 2022-07-28 23:19:02
[2022-12-16 16:03:08] Cycle 74: 2022-07-28 23:19:06
[2022-12-16 16:03:13] Cycle 75: 2022-07-28 23:19:10
[2022-12-16 16:03:17] Cycle 76: 2022-07-28 23:19:14
[2022-12-16 16:03:21] Cycle 77: 2022-07-28 23:19:19
[2022-12-16 16:03:25] Cycle 78: 2022-07-28 23:19:23
[2022-12-16 16:03:29] Cycle 79: 2022-07-28 23:19:27
[2022-12-16 16:03:33] Cycle 80: 2022-07-28 23:19:31
[2022-12-16 16:03:38] Cycle 81: 2022-07-28 23:19:35
[2022-12-16 16:03:42] Cycle 82: 2022-07-28 23:19:39
[2022-12-16 16:03:46] Cycle 83: 2022-07-28 23:19:44
[2022-12-16 16:03:50] Cycle 84: 2022-07-28 23:19:48
[2022-12-16 16:03:54] Cycle 85: 2022-07-28 23:19:52
[2022-12-16 16:03:58] Cycle 86: 2022-07-28 23:19:56
[2022-12-16 16:04:03] Cycle 87: 2022-07-28 23:20:00
[2022-12-16 16:04:07] Cycle 88: 2022-07-28 23:20:04
[2022-12-16 16:04:11] Cycle 89: 2022-07-28 23:20:08
[2022-12-16 16:04:15] Cycle 90: 2022-07-28 23:20:13
[2022-12-16 16:04:19] Cycle 91: 2022-07-28 23:20:17
[2022-12-16 16:04:23] Cycle 92: 2022-07-28 23:20:21
[2022-12-16 16:04:27] Cycle 93: 2022-07-28 23:20:25
[2022-12-16 16:04:32] Cycle 94: 2022-07-28 23:20:29
[2022-12-16 16:04:36] Cycle 95: 2022-07-28 23:20:33
[2022-12-16 16:04:40] Cycle 96: 2022-07-28 23:20:38
[2022-12-16 16:04:44] Cycle 97: 2022-07-28 23:20:42
[2022-12-16 16:04:48] Cycle 98: 2022-07-28 23:20:46
[2022-12-16 16:04:52] Cycle 99: 2022-07-28 23:20:50
[2022-12-16 16:04:57] Cycle 100: 2022-07-28 23:20:54
[2022-12-16 16:05:01] Cycle 101: 2022-07-28 23:20:58
[2022-12-16 16:05:05] Cycle 102: 2022-07-28 23:21:03
[2022-12-16 16:05:09] Cycle 103: 2022-07-28 23:21:07
[2022-12-16 16:05:13] Cycle 104: 2022-07-28 23:21:11
[2022-12-16 16:05:17] Cycle 105: 2022-07-28 23:21:15
[2022-12-16 16:05:22] Cycle 106: 2022-07-28 23:21:19
[2022-12-16 16:05:26] Cycle 107: 2022-07-28 23:21:23
[2022-12-16 16:05:30] Cycle 108: 2022-07-28 23:21:28
[2022-12-16 16:05:34] Cycle 109: 2022-07-28 23:21:32
[2022-12-16 16:05:38] Cycle 110: 2022-07-28 23:21:36
[2022-12-16 16:05:42] Cycle 111: 2022-07-28 23:21:40
[2022-12-16 16:05:47] Cycle 112: 2022-07-28 23:21:44
[2022-12-16 16:05:51] Cycle 113: 2022-07-28 23:21:48
[2022-12-16 16:05:55] Cycle 114: 2022-07-28 23:21:53
[2022-12-16 16:05:59] Cycle 115: 2022-07-28 23:21:57
[2022-12-16 16:06:03] Cycle 116: 2022-07-28 23:22:01
[2022-12-16 16:06:07] Cycle 117: 2022-07-28 23:22:05
[2022-12-16 16:06:12] Cycle 118: 2022-07-28 23:22:09
[2022-12-16 16:06:16] Cycle 119: 2022-07-28 23:22:13
[2022-12-16 16:06:20] Cycle 120: 2022-07-28 23:22:18
[2022-12-16 16:06:24] Cycle 121: 2022-07-28 23:22:22
[2022-12-16 16:06:28] Cycle 122: 2022-07-28 23:22:26
[2022-12-16 16:06:32] Cycle 123: 2022-07-28 23:22:30
[2022-12-16 16:06:37] Cycle 124: 2022-07-28 23:22:34
[2022-12-16 16:06:41] Cycle 125: 2022-07-28 23:22:38
[2022-12-16 16:06:45] Cycle 126: 2022-07-28 23:22:42
[2022-12-16 16:06:49] Cycle 127: 2022-07-28 23:22:47
[2022-12-16 16:06:53] Cycle 128: 2022-07-28 23:22:51
[2022-12-16 16:06:57] Cycle 129: 2022-07-28 23:22:55
[2022-12-16 16:07:02] Cycle 130: 2022-07-28 23:22:59
[2022-12-16 16:07:06] Cycle 131: 2022-07-28 23:23:03
[2022-12-16 16:07:10] Cycle 132: 2022-07-28 23:23:07
[2022-12-16 16:07:14] Cycle 133: 2022-07-28 23:23:12
[2022-12-16 16:07:18] Cycle 134: 2022-07-28 23:23:16
[2022-12-16 16:07:22] Cycle 135: 2022-07-28 23:23:20
[2022-12-16 16:07:26] Cycle 136: 2022-07-28 23:23:24
[2022-12-16 16:07:31] Cycle 137: 2022-07-28 23:23:28
[2022-12-16 16:07:35] Cycle 138: 2022-07-28 23:23:32
[2022-12-16 16:07:39] Cycle 139: 2022-07-28 23:23:37
[2022-12-16 16:07:43] Cycle 140: 2022-07-28 23:23:41
[2022-12-16 16:07:47] Cycle 141: 2022-07-28 23:23:45
[2022-12-16 16:07:51] Cycle 142: 2022-07-28 23:23:49
[2022-12-16 16:07:56] Cycle 143: 2022-07-28 23:23:53
[2022-12-16 16:08:00] Cycle 144: 2022-07-28 23:23:57
[2022-12-16 16:08:04] Cycle 145: 2022-07-28 23:24:02
[2022-12-16 16:08:08] Cycle 146: 2022-07-28 23:24:06
[2022-12-16 16:08:12] Cycle 147: 2022-07-28 23:24:10
[2022-12-16 16:08:16] Cycle 148: 2022-07-28 23:24:14
[2022-12-16 16:08:21] Cycle 149: 2022-07-28 23:24:18
[2022-12-16 16:08:25] Cycle 150: 2022-07-28 23:24:22
[2022-12-16 16:08:29] Cycle 151: 2022-07-28 23:24:27
[2022-12-16 16:08:33] Cycle 152: 2022-07-28 23:24:31
[2022-12-16 16:08:37] Cycle 153: 2022-07-28 23:24:35
[2022-12-16 16:08:41] Cycle 154: 2022-07-28 23:24:39
[2022-12-16 16:08:46] Cycle 155: 2022-07-28 23:24:43
[2022-12-16 16:08:50] Cycle 156: 2022-07-28 23:24:47
[2022-12-16 16:08:54] Cycle 157: 2022-07-28 23:24:52
[2022-12-16 16:08:58] Cycle 158: 2022-07-28 23:24:56
[2022-12-16 16:09:02] Cycle 159: 2022-07-28 23:25:00
[2022-12-16 16:09:06] Cycle 160: 2022-07-28 23:25:04
[2022-12-16 16:09:11] Cycle 161: 2022-07-28 23:25:08
[2022-12-16 16:09:15] Cycle 162: 2022-07-28 23:25:12
[2022-12-16 16:09:19] Cycle 163: 2022-07-28 23:25:17
[2022-12-16 16:09:23] Cycle 164: 2022-07-28 23:25:21
[2022-12-16 16:09:27] Cycle 165: 2022-07-28 23:25:25
