[2022-12-18 07:15:59] INFO     STATE:Initial Starting State
[2022-12-18 07:15:59] INFO     git commit information
[2022-12-18 07:15:59] INFO     	git commit:9b867b4 Retries for memory compare
[2022-12-18 07:15:59] INFO     	git commit date:Sat Dec 17 16:15:29 2022
[2022-12-18 07:15:59] INFO     Command line information
[2022-12-18 07:15:59] INFO     	Command line:['ddrctrl_experiment.py', '--jcm_part', 'xc7a200t', '--bitstream', '/root/ddr_11_28_tmr.bit', '--log_dir', './lansce2022', '--jcm_clock', '30_000_000', '--frads_file', 'xc7a200t_frad.txt', '--fault_injection', '0', '--uart_bone_ident', '0xf0002000', '--jcm_ip', '169.254.132.152', '--jcm_netbooter_port', '1', '--nexys_netbooter_port', '2', '--usb_uart_phys_port', '1-4.4.2', '--uartbone_phys_port', '1-4.4.1']
[2022-12-18 07:15:59] INFO     	arg:bitstream=/root/ddr_11_28_tmr.bit
[2022-12-18 07:15:59] INFO     	arg:netbooter_ip=169.254.131.160
[2022-12-18 07:15:59] INFO     	arg:jcm_ip=169.254.132.152
[2022-12-18 07:15:59] INFO     	arg:jcm_part=xc7a200t
[2022-12-18 07:15:59] INFO     	arg:jcm_clock=30000000
[2022-12-18 07:15:59] INFO     	arg:usb_uart_phys_port=1-4.4.2
[2022-12-18 07:15:59] INFO     	arg:uart_litex_baudrate=115200
[2022-12-18 07:15:59] INFO     	arg:uartbone_phys_port=1-4.4.1
[2022-12-18 07:15:59] INFO     	arg:uartbone_phys_if=0
[2022-12-18 07:15:59] INFO     	arg:uartbone_baudrate=115200
[2022-12-18 07:15:59] INFO     	arg:repower_jcm=False
[2022-12-18 07:15:59] INFO     	arg:disable_scrubbing=False
[2022-12-18 07:15:59] INFO     	arg:fault_injection=0
[2022-12-18 07:15:59] INFO     	arg:frads_file=xc7a200t_frad.txt
[2022-12-18 07:15:59] INFO     	arg:jcm_netbooter_port=1
[2022-12-18 07:15:59] INFO     	arg:nexys_netbooter_port=2
[2022-12-18 07:15:59] INFO     	arg:log_dir=./lansce2022
[2022-12-18 07:15:59] INFO     	arg:single_step=False
[2022-12-18 07:15:59] INFO     	arg:bist_mem_burst_length=8192
[2022-12-18 07:15:59] INFO     	arg:bist_addr_mode=1
[2022-12-18 07:15:59] INFO     	arg:bist_pattern=165
[2022-12-18 07:15:59] INFO     	arg:no_uart_bone=False
[2022-12-18 07:15:59] INFO     	arg:uart_bone_ident=0xf0002000
[2022-12-18 07:15:59] INFO     STATE:Netbooter Setup State
[2022-12-18 07:15:59] INFO     STATE:JCM Setup State
[2022-12-18 07:15:59] INFO     NETBOOTER:Attempt 1 to set port 1 with cycle=False
[2022-12-18 07:16:01] INFO     NETBOOTER:Setting port 1 to On
[2022-12-18 07:16:02] INFO     JCM ping attempt 1
[2022-12-18 07:16:02] INFO     JCM:Logging in to JCM
[2022-12-18 07:16:02] INFO     JCM:Connecting to JCM over SSH... (Attempt 1)
[2022-12-18 07:16:03] INFO     JCM:SSH successful
[2022-12-18 07:16:03] INFO     STATE:UART Setup State
[2022-12-18 07:16:03] INFO     STATE:Power Nexys State
[2022-12-18 07:16:03] INFO     NETBOOTER:Attempt 1 to set port 2 with cycle=False
[2022-12-18 07:16:05] INFO     NETBOOTER:Setting port 2 to Off
[2022-12-18 07:16:06] INFO     NETBOOTER:Attempt 1 to set port 2 with cycle=False
[2022-12-18 07:16:08] INFO     NETBOOTER:Setting port 2 to On
[2022-12-18 07:16:09] INFO     STATE:Connect UART State
[2022-12-18 07:16:11] INFO     UART:Searching for ttyUSB device (Attempt 1)
[2022-12-18 07:16:11] INFO     UART:Found tty device:/dev/ttyUSB2
[2022-12-18 07:16:11] INFO     UART:Serial port /dev/ttyUSB2 open
[2022-12-18 07:16:11] INFO     STATE:Configure Nexys State
[2022-12-18 07:16:11] INFO     JCM:Attempting JCM device DNA read
[2022-12-18 07:16:11] INFO     JCM:Executing commmand on JCM
	~/jcm_apps/jcm_jtag_reg.elf -r 50 --swap -w 64
[2022-12-18 07:16:11] INFO     Device DNA:0:0x812c023b 1:0x2a0f6504
[2022-12-18 07:16:11] INFO     JCM:Attempting JCM configuration
[2022-12-18 07:16:11] INFO     JCM:Executing commmand on JCM
	~/jcm_apps/jcm_config.elf --part xc7a200t -c 30000000 --jtag --config_file /root/ddr_11_28_tmr.bit
[2022-12-18 07:16:16] INFO     JCM:Configuration Success
[2022-12-18 07:16:16] INFO     STATE:Setup UARTBone State
[2022-12-18 07:16:16] INFO     UARTBONE:Searching for ttyUSB device (Attempt 1) for port '1-4.4.1' IF '0'
[2022-12-18 07:16:16] INFO     UARTBONE:Found tty device:/dev/ttyUSB0
[2022-12-18 07:16:16] INFO     UARTBONE:Attempting to open:/dev/ttyUSB0 at baud 115200 with timeout=5
[2022-12-18 07:16:16] INFO     UARTBONE:Serial port /dev/ttyUSB0 open
[2022-12-18 07:16:17] INFO     UARTBONE ID Str=LiteX SoC on Nexys Video 2022-11-28 18:17:18
[2022-12-18 07:16:17] INFO     UARTBONE I ADDR=000012E8
[2022-12-18 07:16:17] INFO     STATE:Enable Scrubbing State
[2022-12-18 07:16:17] INFO     JCM:Starting JCM scrubber
[2022-12-18 07:16:17] INFO     JCM:Executing commmand on JCM
	~/jcm_apps/jcm_scrubbing.elf --part xc7a200t -c 30000000 --jtag --iterations 100000000 --frad_file xc7a200t_frad.txt
[2022-12-18 07:16:17] INFO     STATE:LiteX Login State
[2022-12-18 07:16:17] INFO     STATE:Start BIST State
[2022-12-18 07:16:17] INFO     STATE:BIST Execution State
[2022-12-18 07:16:17] INFO     BIST:Bad title line (1):8192 1 0 2
[2022-12-18 07:16:17] INFO     BIST:Header (first)
[2022-12-18 07:16:29] INFO     BIST:Header (ok)
[2022-12-18 07:16:41] INFO     BIST:Header (ok)
[2022-12-18 07:16:52] INFO     BIST:Header (ok)
[2022-12-18 07:17:04] INFO     BIST:Header (ok)
[2022-12-18 07:17:16] INFO     BIST:Header (ok)
[2022-12-18 07:17:27] INFO     BIST:Header (ok)
[2022-12-18 07:17:39] INFO     BIST:Header (ok)
[2022-12-18 07:17:50] INFO     BIST:Header (ok)
[2022-12-18 07:18:02] INFO     BIST:Header (ok)
[2022-12-18 07:18:14] INFO     BIST:Header (ok)
[2022-12-18 07:18:25] INFO     BIST:Header (ok)
[2022-12-18 07:18:37] INFO     BIST:Header (ok)
[2022-12-18 07:18:48] INFO     BIST:Header (ok)
[2022-12-18 07:19:00] INFO     BIST:Header (ok)
[2022-12-18 07:19:12] INFO     BIST:Header (ok)
[2022-12-18 07:19:23] INFO     BIST:Header (ok)
[2022-12-18 07:19:35] INFO     BIST:Header (ok)
[2022-12-18 07:19:46] INFO     BIST:Header (ok)
[2022-12-18 07:19:58] INFO     BIST:Header (ok)
[2022-12-18 07:20:10] INFO     BIST:Header (ok)
[2022-12-18 07:20:21] INFO     BIST:Header (ok)
[2022-12-18 07:20:33] INFO     BIST:Header (ok)
[2022-12-18 07:20:45] INFO     BIST:Header (ok)
[2022-12-18 07:20:56] INFO     BIST:Header (ok)
[2022-12-18 07:21:08] INFO     BIST:Header (ok)
[2022-12-18 07:21:19] INFO     BIST:Header (ok)
[2022-12-18 07:21:31] INFO     BIST:Header (ok)
[2022-12-18 07:21:43] INFO     BIST:Header (ok)
[2022-12-18 07:21:54] INFO     BIST:Header (ok)
[2022-12-18 07:22:06] INFO     BIST:Header (ok)
[2022-12-18 07:22:17] INFO     BIST:Header (ok)
[2022-12-18 07:22:29] INFO     BIST:Header (ok)
[2022-12-18 07:22:41] INFO     BIST:Header (ok)
[2022-12-18 07:22:52] INFO     BIST:Header (ok)
[2022-12-18 07:23:04] INFO     BIST:Header (ok)
[2022-12-18 07:23:15] INFO     BIST:Header (ok)
[2022-12-18 07:23:27] INFO     BIST:Header (ok)
[2022-12-18 07:23:39] INFO     BIST:Header (ok)
[2022-12-18 07:23:50] INFO     BIST:Header (ok)
[2022-12-18 07:24:02] INFO     BIST:Header (ok)
[2022-12-18 07:24:14] INFO     BIST:Header (ok)
[2022-12-18 07:24:25] INFO     BIST:Header (ok)
[2022-12-18 07:24:37] INFO     BIST:Header (ok)
[2022-12-18 07:24:48] INFO     BIST:Header (ok)
[2022-12-18 07:25:00] INFO     BIST:Header (ok)
[2022-12-18 07:25:12] INFO     BIST:Header (ok)
[2022-12-18 07:25:23] INFO     BIST:Header (ok)
[2022-12-18 07:25:35] INFO     BIST:Header (ok)
[2022-12-18 07:25:46] INFO     BIST:Header (ok)
[2022-12-18 07:25:58] INFO     BIST:Header (ok)
[2022-12-18 07:26:10] INFO     BIST:Header (ok)
[2022-12-18 07:26:21] INFO     BIST:Header (ok)
[2022-12-18 07:26:33] INFO     BIST:Header (ok)
[2022-12-18 07:26:45] INFO     BIST:Header (ok)
