[2022-12-16 21:38:22] Creating JCM Hardware on port 0 with 0 shifts
[2022-12-16 21:38:22] Using Default Chain String: [ 6 ]
[2022-12-16 21:38:22] Changing JCM Clock. Old Rate=29411765 Request Rate=1000000 Actual rate=1000000
[2022-12-16 21:38:22] Register 0x32=
[2022-12-16 21:38:22]  0:0x812c023b
[2022-12-16 21:38:22]  1:0x2a0f6504
[2022-12-16 21:38:22] Changing JCM Clock. Old Rate=1000000 Request Rate=30000000 Actual rate=29411765
[2022-12-16 21:38:22] Creating JCM Hardware on port 0 with 0 shifts
[2022-12-16 21:38:22] Using Default Chain String: [ 6 ]
[2022-12-16 21:38:22] **** Warning ****
[2022-12-16 21:38:22]   Filename /root/ddr_11_28.bit does not have a '.bin' extension. Only '.bin' files can be used for this configuration command
[2022-12-16 21:38:22] Configuring with file: /root/ddr_11_28.bit
[2022-12-16 21:38:27] Configured Successfully
[2022-12-16 21:38:28] JCM Scrubbing. Build Date Thu Jul 28 15:32:32 MDT 2022
[2022-12-16 21:38:28] Execution time: Fri Jul 29 04:54:26 2022
[2022-12-16 21:38:28] 
[2022-12-16 21:38:28] Changing JCM Clock. Old Rate=29411765 Request Rate=30000000 Actual rate=29411765
[2022-12-16 21:38:28] Creating JCM Hardware on port 0 with 0 shifts
[2022-12-16 21:38:28] Using Default Chain String: [ 6 ]
[2022-12-16 21:38:32] FPGA: xc7a200t (7_Series family) IDCode=0x13636093
[2022-12-16 21:38:32] Read IDCODE Matched=0x13636093
[2022-12-16 21:38:32] No readback file specified
[2022-12-16 21:38:32] Number of OffSet words 101
[2022-12-16 21:38:32] No readback file specified. Reading 18310 frames
[2022-12-16 21:38:32] Number of OffSet words 101
[2022-12-16 21:38:32] Number of OffSet words 101
[2022-12-16 21:38:32] Part xc7a200t has 24802 frames. Family 7_Series has 101 words per frame
[2022-12-16 21:38:32] Cycle 0: 2022-07-29 04:54:30
[2022-12-16 21:38:36] Cycle 1: 2022-07-29 04:54:34
[2022-12-16 21:38:41] Cycle 2: 2022-07-29 04:54:38
[2022-12-16 21:38:45] Cycle 3: 2022-07-29 04:54:42
[2022-12-16 21:38:49] Cycle 4: 2022-07-29 04:54:47
[2022-12-16 21:38:53] Cycle 5: 2022-07-29 04:54:51
[2022-12-16 21:38:57] Word 1067340 (Frame index=10567 frame address=0x00402ea3 word=73 mask=0x00200000)
[2022-12-16 21:38:57] 1 bit errors
[2022-12-16 21:38:57] Cycle 6: 2022-07-29 04:54:55
[2022-12-16 21:39:01] Word 390199 (Frame index=3863 frame address=0x00020295 word=36 mask=0x01000000)
[2022-12-16 21:39:01] 1 bit errors
[2022-12-16 21:39:01] Cycle 7: 2022-07-29 04:54:59
[2022-12-16 21:39:06] Cycle 8: 2022-07-29 04:55:03
[2022-12-16 21:39:10] Word 171359 (Frame index=1696 frame address=0x0000188a word=63 mask=0x01000000)
[2022-12-16 21:39:10] Word 171460 (Frame index=1697 frame address=0x0000188b word=63 mask=0x00800000)
[2022-12-16 21:39:10] Word 710529 (Frame index=7034 frame address=0x0002309c word=95 mask=0x40000000)
[2022-12-16 21:39:10] Word 710630 (Frame index=7035 frame address=0x0002309d word=95 mask=0x20000000)
[2022-12-16 21:39:10] Word 727085 (Frame index=7198 frame address=0x00023314 word=87 mask=0x00000080)
[2022-12-16 21:39:10] Word 727186 (Frame index=7199 frame address=0x00023315 word=87 mask=0x00000040)
[2022-12-16 21:39:10] 6 bit errors
[2022-12-16 21:39:10] Cycle 9: 2022-07-29 04:55:07
[2022-12-16 21:39:14] Word 1338634 (Frame index=13253 frame address=0x004220a3 word=81 mask=0x00000001)
[2022-12-16 21:39:14] 1 bit errors
[2022-12-16 21:39:14] Cycle 10: 2022-07-29 04:55:12
[2022-12-16 21:39:18] Cycle 11: 2022-07-29 04:55:16
[2022-12-16 21:39:22] Word 1513690 (Frame index=14987 frame address=0x00440497 word=3 mask=0x01000000)
[2022-12-16 21:39:22] Word 1743067 (Frame index=17258 frame address=0x004425a2 word=9 mask=0x000003c0)
[2022-12-16 21:39:22] Word 1743168 (Frame index=17259 frame address=0x004425a3 word=9 mask=0x000001c0)
[2022-12-16 21:39:22] 8 bit errors
[2022-12-16 21:39:22] Cycle 12: 2022-07-29 04:55:20
[2022-12-16 21:39:26] Cycle 13: 2022-07-29 04:55:24
[2022-12-16 21:39:30] Cycle 14: 2022-07-29 04:55:28
[2022-12-16 21:39:35] Cycle 15: 2022-07-29 04:55:32
[2022-12-16 21:39:39] Cycle 16: 2022-07-29 04:55:37
[2022-12-16 21:39:43] Word 1400439 (Frame index=13865 frame address=0x0042298f word=74 mask=0x10000000)
[2022-12-16 21:39:43] 1 bit errors
[2022-12-16 21:39:43] Cycle 17: 2022-07-29 04:55:41
[2022-12-16 21:39:47] Cycle 18: 2022-07-29 04:55:45
[2022-12-16 21:39:51] Cycle 19: 2022-07-29 04:55:49
[2022-12-16 21:39:55] Cycle 20: 2022-07-29 04:55:53
[2022-12-16 21:40:00] Word 1165156 (Frame index=11536 frame address=0x004207a2 word=20 mask=0x00000200)
[2022-12-16 21:40:00] Word 1165257 (Frame index=11537 frame address=0x004207a3 word=20 mask=0x00000400)
[2022-12-16 21:40:00] 2 bit errors
[2022-12-16 21:40:00] Cycle 21: 2022-07-29 04:55:57
[2022-12-16 21:40:04] Cycle 22: 2022-07-29 04:56:01
[2022-12-16 21:40:08] Cycle 23: 2022-07-29 04:56:06
[2022-12-16 21:40:12] Cycle 24: 2022-07-29 04:56:10
[2022-12-16 21:40:16] Cycle 25: 2022-07-29 04:56:14
[2022-12-16 21:40:20] Word 1816678 (Frame index=17986 frame address=0x00443016 word=92 mask=0x08000000)
[2022-12-16 21:40:20] Word 1816779 (Frame index=17987 frame address=0x00443017 word=92 mask=0x04000000)
[2022-12-16 21:40:20] 2 bit errors
[2022-12-16 21:40:20] Cycle 26: 2022-07-29 04:56:18
[2022-12-16 21:40:25] Cycle 27: 2022-07-29 04:56:22
[2022-12-16 21:40:29] Word 712219 (Frame index=7051 frame address=0x00023109 word=68 mask=0x80000000)
[2022-12-16 21:40:29] 1 bit errors
[2022-12-16 21:40:29] Cycle 28: 2022-07-29 04:56:26
[2022-12-16 21:40:33] Cycle 29: 2022-07-29 04:56:31
[2022-12-16 21:40:37] Word 1073051 (Frame index=10624 frame address=0x00402f94 word=27 mask=0x00040000)
[2022-12-16 21:40:37] Word 1073152 (Frame index=10625 frame address=0x00402f95 word=27 mask=0x00020000)
[2022-12-16 21:40:37] 2 bit errors
[2022-12-16 21:40:37] Cycle 30: 2022-07-29 04:56:35
[2022-12-16 21:40:41] Word 1583850 (Frame index=15681 frame address=0x00440ea3 word=69 mask=0x01000000)
[2022-12-16 21:40:41] 1 bit errors
[2022-12-16 21:40:41] Cycle 31: 2022-07-29 04:56:39
[2022-12-16 21:40:45] Cycle 32: 2022-07-29 04:56:43
[2022-12-16 21:40:50] Word 132313 (Frame index=1310 frame address=0x000012a0 word=3 mask=0x00010000)
[2022-12-16 21:40:50] 1 bit errors
[2022-12-16 21:40:50] Cycle 33: 2022-07-29 04:56:47
[2022-12-16 21:40:54] Word 1772026 (Frame index=17544 frame address=0x004429a0 word=82 mask=0x80000000)
[2022-12-16 21:40:54] Word 1772128 (Frame index=17545 frame address=0x004429a1 word=83 mask=0x00000001)
[2022-12-16 21:40:54] 2 bit errors
[2022-12-16 21:40:54] Cycle 34: 2022-07-29 04:56:51
[2022-12-16 21:40:58] Word 1841082 (Frame index=18228 frame address=0x0044339c word=54 mask=0x00100000)
[2022-12-16 21:40:58] Word 1841183 (Frame index=18229 frame address=0x0044339d word=54 mask=0x00080000)
[2022-12-16 21:40:58] 2 bit errors
[2022-12-16 21:40:58] Cycle 35: 2022-07-29 04:56:56
[2022-12-16 21:41:02] Word 1534886 (Frame index=15196 frame address=0x004407a0 word=90 mask=0x00000020)
[2022-12-16 21:41:02] 1 bit errors
[2022-12-16 21:41:02] Cycle 36: 2022-07-29 04:57:00
[2022-12-16 21:41:06] Word 212531 (Frame index=2104 frame address=0x00001e88 word=27 mask=0x00004000)
[2022-12-16 21:41:06] Word 212632 (Frame index=2105 frame address=0x00001e89 word=27 mask=0x00002000)
[2022-12-16 21:41:06] 2 bit errors
[2022-12-16 21:41:06] Cycle 37: 2022-07-29 04:57:04
[2022-12-16 21:41:10] Word 1581934 (Frame index=15662 frame address=0x00440e90 word=72 mask=0x00100000)
[2022-12-16 21:41:10] 1 bit errors
[2022-12-16 21:41:10] Cycle 38: 2022-07-29 04:57:08
[2022-12-16 21:41:15] Cycle 39: 2022-07-29 04:57:12
[2022-12-16 21:41:19] Cycle 40: 2022-07-29 04:57:16
[2022-12-16 21:41:23] Cycle 41: 2022-07-29 04:57:21
[2022-12-16 21:41:27] Word 1603509 (Frame index=15876 frame address=0x00441196 word=33 mask=0x00000002)
[2022-12-16 21:41:27] Word 1603610 (Frame index=15877 frame address=0x00441197 word=33 mask=0x00000001)
[2022-12-16 21:41:27] 2 bit errors
[2022-12-16 21:41:27] Cycle 42: 2022-07-29 04:57:25
[2022-12-16 21:41:31] Cycle 43: 2022-07-29 04:57:29
[2022-12-16 21:41:35] Cycle 44: 2022-07-29 04:57:33
[2022-12-16 21:41:40] Word 1517445 (Frame index=15024 frame address=0x00440520 word=21 mask=0x00000800)
[2022-12-16 21:41:40] 1 bit errors
[2022-12-16 21:41:40] Cycle 45: 2022-07-29 04:57:37
[2022-12-16 21:41:44] Word 307134 (Frame index=3040 frame address=0x00002ba0 word=94 mask=0x10000000)
[2022-12-16 21:41:44] Word 307235 (Frame index=3041 frame address=0x00002ba1 word=94 mask=0x30000000)
[2022-12-16 21:41:44] Word 1844505 (Frame index=18262 frame address=0x0044341a word=43 mask=0x00001000)
[2022-12-16 21:41:44] 4 bit errors
[2022-12-16 21:41:44] Cycle 46: 2022-07-29 04:57:41
[2022-12-16 21:41:48] Word 706812 (Frame index=6998 frame address=0x00023014 word=14 mask=0x00000100)
[2022-12-16 21:41:48] 1 bit errors
[2022-12-16 21:41:48] Cycle 47: 2022-07-29 04:57:46
[2022-12-16 21:41:52] Cycle 48: 2022-07-29 04:57:50
[2022-12-16 21:41:56] Word 167277 (Frame index=1656 frame address=0x000017a2 word=21 mask=0x00800000)
[2022-12-16 21:41:56] Word 1034850 (Frame index=10246 frame address=0x00402a16 word=4 mask=0x00000010)
[2022-12-16 21:41:56] Word 1316506 (Frame index=13034 frame address=0x00421d98 word=72 mask=0x00000800)
[2022-12-16 21:41:56] Word 1460713 (Frame index=14462 frame address=0x00423220 word=51 mask=0x10000000)
[2022-12-16 21:41:56] Word 1460814 (Frame index=14463 frame address=0x00423221 word=51 mask=0x20000000)
[2022-12-16 21:41:56] 5 bit errors
[2022-12-16 21:41:56] Cycle 49: 2022-07-29 04:57:54
[2022-12-16 21:42:00] Word 1238644 (Frame index=12263 frame address=0x00421223 word=81 mask=0x08000000)
[2022-12-16 21:42:00] 1 bit errors
[2022-12-16 21:42:00] Cycle 50: 2022-07-29 04:57:58
[2022-12-16 21:42:05] Word 281221 (Frame index=2784 frame address=0x0000281c word=37 mask=0x00000020)
[2022-12-16 21:42:05] Word 281322 (Frame index=2785 frame address=0x0000281d word=37 mask=0x00000010)
[2022-12-16 21:42:05] Word 485314 (Frame index=4805 frame address=0x00021089 word=9 mask=0x00000020)
[2022-12-16 21:42:05] 3 bit errors
[2022-12-16 21:42:05] Cycle 51: 2022-07-29 04:58:02
[2022-12-16 21:42:09] Cycle 52: 2022-07-29 04:58:06
[2022-12-16 21:42:13] Word 269277 (Frame index=2666 frame address=0x00002692 word=11 mask=0x00000800)
[2022-12-16 21:42:13] Word 988241 (Frame index=9784 frame address=0x0040239c word=57 mask=0x10000000)
[2022-12-16 21:42:13] Word 988342 (Frame index=9785 frame address=0x0040239d word=57 mask=0x08000000)
[2022-12-16 21:42:13] 3 bit errors
[2022-12-16 21:42:13] Cycle 53: 2022-07-29 04:58:11
[2022-12-16 21:42:17] Word 328737 (Frame index=3254 frame address=0x00002f0a word=83 mask=0x00000080)
[2022-12-16 21:42:17] Word 788234 (Frame index=7804 frame address=0x0040069c word=30 mask=0x00000010)
[2022-12-16 21:42:17] Word 788335 (Frame index=7805 frame address=0x0040069d word=30 mask=0x00000008)
[2022-12-16 21:42:17] Word 1371049 (Frame index=13574 frame address=0x0042258c word=75 mask=0x00080000)
[2022-12-16 21:42:17] Word 1371150 (Frame index=13575 frame address=0x0042258d word=75 mask=0x00080000)
[2022-12-16 21:42:17] 5 bit errors
[2022-12-16 21:42:17] Cycle 54: 2022-07-29 04:58:15
[2022-12-16 21:42:21] Cycle 55: 2022-07-29 04:58:19
[2022-12-16 21:42:25] Word 857163 (Frame index=8486 frame address=0x0040109c word=77 mask=0x40000000)
[2022-12-16 21:42:25] Word 857264 (Frame index=8487 frame address=0x0040109d word=77 mask=0x20000000)
[2022-12-16 21:42:25] 2 bit errors
[2022-12-16 21:42:25] Cycle 56: 2022-07-29 04:58:23
[2022-12-16 21:42:30] Cycle 57: 2022-07-29 04:58:27
[2022-12-16 21:42:34] Cycle 58: 2022-07-29 04:58:31
[2022-12-16 21:42:38] Cycle 59: 2022-07-29 04:58:36
[2022-12-16 21:42:42] Cycle 60: 2022-07-29 04:58:40
[2022-12-16 21:42:46] Cycle 61: 2022-07-29 04:58:44
[2022-12-16 21:42:50] Word 28358 (Frame index=280 frame address=0x00000400 word=78 mask=0x00000020)
[2022-12-16 21:42:50] Word 28459 (Frame index=281 frame address=0x00000401 word=78 mask=0x00000010)
[2022-12-16 21:42:50] 2 bit errors
[2022-12-16 21:42:50] Cycle 62: 2022-07-29 04:58:48
[2022-12-16 21:42:54] Word 173610 (Frame index=1718 frame address=0x000018a0 word=92 mask=0x00002000)
[2022-12-16 21:42:54] Word 173711 (Frame index=1719 frame address=0x000018a1 word=92 mask=0x00004000)
[2022-12-16 21:42:54] Word 1524976 (Frame index=15098 frame address=0x00440622 word=78 mask=0x00000010)
[2022-12-16 21:42:54] Word 1525077 (Frame index=15099 frame address=0x00440623 word=78 mask=0x00000020)
[2022-12-16 21:42:54] 4 bit errors
[2022-12-16 21:42:54] Cycle 63: 2022-07-29 04:58:52
[2022-12-16 21:42:59] Cycle 64: 2022-07-29 04:58:56
[2022-12-16 21:43:03] Word 402617 (Frame index=3986 frame address=0x00020488 word=31 mask=0x08000000)
[2022-12-16 21:43:03] 1 bit errors
[2022-12-16 21:43:03] Cycle 65: 2022-07-29 04:59:01
[2022-12-16 21:43:07] Word 1549698 (Frame index=15343 frame address=0x00440a07 word=55 mask=0x00008000)
[2022-12-16 21:43:07] 1 bit errors
[2022-12-16 21:43:07] Cycle 66: 2022-07-29 04:59:05
[2022-12-16 21:43:11] Cycle 67: 2022-07-29 04:59:09
[2022-12-16 21:43:15] Cycle 68: 2022-07-29 04:59:13
[2022-12-16 21:43:19] Cycle 69: 2022-07-29 04:59:17
[2022-12-16 21:43:24] Cycle 70: 2022-07-29 04:59:21
[2022-12-16 21:43:28] Word 329634 (Frame index=3263 frame address=0x00002f13 word=71 mask=0x00000100)
[2022-12-16 21:43:28] 1 bit errors
[2022-12-16 21:43:28] Cycle 71: 2022-07-29 04:59:25
[2022-12-16 21:43:32] Cycle 72: 2022-07-29 04:59:30
[2022-12-16 21:43:36] Cycle 73: 2022-07-29 04:59:34
[2022-12-16 21:43:40] Word 800803 (Frame index=7928 frame address=0x00400890 word=75 mask=0x00000200)
[2022-12-16 21:43:40] 1 bit errors
[2022-12-16 21:43:40] Cycle 74: 2022-07-29 04:59:38
[2022-12-16 21:43:44] Cycle 75: 2022-07-29 04:59:42
[2022-12-16 21:43:49] Cycle 76: 2022-07-29 04:59:46
[2022-12-16 21:43:53] Word 840179 (Frame index=8318 frame address=0x00400e18 word=61 mask=0x20000000)
[2022-12-16 21:43:53] 1 bit errors
[2022-12-16 21:43:53] Cycle 77: 2022-07-29 04:59:50
[2022-12-16 21:43:57] Word 1286514 (Frame index=12737 frame address=0x0042191d word=77 mask=0x00000010)
[2022-12-16 21:43:57] 1 bit errors
[2022-12-16 21:43:57] Cycle 78: 2022-07-29 04:59:55
