[2022-12-16 15:58:05] 
[2022-12-16 15:58:05] [1m        __   _ __      _  __[0m
[2022-12-16 15:58:05] [1m       / /  (_) /____ | |/_/[0m
[2022-12-16 15:58:05] [1m      / /__/ / __/ -_)>  <[0m
[2022-12-16 15:58:05] [1m     /____/_/\__/\__/_/|_|[0m
[2022-12-16 15:58:05] [1m   Build your hardware, easily![0m
[2022-12-16 15:58:05]  (c) Copyright 2012-2022 Enjoy-Digital
[2022-12-16 15:58:05]  (c) Copyright 2007-2015 M-Labs
[2022-12-16 15:58:05]  BIOS built on Nov 28 2022 18:17:22
[2022-12-16 15:58:05]  BIOS CRC passed (b0e744c8)
[2022-12-16 15:58:05]  LiteX git sha1: f707551c
[2022-12-16 15:58:05] --=============== [1mSoC[0m ==================--
[2022-12-16 15:58:05] [1mCPU[0m:		VexRiscv @ 75MHz
[2022-12-16 15:58:05] [1mBUS[0m:		WISHBONE 32-bit @ 4GiB
[2022-12-16 15:58:05] [1mCSR[0m:		32-bit data
[2022-12-16 15:58:05] [1mROM[0m:		128KiB
[2022-12-16 15:58:05] [1mSRAM[0m:		8KiB
[2022-12-16 15:58:05] [1mL2[0m:		8KiB
[2022-12-16 15:58:05] [1mSDRAM[0m:		524288KiB 16-bit @ 600MT/s (CL-7 CWL-5)
[2022-12-16 15:58:05] --========== [1mInitialization[0m ============--
[2022-12-16 15:58:05] Initializing SDRAM @0x40000000...
[2022-12-16 15:58:05] Switching SDRAM to software control.
[2022-12-16 15:58:05] Read leveling:
[2022-12-16 15:58:05]   m0, b00: |00000000000000000000000000000000| delays: -
[2022-12-16 15:58:05]   m0, b01: |11111111000000000000000000000000| delays: 04+-04
[2022-12-16 15:58:05]   m0, b02: |00000000001111111111111111110000| delays: 19+-09
[2022-12-16 15:58:05]   m0, b03: |00000000000000000000000000000000| delays: -
[2022-12-16 15:58:05]   m0, b04: |00000000000000000000000000000000| delays: -
[2022-12-16 15:58:05]   m0, b05: |00000000000000000000000000000000| delays: -
[2022-12-16 15:58:05]   m0, b06: |00000000000000000000000000000000| delays: -
[2022-12-16 15:58:05]   m0, b07: |00000000000000000000000000000000| delays: -
[2022-12-16 15:58:05]   best: m0, b02 delays: 19+-09
[2022-12-16 15:58:05]   m1, b00: |00000000000000000000000000000000| delays: -
[2022-12-16 15:58:05]   m1, b01: |11111111000000000000000000000000| delays: 04+-04
[2022-12-16 15:58:05]   m1, b02: |00000000011111111111111111110000| delays: 18+-09
[2022-12-16 15:58:05]   m1, b03: |00000000000000000000000000000001| delays: 00+-02
[2022-12-16 15:58:05]   m1, b04: |00000000000000000000000000000000| delays: -
[2022-12-16 15:58:05]   m1, b05: |00000000000000000000000000000000| delays: -
[2022-12-16 15:58:05]   m1, b06: |00000000000000000000000000000000| delays: -
[2022-12-16 15:58:05]   m1, b07: |00000000000000000000000000000000| delays: -
[2022-12-16 15:58:05]   best: m1, b02 delays: 18+-09
[2022-12-16 15:58:05] Switching SDRAM to hardware control.
[2022-12-16 15:58:05] Memtest at 0x40000000 (2.0MiB)...
[2022-12-16 15:58:05]   Write: 0x40000000-0x40000000 0B   
[2022-12-16 15:58:05]   Write: 0x40000000-0x40200000 2.0MiB   
[2022-12-16 15:58:05]    Read: 0x40000000-0x40000000 0B   
[2022-12-16 15:58:05]    Read: 0x40000000-0x40200000 2.0MiB   
[2022-12-16 15:58:05] Memtest OK
[2022-12-16 15:58:05] Memspeed at 0x40000000 (Sequential, 2.0MiB)...
[2022-12-16 15:58:05]   Write speed: 26.2MiB/s
[2022-12-16 15:58:05]    Read speed: 35.1MiB/s
[2022-12-16 15:58:05] --============== [1mBoot[0m ==================--
[2022-12-16 15:58:05] Booting from serial...
[2022-12-16 15:58:05] Press Q or ESC to abort boot completely.
[2022-12-16 15:58:05] sL5DdSMmkekro
[2022-12-16 15:58:06] Timeout
[2022-12-16 15:58:06] No boot medium found
[2022-12-16 15:58:06] --============= [1mConsole[0m ================--
[2022-12-16 15:58:06] [92;1mlitex[0m> 
[2022-12-16 15:58:06] [92;1mlitex[0m> 
[2022-12-16 15:58:06] [92;1mlitex[0m> sdram_bist_pat 90
[2022-12-16 15:58:06] sdram_bist_pat 90
[2022-12-16 15:58:06] [92;1mlitex[0m> sdram_bist 8192 1 0 1
[2022-12-16 15:58:06] sdram_bist 8192 1 0 1
[2022-12-16 15:58:06] Starting SDRAM BIST with length=8192, addr_mode=1, data_mode=0 wmode=1
[2022-12-16 15:58:06] WR-BW(MiB/s) RD-BW(MiB/s)  TESTED(MiB)     ERRORS
[2022-12-16 15:58:07]          941          940          473          0
[2022-12-16 15:58:09]          940          931         1373          0
[2022-12-16 15:58:11]            0          930         2311          0
[2022-12-16 15:58:13]            0          930         3249          0
[2022-12-16 15:58:15]            0          930           90          0
[2022-12-16 15:58:17]            0          930         1028          0
[2022-12-16 15:58:18]            0          930         1965          0
[2022-12-16 15:58:20]            0          930         2903          0
[2022-12-16 15:58:20] WR-BW(MiB/s) RD-BW(MiB/s)  TESTED(MiB)     ERRORS
[2022-12-16 15:58:22]            0          930         3840          0
[2022-12-16 15:58:24]            0          930          682          0
[2022-12-16 15:58:26]            0          930         1619          0
[2022-12-16 15:58:28]            0          930         2557          0
[2022-12-16 15:58:30]            0          930         3494          0
[2022-12-16 15:58:32]            0          930          336          0
[2022-12-16 15:58:33]            0          930         1273          0
[2022-12-16 15:58:35]            0          930         2211          0
[2022-12-16 15:58:35] WR-BW(MiB/s) RD-BW(MiB/s)  TESTED(MiB)     ERRORS
[2022-12-16 15:58:37]            0          930         3149          0
[2022-12-16 15:58:39]            0          930         4086          0
[2022-12-16 15:58:41]            0          930          928          0
[2022-12-16 15:58:43]            0          930         1865          0
[2022-12-16 15:58:45]            0          930         2803          0
[2022-12-16 15:58:47]            0          930         3740          0
[2022-12-16 15:58:48]            0          930          582          0
[2022-12-16 15:58:50]            0          930         1519          0
[2022-12-16 15:58:50] WR-BW(MiB/s) RD-BW(MiB/s)  TESTED(MiB)     ERRORS
[2022-12-16 15:58:52]            0          930         2457          0
[2022-12-16 15:58:54]            0          930         3394          0
[2022-12-16 15:58:56]            0          930          236          0
[2022-12-16 15:58:58]            0          930         1174          0
[2022-12-16 15:59:00]            0          930         2111          0
[2022-12-16 15:59:02]            0          930         3049          0
[2022-12-16 15:59:03]            0          930         3986          0
[2022-12-16 15:59:05]            0          930          828          0
[2022-12-16 15:59:05] WR-BW(MiB/s) RD-BW(MiB/s)  TESTED(MiB)     ERRORS
[2022-12-16 15:59:07]            0          930         1765          0
[2022-12-16 15:59:09]            0          930         2703          0
[2022-12-16 15:59:11]            0          930         3640          0
[2022-12-16 15:59:13]            0          930          482          0
[2022-12-16 15:59:15]            0          930         1419          0
[2022-12-16 15:59:17]            0          930         2357          0
[2022-12-16 15:59:18]            0          930         3294          0
[2022-12-16 15:59:20]            0          930          136          0
[2022-12-16 15:59:20] WR-BW(MiB/s) RD-BW(MiB/s)  TESTED(MiB)     ERRORS
[2022-12-16 15:59:22]            0          930         1074          0
[2022-12-16 15:59:24]            0          930         2011          0
[2022-12-16 15:59:26]            0          930         2949          0
[2022-12-16 15:59:28]            0          930         3886          0
[2022-12-16 15:59:30]            0          930          728          0
[2022-12-16 15:59:32]            0          930         1665          0
[2022-12-16 15:59:33]            0          930         2603          0
[2022-12-16 15:59:35]            0          930         3540          0
[2022-12-16 15:59:35] WR-BW(MiB/s) RD-BW(MiB/s)  TESTED(MiB)     ERRORS
[2022-12-16 15:59:37]            0          930          382          0
[2022-12-16 15:59:39]            0          930         1319          0
[2022-12-16 15:59:41]            0          930         2257          0
[2022-12-16 15:59:43]            0          930         3194          0
[2022-12-16 15:59:45]            0          930           36          0
[2022-12-16 15:59:47]            0          930          974          0
[2022-12-16 15:59:49]            0          930         1911          0
[2022-12-16 15:59:50]            0          930         2849          0
[2022-12-16 15:59:50] WR-BW(MiB/s) RD-BW(MiB/s)  TESTED(MiB)     ERRORS
[2022-12-16 15:59:52]            0          930         3786          0
[2022-12-16 15:59:54]            0          930          628          0
[2022-12-16 15:59:56]            0          930         1565          0
[2022-12-16 15:59:58]            0          930         2503          0
[2022-12-16 16:00:00]            0          930         3440          0
[2022-12-16 16:00:02]            0          930          282          0
[2022-12-16 16:00:03]            0          930         1219          0
[2022-12-16 16:00:05]            0          930         2157          0
[2022-12-16 16:00:05] WR-BW(MiB/s) RD-BW(MiB/s)  TESTED(MiB)     ERRORS
[2022-12-16 16:00:07]            0          930         3095          0
[2022-12-16 16:00:09]            0          930         4032          0
[2022-12-16 16:00:11]            0          930          874          0
[2022-12-16 16:00:13]            0          930         1811          0
[2022-12-16 16:00:15]            0          930         2749          0
[2022-12-16 16:00:17]            0          930         3686          0
[2022-12-16 16:00:18]            0          930          528          0
[2022-12-16 16:00:20]            0          930         1465          0
[2022-12-16 16:00:20] WR-BW(MiB/s) RD-BW(MiB/s)  TESTED(MiB)     ERRORS
[2022-12-16 16:00:22]            0          930         2403          0
[2022-12-16 16:00:24]            0          930         3340          0
[2022-12-16 16:00:26]            0          930          182          0
[2022-12-16 16:00:28]            0          930         1119          0
[2022-12-16 16:00:30]            0          930         2057          0
[2022-12-16 16:00:32]            0          930         2995          0
[2022-12-16 16:00:33]            0          930         3932          0
[2022-12-16 16:00:35]            0          930          774          0
[2022-12-16 16:00:35] WR-BW(MiB/s) RD-BW(MiB/s)  TESTED(MiB)     ERRORS
[2022-12-16 16:00:37]            0          930         1711          0
[2022-12-16 16:00:39]            0          930         2649          0
[2022-12-16 16:00:41]            0          930         3586          0
[2022-12-16 16:00:43]            0          930          428          0
[2022-12-16 16:00:45]            0          930         1365          0
[2022-12-16 16:00:47]            0          930         2303          0
[2022-12-16 16:00:49]            0          930         3240          0
[2022-12-16 16:00:50]            0          930           82          0
[2022-12-16 16:00:50] WR-BW(MiB/s) RD-BW(MiB/s)  TESTED(MiB)     ERRORS
[2022-12-16 16:00:52]            0          930         1020          0
[2022-12-16 16:00:54]            0          930         1957          0
[2022-12-16 16:00:56]            0          930         2895          0
[2022-12-16 16:00:58]            0          930         3832          0
[2022-12-16 16:01:00]            0          930          674          0
[2022-12-16 16:01:02]            0          930         1611          0
[2022-12-16 16:01:04]            0          930         2549          0
[2022-12-16 16:01:05]            0          930         3486          0
[2022-12-16 16:01:05] WR-BW(MiB/s) RD-BW(MiB/s)  TESTED(MiB)     ERRORS
[2022-12-16 16:01:07]            0          930          328          0
[2022-12-16 16:01:09]            0          930         1265          0
[2022-12-16 16:01:11]            0          930         2203          0
[2022-12-16 16:01:13]            0          930         3140          0
[2022-12-16 16:01:15]            0          930         4078          0
[2022-12-16 16:01:17]            0          930          920          0
[2022-12-16 16:01:19]            0          930         1857          0
[2022-12-16 16:01:20]            0          930         2795          0
[2022-12-16 16:01:20] WR-BW(MiB/s) RD-BW(MiB/s)  TESTED(MiB)     ERRORS
[2022-12-16 16:01:22]            0          930         3732          0
[2022-12-16 16:01:24]            0          930          574          0
[2022-12-16 16:01:26]            0          930         1511          0
[2022-12-16 16:01:28]            0          930         2449          0
[2022-12-16 16:01:30]            0          930         3386          0
[2022-12-16 16:01:32]            0          930          228          0
[2022-12-16 16:01:34]            0          930         1165          0
[2022-12-16 16:01:35]            0          930         2103          0
[2022-12-16 16:01:35] WR-BW(MiB/s) RD-BW(MiB/s)  TESTED(MiB)     ERRORS
[2022-12-16 16:01:37]            0          930         3040          0
[2022-12-16 16:01:39]            0          930         3978          0
[2022-12-16 16:01:41]            0          930          820          0
[2022-12-16 16:01:43]            0          930         1757          0
[2022-12-16 16:01:45]            0          930         2695          0
[2022-12-16 16:01:47]            0          930         3632          0
[2022-12-16 16:01:49]            0          930          474          0
[2022-12-16 16:01:50]            0          930         1411          0
[2022-12-16 16:01:50] WR-BW(MiB/s) RD-BW(MiB/s)  TESTED(MiB)     ERRORS
[2022-12-16 16:01:52]            0          930         2349          0
[2022-12-16 16:01:54]            0          930         3286          0
[2022-12-16 16:01:56]            0          930          128          0
[2022-12-16 16:01:58]            0          930         1065          0
[2022-12-16 16:02:00]            0          930         2003          0
[2022-12-16 16:02:02]            0          930         2940          0
[2022-12-16 16:02:04]            0          930         3878          0
[2022-12-16 16:02:05]            0          930          720          0
[2022-12-16 16:02:05] WR-BW(MiB/s) RD-BW(MiB/s)  TESTED(MiB)     ERRORS
[2022-12-16 16:02:07]            0          930         1657          0
[2022-12-16 16:02:09]            0          930         2595          0
[2022-12-16 16:02:11]            0          930         3532          0
[2022-12-16 16:02:13]            0          930          374          0
[2022-12-16 16:02:15]            0          930         1311          0
[2022-12-16 16:02:17]            0          930         2249          0
[2022-12-16 16:02:19]            0          930         3186          0
[2022-12-16 16:02:20]            0          930           28          0
[2022-12-16 16:02:20] WR-BW(MiB/s) RD-BW(MiB/s)  TESTED(MiB)     ERRORS
[2022-12-16 16:02:22]            0          930          965          0
[2022-12-16 16:02:24]            0          930         1903          0
[2022-12-16 16:02:26]            0          930         2841          0
[2022-12-16 16:02:28]            0          930         3778          0
[2022-12-16 16:02:30]            0          930          620          0
[2022-12-16 16:02:32]            0          930         1557          0
[2022-12-16 16:02:34]            0          930         2495          0
[2022-12-16 16:02:35]            0          930         3432          0
[2022-12-16 16:02:35] WR-BW(MiB/s) RD-BW(MiB/s)  TESTED(MiB)     ERRORS
[2022-12-16 16:02:37]            0          930          274          0
[2022-12-16 16:02:39]            0          930         1211          0
[2022-12-16 16:02:41]            0          930         2149          0
[2022-12-16 16:02:43]            0          930         3086          0
[2022-12-16 16:02:45]            0          930         4024          0
[2022-12-16 16:02:47]            0          930          865          0
[2022-12-16 16:02:49]            0          930         1803          0
[2022-12-16 16:02:50]            0          930         2741          0
[2022-12-16 16:02:50] WR-BW(MiB/s) RD-BW(MiB/s)  TESTED(MiB)     ERRORS
[2022-12-16 16:02:52]            0          930         3678          0
[2022-12-16 16:02:54]            0          930          520          0
[2022-12-16 16:02:56]            0          930         1457          0
[2022-12-16 16:02:58]            0          930         2395          0
[2022-12-16 16:03:00]            0          930         3332          0
[2022-12-16 16:03:02]            0          930          174          0
[2022-12-16 16:03:04]            0          930         1111          0
[2022-12-16 16:03:05]            0          930         2049          0
[2022-12-16 16:03:05] WR-BW(MiB/s) RD-BW(MiB/s)  TESTED(MiB)     ERRORS
[2022-12-16 16:03:07]            0          930         2986          0
[2022-12-16 16:03:09]            0          930         3924          0
[2022-12-16 16:03:11]            0          930          766          0
[2022-12-16 16:03:13]            0          930         1703          0
[2022-12-16 16:03:15]            0          930         2641          0
[2022-12-16 16:03:17]            0          930         3578          0
[2022-12-16 16:03:19]            0          930          420          0
[2022-12-16 16:03:20]            0          930         1357          0
[2022-12-16 16:03:20] WR-BW(MiB/s) RD-BW(MiB/s)  TESTED(MiB)     ERRORS
[2022-12-16 16:03:22]            0          930         2295          0
[2022-12-16 16:03:24]            0          930         3232          0
[2022-12-16 16:03:26]            0          930           74          0
[2022-12-16 16:03:28]            0          930         1011          0
[2022-12-16 16:03:30]            0          930         1949          0
[2022-12-16 16:03:32]            0          930         2886          0
[2022-12-16 16:03:34]            0          930         3824          0
[2022-12-16 16:03:35]            0          930          665          0
[2022-12-16 16:03:35] WR-BW(MiB/s) RD-BW(MiB/s)  TESTED(MiB)     ERRORS
[2022-12-16 16:03:37]            0          930         1603          0
[2022-12-16 16:03:39]            0          930         2541          0
[2022-12-16 16:03:41]            0          930         3478          0
[2022-12-16 16:03:43]            0          930          320          0
[2022-12-16 16:03:45]            0          930         1257          0
[2022-12-16 16:03:47]            0          930         2195          0
[2022-12-16 16:03:49]            0          930         3132          0
[2022-12-16 16:03:50]            0          930         4070          0
[2022-12-16 16:03:50] WR-BW(MiB/s) RD-BW(MiB/s)  TESTED(MiB)     ERRORS
[2022-12-16 16:03:52]            0          930          911          0
[2022-12-16 16:03:54]            0          930         1849          0
[2022-12-16 16:03:56]            0          930         2786          0
[2022-12-16 16:03:58]            0          930         3724          0
[2022-12-16 16:04:00]            0          930          566          0
[2022-12-16 16:04:02]            0          930         1503          0
[2022-12-16 16:04:04]            0          930         2441          0
[2022-12-16 16:04:05]            0          930         3378          0
[2022-12-16 16:04:05] WR-BW(MiB/s) RD-BW(MiB/s)  TESTED(MiB)     ERRORS
[2022-12-16 16:04:07]            0          930          220          0
[2022-12-16 16:04:09]            0          930         1157          0
[2022-12-16 16:04:11]            0          930         2095          0
[2022-12-16 16:04:13]            0          930         3032          0
[2022-12-16 16:04:15]            0          930         3970          0
[2022-12-16 16:04:17]            0          930          811          0
[2022-12-16 16:04:19]            0          930         1749          0
[2022-12-16 16:04:20]            0          930         2686          0
[2022-12-16 16:04:20] WR-BW(MiB/s) RD-BW(MiB/s)  TESTED(MiB)     ERRORS
[2022-12-16 16:04:22]            0          930         3624          0
[2022-12-16 16:04:24]            0          930          466          0
[2022-12-16 16:04:26]            0          930         1403          0
[2022-12-16 16:04:28]            0          930         2341          0
[2022-12-16 16:04:30]            0          930         3278          0
[2022-12-16 16:04:32]            0          930          120          0
[2022-12-16 16:04:34]            0          930         1057          0
[2022-12-16 16:04:35]            0          930         1995          0
[2022-12-16 16:04:35] WR-BW(MiB/s) RD-BW(MiB/s)  TESTED(MiB)     ERRORS
[2022-12-16 16:04:37]            0          930         2932          0
[2022-12-16 16:04:39]            0          930         3870          0
[2022-12-16 16:04:41]            0          930          711          0
[2022-12-16 16:04:43]            0          930         1649          0
[2022-12-16 16:04:45]            0          930         2586          0
[2022-12-16 16:04:47]            0          930         3524          0
[2022-12-16 16:04:49]            0          930          366          0
[2022-12-16 16:04:50]            0          930         1303          0
[2022-12-16 16:04:50] WR-BW(MiB/s) RD-BW(MiB/s)  TESTED(MiB)     ERRORS
[2022-12-16 16:04:52]            0          930         2241          0
[2022-12-16 16:04:54]            0          930         3178          0
[2022-12-16 16:04:56]            0          930           20          0
[2022-12-16 16:04:58]            0          930          957          0
[2022-12-16 16:05:00]            0          930         1895          0
[2022-12-16 16:05:02]            0          930         2832          0
[2022-12-16 16:05:04]            0          930         3770          0
[2022-12-16 16:05:05]            0          930          611          0
[2022-12-16 16:05:05] WR-BW(MiB/s) RD-BW(MiB/s)  TESTED(MiB)     ERRORS
[2022-12-16 16:05:07]            0          930         1549          0
[2022-12-16 16:05:09]            0          930         2487          0
[2022-12-16 16:05:11]            0          930         3424          0
[2022-12-16 16:05:13]            0          930          266          0
[2022-12-16 16:05:15]            0          930         1203          0
[2022-12-16 16:05:17]            0          930         2141          0
[2022-12-16 16:05:19]            0          930         3078          0
[2022-12-16 16:05:20]            0          930         4016          0
[2022-12-16 16:05:20] WR-BW(MiB/s) RD-BW(MiB/s)  TESTED(MiB)     ERRORS
[2022-12-16 16:05:22]            0          930          857          0
[2022-12-16 16:05:24]            0          930         1795          0
[2022-12-16 16:05:26]            0          930         2732          0
[2022-12-16 16:05:28]            0          930         3670          0
[2022-12-16 16:05:30]            0          930          511          0
[2022-12-16 16:05:32]            0          930         1449          0
[2022-12-16 16:05:34]            0          930         2387          0
[2022-12-16 16:05:35]            0          930         3324          0
[2022-12-16 16:05:35] WR-BW(MiB/s) RD-BW(MiB/s)  TESTED(MiB)     ERRORS
[2022-12-16 16:05:37]            0          930          166          0
[2022-12-16 16:05:39]            0          930         1103          0
[2022-12-16 16:05:41]            0          930         2041          0
[2022-12-16 16:05:43]            0          930         2978          0
[2022-12-16 16:05:45]            0          930         3916          0
[2022-12-16 16:05:47]            0          930          757          0
[2022-12-16 16:05:49]            0          930         1695          0
[2022-12-16 16:05:50]            0          930         2632          0
[2022-12-16 16:05:50] WR-BW(MiB/s) RD-BW(MiB/s)  TESTED(MiB)     ERRORS
[2022-12-16 16:05:52]            0          930         3570          0
[2022-12-16 16:05:54]            0          930          412          0
[2022-12-16 16:05:56]            0          930         1349          0
[2022-12-16 16:05:58]            0          930         2287          0
[2022-12-16 16:06:00]            0          930         3224          0
[2022-12-16 16:06:02]            0          930           66          0
[2022-12-16 16:06:04]            0          930         1003          0
[2022-12-16 16:06:05]            0          930         1941          0
[2022-12-16 16:06:05] WR-BW(MiB/s) RD-BW(MiB/s)  TESTED(MiB)     ERRORS
[2022-12-16 16:06:07]            0          930         2878          0
[2022-12-16 16:06:09]            0          930         3816          0
[2022-12-16 16:06:11]            0          930          657          0
[2022-12-16 16:06:13]            0          930         1595          0
[2022-12-16 16:06:15]            0          930         2532          0
[2022-12-16 16:06:17]            0          930         3470          0
[2022-12-16 16:06:19]            0          930          311          0
[2022-12-16 16:06:20]            0          930         1249          0
[2022-12-16 16:06:20] WR-BW(MiB/s) RD-BW(MiB/s)  TESTED(MiB)     ERRORS
[2022-12-16 16:06:22]            0          930         2187          0
[2022-12-16 16:06:24]            0          930         3124          0
[2022-12-16 16:06:26]            0          930         4062          0
[2022-12-16 16:06:28]            0          930          903          0
[2022-12-16 16:06:30]            0          930         1841          0
[2022-12-16 16:06:32]            0          930         2778          0
[2022-12-16 16:06:34]            0          930         3716          0
[2022-12-16 16:06:35]            0          930          557          0
[2022-12-16 16:06:35] WR-BW(MiB/s) RD-BW(MiB/s)  TESTED(MiB)     ERRORS
[2022-12-16 16:06:37]            0          930         1495          0
[2022-12-16 16:06:39]            0          930         2432          0
[2022-12-16 16:06:41]            0          930         3370          0
[2022-12-16 16:06:43]            0          930          212          0
[2022-12-16 16:06:45]            0          930         1149          0
[2022-12-16 16:06:47]            0          930         2087          0
[2022-12-16 16:06:49]            0          930         3024          0
[2022-12-16 16:06:50]            0          930         3962          0
[2022-12-16 16:06:50] WR-BW(MiB/s) RD-BW(MiB/s)  TESTED(MiB)     ERRORS
[2022-12-16 16:06:52]            0          930          803          0
[2022-12-16 16:06:54]            0          930         1741          0
[2022-12-16 16:06:56]            0          930         2678          0
[2022-12-16 16:06:58]            0          930         3616          0
[2022-12-16 16:07:00]            0          930          457          0
[2022-12-16 16:07:02]            0          930         1395          0
[2022-12-16 16:07:04]            0          930         2332          0
[2022-12-16 16:07:05]            0          930         3270          0
[2022-12-16 16:07:05] WR-BW(MiB/s) RD-BW(MiB/s)  TESTED(MiB)     ERRORS
[2022-12-16 16:07:07]            0          930          112          0
[2022-12-16 16:07:09]            0          930         1049          0
[2022-12-16 16:07:11]            0          930         1987          0
[2022-12-16 16:07:13]            0          930         2924          0
[2022-12-16 16:07:15]            0          930         3862          0
[2022-12-16 16:07:17]            0          930          703          0
[2022-12-16 16:07:19]            0          930         1641          0
[2022-12-16 16:07:20]            0          930         2578          0
[2022-12-16 16:07:20] WR-BW(MiB/s) RD-BW(MiB/s)  TESTED(MiB)     ERRORS
[2022-12-16 16:07:22]            0          930         3516          0
[2022-12-16 16:07:24]            0          930          357          0
[2022-12-16 16:07:26]            0          930         1295          0
[2022-12-16 16:07:28]            0          930         2232          0
[2022-12-16 16:07:30]            0          930         3170          0
[2022-12-16 16:07:32]            0          930           12          0
[2022-12-16 16:07:34]            0          930          949          0
[2022-12-16 16:07:35]            0          930         1887          0
[2022-12-16 16:07:35] WR-BW(MiB/s) RD-BW(MiB/s)  TESTED(MiB)     ERRORS
[2022-12-16 16:07:37]            0          930         2824          0
[2022-12-16 16:07:39]            0          930         3762          0
[2022-12-16 16:07:41]            0          930          603          0
[2022-12-16 16:07:43]            0          930         1541          0
[2022-12-16 16:07:45]            0          930         2478          0
[2022-12-16 16:07:47]            0          930         3416          0
[2022-12-16 16:07:49]            0          930          257          0
[2022-12-16 16:07:50]            0          930         1195          0
[2022-12-16 16:07:50] WR-BW(MiB/s) RD-BW(MiB/s)  TESTED(MiB)     ERRORS
[2022-12-16 16:07:52]            0          930         2133          0
[2022-12-16 16:07:54]            0          930         3070          0
[2022-12-16 16:07:56]            0          930         4008          0
[2022-12-16 16:07:58]            0          930          849          0
[2022-12-16 16:08:00]            0          930         1787          0
[2022-12-16 16:08:02]            0          930         2724          0
[2022-12-16 16:08:04]            0          930         3662          0
[2022-12-16 16:08:05]            0          930          503          0
[2022-12-16 16:08:05] WR-BW(MiB/s) RD-BW(MiB/s)  TESTED(MiB)     ERRORS
[2022-12-16 16:08:07]            0          930         1441          0
[2022-12-16 16:08:09]            0          930         2378          0
[2022-12-16 16:08:11]            0          930         3316          0
[2022-12-16 16:08:13]            0          930          157          0
[2022-12-16 16:08:15]            0          930         1095          0
[2022-12-16 16:08:17]            0          930         2033          0
[2022-12-16 16:08:19]            0          930         2970          0
[2022-12-16 16:08:21]            0          930         3908          0
[2022-12-16 16:08:21] WR-BW(MiB/s) RD-BW(MiB/s)  TESTED(MiB)     ERRORS
[2022-12-16 16:08:22]            0          930          749          0
[2022-12-16 16:08:24]            0          930         1687          0
[2022-12-16 16:08:26]            0          930         2624          0
[2022-12-16 16:08:28]            0          930         3562          0
[2022-12-16 16:08:30]            0          930          403          0
[2022-12-16 16:08:32]            0          930         1341          0
[2022-12-16 16:08:34]            0          930         2278          0
[2022-12-16 16:08:36]            0          930         3216          0
[2022-12-16 16:08:36] WR-BW(MiB/s) RD-BW(MiB/s)  TESTED(MiB)     ERRORS
[2022-12-16 16:08:37]            0          930           57          0
[2022-12-16 16:08:39]            0          930          995          0
[2022-12-16 16:08:41]            0          930         1933          0
[2022-12-16 16:08:43]            0          930         2870          0
[2022-12-16 16:08:45]            0          930         3808          0
[2022-12-16 16:08:47]            0          930          649          0
[2022-12-16 16:08:49]            0          930         1587          0
[2022-12-16 16:08:51]            0          930         2524          0
[2022-12-16 16:08:51] WR-BW(MiB/s) RD-BW(MiB/s)  TESTED(MiB)     ERRORS
[2022-12-16 16:08:52]            0          930         3462          0
[2022-12-16 16:08:54]            0          930          303          0
[2022-12-16 16:08:56]            0          930         1241          0
[2022-12-16 16:08:58]            0          930         2178          0
[2022-12-16 16:09:00]            0          930         3116          0
[2022-12-16 16:09:02]            0          930         4053          0
[2022-12-16 16:09:04]            0          930          895          0
[2022-12-16 16:09:06]            0          930         1833          0
[2022-12-16 16:09:06] WR-BW(MiB/s) RD-BW(MiB/s)  TESTED(MiB)     ERRORS
[2022-12-16 16:09:07]            0          930         2770          0
[2022-12-16 16:09:09]            0          930         3708          0
[2022-12-16 16:09:11]            0          930          549          0
[2022-12-16 16:09:13]            0          930         1487          0
[2022-12-16 16:09:15]            0          930         2424          0
[2022-12-16 16:09:17]            0          930         3362          0
[2022-12-16 16:09:19]            0          930          203          0
[2022-12-16 16:09:21]            0          930         1141          0
[2022-12-16 16:09:21] WR-BW(MiB/s) RD-BW(MiB/s)  TESTED(MiB)     ERRORS
[2022-12-16 16:09:22]            0          930         2078          0
[2022-12-16 16:09:24]            0          930         3016          0
[2022-12-16 16:09:26]            0          930         3954          0
[2022-12-16 16:09:28]            0          930          795          0
[2022-12-16 16:09:30]            0          930         1733          0
