[2022-12-16 15:53:10] 
[2022-12-16 15:53:10] [1m        __   _ __      _  __[0m
[2022-12-16 15:53:10] [1m       / /  (_) /____ | |/_/[0m
[2022-12-16 15:53:10] [1m      / /__/ / __/ -_)>  <[0m
[2022-12-16 15:53:10] [1m     /____/_/\__/\__/_/|_|[0m
[2022-12-16 15:53:10] [1m   Build your hardware, easily![0m
[2022-12-16 15:53:10]  (c) Copyright 2012-2022 Enjoy-Digital
[2022-12-16 15:53:10]  (c) Copyright 2007-2015 M-Labs
[2022-12-16 15:53:10]  BIOS built on Nov 28 2022 18:17:22
[2022-12-16 15:53:10]  BIOS CRC passed (b0e744c8)
[2022-12-16 15:53:10]  LiteX git sha1: f707551c
[2022-12-16 15:53:10] --=============== [1mSoC[0m ==================--
[2022-12-16 15:53:10] [1mCPU[0m:		VexRiscv @ 75MHz
[2022-12-16 15:53:10] [1mBUS[0m:		WISHBONE 32-bit @ 4GiB
[2022-12-16 15:53:10] [1mCSR[0m:		32-bit data
[2022-12-16 15:53:10] [1mROM[0m:		128KiB
[2022-12-16 15:53:10] [1mSRAM[0m:		8KiB
[2022-12-16 15:53:10] [1mL2[0m:		8KiB
[2022-12-16 15:53:10] [1mSDRAM[0m:		524288KiB 16-bit @ 600MT/s (CL-7 CWL-5)
[2022-12-16 15:53:10] --========== [1mInitialization[0m ============--
[2022-12-16 15:53:10] Initializing SDRAM @0x40000000...
[2022-12-16 15:53:10] Switching SDRAM to software control.
[2022-12-16 15:53:10] Read leveling:
[2022-12-16 15:53:10]   m0, b00: |00000000000000000000000000000000| delays: -
[2022-12-16 15:53:10]   m0, b01: |11111111000000000000000000000000| delays: 04+-04
[2022-12-16 15:53:10]   m0, b02: |00000000001111111111111111110000| delays: 19+-09
[2022-12-16 15:53:10]   m0, b03: |00000000000000000000000000000000| delays: -
[2022-12-16 15:53:10]   m0, b04: |00000000000000000000000000000000| delays: -
[2022-12-16 15:53:10]   m0, b05: |00000000000000000000000000000000| delays: -
[2022-12-16 15:53:10]   m0, b06: |00000000000000000000000000000000| delays: -
[2022-12-16 15:53:10]   m0, b07: |00000000000000000000000000000000| delays: -
[2022-12-16 15:53:10]   best: m0, b02 delays: 19+-09
[2022-12-16 15:53:10]   m1, b00: |00000000000000000000000000000000| delays: -
[2022-12-16 15:53:10]   m1, b01: |11111111000000000000000000000000| delays: 04+-04
[2022-12-16 15:53:10]   m1, b02: |00000000011111111111111111111000| delays: 18+-09
[2022-12-16 15:53:10]   m1, b03: |00000000000000000000000000000001| delays: 00+-02
[2022-12-16 15:53:10]   m1, b04: |00000000000000000000000000000000| delays: -
[2022-12-16 15:53:10]   m1, b05: |00000000000000000000000000000000| delays: -
[2022-12-16 15:53:10]   m1, b06: |00000000000000000000000000000000| delays: -
[2022-12-16 15:53:10]   m1, b07: |00000000000000000000000000000000| delays: -
[2022-12-16 15:53:10]   best: m1, b02 delays: 18+-09
[2022-12-16 15:53:10] Switching SDRAM to hardware control.
[2022-12-16 15:53:10] Memtest at 0x40000000 (2.0MiB)...
[2022-12-16 15:53:10]   Write: 0x40000000-0x40000000 0B   
[2022-12-16 15:53:11]   Write: 0x40000000-0x40200000 2.0MiB   
[2022-12-16 15:53:11]    Read: 0x40000000-0x40000000 0B   
[2022-12-16 15:53:11]    Read: 0x40000000-0x40200000 2.0MiB   
[2022-12-16 15:53:11] Memtest OK
[2022-12-16 15:53:11] Memspeed at 0x40000000 (Sequential, 2.0MiB)...
[2022-12-16 15:53:11]   Write speed: 26.2MiB/s
[2022-12-16 15:53:11]    Read speed: 35.1MiB/s
[2022-12-16 15:53:11] --============== [1mBoot[0m ==================--
[2022-12-16 15:53:11] Booting from serial...
[2022-12-16 15:53:11] Press Q or ESC to abort boot completely.
[2022-12-16 15:53:11] sL5DdSMmkekro
[2022-12-16 15:53:11] Timeout
[2022-12-16 15:53:11] No boot medium found
[2022-12-16 15:53:11] --============= [1mConsole[0m ================--
[2022-12-16 15:53:11] [92;1mlitex[0m> 
[2022-12-16 15:53:11] [92;1mlitex[0m> 
[2022-12-16 15:53:11] [92;1mlitex[0m> sdram_bist_pat 90
[2022-12-16 15:53:11] sdram_bist_pat 90
[2022-12-16 15:53:11] [92;1mlitex[0m> sdram_bist 8192 1 0 1
[2022-12-16 15:53:11] sdram_bist 8192 1 0 1
[2022-12-16 15:53:11] Starting SDRAM BIST with length=8192, addr_mode=1, data_mode=0 wmode=1
[2022-12-16 15:53:11] WR-BW(MiB/s) RD-BW(MiB/s)  TESTED(MiB)     ERRORS
[2022-12-16 15:53:13]          941          940          473          0
[2022-12-16 15:53:15]          940          931         1373          0
[2022-12-16 15:53:17]            0          930         2311          0
[2022-12-16 15:53:18]            0          930         3249          0
[2022-12-16 15:53:20]            0          930           90          0
[2022-12-16 15:53:22]            0          930         1028          0
[2022-12-16 15:53:24]            0          930         1965          0
[2022-12-16 15:53:26]            0          930         2903          0
[2022-12-16 15:53:26] WR-BW(MiB/s) RD-BW(MiB/s)  TESTED(MiB)     ERRORS
[2022-12-16 15:53:28]            0          930         3840          0
[2022-12-16 15:53:30]            0          930          682          0
[2022-12-16 15:53:32]            0          930         1619          0
[2022-12-16 15:53:33]            0          930         2557          0
[2022-12-16 15:53:35]            0          930         3494          0
[2022-12-16 15:53:37]            0          930          336          0
[2022-12-16 15:53:39]            0          930         1273          0
[2022-12-16 15:53:41]            0          930         2211          0
[2022-12-16 15:53:41] WR-BW(MiB/s) RD-BW(MiB/s)  TESTED(MiB)     ERRORS
[2022-12-16 15:53:43]            0          930         3149          0
[2022-12-16 15:53:45]            0          930         4086          0
[2022-12-16 15:53:46]            0          930          928          0
[2022-12-16 15:53:48]            0          930         1865          0
[2022-12-16 15:53:50]            0          930         2803          0
[2022-12-16 15:53:52]            0          930         3740          0
[2022-12-16 15:53:54]            0          930          582          0
[2022-12-16 15:53:56]            0          930         1519          0
[2022-12-16 15:53:56] WR-BW(MiB/s) RD-BW(MiB/s)  TESTED(MiB)     ERRORS
[2022-12-16 15:53:58]            0          930         2457          0
[2022-12-16 15:54:00]            0          930         3394          0
[2022-12-16 15:54:01]            0          930          236          0
[2022-12-16 15:54:03]            0          930         1174          0
[2022-12-16 15:54:05]            0          930         2111          0
[2022-12-16 15:54:07]            0          930         3049          0
[2022-12-16 15:54:09]            0          930         3986          0
[2022-12-16 15:54:11]            0          930          828          0
[2022-12-16 15:54:11] WR-BW(MiB/s) RD-BW(MiB/s)  TESTED(MiB)     ERRORS
[2022-12-16 15:54:13]            0          930         1765          0
[2022-12-16 15:54:15]            0          930         2703          0
[2022-12-16 15:54:16]            0          930         3640          0
[2022-12-16 15:54:18]            0          930          482          0
[2022-12-16 15:54:20]            0          930         1419          0
[2022-12-16 15:54:22]            0          930         2357          0
[2022-12-16 15:54:24]            0          930         3294          0
[2022-12-16 15:54:26]            0          930          136          0
[2022-12-16 15:54:26] WR-BW(MiB/s) RD-BW(MiB/s)  TESTED(MiB)     ERRORS
[2022-12-16 15:54:28]            0          930         1074          0
[2022-12-16 15:54:30]            0          930         2011          0
[2022-12-16 15:54:31]            0          930         2949          0
[2022-12-16 15:54:33]            0          930         3886          0
[2022-12-16 15:54:35]            0          930          728          0
[2022-12-16 15:54:37]            0          930         1665          0
[2022-12-16 15:54:39]            0          930         2603          0
[2022-12-16 15:54:41]            0          930         3540          0
[2022-12-16 15:54:41] WR-BW(MiB/s) RD-BW(MiB/s)  TESTED(MiB)     ERRORS
[2022-12-16 15:54:43]            0          930          382          0
[2022-12-16 15:54:45]            0          930         1319          0
[2022-12-16 15:54:46]            0          930         2257          0
[2022-12-16 15:54:48]            0          930         3194          0
[2022-12-16 15:54:50]            0          930           36          0
[2022-12-16 15:54:52]            0          930          974          0
[2022-12-16 15:54:54]            0          930         1911          0
[2022-12-16 15:54:56]            0          930         2849          0
[2022-12-16 15:54:56] WR-BW(MiB/s) RD-BW(MiB/s)  TESTED(MiB)     ERRORS
[2022-12-16 15:54:58]            0          930         3786          0
[2022-12-16 15:55:00]            0          930          628          0
[2022-12-16 15:55:01]            0          930         1565          0
[2022-12-16 15:55:03]            0          930         2503          0
[2022-12-16 15:55:05]            0          930         3440          0
[2022-12-16 15:55:07]            0          930          282          0
[2022-12-16 15:55:09]            0          930         1219          0
[2022-12-16 15:55:11]            0          930         2157          0
[2022-12-16 15:55:11] WR-BW(MiB/s) RD-BW(MiB/s)  TESTED(MiB)     ERRORS
[2022-12-16 15:55:13]            0          930         3095          0
[2022-12-16 15:55:15]            0          930         4032          0
[2022-12-16 15:55:16]            0          930          874          0
[2022-12-16 15:55:18]            0          930         1811          0
[2022-12-16 15:55:20]            0          930         2749          0
[2022-12-16 15:55:22]            0          930         3686          0
[2022-12-16 15:55:24]            0          930          528          0
[2022-12-16 15:55:26]            0          930         1465          0
[2022-12-16 15:55:26] WR-BW(MiB/s) RD-BW(MiB/s)  TESTED(MiB)     ERRORS
[2022-12-16 15:55:28]            0          930         2403          0
[2022-12-16 15:55:30]            0          930         3340          0
[2022-12-16 15:55:31]            0          930          182          0
[2022-12-16 15:55:33]            0          930         1119          0
[2022-12-16 15:55:35]            0          930         2057          0
[2022-12-16 15:55:37]            0          930         2995          0
[2022-12-16 15:55:39]            0          930         3932          0
[2022-12-16 15:55:41]            0          930          774          0
[2022-12-16 15:55:41] WR-BW(MiB/s) RD-BW(MiB/s)  TESTED(MiB)     ERRORS
[2022-12-16 15:55:43]            0          930         1711          0
[2022-12-16 15:55:45]            0          930         2649          0
[2022-12-16 15:55:46]            0          930         3586          0
[2022-12-16 15:55:48]            0          930          428          0
[2022-12-16 15:55:50]            0          930         1365          0
[2022-12-16 15:55:52]            0          930         2303          0
[2022-12-16 15:55:54]            0          930         3240          0
[2022-12-16 15:55:56]            0          930           82          0
[2022-12-16 15:55:56] WR-BW(MiB/s) RD-BW(MiB/s)  TESTED(MiB)     ERRORS
[2022-12-16 15:55:58]            0          930         1020          0
[2022-12-16 15:56:00]            0          930         1957          0
[2022-12-16 15:56:01]            0          930         2895          0
[2022-12-16 15:56:03]            0          930         3832          0
[2022-12-16 15:56:05]            0          930          674          0
[2022-12-16 15:56:07]            0          930         1611          0
[2022-12-16 15:56:09]            0          930         2549          0
[2022-12-16 15:56:11]            0          930         3486          0
[2022-12-16 15:56:11] WR-BW(MiB/s) RD-BW(MiB/s)  TESTED(MiB)     ERRORS
[2022-12-16 15:56:13]            0          930          328          0
[2022-12-16 15:56:15]            0          930         1265          0
[2022-12-16 15:56:16]            0          930         2203          0
[2022-12-16 15:56:18]            0          930         3140          0
[2022-12-16 15:56:20]            0          930         4078          0
[2022-12-16 15:56:22]            0          930          920          0
[2022-12-16 15:56:24]            0          930         1857          0
[2022-12-16 15:56:26]            0          930         2795          0
[2022-12-16 15:56:26] WR-BW(MiB/s) RD-BW(MiB/s)  TESTED(MiB)     ERRORS
[2022-12-16 15:56:28]            0          930         3732          0
[2022-12-16 15:56:30]            0          930          574          0
[2022-12-16 15:56:32]            0          930         1511          0
[2022-12-16 15:56:33]            0          930         2449          0
[2022-12-16 15:56:35]            0          930         3386          0
[2022-12-16 15:56:37]            0          930          228          0
[2022-12-16 15:56:39]            0          930         1165          0
[2022-12-16 15:56:41]            0          930         2103          0
[2022-12-16 15:56:41] WR-BW(MiB/s) RD-BW(MiB/s)  TESTED(MiB)     ERRORS
[2022-12-16 15:56:43]            0          930         3040          0
[2022-12-16 15:56:45]            0          930         3978          0
[2022-12-16 15:56:47]            0          930          820          0
[2022-12-16 15:56:48]            0          930         1757          0
[2022-12-16 15:56:50]            0          930         2695          0
[2022-12-16 15:56:52]            0          930         3632          0
[2022-12-16 15:56:54]            0          930          474          0
[2022-12-16 15:56:56]            0          930         1411          0
[2022-12-16 15:56:56] WR-BW(MiB/s) RD-BW(MiB/s)  TESTED(MiB)     ERRORS
[2022-12-16 15:56:58]            0          930         2349          0
[2022-12-16 15:57:00]            0          930         3286          0
[2022-12-16 15:57:02]            0          930          128          0
[2022-12-16 15:57:03]            0          930         1065          0
[2022-12-16 15:57:05]            0          930         2003          0
[2022-12-16 15:57:07]            0          930         2940          0
[2022-12-16 15:57:09]            0          930         3878          0
[2022-12-16 15:57:11]            0          930          720          0
[2022-12-16 15:57:11] WR-BW(MiB/s) RD-BW(MiB/s)  TESTED(MiB)     ERRORS
[2022-12-16 15:57:13]            0          930         1657          0
[2022-12-16 15:57:15]            0          930         2595          0
[2022-12-16 15:57:17]            0          930         3532          0
[2022-12-16 15:57:18]            0          930          374          0
[2022-12-16 15:57:20]            0          930         1311          0
[2022-12-16 15:57:22]            0          930         2249          0
[2022-12-16 15:57:24]            0          930         3186          0
[2022-12-16 15:57:26]            0          930           28          0
[2022-12-16 15:57:26] WR-BW(MiB/s) RD-BW(MiB/s)  TESTED(MiB)     ERRORS
[2022-12-16 15:57:28]            0          930          965          0
[2022-12-16 15:57:30]            0          930         1903          0
[2022-12-16 15:57:31]            0          930         2841          0
[2022-12-16 15:57:33]            0          930         3778          0
[2022-12-16 15:57:35]            0          930          620          0
[2022-12-16 15:57:37]            0          930         1557          0
[2022-12-16 15:57:39]            0          930         2495          0
