[2022-12-18 07:17:00] INFO     STATE:Initial Starting State
[2022-12-18 07:17:00] INFO     git commit information
[2022-12-18 07:17:00] INFO     	git commit:9b867b4 Retries for memory compare
[2022-12-18 07:17:00] INFO     	git commit date:Sat Dec 17 16:15:29 2022
[2022-12-18 07:17:00] INFO     Command line information
[2022-12-18 07:17:00] INFO     	Command line:['ddrdata_experiment.py', '--log_dir', './lansce2022', '--bitstream', '/root/ddr_11_28.bit', '--jcm_clock', '30_000_000', '--jcm_netbooter_port', '4', '--nexys_netbooter_port', '3', '--jcm_ip', '169.254.132.151', '--uart_phys_port', '1-4.4.4.1', '--enable_scrubbing', '--frads_file', 'xc7a200t_frad.txt']
[2022-12-18 07:17:00] INFO     	arg:netbooter_ip=169.254.131.160
[2022-12-18 07:17:00] INFO     	arg:nexys_netbooter_port=3
[2022-12-18 07:17:00] INFO     	arg:jcm_netbooter_port=4
[2022-12-18 07:17:00] INFO     	arg:jcm_ip=169.254.132.151
[2022-12-18 07:17:00] INFO     	arg:jcm_part=xc7a200t
[2022-12-18 07:17:00] INFO     	arg:jcm_clock=30000000
[2022-12-18 07:17:00] INFO     	arg:repower_jcm=False
[2022-12-18 07:17:00] INFO     	arg:disable_jcm=False
[2022-12-18 07:17:00] INFO     	arg:uart_phys_port=1-4.4.4.1
[2022-12-18 07:17:00] INFO     	arg:uart_phys_if=0
[2022-12-18 07:17:00] INFO     	arg:uart_baudrate=115200
[2022-12-18 07:17:00] INFO     	arg:bitstream=/root/ddr_11_28.bit
[2022-12-18 07:17:00] INFO     	arg:default_bist_pattern=90
[2022-12-18 07:17:00] INFO     	arg:log_dir=./lansce2022
[2022-12-18 07:17:00] INFO     	arg:frads_file=xc7a200t_frad.txt
[2022-12-18 07:17:00] INFO     	arg:enable_scrubbing=True
[2022-12-18 07:17:00] INFO     	arg:single_step=False
[2022-12-18 07:17:00] INFO     STATE:Netbooter Setup State
[2022-12-18 07:17:00] INFO     STATE:JCM Setup State
[2022-12-18 07:17:00] INFO     NETBOOTER:Attempt 1 to set port 4 with cycle=False
[2022-12-18 07:17:02] INFO     NETBOOTER:Setting port 4 to On
[2022-12-18 07:17:03] INFO     JCM ping attempt 1
[2022-12-18 07:17:03] INFO     JCM:Logging in to JCM
[2022-12-18 07:17:03] INFO     JCM:Connecting to JCM over SSH... (Attempt 1)
[2022-12-18 07:17:03] INFO     JCM:SSH successful
[2022-12-18 07:17:03] INFO     STATE:UART Setup State
[2022-12-18 07:17:03] INFO     STATE:Power Nexys State
[2022-12-18 07:17:03] INFO     NETBOOTER:Attempt 1 to set port 3 with cycle=False
[2022-12-18 07:17:05] INFO     NETBOOTER:Setting port 3 to Off
[2022-12-18 07:17:06] INFO     NETBOOTER:Attempt 1 to set port 3 with cycle=False
[2022-12-18 07:17:08] INFO     NETBOOTER:Setting port 3 to On
[2022-12-18 07:17:09] INFO     STATE:Connect UART State
[2022-12-18 07:17:09] INFO     UART:Searching for ttyUSB device (Attempt 1) for port '1-4.4.4.1' IF '0'
[2022-12-18 07:17:11] INFO     UART:Searching for ttyUSB device (Attempt 2) for port '1-4.4.4.1' IF '0'
[2022-12-18 07:17:11] INFO     UART:Found tty device:/dev/ttyUSB3
[2022-12-18 07:17:11] INFO     UART:Attempting to open:/dev/ttyUSB3 at baud 115200 with timeout=5
[2022-12-18 07:17:11] INFO     UART:Serial port /dev/ttyUSB3 open
[2022-12-18 07:17:11] INFO     STATE:Configure Nexys State
[2022-12-18 07:17:11] INFO     JCM:Attempting JCM device DNA read
[2022-12-18 07:17:11] INFO     JCM:Executing commmand on JCM
	~/jcm_apps/jcm_jtag_reg.elf -r 50 --swap -w 64
[2022-12-18 07:17:11] INFO     Device DNA:0:0x00db951b 1:0x1507af22
[2022-12-18 07:17:11] INFO     JCM:Attempting JCM configuration
[2022-12-18 07:17:11] INFO     JCM:Executing commmand on JCM
	~/jcm_apps/jcm_config.elf --part xc7a200t -c 30000000 --jtag --config_file /root/ddr_11_28.bit
[2022-12-18 07:17:17] INFO     JCM:Configuration Success
[2022-12-18 07:17:17] INFO     STATE:Enable Scrubbing State
[2022-12-18 07:17:17] INFO     JCM:Starting JCM scrubber
[2022-12-18 07:17:17] INFO     JCM:Executing commmand on JCM
	~/jcm_apps/jcm_scrubbing.elf --part xc7a200t -c 30000000 --jtag --iterations 100000000 --frad_file xc7a200t_frad.txt
[2022-12-18 07:17:17] INFO     STATE:LiteX Login State
[2022-12-18 07:17:18] INFO     STATE:Initialize Memory State
[2022-12-18 07:17:18] INFO     STATE:Run Bist State
[2022-12-18 07:17:18] INFO     BIST:Header
[2022-12-18 07:17:32] INFO     BIST:Header
[2022-12-18 07:17:47] INFO     BIST:Header
[2022-12-18 07:18:02] INFO     BIST:Header
[2022-12-18 07:18:17] INFO     BIST:Header
[2022-12-18 07:18:32] INFO     BIST:Header
[2022-12-18 07:18:47] INFO     BIST:Header
[2022-12-18 07:19:02] INFO     BIST:Header
[2022-12-18 07:19:17] INFO     BIST:Header
[2022-12-18 07:19:32] INFO     BIST:Header
[2022-12-18 07:19:47] INFO     BIST:Header
[2022-12-18 07:20:02] INFO     BIST:Header
[2022-12-18 07:20:17] INFO     BIST:Header
[2022-12-18 07:20:32] INFO     BIST:Header
[2022-12-18 07:20:47] INFO     BIST:Header
[2022-12-18 07:21:02] INFO     BIST:Header
[2022-12-18 07:21:17] INFO     BIST:Header
[2022-12-18 07:21:32] INFO     BIST:Header
[2022-12-18 07:21:47] INFO     BIST:Header
[2022-12-18 07:22:02] INFO     BIST:Header
[2022-12-18 07:22:17] INFO     BIST:Header
[2022-12-18 07:22:32] INFO     BIST:Header
[2022-12-18 07:22:47] INFO     BIST:Header
[2022-12-18 07:23:02] INFO     BIST:Header
[2022-12-18 07:23:17] INFO     BIST:Header
[2022-12-18 07:23:32] INFO     BIST:Header
[2022-12-18 07:23:47] INFO     BIST:Header
[2022-12-18 07:24:02] INFO     BIST:Header
[2022-12-18 07:24:17] INFO     BIST:Header
[2022-12-18 07:24:32] INFO     BIST:Header
[2022-12-18 07:24:47] INFO     BIST:Header
[2022-12-18 07:25:02] INFO     BIST:Header
[2022-12-18 07:25:17] INFO     BIST:Header
[2022-12-18 07:25:32] INFO     BIST:Header
[2022-12-18 07:25:47] INFO     BIST:Header
[2022-12-18 07:26:02] INFO     BIST:Header
[2022-12-18 07:26:17] INFO     BIST:Header
[2022-12-18 07:26:32] INFO     BIST:Header
[2022-12-18 07:26:47] INFO     BIST:Header
