[2022-12-16 16:11:57] INFO     STATE:Initial Starting State
[2022-12-16 16:11:57] INFO     git commit information
[2022-12-16 16:11:57] INFO     	git commit:1c8fc9e Updated rowhammer script
[2022-12-16 16:11:57] INFO     	git commit date:Fri Dec 16 16:09:45 2022
[2022-12-16 16:11:57] INFO     	git status:Fri Dec 16 16:09:45 2022
[2022-12-16 16:11:57] INFO     		M beam-test/test_scripts/readme.md
[2022-12-16 16:11:57] INFO     Command line information
[2022-12-16 16:11:57] INFO     	Command line:['ddrdata_experiment.py', '--log_dir', './lansce2022', '--bitstream', '/root/ddr_11_28.bit', '--jcm_clock', '30_000_000', '--jcm_netbooter_port', '4', '--nexys_netbooter_port', '3', '--jcm_ip', '169.254.132.151', '--uart_phys_port', '1-4.4.4.1']
[2022-12-16 16:11:57] INFO     	arg:netbooter_ip=169.254.131.160
[2022-12-16 16:11:57] INFO     	arg:nexys_netbooter_port=3
[2022-12-16 16:11:57] INFO     	arg:jcm_netbooter_port=4
[2022-12-16 16:11:57] INFO     	arg:jcm_ip=169.254.132.151
[2022-12-16 16:11:57] INFO     	arg:jcm_part=xc7a200t
[2022-12-16 16:11:57] INFO     	arg:jcm_clock=30000000
[2022-12-16 16:11:57] INFO     	arg:repower_jcm=False
[2022-12-16 16:11:57] INFO     	arg:disable_jcm=False
[2022-12-16 16:11:57] INFO     	arg:uart_phys_port=1-4.4.4.1
[2022-12-16 16:11:57] INFO     	arg:uart_phys_if=0
[2022-12-16 16:11:57] INFO     	arg:uart_baudrate=115200
[2022-12-16 16:11:57] INFO     	arg:bitstream=/root/ddr_11_28.bit
[2022-12-16 16:11:57] INFO     	arg:default_bist_pattern=90
[2022-12-16 16:11:57] INFO     	arg:log_dir=./lansce2022
[2022-12-16 16:11:57] INFO     	arg:enable_scrubbing=False
[2022-12-16 16:11:57] INFO     	arg:single_step=False
[2022-12-16 16:11:57] INFO     STATE:Netbooter Setup State
[2022-12-16 16:11:57] INFO     STATE:JCM Setup State
[2022-12-16 16:11:57] INFO     NETBOOTER:Attempt 1 to set port 4 with cycle=False
[2022-12-16 16:12:00] ERROR    NETBOOTER:Error opening telnettimed out
[2022-12-16 16:12:00] INFO     NETBOOTER:Attempt 2 to set port 4 with cycle=False
[2022-12-16 16:12:05] INFO     NETBOOTER:Setting port 4 to On
[2022-12-16 16:12:06] INFO     JCM ping attempt 1
[2022-12-16 16:12:06] INFO     JCM:Logging in to JCM
[2022-12-16 16:12:06] INFO     JCM:Connecting to JCM over SSH... (Attempt 1)
[2022-12-16 16:12:06] INFO     JCM:SSH successful
[2022-12-16 16:12:06] INFO     STATE:UART Setup State
[2022-12-16 16:12:06] INFO     STATE:Power Nexys State
[2022-12-16 16:12:06] INFO     NETBOOTER:Attempt 1 to set port 3 with cycle=False
[2022-12-16 16:12:08] INFO     NETBOOTER:Setting port 3 to Off
[2022-12-16 16:12:09] INFO     NETBOOTER:Attempt 1 to set port 3 with cycle=False
[2022-12-16 16:12:11] INFO     NETBOOTER:Setting port 3 to On
[2022-12-16 16:12:12] INFO     STATE:Connect UART State
[2022-12-16 16:12:12] INFO     UART:Searching for ttyUSB device (Attempt 1) for port '1-4.4.4.1' IF '0'
[2022-12-16 16:12:14] INFO     UART:Searching for ttyUSB device (Attempt 2) for port '1-4.4.4.1' IF '0'
[2022-12-16 16:12:14] INFO     UART:Found tty device:/dev/ttyUSB3
[2022-12-16 16:12:14] INFO     UART:Attempting to open:/dev/ttyUSB3 at baud 115200 with timeout=5
[2022-12-16 16:12:14] INFO     UART:Serial port /dev/ttyUSB3 open
[2022-12-16 16:12:14] INFO     STATE:Configure Nexys State
[2022-12-16 16:12:14] INFO     JCM:Attempting JCM device DNA read
[2022-12-16 16:12:14] INFO     JCM:Executing commmand on JCM
	~/jcm_apps/jcm_jtag_reg.elf -r 50 --swap -w 64
[2022-12-16 16:12:14] INFO     Device DNA:0:0x00db951b 1:0x1507af22
[2022-12-16 16:12:14] INFO     JCM:Attempting JCM configuration
[2022-12-16 16:12:14] INFO     JCM:Executing commmand on JCM
	~/jcm_apps/jcm_config.elf --part xc7a200t -c 30000000 --jtag --config_file /root/ddr_11_28.bit
[2022-12-16 16:12:20] INFO     JCM:Configuration Success
[2022-12-16 16:12:20] INFO     STATE:Enable Scrubbing State
[2022-12-16 16:12:20] INFO     Scrubber disabled
[2022-12-16 16:12:20] INFO     STATE:LiteX Login State
[2022-12-16 16:12:21] INFO     STATE:Initialize Memory State
[2022-12-16 16:12:21] INFO     STATE:Run Bist State
[2022-12-16 16:12:21] INFO     BIST:Header
[2022-12-16 16:12:35] INFO     BIST:Header
[2022-12-16 16:12:50] INFO     BIST:Header
[2022-12-16 16:13:05] INFO     BIST:Header
[2022-12-16 16:13:20] INFO     BIST:Header
[2022-12-16 16:13:35] INFO     BIST:Header
[2022-12-16 16:13:50] INFO     BIST:Header
[2022-12-16 16:14:06] INFO     BIST:Header
[2022-12-16 16:14:21] INFO     BIST:Header
[2022-12-16 16:14:36] INFO     BIST:Header
[2022-12-16 16:14:51] INFO     BIST:Header
[2022-12-16 16:15:06] INFO     BIST:Header
[2022-12-16 16:15:21] INFO     BIST:Header
[2022-12-16 16:15:36] INFO     BIST:Header
[2022-12-16 16:15:51] INFO     BIST:Header
[2022-12-16 16:16:06] INFO     BIST:Header
[2022-12-16 16:16:21] INFO     BIST:Header
[2022-12-16 16:16:36] INFO     BIST:Header
[2022-12-16 16:16:51] INFO     BIST:Header
[2022-12-16 16:17:06] INFO     BIST:Header
[2022-12-16 16:17:21] INFO     BIST:Header
[2022-12-16 16:17:36] INFO     BIST:Header
[2022-12-16 16:17:51] INFO     BIST:Header
[2022-12-16 16:18:06] INFO     BIST:Header
[2022-12-16 16:18:21] INFO     BIST:Header
[2022-12-16 16:18:36] INFO     BIST:Header
[2022-12-16 16:18:51] INFO     BIST:Header
[2022-12-16 16:19:06] INFO     BIST:Header
[2022-12-16 16:19:21] INFO     BIST:Header
[2022-12-16 16:19:36] INFO     BIST:Header
[2022-12-16 16:19:51] INFO     BIST:Header
[2022-12-16 16:20:06] INFO     BIST:Header
[2022-12-16 16:20:21] INFO     BIST:Header
[2022-12-16 16:20:36] INFO     BIST:Header
[2022-12-16 16:20:51] INFO     BIST:Header
[2022-12-16 16:21:06] INFO     BIST:Header
[2022-12-16 16:21:21] INFO     BIST:Header
[2022-12-16 16:21:36] INFO     BIST:Header
[2022-12-16 16:21:51] INFO     BIST:Header
[2022-12-16 16:22:06] INFO     BIST:Header
[2022-12-16 16:22:21] INFO     BIST:Header
[2022-12-16 16:22:36] INFO     BIST:Header
[2022-12-16 16:22:51] INFO     BIST:Header
[2022-12-16 16:23:06] INFO     BIST:Header
[2022-12-16 16:23:21] INFO     BIST:Header
[2022-12-16 16:23:36] INFO     BIST:Header
[2022-12-16 16:23:51] INFO     BIST:Header
[2022-12-16 16:24:06] INFO     BIST:Header
[2022-12-16 16:24:21] INFO     BIST:Header
[2022-12-16 16:24:36] INFO     BIST:Header
[2022-12-16 16:24:51] INFO     BIST:Header
[2022-12-16 16:25:06] INFO     BIST:Header
[2022-12-16 16:25:21] INFO     BIST:Header
[2022-12-16 16:25:36] INFO     BIST:Header
[2022-12-16 16:25:51] INFO     BIST:Header
[2022-12-16 16:26:06] INFO     BIST:Header
[2022-12-16 16:26:21] INFO     BIST:Header
[2022-12-16 16:26:36] INFO     BIST:Header
[2022-12-16 16:26:51] INFO     BIST:Header
[2022-12-16 16:27:06] INFO     BIST:Header
[2022-12-16 16:27:21] INFO     BIST:Header
[2022-12-16 16:27:36] INFO     BIST:Header
[2022-12-16 16:27:51] INFO     BIST:Header
[2022-12-16 16:28:06] INFO     BIST:Header
[2022-12-16 16:28:21] INFO     BIST:Header
[2022-12-16 16:28:36] INFO     BIST:Header
[2022-12-16 16:28:51] INFO     BIST:Header
[2022-12-16 16:29:06] INFO     BIST:Header
[2022-12-16 16:29:21] INFO     BIST:Header
[2022-12-16 16:29:36] INFO     BIST:Header
[2022-12-16 16:29:51] INFO     BIST:Header
[2022-12-16 16:30:06] INFO     BIST:Header
[2022-12-16 16:30:21] INFO     BIST:Header
[2022-12-16 16:30:36] INFO     BIST:Header
[2022-12-16 16:30:51] INFO     BIST:Header
[2022-12-16 16:31:06] INFO     BIST:Header
[2022-12-16 16:31:21] INFO     BIST:Header
[2022-12-16 16:31:36] INFO     BIST:Header
[2022-12-16 16:31:51] INFO     BIST:Header
[2022-12-16 16:32:06] INFO     BIST:Header
[2022-12-16 16:32:21] INFO     BIST:Header
[2022-12-16 16:32:36] INFO     BIST:Header
[2022-12-16 16:32:51] INFO     BIST:Header
[2022-12-16 16:33:06] INFO     BIST:Header
[2022-12-16 16:33:21] INFO     BIST:Header
[2022-12-16 16:33:36] INFO     BIST:Header
[2022-12-16 16:33:51] INFO     BIST:Header
[2022-12-16 16:34:06] INFO     BIST:Header
[2022-12-16 16:34:21] INFO     BIST:Header
[2022-12-16 16:34:36] INFO     BIST:Header
[2022-12-16 16:34:51] INFO     BIST:Header
[2022-12-16 16:35:06] INFO     BIST:Header
[2022-12-16 16:35:21] INFO     BIST:Header
[2022-12-16 16:35:36] INFO     BIST:Header
[2022-12-16 16:35:51] INFO     BIST:Header
[2022-12-16 16:36:06] INFO     BIST:Header
[2022-12-16 16:36:21] INFO     BIST:Header
[2022-12-16 16:36:36] INFO     BIST:Header
[2022-12-16 16:36:51] INFO     BIST:Header
[2022-12-16 16:37:06] INFO     BIST:Header
[2022-12-16 16:37:21] INFO     BIST:Header
[2022-12-16 16:37:36] INFO     BIST:Header
[2022-12-16 16:37:51] INFO     BIST:Header
[2022-12-16 16:38:06] INFO     BIST:Header
[2022-12-16 16:38:21] INFO     BIST:Header
[2022-12-16 16:38:36] INFO     BIST:Header
[2022-12-16 16:38:51] INFO     BIST:Header
[2022-12-16 16:39:06] INFO     BIST:Header
[2022-12-16 16:39:21] INFO     BIST:Header
[2022-12-16 16:39:36] INFO     BIST:Header
[2022-12-16 16:39:51] INFO     BIST:Header
[2022-12-16 16:40:06] INFO     BIST:Header
[2022-12-16 16:40:21] INFO     BIST:Header
[2022-12-16 16:40:36] INFO     BIST:Header
[2022-12-16 16:40:51] INFO     BIST:Header
[2022-12-16 16:41:06] INFO     BIST:Header
[2022-12-16 16:41:21] INFO     BIST:Header
[2022-12-16 16:41:36] INFO     BIST:Header
[2022-12-16 16:41:51] INFO     BIST:Header
[2022-12-16 16:42:06] INFO     BIST:Header
[2022-12-16 16:42:21] INFO     BIST:Header
[2022-12-16 16:42:36] INFO     BIST:Header
[2022-12-16 16:42:51] INFO     BIST:Header
[2022-12-16 16:43:06] INFO     BIST:Header
[2022-12-16 16:43:21] INFO     BIST:Header
[2022-12-16 16:43:36] INFO     BIST:Header
[2022-12-16 16:43:51] INFO     BIST:Header
[2022-12-16 16:44:06] INFO     BIST:Header
[2022-12-16 16:44:21] INFO     BIST:Header
[2022-12-16 16:44:36] INFO     BIST:Header
[2022-12-16 16:44:51] INFO     BIST:Header
[2022-12-16 16:45:06] INFO     BIST:Header
[2022-12-16 16:45:21] INFO     BIST:Header
[2022-12-16 16:45:36] INFO     BIST:Header
[2022-12-16 16:45:51] INFO     BIST:Header
[2022-12-16 16:46:06] INFO     BIST:Header
[2022-12-16 16:46:21] INFO     BIST:Header
[2022-12-16 16:46:36] INFO     BIST:Header
[2022-12-16 16:46:51] INFO     BIST:Header
[2022-12-16 16:47:06] INFO     BIST:Header
[2022-12-16 16:47:21] INFO     BIST:Header
[2022-12-16 16:47:36] INFO     BIST:Header
[2022-12-16 16:47:51] INFO     BIST:Header
[2022-12-16 16:48:06] INFO     BIST:Header
[2022-12-16 16:48:21] INFO     BIST:Header
[2022-12-16 16:48:36] INFO     BIST:Header
[2022-12-16 16:48:51] INFO     BIST:Header
[2022-12-16 16:49:06] INFO     BIST:Header
[2022-12-16 16:49:21] INFO     BIST:Header
[2022-12-16 16:49:36] INFO     BIST:Header
[2022-12-16 16:49:51] INFO     BIST:Header
[2022-12-16 16:50:06] INFO     BIST:Header
[2022-12-16 16:50:21] INFO     BIST:Header
[2022-12-16 16:50:36] INFO     BIST:Header
[2022-12-16 16:50:51] INFO     BIST:Header
[2022-12-16 16:51:06] INFO     BIST:Header
[2022-12-16 16:51:21] INFO     BIST:Header
[2022-12-16 16:51:36] INFO     BIST:Header
[2022-12-16 16:51:51] INFO     BIST:Header
[2022-12-16 16:52:06] INFO     BIST:Header
[2022-12-16 16:52:21] INFO     BIST:Header
[2022-12-16 16:52:36] INFO     BIST:Header
[2022-12-16 16:52:51] INFO     BIST:Header
[2022-12-16 16:53:06] INFO     BIST:Header
[2022-12-16 16:53:21] INFO     BIST:Header
[2022-12-16 16:53:36] INFO     BIST:Header
[2022-12-16 16:53:51] INFO     BIST:Header
[2022-12-16 16:54:06] INFO     BIST:Header
[2022-12-16 16:54:21] INFO     BIST:Header
[2022-12-16 16:54:36] INFO     BIST:Header
[2022-12-16 16:54:51] INFO     BIST:Header
[2022-12-16 16:55:06] INFO     BIST:Header
[2022-12-16 16:55:21] INFO     BIST:Header
[2022-12-16 16:55:36] INFO     BIST:Header
[2022-12-16 16:55:51] INFO     BIST:Header
[2022-12-16 16:56:06] INFO     BIST:Header
[2022-12-16 16:56:21] INFO     BIST:Header
[2022-12-16 16:56:36] INFO     BIST:Header
[2022-12-16 16:56:51] INFO     BIST:Header
[2022-12-16 16:57:06] INFO     BIST:Header
[2022-12-16 16:57:21] INFO     BIST:Header
[2022-12-16 16:57:36] INFO     BIST:Header
[2022-12-16 16:57:51] INFO     BIST:Header
[2022-12-16 16:58:06] INFO     BIST:Header
[2022-12-16 16:58:21] INFO     BIST:Header
[2022-12-16 16:58:36] INFO     BIST:Header
[2022-12-16 16:58:51] INFO     BIST:Header
[2022-12-16 16:59:06] INFO     BIST:Header
[2022-12-16 16:59:21] INFO     BIST:Header
[2022-12-16 16:59:36] INFO     BIST:Header
[2022-12-16 16:59:51] INFO     BIST:Header
[2022-12-16 17:00:06] INFO     BIST:Header
[2022-12-16 17:00:21] INFO     BIST:Header
[2022-12-16 17:00:36] INFO     BIST:Header
[2022-12-16 17:00:51] INFO     BIST:Header
[2022-12-16 17:01:06] INFO     BIST:Header
[2022-12-16 17:01:21] INFO     BIST:Header
[2022-12-16 17:01:36] INFO     BIST:Header
[2022-12-16 17:01:51] INFO     BIST:Header
[2022-12-16 17:02:06] INFO     BIST:Header
[2022-12-16 17:02:22] INFO     BIST:Header
[2022-12-16 17:02:37] INFO     BIST:Header
[2022-12-16 17:02:52] INFO     BIST:Header
[2022-12-16 17:03:07] INFO     BIST:Header
[2022-12-16 17:03:22] INFO     BIST:Header
[2022-12-16 17:03:37] INFO     BIST:Header
[2022-12-16 17:03:52] INFO     BIST:Header
[2022-12-16 17:04:07] INFO     BIST:Header
[2022-12-16 17:04:22] INFO     BIST:Header
[2022-12-16 17:04:37] INFO     BIST:Header
[2022-12-16 17:04:52] INFO     BIST:Header
[2022-12-16 17:05:07] INFO     BIST:Header
[2022-12-16 17:05:22] INFO     BIST:Header
[2022-12-16 17:05:37] INFO     BIST:Header
[2022-12-16 17:05:52] INFO     BIST:Header
[2022-12-16 17:06:07] INFO     BIST:Header
[2022-12-16 17:06:22] INFO     BIST:Header
[2022-12-16 17:06:37] INFO     BIST:Header
[2022-12-16 17:06:52] INFO     BIST:Header
[2022-12-16 17:07:07] INFO     BIST:Header
[2022-12-16 17:07:22] INFO     BIST:Header
[2022-12-16 17:07:37] INFO     BIST:Header
[2022-12-16 17:07:52] INFO     BIST:Header
[2022-12-16 17:08:07] INFO     BIST:Header
[2022-12-16 17:08:22] INFO     BIST:Header
[2022-12-16 17:08:37] INFO     BIST:Header
[2022-12-16 17:08:52] INFO     BIST:Header
[2022-12-16 17:09:07] INFO     BIST:Header
[2022-12-16 17:09:22] INFO     BIST:Header
[2022-12-16 17:09:37] INFO     BIST:Header
[2022-12-16 17:09:52] INFO     BIST:Header
[2022-12-16 17:10:07] INFO     BIST:Header
[2022-12-16 17:10:22] INFO     BIST:Header
[2022-12-16 17:10:37] INFO     BIST:Header
[2022-12-16 17:10:52] INFO     BIST:Header
[2022-12-16 17:11:07] INFO     BIST:Header
[2022-12-16 17:11:22] INFO     BIST:Header
[2022-12-16 17:11:37] INFO     BIST:Header
[2022-12-16 17:11:52] INFO     BIST:Header
[2022-12-16 17:12:07] INFO     BIST:Header
[2022-12-16 17:12:22] INFO     BIST:Header
[2022-12-16 17:12:37] INFO     BIST:Header
[2022-12-16 17:12:52] INFO     BIST:Header
[2022-12-16 17:13:07] INFO     BIST:Header
[2022-12-16 17:13:22] INFO     BIST:Header
[2022-12-16 17:13:37] INFO     BIST:Header
[2022-12-16 17:13:52] INFO     BIST:Header
[2022-12-16 17:14:07] INFO     BIST:Header
[2022-12-16 17:14:22] INFO     BIST:Header
[2022-12-16 17:14:37] INFO     BIST:Header
[2022-12-16 17:14:52] INFO     BIST:Header
[2022-12-16 17:15:07] INFO     BIST:Header
[2022-12-16 17:15:22] INFO     BIST:Header
[2022-12-16 17:15:37] INFO     BIST:Header
[2022-12-16 17:15:52] INFO     BIST:Header
[2022-12-16 17:16:07] INFO     BIST:Header
[2022-12-16 17:16:22] INFO     BIST:Header
[2022-12-16 17:16:37] INFO     BIST:Header
[2022-12-16 17:16:52] INFO     BIST:Header
[2022-12-16 17:17:07] INFO     BIST:Header
[2022-12-16 17:17:22] INFO     BIST:Header
[2022-12-16 17:17:37] INFO     BIST:Header
[2022-12-16 17:17:52] INFO     BIST:Header
[2022-12-16 17:18:07] INFO     BIST:Header
[2022-12-16 17:18:22] INFO     BIST:Header
[2022-12-16 17:18:37] INFO     BIST:Header
[2022-12-16 17:18:52] INFO     BIST:Header
[2022-12-16 17:19:07] INFO     BIST:Header
[2022-12-16 17:19:22] INFO     BIST:Header
[2022-12-16 17:19:37] INFO     BIST:Header
[2022-12-16 17:19:52] INFO     BIST:Header
[2022-12-16 17:20:07] INFO     BIST:Header
[2022-12-16 17:20:22] INFO     BIST:Header
[2022-12-16 17:20:37] INFO     BIST:Header
[2022-12-16 17:20:52] INFO     BIST:Header
[2022-12-16 17:21:07] INFO     BIST:Header
[2022-12-16 17:21:22] INFO     BIST:Header
[2022-12-16 17:21:37] INFO     BIST:Header
[2022-12-16 17:21:52] INFO     BIST:Header
[2022-12-16 17:22:07] INFO     BIST:Header
[2022-12-16 17:22:22] INFO     BIST:Header
[2022-12-16 17:22:37] INFO     BIST:Header
[2022-12-16 17:22:52] INFO     BIST:Header
[2022-12-16 17:23:07] INFO     BIST:Header
[2022-12-16 17:23:22] INFO     BIST:Header
[2022-12-16 17:23:37] INFO     BIST:Header
[2022-12-16 17:23:52] INFO     BIST:Header
[2022-12-16 17:24:07] INFO     BIST:Header
[2022-12-16 17:24:22] INFO     BIST:Header
[2022-12-16 17:24:37] INFO     BIST:Header
[2022-12-16 17:24:52] INFO     BIST:Header
[2022-12-16 17:25:07] INFO     BIST:Header
[2022-12-16 17:25:22] INFO     BIST:Header
[2022-12-16 17:25:37] INFO     BIST:Header
[2022-12-16 17:25:52] INFO     BIST:Header
[2022-12-16 17:26:07] INFO     BIST:Header
[2022-12-16 17:26:22] INFO     BIST:Header
[2022-12-16 17:26:37] INFO     BIST:Header
[2022-12-16 17:26:52] INFO     BIST:Header
[2022-12-16 17:27:07] INFO     BIST:Header
[2022-12-16 17:27:22] INFO     BIST:Header
[2022-12-16 17:27:37] INFO     BIST:Header
[2022-12-16 17:27:52] INFO     BIST:Header
[2022-12-16 17:28:07] INFO     BIST:Header
[2022-12-16 17:28:22] INFO     BIST:Header
[2022-12-16 17:28:37] INFO     BIST:Header
[2022-12-16 17:28:52] INFO     BIST:Header
[2022-12-16 17:29:07] INFO     BIST:Header
[2022-12-16 17:29:22] INFO     BIST:Header
[2022-12-16 17:29:37] INFO     BIST:Header
[2022-12-16 17:29:52] INFO     BIST:Header
[2022-12-16 17:30:07] INFO     BIST:Header
[2022-12-16 17:30:22] INFO     BIST:Header
[2022-12-16 17:30:37] INFO     BIST:Header
[2022-12-16 17:30:52] INFO     BIST:Header
[2022-12-16 17:31:07] INFO     BIST:Header
[2022-12-16 17:31:22] INFO     BIST:Header
[2022-12-16 17:31:37] INFO     BIST:Header
[2022-12-16 17:31:52] INFO     BIST:Header
[2022-12-16 17:32:07] INFO     BIST:Header
[2022-12-16 17:32:22] INFO     BIST:Header
[2022-12-16 17:32:37] INFO     BIST:Header
[2022-12-16 17:32:52] INFO     BIST:Header
[2022-12-16 17:33:07] INFO     BIST:Header
[2022-12-16 17:33:22] INFO     BIST:Header
[2022-12-16 17:33:37] INFO     BIST:Header
[2022-12-16 17:33:52] INFO     BIST:Header
[2022-12-16 17:34:07] INFO     BIST:Header
[2022-12-16 17:34:22] INFO     BIST:Header
[2022-12-16 17:34:37] INFO     BIST:Header
[2022-12-16 17:34:52] INFO     BIST:Header
[2022-12-16 17:35:07] INFO     BIST:Header
[2022-12-16 17:35:22] INFO     BIST:Header
[2022-12-16 17:35:37] INFO     BIST:Header
[2022-12-16 17:35:52] INFO     BIST:Header
[2022-12-16 17:36:07] INFO     BIST:Header
[2022-12-16 17:36:22] INFO     BIST:Header
[2022-12-16 17:36:37] INFO     BIST:Header
[2022-12-16 17:36:52] INFO     BIST:Header
[2022-12-16 17:37:07] INFO     BIST:Header
[2022-12-16 17:37:22] INFO     BIST:Header
[2022-12-16 17:37:37] INFO     BIST:Header
[2022-12-16 17:37:52] INFO     BIST:Header
[2022-12-16 17:38:07] INFO     BIST:Header
[2022-12-16 17:38:22] INFO     BIST:Header
[2022-12-16 17:38:37] INFO     BIST:Header
[2022-12-16 17:38:52] INFO     BIST:Header
[2022-12-16 17:39:07] INFO     BIST:Header
[2022-12-16 17:39:22] INFO     BIST:Header
[2022-12-16 17:39:37] INFO     BIST:Header
[2022-12-16 17:39:52] INFO     BIST:Header
[2022-12-16 17:40:07] INFO     BIST:Header
[2022-12-16 17:40:22] INFO     BIST:Header
[2022-12-16 17:40:37] INFO     BIST:Header
[2022-12-16 17:40:52] INFO     BIST:Header
[2022-12-16 17:41:07] INFO     BIST:Header
[2022-12-16 17:41:22] INFO     BIST:Header
[2022-12-16 17:41:37] INFO     BIST:Header
[2022-12-16 17:41:52] INFO     BIST:Header
[2022-12-16 17:42:07] INFO     BIST:Header
[2022-12-16 17:42:22] INFO     BIST:Header
[2022-12-16 17:42:37] INFO     BIST:Header
[2022-12-16 17:42:52] INFO     BIST:Header
[2022-12-16 17:43:07] INFO     BIST:Header
[2022-12-16 17:43:22] INFO     BIST:Header
[2022-12-16 17:43:37] INFO     BIST:Header
[2022-12-16 17:43:52] INFO     BIST:Header
[2022-12-16 17:44:07] INFO     BIST:Header
[2022-12-16 17:44:22] INFO     BIST:Header
[2022-12-16 17:44:37] INFO     BIST:Header
[2022-12-16 17:44:52] INFO     BIST:Header
[2022-12-16 17:45:07] INFO     BIST:Header
[2022-12-16 17:45:22] INFO     BIST:Header
[2022-12-16 17:45:37] INFO     BIST:Header
[2022-12-16 17:45:52] INFO     BIST:Header
[2022-12-16 17:46:07] INFO     BIST:Header
[2022-12-16 17:46:22] INFO     BIST:Header
[2022-12-16 17:46:37] INFO     BIST:Header
[2022-12-16 17:46:52] INFO     BIST:Header
[2022-12-16 17:47:07] INFO     BIST:Header
[2022-12-16 17:47:22] INFO     BIST:Header
[2022-12-16 17:47:37] INFO     BIST:Header
[2022-12-16 17:47:52] INFO     BIST:Header
[2022-12-16 17:48:07] INFO     BIST:Header
[2022-12-16 17:48:22] INFO     BIST:Header
[2022-12-16 17:48:37] INFO     BIST:Header
[2022-12-16 17:48:52] INFO     BIST:Header
[2022-12-16 17:49:07] INFO     BIST:Header
[2022-12-16 17:49:22] INFO     BIST:Header
[2022-12-16 17:49:37] INFO     BIST:Header
[2022-12-16 17:49:52] INFO     BIST:Header
[2022-12-16 17:50:07] INFO     BIST:Header
[2022-12-16 17:50:22] INFO     BIST:Header
[2022-12-16 17:50:37] INFO     BIST:Header
[2022-12-16 17:50:52] INFO     BIST:Header
[2022-12-16 17:51:07] INFO     BIST:Header
[2022-12-16 17:51:22] INFO     BIST:Header
[2022-12-16 17:51:37] INFO     BIST:Header
[2022-12-16 17:51:52] INFO     BIST:Header
[2022-12-16 17:52:07] INFO     BIST:Header
[2022-12-16 17:52:22] INFO     BIST:Header
[2022-12-16 17:52:37] INFO     BIST:Header
[2022-12-16 17:52:52] INFO     BIST:Header
[2022-12-16 17:53:07] INFO     BIST:Header
[2022-12-16 17:53:22] INFO     BIST:Header
[2022-12-16 17:53:37] INFO     BIST:Header
[2022-12-16 17:53:52] INFO     BIST:Header
[2022-12-16 17:54:07] INFO     BIST:Header
[2022-12-16 17:54:22] INFO     BIST:Header
[2022-12-16 17:54:37] INFO     BIST:Header
[2022-12-16 17:54:52] INFO     BIST:Header
[2022-12-16 17:55:07] INFO     BIST:Header
[2022-12-16 17:55:22] INFO     BIST:Header
[2022-12-16 17:55:37] INFO     BIST:Header
[2022-12-16 17:55:52] INFO     BIST:Header
[2022-12-16 17:56:07] INFO     BIST:Header
[2022-12-16 17:56:22] INFO     BIST:Header
[2022-12-16 17:56:37] INFO     BIST:Header
[2022-12-16 17:56:52] INFO     BIST:Header
[2022-12-16 17:57:07] INFO     BIST:Header
[2022-12-16 17:57:22] INFO     BIST:Header
[2022-12-16 17:57:37] INFO     BIST:Header
[2022-12-16 17:57:52] INFO     BIST:Header
[2022-12-16 17:58:07] INFO     BIST:Header
[2022-12-16 17:58:22] INFO     BIST:Header
[2022-12-16 17:58:37] INFO     BIST:Header
[2022-12-16 17:58:52] INFO     BIST:Header
[2022-12-16 17:59:07] INFO     BIST:Header
[2022-12-16 17:59:22] INFO     BIST:Header
[2022-12-16 17:59:37] INFO     BIST:Header
[2022-12-16 17:59:52] INFO     BIST:Header
[2022-12-16 18:00:07] INFO     BIST:Header
[2022-12-16 18:00:22] INFO     BIST:Header
[2022-12-16 18:00:37] INFO     BIST:Header
[2022-12-16 18:00:52] INFO     BIST:Header
[2022-12-16 18:01:07] INFO     BIST:Header
[2022-12-16 18:01:22] INFO     BIST:Header
[2022-12-16 18:01:37] INFO     BIST:Header
[2022-12-16 18:01:52] INFO     BIST:Header
[2022-12-16 18:02:07] INFO     BIST:Header
[2022-12-16 18:02:22] INFO     BIST:Header
[2022-12-16 18:02:37] INFO     BIST:Header
[2022-12-16 18:02:52] INFO     BIST:Header
[2022-12-16 18:03:07] INFO     BIST:Header
[2022-12-16 18:03:22] INFO     BIST:Header
[2022-12-16 18:03:37] INFO     BIST:Header
[2022-12-16 18:03:52] INFO     BIST:Header
[2022-12-16 18:04:07] INFO     BIST:Header
[2022-12-16 18:04:22] INFO     BIST:Header
[2022-12-16 18:04:37] INFO     BIST:Header
[2022-12-16 18:04:52] INFO     BIST:Header
[2022-12-16 18:05:07] INFO     BIST:Header
[2022-12-16 18:05:22] INFO     BIST:Header
[2022-12-16 18:05:37] INFO     BIST:Header
[2022-12-16 18:05:52] INFO     BIST:Header
[2022-12-16 18:06:07] INFO     BIST:Header
[2022-12-16 18:06:22] INFO     BIST:Header
[2022-12-16 18:06:37] INFO     BIST:Header
[2022-12-16 18:06:52] INFO     BIST:Header
[2022-12-16 18:07:07] INFO     BIST:Header
[2022-12-16 18:07:22] INFO     BIST:Header
[2022-12-16 18:07:37] INFO     BIST:Header
[2022-12-16 18:07:52] INFO     BIST:Header
[2022-12-16 18:08:07] INFO     BIST:Header
[2022-12-16 18:08:22] INFO     BIST:Header
[2022-12-16 18:08:37] INFO     BIST:Header
[2022-12-16 18:08:52] INFO     BIST:Header
[2022-12-16 18:09:07] INFO     BIST:Header
[2022-12-16 18:09:22] INFO     BIST:Header
[2022-12-16 18:09:37] INFO     BIST:Header
[2022-12-16 18:09:52] INFO     BIST:Header
[2022-12-16 18:10:07] INFO     BIST:Header
[2022-12-16 18:10:22] INFO     BIST:Header
[2022-12-16 18:10:37] INFO     BIST:Header
[2022-12-16 18:10:52] INFO     BIST:Header
[2022-12-16 18:11:07] INFO     BIST:Header
[2022-12-16 18:11:22] INFO     BIST:Header
[2022-12-16 18:11:38] INFO     BIST:Header
[2022-12-16 18:11:53] INFO     BIST:Header
[2022-12-16 18:12:08] INFO     BIST:Header
[2022-12-16 18:12:23] INFO     BIST:Header
[2022-12-16 18:12:38] INFO     BIST:Header
[2022-12-16 18:12:53] INFO     BIST:Header
[2022-12-16 18:13:08] INFO     BIST:Header
[2022-12-16 18:13:23] INFO     BIST:Header
[2022-12-16 18:13:38] INFO     BIST:Header
[2022-12-16 18:13:53] INFO     BIST:Header
[2022-12-16 18:14:08] INFO     BIST:Header
[2022-12-16 18:14:23] INFO     BIST:Header
[2022-12-16 18:14:38] INFO     BIST:Header
[2022-12-16 18:14:53] INFO     BIST:Header
[2022-12-16 18:15:08] INFO     BIST:Header
[2022-12-16 18:15:23] INFO     BIST:Header
[2022-12-16 18:15:38] INFO     BIST:Header
[2022-12-16 18:15:53] INFO     BIST:Header
[2022-12-16 18:16:08] INFO     BIST:Header
[2022-12-16 18:16:23] INFO     BIST:Header
[2022-12-16 18:16:38] INFO     BIST:Header
[2022-12-16 18:16:53] INFO     BIST:Header
[2022-12-16 18:17:08] INFO     BIST:Header
[2022-12-16 18:17:23] INFO     BIST:Header
[2022-12-16 18:17:38] INFO     BIST:Header
[2022-12-16 18:17:53] INFO     BIST:Header
[2022-12-16 18:18:08] INFO     BIST:Header
[2022-12-16 18:18:23] INFO     BIST:Header
[2022-12-16 18:18:38] INFO     BIST:Header
[2022-12-16 18:18:53] INFO     BIST:Header
[2022-12-16 18:19:08] INFO     BIST:Header
[2022-12-16 18:19:23] INFO     BIST:Header
[2022-12-16 18:19:38] INFO     BIST:Header
[2022-12-16 18:19:53] INFO     BIST:Header
[2022-12-16 18:20:08] INFO     BIST:Header
[2022-12-16 18:20:23] INFO     BIST:Header
[2022-12-16 18:20:38] INFO     BIST:Header
[2022-12-16 18:20:53] INFO     BIST:Header
[2022-12-16 18:21:08] INFO     BIST:Header
[2022-12-16 18:21:23] INFO     BIST:Header
[2022-12-16 18:21:38] INFO     BIST:Header
[2022-12-16 18:21:53] INFO     BIST:Header
[2022-12-16 18:22:08] INFO     BIST:Header
[2022-12-16 18:22:23] INFO     BIST:Header
[2022-12-16 18:22:38] INFO     BIST:Header
[2022-12-16 18:22:53] INFO     BIST:Header
[2022-12-16 18:23:08] INFO     BIST:Header
[2022-12-16 18:23:23] INFO     BIST:Header
[2022-12-16 18:23:38] INFO     BIST:Header
[2022-12-16 18:23:53] INFO     BIST:Header
[2022-12-16 18:24:08] INFO     BIST:Header
[2022-12-16 18:24:23] INFO     BIST:Header
[2022-12-16 18:24:38] INFO     BIST:Header
[2022-12-16 18:24:53] INFO     BIST:Header
[2022-12-16 18:25:08] INFO     BIST:Header
[2022-12-16 18:25:23] INFO     BIST:Header
[2022-12-16 18:25:38] INFO     BIST:Header
[2022-12-16 18:25:53] INFO     BIST:Header
[2022-12-16 18:26:08] INFO     BIST:Header
[2022-12-16 18:26:23] INFO     BIST:Header
[2022-12-16 18:26:38] INFO     BIST:Header
[2022-12-16 18:26:53] INFO     BIST:Header
[2022-12-16 18:27:08] INFO     BIST:Header
[2022-12-16 18:27:23] INFO     BIST:Header
[2022-12-16 18:27:38] INFO     BIST:Header
[2022-12-16 18:27:53] INFO     BIST:Header
[2022-12-16 18:28:08] INFO     BIST:Header
[2022-12-16 18:28:23] INFO     BIST:Header
[2022-12-16 18:28:38] INFO     BIST:Header
[2022-12-16 18:28:53] INFO     BIST:Header
[2022-12-16 18:29:08] INFO     BIST:Header
[2022-12-16 18:29:23] INFO     BIST:Header
[2022-12-16 18:29:38] INFO     BIST:Header
[2022-12-16 18:29:53] INFO     BIST:Header
[2022-12-16 18:30:08] INFO     BIST:Header
[2022-12-16 18:30:23] INFO     BIST:Header
[2022-12-16 18:30:38] INFO     BIST:Header
[2022-12-16 18:30:53] INFO     BIST:Header
[2022-12-16 18:31:08] INFO     BIST:Header
[2022-12-16 18:31:23] INFO     BIST:Header
[2022-12-16 18:31:38] INFO     BIST:Header
[2022-12-16 18:31:53] INFO     BIST:Header
[2022-12-16 18:32:08] INFO     BIST:Header
[2022-12-16 18:32:23] INFO     BIST:Header
[2022-12-16 18:32:38] INFO     BIST:Header
[2022-12-16 18:32:53] INFO     BIST:Header
[2022-12-16 18:33:08] INFO     BIST:Header
[2022-12-16 18:33:23] INFO     BIST:Header
[2022-12-16 18:33:38] INFO     BIST:Header
[2022-12-16 18:33:53] INFO     BIST:Header
[2022-12-16 18:34:08] INFO     BIST:Header
[2022-12-16 18:34:23] INFO     BIST:Header
[2022-12-16 18:34:38] INFO     BIST:Header
[2022-12-16 18:34:53] INFO     BIST:Header
[2022-12-16 18:35:08] INFO     BIST:Header
[2022-12-16 18:35:23] INFO     BIST:Header
[2022-12-16 18:35:38] INFO     BIST:Header
[2022-12-16 18:35:53] INFO     BIST:Header
[2022-12-16 18:36:08] INFO     BIST:Header
[2022-12-16 18:36:23] INFO     BIST:Header
[2022-12-16 18:36:38] INFO     BIST:Header
[2022-12-16 18:36:53] INFO     BIST:Header
[2022-12-16 18:37:08] INFO     BIST:Header
[2022-12-16 18:37:23] INFO     BIST:Header
[2022-12-16 18:37:38] INFO     BIST:Header
[2022-12-16 18:37:53] INFO     BIST:Header
[2022-12-16 18:38:08] INFO     BIST:Header
[2022-12-16 18:38:23] INFO     BIST:Header
[2022-12-16 18:38:38] INFO     BIST:Header
[2022-12-16 18:38:53] INFO     BIST:Header
[2022-12-16 18:39:08] INFO     BIST:Header
[2022-12-16 18:39:23] INFO     BIST:Header
[2022-12-16 18:39:38] INFO     BIST:Header
[2022-12-16 18:39:53] INFO     BIST:Header
[2022-12-16 18:40:08] INFO     BIST:Header
[2022-12-16 18:40:23] INFO     BIST:Header
[2022-12-16 18:40:38] INFO     BIST:Header
[2022-12-16 18:40:53] INFO     BIST:Header
[2022-12-16 18:41:08] INFO     BIST:Header
[2022-12-16 18:41:23] INFO     BIST:Header
[2022-12-16 18:41:38] INFO     BIST:Header
[2022-12-16 18:41:53] INFO     BIST:Header
[2022-12-16 18:42:08] INFO     BIST:Header
[2022-12-16 18:42:23] INFO     BIST:Header
[2022-12-16 18:42:38] INFO     BIST:Header
[2022-12-16 18:42:53] INFO     BIST:Header
[2022-12-16 18:43:08] INFO     BIST:Header
[2022-12-16 18:43:23] INFO     BIST:Header
[2022-12-16 18:43:38] INFO     BIST:Header
[2022-12-16 18:43:53] INFO     BIST:Header
[2022-12-16 18:44:08] INFO     BIST:Header
[2022-12-16 18:44:23] INFO     BIST:Header
[2022-12-16 18:44:38] INFO     BIST:Header
[2022-12-16 18:44:53] INFO     BIST:Header
[2022-12-16 18:45:08] INFO     BIST:Header
[2022-12-16 18:45:23] INFO     BIST:Header
[2022-12-16 18:45:38] INFO     BIST:Header
[2022-12-16 18:45:53] INFO     BIST:Header
[2022-12-16 18:46:08] INFO     BIST:Header
[2022-12-16 18:46:23] INFO     BIST:Header
[2022-12-16 18:46:38] INFO     BIST:Header
[2022-12-16 18:46:53] INFO     BIST:Header
[2022-12-16 18:47:08] INFO     BIST:Header
[2022-12-16 18:47:23] INFO     BIST:Header
[2022-12-16 18:47:38] INFO     BIST:Header
[2022-12-16 18:47:53] INFO     BIST:Header
[2022-12-16 18:48:08] INFO     BIST:Header
[2022-12-16 18:48:23] INFO     BIST:Header
[2022-12-16 18:48:38] INFO     BIST:Header
[2022-12-16 18:48:53] INFO     BIST:Header
[2022-12-16 18:49:08] INFO     BIST:Header
[2022-12-16 18:49:23] INFO     BIST:Header
[2022-12-16 18:49:38] INFO     BIST:Header
[2022-12-16 18:49:53] INFO     BIST:Header
[2022-12-16 18:50:08] INFO     BIST:Header
[2022-12-16 18:50:23] INFO     BIST:Header
[2022-12-16 18:50:38] INFO     BIST:Header
[2022-12-16 18:50:53] INFO     BIST:Header
[2022-12-16 18:51:08] INFO     BIST:Header
[2022-12-16 18:51:23] INFO     BIST:Header
[2022-12-16 18:51:38] INFO     BIST:Header
[2022-12-16 18:51:53] INFO     BIST:Header
[2022-12-16 18:52:08] INFO     BIST:Header
[2022-12-16 18:52:23] INFO     BIST:Header
[2022-12-16 18:52:38] INFO     BIST:Header
[2022-12-16 18:52:53] INFO     BIST:Header
[2022-12-16 18:53:08] INFO     BIST:Header
[2022-12-16 18:53:23] INFO     BIST:Header
[2022-12-16 18:53:38] INFO     BIST:Header
[2022-12-16 18:53:53] INFO     BIST:Header
[2022-12-16 18:54:08] INFO     BIST:Header
[2022-12-16 18:54:23] INFO     BIST:Header
[2022-12-16 18:54:38] INFO     BIST:Header
[2022-12-16 18:54:53] INFO     BIST:Header
[2022-12-16 18:55:08] INFO     BIST:Header
[2022-12-16 18:55:23] INFO     BIST:Header
[2022-12-16 18:55:38] INFO     BIST:Header
[2022-12-16 18:55:53] INFO     BIST:Header
[2022-12-16 18:56:08] INFO     BIST:Header
[2022-12-16 18:56:23] INFO     BIST:Header
[2022-12-16 18:56:38] INFO     BIST:Header
[2022-12-16 18:56:53] INFO     BIST:Header
[2022-12-16 18:57:08] INFO     BIST:Header
[2022-12-16 18:57:23] INFO     BIST:Header
[2022-12-16 18:57:38] INFO     BIST:Header
[2022-12-16 18:57:53] INFO     BIST:Header
[2022-12-16 18:58:08] INFO     BIST:Header
[2022-12-16 18:58:23] INFO     BIST:Header
[2022-12-16 18:58:38] INFO     BIST:Header
[2022-12-16 18:58:53] INFO     BIST:Header
[2022-12-16 18:59:08] INFO     BIST:Header
[2022-12-16 18:59:23] INFO     BIST:Header
[2022-12-16 18:59:38] INFO     BIST:Header
[2022-12-16 18:59:53] INFO     BIST:Header
[2022-12-16 19:00:08] INFO     BIST:Header
[2022-12-16 19:00:23] INFO     BIST:Header
[2022-12-16 19:00:38] INFO     BIST:Header
[2022-12-16 19:00:53] INFO     BIST:Header
[2022-12-16 19:01:08] INFO     BIST:Header
[2022-12-16 19:01:23] INFO     BIST:Header
[2022-12-16 19:01:38] INFO     BIST:Header
[2022-12-16 19:01:53] INFO     BIST:Header
[2022-12-16 19:02:08] INFO     BIST:Header
[2022-12-16 19:02:23] INFO     BIST:Header
[2022-12-16 19:02:38] INFO     BIST:Header
[2022-12-16 19:02:53] INFO     BIST:Header
[2022-12-16 19:03:08] INFO     BIST:Header
[2022-12-16 19:03:23] INFO     BIST:Header
[2022-12-16 19:03:38] INFO     BIST:Header
[2022-12-16 19:03:53] INFO     BIST:Header
[2022-12-16 19:04:08] INFO     BIST:Header
[2022-12-16 19:04:23] INFO     BIST:Header
[2022-12-16 19:04:38] INFO     BIST:Header
[2022-12-16 19:04:53] INFO     BIST:Header
[2022-12-16 19:05:08] INFO     BIST:Header
[2022-12-16 19:05:23] INFO     BIST:Header
[2022-12-16 19:05:38] INFO     BIST:Header
[2022-12-16 19:05:53] INFO     BIST:Header
[2022-12-16 19:06:08] INFO     BIST:Header
[2022-12-16 19:06:23] INFO     BIST:Header
[2022-12-16 19:06:38] INFO     BIST:Header
[2022-12-16 19:06:53] INFO     BIST:Header
[2022-12-16 19:07:08] INFO     BIST:Header
[2022-12-16 19:07:23] INFO     BIST:Header
[2022-12-16 19:07:38] INFO     BIST:Header
[2022-12-16 19:07:53] INFO     BIST:Header
[2022-12-16 19:08:08] INFO     BIST:Header
[2022-12-16 19:08:23] INFO     BIST:Header
[2022-12-16 19:08:38] INFO     BIST:Header
[2022-12-16 19:08:53] INFO     BIST:Header
[2022-12-16 19:09:08] INFO     BIST:Header
[2022-12-16 19:09:23] INFO     BIST:Header
[2022-12-16 19:09:38] INFO     BIST:Header
[2022-12-16 19:09:53] INFO     BIST:Header
[2022-12-16 19:10:08] INFO     BIST:Header
[2022-12-16 19:10:23] INFO     BIST:Header
[2022-12-16 19:10:38] INFO     BIST:Header
[2022-12-16 19:10:53] INFO     BIST:Header
[2022-12-16 19:11:08] INFO     BIST:Header
[2022-12-16 19:11:23] INFO     BIST:Header
[2022-12-16 19:11:38] INFO     BIST:Header
[2022-12-16 19:11:53] INFO     BIST:Header
[2022-12-16 19:12:08] INFO     BIST:Header
[2022-12-16 19:12:23] INFO     BIST:Header
[2022-12-16 19:12:38] INFO     BIST:Header
[2022-12-16 19:12:53] INFO     BIST:Header
[2022-12-16 19:13:08] INFO     BIST:Header
[2022-12-16 19:13:23] INFO     BIST:Header
[2022-12-16 19:13:38] INFO     BIST:Header
[2022-12-16 19:13:53] INFO     BIST:Header
[2022-12-16 19:14:08] INFO     BIST:Header
[2022-12-16 19:14:24] INFO     BIST:Header
[2022-12-16 19:14:39] INFO     BIST:Header
[2022-12-16 19:14:54] INFO     BIST:Header
[2022-12-16 19:15:09] INFO     BIST:Header
[2022-12-16 19:15:24] INFO     BIST:Header
[2022-12-16 19:15:39] INFO     BIST:Header
[2022-12-16 19:15:54] INFO     BIST:Header
[2022-12-16 19:16:09] INFO     BIST:Header
[2022-12-16 19:16:24] INFO     BIST:Header
[2022-12-16 19:16:39] INFO     BIST:Header
[2022-12-16 19:16:54] INFO     BIST:Header
[2022-12-16 19:17:09] INFO     BIST:Header
[2022-12-16 19:17:24] INFO     BIST:Header
[2022-12-16 19:17:39] INFO     BIST:Header
[2022-12-16 19:17:54] INFO     BIST:Header
[2022-12-16 19:18:09] INFO     BIST:Header
[2022-12-16 19:18:24] INFO     BIST:Header
[2022-12-16 19:18:39] INFO     BIST:Header
[2022-12-16 19:18:54] INFO     BIST:Header
[2022-12-16 19:19:09] INFO     BIST:Header
[2022-12-16 19:19:24] INFO     BIST:Header
[2022-12-16 19:19:39] INFO     BIST:Header
[2022-12-16 19:19:54] INFO     BIST:Header
[2022-12-16 19:20:09] INFO     BIST:Header
[2022-12-16 19:20:24] INFO     BIST:Header
[2022-12-16 19:20:39] INFO     BIST:Header
[2022-12-16 19:20:54] INFO     BIST:Header
[2022-12-16 19:21:09] INFO     BIST:Header
[2022-12-16 19:21:24] INFO     BIST:Header
[2022-12-16 19:21:39] INFO     BIST:Header
[2022-12-16 19:21:54] INFO     BIST:Header
[2022-12-16 19:22:09] INFO     BIST:Header
[2022-12-16 19:22:24] INFO     BIST:Header
[2022-12-16 19:22:39] INFO     BIST:Header
[2022-12-16 19:22:54] INFO     BIST:Header
[2022-12-16 19:23:09] INFO     BIST:Header
[2022-12-16 19:23:24] INFO     BIST:Header
[2022-12-16 19:23:39] INFO     BIST:Header
[2022-12-16 19:23:54] INFO     BIST:Header
[2022-12-16 19:24:09] INFO     BIST:Header
[2022-12-16 19:24:24] INFO     BIST:Header
[2022-12-16 19:24:39] INFO     BIST:Header
[2022-12-16 19:24:54] INFO     BIST:Header
[2022-12-16 19:25:09] INFO     BIST:Header
[2022-12-16 19:25:24] INFO     BIST:Header
[2022-12-16 19:25:39] INFO     BIST:Header
[2022-12-16 19:25:54] INFO     BIST:Header
[2022-12-16 19:26:09] INFO     BIST:Header
[2022-12-16 19:26:24] INFO     BIST:Header
[2022-12-16 19:26:39] INFO     BIST:Header
[2022-12-16 19:26:54] INFO     BIST:Header
[2022-12-16 19:27:09] INFO     BIST:Header
[2022-12-16 19:27:24] INFO     BIST:Header
[2022-12-16 19:27:39] INFO     BIST:Header
[2022-12-16 19:27:54] INFO     BIST:Header
[2022-12-16 19:28:09] INFO     BIST:Header
[2022-12-16 19:28:24] INFO     BIST:Header
[2022-12-16 19:28:39] INFO     BIST:Header
[2022-12-16 19:28:54] INFO     BIST:Header
[2022-12-16 19:29:09] INFO     BIST:Header
[2022-12-16 19:29:24] INFO     BIST:Header
[2022-12-16 19:29:39] INFO     BIST:Header
[2022-12-16 19:29:54] INFO     BIST:Header
[2022-12-16 19:30:09] INFO     BIST:Header
[2022-12-16 19:30:24] INFO     BIST:Header
[2022-12-16 19:30:39] INFO     BIST:Header
[2022-12-16 19:30:54] INFO     BIST:Header
[2022-12-16 19:31:09] INFO     BIST:Header
[2022-12-16 19:31:24] INFO     BIST:Header
[2022-12-16 19:31:39] INFO     BIST:Header
[2022-12-16 19:31:54] INFO     BIST:Header
[2022-12-16 19:32:09] INFO     BIST:Header
[2022-12-16 19:32:24] INFO     BIST:Header
[2022-12-16 19:32:39] INFO     BIST:Header
[2022-12-16 19:32:54] INFO     BIST:Header
[2022-12-16 19:33:09] INFO     BIST:Header
[2022-12-16 19:33:24] INFO     BIST:Header
[2022-12-16 19:33:39] INFO     BIST:Header
[2022-12-16 19:33:54] INFO     BIST:Header
[2022-12-16 19:34:09] INFO     BIST:Header
[2022-12-16 19:34:24] INFO     BIST:Header
[2022-12-16 19:34:39] INFO     BIST:Header
[2022-12-16 19:34:54] INFO     BIST:Header
[2022-12-16 19:35:09] INFO     BIST:Header
[2022-12-16 19:35:24] INFO     BIST:Header
[2022-12-16 19:35:39] INFO     BIST:Header
[2022-12-16 19:35:54] INFO     BIST:Header
[2022-12-16 19:36:09] INFO     BIST:Header
[2022-12-16 19:36:24] INFO     BIST:Header
[2022-12-16 19:36:39] INFO     BIST:Header
[2022-12-16 19:36:54] INFO     BIST:Header
[2022-12-16 19:37:09] INFO     BIST:Header
[2022-12-16 19:37:24] INFO     BIST:Header
[2022-12-16 19:37:39] INFO     BIST:Header
[2022-12-16 19:37:54] INFO     BIST:Header
[2022-12-16 19:38:09] INFO     BIST:Header
[2022-12-16 19:38:24] INFO     BIST:Header
[2022-12-16 19:38:39] INFO     BIST:Header
[2022-12-16 19:38:54] INFO     BIST:Header
[2022-12-16 19:39:09] INFO     BIST:Header
[2022-12-16 19:39:24] INFO     BIST:Header
[2022-12-16 19:39:39] INFO     BIST:Header
[2022-12-16 19:39:54] INFO     BIST:Header
[2022-12-16 19:40:09] INFO     BIST:Header
[2022-12-16 19:40:24] INFO     BIST:Header
[2022-12-16 19:40:39] INFO     BIST:Header
[2022-12-16 19:40:54] INFO     BIST:Header
[2022-12-16 19:41:09] INFO     BIST:Header
[2022-12-16 19:41:24] INFO     BIST:Header
[2022-12-16 19:41:39] INFO     BIST:Header
[2022-12-16 19:41:54] INFO     BIST:Header
[2022-12-16 19:42:09] INFO     BIST:Header
[2022-12-16 19:42:24] INFO     BIST:Header
[2022-12-16 19:42:39] INFO     BIST:Header
[2022-12-16 19:42:54] INFO     BIST:Header
[2022-12-16 19:43:09] INFO     BIST:Header
[2022-12-16 19:43:24] INFO     BIST:Header
[2022-12-16 19:43:39] INFO     BIST:Header
[2022-12-16 19:43:54] INFO     BIST:Header
[2022-12-16 19:44:09] INFO     BIST:Header
[2022-12-16 19:44:24] INFO     BIST:Header
[2022-12-16 19:44:39] INFO     BIST:Header
[2022-12-16 19:44:54] INFO     BIST:Header
[2022-12-16 19:45:09] INFO     BIST:Header
[2022-12-16 19:45:24] INFO     BIST:Header
[2022-12-16 19:45:39] INFO     BIST:Header
[2022-12-16 19:45:54] INFO     BIST:Header
[2022-12-16 19:46:09] INFO     BIST:Header
[2022-12-16 19:46:24] INFO     BIST:Header
[2022-12-16 19:46:39] INFO     BIST:Header
[2022-12-16 19:46:54] INFO     BIST:Header
[2022-12-16 19:47:09] INFO     BIST:Header
[2022-12-16 19:47:24] INFO     BIST:Header
[2022-12-16 19:47:39] INFO     BIST:Header
[2022-12-16 19:47:54] INFO     BIST:Header
[2022-12-16 19:48:09] INFO     BIST:Header
[2022-12-16 19:48:24] INFO     BIST:Header
[2022-12-16 19:48:39] INFO     BIST:Header
[2022-12-16 19:48:54] INFO     BIST:Header
[2022-12-16 19:49:09] INFO     BIST:Header
[2022-12-16 19:49:24] INFO     BIST:Header
[2022-12-16 19:49:39] INFO     BIST:Header
[2022-12-16 19:49:54] INFO     BIST:Header
[2022-12-16 19:50:09] INFO     BIST:Header
[2022-12-16 19:50:24] INFO     BIST:Header
[2022-12-16 19:50:39] INFO     BIST:Header
[2022-12-16 19:50:54] INFO     BIST:Header
[2022-12-16 19:51:09] INFO     BIST:Header
[2022-12-16 19:51:24] INFO     BIST:Header
[2022-12-16 19:51:39] INFO     BIST:Header
[2022-12-16 19:51:54] INFO     BIST:Header
[2022-12-16 19:52:09] INFO     BIST:Header
[2022-12-16 19:52:24] INFO     BIST:Header
[2022-12-16 19:52:39] INFO     BIST:Header
[2022-12-16 19:52:54] INFO     BIST:Header
[2022-12-16 19:53:09] INFO     BIST:Header
[2022-12-16 19:53:24] INFO     BIST:Header
[2022-12-16 19:53:39] INFO     BIST:Header
[2022-12-16 19:53:54] INFO     BIST:Header
[2022-12-16 19:54:09] INFO     BIST:Header
[2022-12-16 19:54:24] INFO     BIST:Header
[2022-12-16 19:54:39] INFO     BIST:Header
[2022-12-16 19:54:54] INFO     BIST:Header
[2022-12-16 19:55:09] INFO     BIST:Header
[2022-12-16 19:55:24] INFO     BIST:Header
[2022-12-16 19:55:39] INFO     BIST:Header
[2022-12-16 19:55:54] INFO     BIST:Header
[2022-12-16 19:56:09] INFO     BIST:Header
[2022-12-16 19:56:24] INFO     BIST:Header
[2022-12-16 19:56:39] INFO     BIST:Header
[2022-12-16 19:56:54] INFO     BIST:Header
[2022-12-16 19:57:09] INFO     BIST:Header
[2022-12-16 19:57:24] INFO     BIST:Header
[2022-12-16 19:57:39] INFO     BIST:Header
[2022-12-16 19:57:54] INFO     BIST:Header
[2022-12-16 19:58:09] INFO     BIST:Header
[2022-12-16 19:58:24] INFO     BIST:Header
[2022-12-16 19:58:39] INFO     BIST:Header
[2022-12-16 19:58:54] INFO     BIST:Header
[2022-12-16 19:59:09] INFO     BIST:Header
[2022-12-16 19:59:24] INFO     BIST:Header
[2022-12-16 19:59:39] INFO     BIST:Header
[2022-12-16 19:59:54] INFO     BIST:Header
[2022-12-16 20:00:09] INFO     BIST:Header
[2022-12-16 20:00:24] INFO     BIST:Header
[2022-12-16 20:00:39] INFO     BIST:Header
[2022-12-16 20:00:54] INFO     BIST:Header
[2022-12-16 20:01:09] INFO     BIST:Header
[2022-12-16 20:01:24] INFO     BIST:Header
[2022-12-16 20:01:39] INFO     BIST:Header
[2022-12-16 20:01:54] INFO     BIST:Header
[2022-12-16 20:02:09] INFO     BIST:Header
[2022-12-16 20:02:24] INFO     BIST:Header
[2022-12-16 20:02:39] INFO     BIST:Header
[2022-12-16 20:02:54] INFO     BIST:Header
[2022-12-16 20:03:09] INFO     BIST:Header
[2022-12-16 20:03:24] INFO     BIST:Header
[2022-12-16 20:03:39] INFO     BIST:Header
[2022-12-16 20:03:54] INFO     BIST:Header
[2022-12-16 20:04:09] INFO     BIST:Header
[2022-12-16 20:04:24] INFO     BIST:Header
[2022-12-16 20:04:39] INFO     BIST:Header
[2022-12-16 20:04:54] INFO     BIST:Header
[2022-12-16 20:05:09] INFO     BIST:Header
[2022-12-16 20:05:24] INFO     BIST:Header
[2022-12-16 20:05:39] INFO     BIST:Header
[2022-12-16 20:05:54] INFO     BIST:Header
[2022-12-16 20:06:09] INFO     BIST:Header
[2022-12-16 20:06:24] INFO     BIST:Header
[2022-12-16 20:06:39] INFO     BIST:Header
[2022-12-16 20:06:54] INFO     BIST:Header
[2022-12-16 20:07:09] INFO     BIST:Header
[2022-12-16 20:07:24] INFO     BIST:Header
[2022-12-16 20:07:39] INFO     BIST:Header
[2022-12-16 20:07:54] INFO     BIST:Header
[2022-12-16 20:08:09] INFO     BIST:Header
[2022-12-16 20:08:24] INFO     BIST:Header
[2022-12-16 20:08:39] INFO     BIST:Header
[2022-12-16 20:08:54] INFO     BIST:Header
[2022-12-16 20:09:09] INFO     BIST:Header
[2022-12-16 20:09:24] INFO     BIST:Header
[2022-12-16 20:09:39] INFO     BIST:Header
[2022-12-16 20:09:54] INFO     BIST:Header
[2022-12-16 20:10:09] INFO     BIST:Header
[2022-12-16 20:10:25] INFO     BIST:Header
[2022-12-16 20:10:40] INFO     BIST:Header
