[2022-12-18 07:17:17] 
[2022-12-18 07:17:17] [1m        __   _ __      _  __[0m
[2022-12-18 07:17:17] [1m       / /  (_) /____ | |/_/[0m
[2022-12-18 07:17:17] [1m      / /__/ / __/ -_)>  <[0m
[2022-12-18 07:17:17] [1m     /____/_/\__/\__/_/|_|[0m
[2022-12-18 07:17:17] [1m   Build your hardware, easily![0m
[2022-12-18 07:17:17]  (c) Copyright 2012-2022 Enjoy-Digital
[2022-12-18 07:17:17]  (c) Copyright 2007-2015 M-Labs
[2022-12-18 07:17:17]  BIOS built on Nov 28 2022 18:17:22
[2022-12-18 07:17:17]  BIOS CRC passed (b0e744c8)
[2022-12-18 07:17:17]  LiteX git sha1: f707551c
[2022-12-18 07:17:17] --=============== [1mSoC[0m ==================--
[2022-12-18 07:17:17] [1mCPU[0m:		VexRiscv @ 75MHz
[2022-12-18 07:17:17] [1mBUS[0m:		WISHBONE 32-bit @ 4GiB
[2022-12-18 07:17:17] [1mCSR[0m:		32-bit data
[2022-12-18 07:17:17] [1mROM[0m:		128KiB
[2022-12-18 07:17:17] [1mSRAM[0m:		8KiB
[2022-12-18 07:17:17] [1mL2[0m:		8KiB
[2022-12-18 07:17:17] [1mSDRAM[0m:		524288KiB 16-bit @ 600MT/s (CL-7 CWL-5)
[2022-12-18 07:17:17] --========== [1mInitialization[0m ============--
[2022-12-18 07:17:17] Initializing SDRAM @0x40000000...
[2022-12-18 07:17:17] Switching SDRAM to software control.
[2022-12-18 07:17:17] Read leveling:
[2022-12-18 07:17:17]   m0, b00: |00000000000000000000000000000000| delays: -
[2022-12-18 07:17:17]   m0, b01: |11111111000000000000000000000000| delays: 04+-04
[2022-12-18 07:17:17]   m0, b02: |00000000001111111111111111110000| delays: 19+-09
[2022-12-18 07:17:17]   m0, b03: |00000000000000000000000000000001| delays: -
[2022-12-18 07:17:17]   m0, b04: |00000000000000000000000000000000| delays: -
[2022-12-18 07:17:17]   m0, b05: |00000000000000000000000000000000| delays: -
[2022-12-18 07:17:17]   m0, b06: |00000000000000000000000000000000| delays: -
[2022-12-18 07:17:17]   m0, b07: |00000000000000000000000000000000| delays: -
[2022-12-18 07:17:17]   best: m0, b02 delays: 19+-09
[2022-12-18 07:17:17]   m1, b00: |00000000000000000000000000000000| delays: -
[2022-12-18 07:17:17]   m1, b01: |11111111000000000000000000000000| delays: 04+-04
[2022-12-18 07:17:17]   m1, b02: |00000000011111111111111111110000| delays: 19+-10
[2022-12-18 07:17:17]   m1, b03: |00000000000000000000000000000001| delays: 01+-02
[2022-12-18 07:17:17]   m1, b04: |00000000000000000000000000000000| delays: -
[2022-12-18 07:17:17]   m1, b05: |00000000000000000000000000000000| delays: -
[2022-12-18 07:17:17]   m1, b06: |00000000000000000000000000000000| delays: -
[2022-12-18 07:17:17]   m1, b07: |00000000000000000000000000000000| delays: -
[2022-12-18 07:17:17]   best: m1, b02 delays: 18+-09
[2022-12-18 07:17:17] Switching SDRAM to hardware control.
[2022-12-18 07:17:17] Memtest at 0x40000000 (2.0MiB)...
[2022-12-18 07:17:17]   Write: 0x40000000-0x40000000 0B   
[2022-12-18 07:17:17]   Write: 0x40000000-0x40200000 2.0MiB   
[2022-12-18 07:17:17]    Read: 0x40000000-0x40000000 0B   
[2022-12-18 07:17:17]    Read: 0x40000000-0x40200000 2.0MiB   
[2022-12-18 07:17:17] Memtest OK
[2022-12-18 07:17:17] Memspeed at 0x40000000 (Sequential, 2.0MiB)...
[2022-12-18 07:17:17]   Write speed: 26.2MiB/s
[2022-12-18 07:17:17]    Read speed: 35.1MiB/s
[2022-12-18 07:17:17] --============== [1mBoot[0m ==================--
[2022-12-18 07:17:17] Booting from serial...
[2022-12-18 07:17:17] Press Q or ESC to abort boot completely.
[2022-12-18 07:17:17] sL5DdSMmkekro
[2022-12-18 07:17:18] Timeout
[2022-12-18 07:17:18] No boot medium found
[2022-12-18 07:17:18] --============= [1mConsole[0m ================--
[2022-12-18 07:17:18] [92;1mlitex[0m> 
[2022-12-18 07:17:18] [92;1mlitex[0m> 
[2022-12-18 07:17:18] [92;1mlitex[0m> sdram_bist_pat 90
[2022-12-18 07:17:18] sdram_bist_pat 90
[2022-12-18 07:17:18] [92;1mlitex[0m> sdram_bist 8192 1 0 1
[2022-12-18 07:17:18] sdram_bist 8192 1 0 1
[2022-12-18 07:17:18] Starting SDRAM BIST with length=8192, addr_mode=1, data_mode=0 wmode=1
[2022-12-18 07:17:18] WR-BW(MiB/s) RD-BW(MiB/s)  TESTED(MiB)     ERRORS
[2022-12-18 07:17:19]          941          940          473          0
[2022-12-18 07:17:21]          940          931         1373          0
[2022-12-18 07:17:23]            0          930         2311          0
[2022-12-18 07:17:25]            0          930         3249          0
[2022-12-18 07:17:27]            0          930           90          0
[2022-12-18 07:17:29]            0          930         1028          0
[2022-12-18 07:17:30]            0          930         1965          0
[2022-12-18 07:17:32]            0          930         2903          0
[2022-12-18 07:17:32] WR-BW(MiB/s) RD-BW(MiB/s)  TESTED(MiB)     ERRORS
[2022-12-18 07:17:34]            0          930         3840          0
[2022-12-18 07:17:36]            0          930          682          0
[2022-12-18 07:17:38]            0          930         1619          0
[2022-12-18 07:17:40]            0          930         2557          0
[2022-12-18 07:17:42]            0          930         3494          0
[2022-12-18 07:17:44]            0          930          336          0
[2022-12-18 07:17:45]            0          930         1274          0
[2022-12-18 07:17:47]            0          930         2211          0
[2022-12-18 07:17:47] WR-BW(MiB/s) RD-BW(MiB/s)  TESTED(MiB)     ERRORS
[2022-12-18 07:17:49]            0          930         3149          0
[2022-12-18 07:17:51]            0          930         4086          0
[2022-12-18 07:17:53]            0          930          928          0
[2022-12-18 07:17:55]            0          930         1865          0
[2022-12-18 07:17:57]            0          930         2803          0
[2022-12-18 07:17:59]            0          930         3740          0
[2022-12-18 07:18:00]            0          930          582          0
[2022-12-18 07:18:02]            0          930         1519          0
[2022-12-18 07:18:02] WR-BW(MiB/s) RD-BW(MiB/s)  TESTED(MiB)     ERRORS
[2022-12-18 07:18:04]            0          930         2457          0
[2022-12-18 07:18:06]            0          930         3394          0
[2022-12-18 07:18:08]            0          930          236          0
[2022-12-18 07:18:10]            0          930         1174          0
[2022-12-18 07:18:12]            0          930         2111          0
[2022-12-18 07:18:14]            0          930         3049          0
[2022-12-18 07:18:15]            0          930         3986          0
[2022-12-18 07:18:17]            0          930          828          0
[2022-12-18 07:18:17] WR-BW(MiB/s) RD-BW(MiB/s)  TESTED(MiB)     ERRORS
[2022-12-18 07:18:19]            0          930         1765          0
[2022-12-18 07:18:21]            0          930         2703          0
[2022-12-18 07:18:23]            0          930         3640          0
[2022-12-18 07:18:25]            0          930          482          0
[2022-12-18 07:18:27]            0          930         1419          0
[2022-12-18 07:18:29]            0          930         2357          0
[2022-12-18 07:18:30]            0          930         3294          0
[2022-12-18 07:18:32]            0          930          136          0
[2022-12-18 07:18:32] WR-BW(MiB/s) RD-BW(MiB/s)  TESTED(MiB)     ERRORS
[2022-12-18 07:18:34]            0          930         1074          0
[2022-12-18 07:18:36]            0          930         2011          0
[2022-12-18 07:18:38]            0          930         2949          0
[2022-12-18 07:18:40]            0          930         3886          0
[2022-12-18 07:18:42]            0          930          728          0
[2022-12-18 07:18:44]            0          930         1665          0
[2022-12-18 07:18:45]            0          930         2603          0
[2022-12-18 07:18:47]            0          930         3540          0
[2022-12-18 07:18:47] WR-BW(MiB/s) RD-BW(MiB/s)  TESTED(MiB)     ERRORS
[2022-12-18 07:18:49]            0          930          382          0
[2022-12-18 07:18:51]            0          930         1319          0
[2022-12-18 07:18:53]            0          930         2257          0
[2022-12-18 07:18:55]            0          930         3195          0
[2022-12-18 07:18:57]            0          930           36          0
[2022-12-18 07:18:59]            0          930          974          0
[2022-12-18 07:19:00]            0          930         1911          0
[2022-12-18 07:19:02]            0          930         2849          0
[2022-12-18 07:19:02] WR-BW(MiB/s) RD-BW(MiB/s)  TESTED(MiB)     ERRORS
[2022-12-18 07:19:04]            0          930         3786          0
[2022-12-18 07:19:06]            0          930          628          0
[2022-12-18 07:19:08]            0          930         1565          0
[2022-12-18 07:19:10]            0          930         2503          0
[2022-12-18 07:19:12]            0          930         3440          0
[2022-12-18 07:19:14]            0          930          282          0
[2022-12-18 07:19:15]            0          930         1219          0
[2022-12-18 07:19:17]            0          930         2157          0
[2022-12-18 07:19:17] WR-BW(MiB/s) RD-BW(MiB/s)  TESTED(MiB)     ERRORS
[2022-12-18 07:19:19]            0          930         3095          0
[2022-12-18 07:19:21]            0          930         4032          0
[2022-12-18 07:19:23]            0          930          874          0
[2022-12-18 07:19:25]            0          930         1811          0
[2022-12-18 07:19:27]            0          930         2749          0
[2022-12-18 07:19:29]            0          930         3686          0
[2022-12-18 07:19:30]            0          930          528          0
[2022-12-18 07:19:32]            0          930         1465          0
[2022-12-18 07:19:32] WR-BW(MiB/s) RD-BW(MiB/s)  TESTED(MiB)     ERRORS
[2022-12-18 07:19:34]            0          930         2403          0
[2022-12-18 07:19:36]            0          930         3340          0
[2022-12-18 07:19:38]            0          930          182          0
[2022-12-18 07:19:40]            0          930         1119          0
[2022-12-18 07:19:42]            0          930         2057          0
[2022-12-18 07:19:44]            0          930         2995          0
[2022-12-18 07:19:45]            0          930         3932          0
[2022-12-18 07:19:47]            0          930          774          0
[2022-12-18 07:19:47] WR-BW(MiB/s) RD-BW(MiB/s)  TESTED(MiB)     ERRORS
[2022-12-18 07:19:49]            0          930         1711          0
[2022-12-18 07:19:51]            0          930         2649          0
[2022-12-18 07:19:53]            0          930         3586          0
[2022-12-18 07:19:55]            0          930          428          0
[2022-12-18 07:19:57]            0          930         1365          0
[2022-12-18 07:19:59]            0          930         2303          0
[2022-12-18 07:20:00]            0          930         3240          0
[2022-12-18 07:20:02]            0          930           82          0
[2022-12-18 07:20:02] WR-BW(MiB/s) RD-BW(MiB/s)  TESTED(MiB)     ERRORS
[2022-12-18 07:20:04]            0          930         1020          0
[2022-12-18 07:20:06]            0          930         1957          0
[2022-12-18 07:20:08]            0          930         2895          0
[2022-12-18 07:20:10]            0          930         3832          0
[2022-12-18 07:20:12]            0          930          674          0
[2022-12-18 07:20:14]            0          930         1611          0
[2022-12-18 07:20:15]            0          930         2549          0
[2022-12-18 07:20:17]            0          930         3486          0
[2022-12-18 07:20:17] WR-BW(MiB/s) RD-BW(MiB/s)  TESTED(MiB)     ERRORS
[2022-12-18 07:20:19]            0          930          328          0
[2022-12-18 07:20:21]            0          930         1265          0
[2022-12-18 07:20:23]            0          930         2203          0
[2022-12-18 07:20:25]            0          930         3140          0
[2022-12-18 07:20:27]            0          930         4078          0
[2022-12-18 07:20:29]            0          930          920          0
[2022-12-18 07:20:30]            0          930         1857          0
[2022-12-18 07:20:32]            0          930         2795          0
[2022-12-18 07:20:32] WR-BW(MiB/s) RD-BW(MiB/s)  TESTED(MiB)     ERRORS
[2022-12-18 07:20:34]            0          930         3732          0
[2022-12-18 07:20:36]            0          930          574          0
[2022-12-18 07:20:38]            0          930         1511          0
[2022-12-18 07:20:40]            0          930         2449          0
[2022-12-18 07:20:42]            0          930         3386          0
[2022-12-18 07:20:44]            0          930          228          0
[2022-12-18 07:20:45]            0          930         1165          0
[2022-12-18 07:20:47]            0          930         2103          0
[2022-12-18 07:20:47] WR-BW(MiB/s) RD-BW(MiB/s)  TESTED(MiB)     ERRORS
[2022-12-18 07:20:49]            0          930         3040          0
[2022-12-18 07:20:51]            0          930         3978          0
[2022-12-18 07:20:53]            0          930          820          0
[2022-12-18 07:20:55]            0          930         1757          0
[2022-12-18 07:20:57]            0          930         2695          0
[2022-12-18 07:20:59]            0          930         3632          0
[2022-12-18 07:21:00]            0          930          474          0
[2022-12-18 07:21:02]            0          930         1411          0
[2022-12-18 07:21:02] WR-BW(MiB/s) RD-BW(MiB/s)  TESTED(MiB)     ERRORS
[2022-12-18 07:21:04]            0          930         2349          0
[2022-12-18 07:21:06]            0          930         3286          0
[2022-12-18 07:21:08]            0          930          128          0
[2022-12-18 07:21:10]            0          930         1065          0
[2022-12-18 07:21:12]            0          930         2003          0
[2022-12-18 07:21:14]            0          930         2941          0
[2022-12-18 07:21:15]            0          930         3878          0
[2022-12-18 07:21:17]            0          930          720          0
[2022-12-18 07:21:17] WR-BW(MiB/s) RD-BW(MiB/s)  TESTED(MiB)     ERRORS
[2022-12-18 07:21:19]            0          930         1657          0
[2022-12-18 07:21:21]            0          930         2595          0
[2022-12-18 07:21:23]            0          930         3532          0
[2022-12-18 07:21:25]            0          930          374          0
[2022-12-18 07:21:27]            0          930         1311          0
[2022-12-18 07:21:29]            0          930         2249          0
[2022-12-18 07:21:30]            0          930         3186          0
[2022-12-18 07:21:32]            0          930           28          0
[2022-12-18 07:21:32] WR-BW(MiB/s) RD-BW(MiB/s)  TESTED(MiB)     ERRORS
[2022-12-18 07:21:34]            0          930          965          0
[2022-12-18 07:21:36]            0          930         1903          0
[2022-12-18 07:21:38]            0          930         2841          0
[2022-12-18 07:21:40]            0          930         3778          0
[2022-12-18 07:21:42]            0          930          620          0
[2022-12-18 07:21:44]            0          930         1557          0
[2022-12-18 07:21:45]            0          930         2495          0
[2022-12-18 07:21:47]            0          930         3432          0
[2022-12-18 07:21:47] WR-BW(MiB/s) RD-BW(MiB/s)  TESTED(MiB)     ERRORS
[2022-12-18 07:21:49]            0          930          274          0
[2022-12-18 07:21:51]            0          930         1211          0
[2022-12-18 07:21:53]            0          930         2149          0
[2022-12-18 07:21:55]            0          930         3086          0
[2022-12-18 07:21:57]            0          930         4024          0
[2022-12-18 07:21:59]            0          930          865          0
[2022-12-18 07:22:00]            0          930         1803          0
[2022-12-18 07:22:02]            0          930         2741          0
[2022-12-18 07:22:02] WR-BW(MiB/s) RD-BW(MiB/s)  TESTED(MiB)     ERRORS
[2022-12-18 07:22:04]            0          930         3678          0
[2022-12-18 07:22:06]            0          930          520          0
[2022-12-18 07:22:08]            0          930         1457          0
[2022-12-18 07:22:10]            0          930         2395          0
[2022-12-18 07:22:12]            0          930         3332          0
[2022-12-18 07:22:14]            0          930          174          0
[2022-12-18 07:22:15]            0          930         1111          0
[2022-12-18 07:22:17]            0          930         2049          0
[2022-12-18 07:22:17] WR-BW(MiB/s) RD-BW(MiB/s)  TESTED(MiB)     ERRORS
[2022-12-18 07:22:19]            0          930         2986          0
[2022-12-18 07:22:21]            0          930         3924          0
[2022-12-18 07:22:23]            0          930          766          0
[2022-12-18 07:22:25]            0          930         1703          0
[2022-12-18 07:22:27]            0          930         2641          0
[2022-12-18 07:22:29]            0          930         3578          0
[2022-12-18 07:22:30]            0          930          420          0
[2022-12-18 07:22:32]            0          930         1357          0
[2022-12-18 07:22:32] WR-BW(MiB/s) RD-BW(MiB/s)  TESTED(MiB)     ERRORS
[2022-12-18 07:22:34]            0          930         2295          0
[2022-12-18 07:22:36]            0          930         3232          0
[2022-12-18 07:22:38]            0          930           74          0
[2022-12-18 07:22:40]            0          930         1011          0
[2022-12-18 07:22:42]            0          930         1949          0
[2022-12-18 07:22:44]            0          930         2886          0
[2022-12-18 07:22:45]            0          930         3824          0
[2022-12-18 07:22:47]            0          930          666          0
[2022-12-18 07:22:47] WR-BW(MiB/s) RD-BW(MiB/s)  TESTED(MiB)     ERRORS
[2022-12-18 07:22:49]            0          930         1603          0
[2022-12-18 07:22:51]            0          930         2541          0
[2022-12-18 07:22:53]            0          930         3478          0
[2022-12-18 07:22:55]            0          930          320          0
[2022-12-18 07:22:57]            0          930         1257          0
[2022-12-18 07:22:59]            0          930         2195          0
[2022-12-18 07:23:00]            0          930         3132          0
[2022-12-18 07:23:02]            0          930         4070          0
[2022-12-18 07:23:02] WR-BW(MiB/s) RD-BW(MiB/s)  TESTED(MiB)     ERRORS
[2022-12-18 07:23:04]            0          930          911          0
[2022-12-18 07:23:06]            0          930         1849          0
[2022-12-18 07:23:08]            0          930         2786          0
[2022-12-18 07:23:10]            0          930         3724          0
[2022-12-18 07:23:12]            0          930          566          0
[2022-12-18 07:23:14]            0          930         1503          0
[2022-12-18 07:23:15]            0          930         2441          0
[2022-12-18 07:23:17]            0          930         3378          0
[2022-12-18 07:23:17] WR-BW(MiB/s) RD-BW(MiB/s)  TESTED(MiB)     ERRORS
[2022-12-18 07:23:19]            0          930          220          0
[2022-12-18 07:23:21]            0          930         1157          0
[2022-12-18 07:23:23]            0          930         2095          0
[2022-12-18 07:23:25]            0          930         3032          0
[2022-12-18 07:23:27]            0          930         3970          0
[2022-12-18 07:23:29]            0          930          811          0
[2022-12-18 07:23:30]            0          930         1749          0
[2022-12-18 07:23:32]            0          930         2686          0
[2022-12-18 07:23:32] WR-BW(MiB/s) RD-BW(MiB/s)  TESTED(MiB)     ERRORS
[2022-12-18 07:23:34]            0          930         3624          0
[2022-12-18 07:23:36]            0          930          466          0
[2022-12-18 07:23:38]            0          930         1403          0
[2022-12-18 07:23:40]            0          930         2341          0
[2022-12-18 07:23:42]            0          930         3278          0
[2022-12-18 07:23:44]            0          930          120          0
[2022-12-18 07:23:45]            0          930         1057          0
[2022-12-18 07:23:47]            0          930         1995          0
[2022-12-18 07:23:47] WR-BW(MiB/s) RD-BW(MiB/s)  TESTED(MiB)     ERRORS
[2022-12-18 07:23:49]            0          930         2932          0
[2022-12-18 07:23:51]            0          930         3870          0
[2022-12-18 07:23:53]            0          930          711          0
[2022-12-18 07:23:55]            0          930         1649          0
[2022-12-18 07:23:57]            0          930         2587          0
[2022-12-18 07:23:59]            0          930         3524          0
[2022-12-18 07:24:00]            0          930          366          0
[2022-12-18 07:24:02]            0          930         1303          0
[2022-12-18 07:24:02] WR-BW(MiB/s) RD-BW(MiB/s)  TESTED(MiB)     ERRORS
[2022-12-18 07:24:04]            0          930         2241          0
[2022-12-18 07:24:06]            0          930         3178          0
[2022-12-18 07:24:08]            0          930           20          0
[2022-12-18 07:24:10]            0          930          957          0
[2022-12-18 07:24:12]            0          930         1895          0
[2022-12-18 07:24:14]            0          930         2832          0
[2022-12-18 07:24:16]            0          930         3770          0
[2022-12-18 07:24:17]            0          930          611          0
[2022-12-18 07:24:17] WR-BW(MiB/s) RD-BW(MiB/s)  TESTED(MiB)     ERRORS
[2022-12-18 07:24:19]            0          930         1549          0
[2022-12-18 07:24:21]            0          930         2487          0
[2022-12-18 07:24:23]            0          930         3424          0
[2022-12-18 07:24:25]            0          930          266          0
[2022-12-18 07:24:27]            0          930         1203          0
[2022-12-18 07:24:29]            0          930         2141          0
[2022-12-18 07:24:31]            0          930         3078          0
[2022-12-18 07:24:32]            0          930         4016          0
[2022-12-18 07:24:32] WR-BW(MiB/s) RD-BW(MiB/s)  TESTED(MiB)     ERRORS
[2022-12-18 07:24:34]            0          930          857          0
[2022-12-18 07:24:36]            0          930         1795          0
[2022-12-18 07:24:38]            0          930         2732          0
[2022-12-18 07:24:40]            0          930         3670          0
[2022-12-18 07:24:42]            0          930          511          0
[2022-12-18 07:24:44]            0          930         1449          0
[2022-12-18 07:24:46]            0          930         2387          0
[2022-12-18 07:24:47]            0          930         3324          0
[2022-12-18 07:24:47] WR-BW(MiB/s) RD-BW(MiB/s)  TESTED(MiB)     ERRORS
[2022-12-18 07:24:49]            0          930          166          0
[2022-12-18 07:24:51]            0          930         1103          0
[2022-12-18 07:24:53]            0          930         2041          0
[2022-12-18 07:24:55]            0          930         2978          0
[2022-12-18 07:24:57]            0          930         3916          0
[2022-12-18 07:24:59]            0          930          757          0
[2022-12-18 07:25:01]            0          930         1695          0
[2022-12-18 07:25:02]            0          930         2632          0
[2022-12-18 07:25:02] WR-BW(MiB/s) RD-BW(MiB/s)  TESTED(MiB)     ERRORS
[2022-12-18 07:25:04]            0          930         3570          0
[2022-12-18 07:25:06]            0          930          412          0
[2022-12-18 07:25:08]            0          930         1349          0
[2022-12-18 07:25:10]            0          930         2287          0
[2022-12-18 07:25:12]            0          930         3224          0
[2022-12-18 07:25:14]            0          930           66          0
[2022-12-18 07:25:16]            0          930         1003          0
[2022-12-18 07:25:17]            0          930         1941          0
[2022-12-18 07:25:17] WR-BW(MiB/s) RD-BW(MiB/s)  TESTED(MiB)     ERRORS
[2022-12-18 07:25:19]            0          930         2878          0
[2022-12-18 07:25:21]            0          930         3816          0
[2022-12-18 07:25:23]            0          930          657          0
[2022-12-18 07:25:25]            0          930         1595          0
[2022-12-18 07:25:27]            0          930         2532          0
[2022-12-18 07:25:29]            0          930         3470          0
[2022-12-18 07:25:31]            0          930          312          0
[2022-12-18 07:25:32]            0          930         1249          0
[2022-12-18 07:25:32] WR-BW(MiB/s) RD-BW(MiB/s)  TESTED(MiB)     ERRORS
[2022-12-18 07:25:34]            0          930         2187          0
[2022-12-18 07:25:36]            0          930         3124          0
[2022-12-18 07:25:38]            0          930         4062          0
[2022-12-18 07:25:40]            0          930          903          0
[2022-12-18 07:25:42]            0          930         1841          0
[2022-12-18 07:25:44]            0          930         2778          0
[2022-12-18 07:25:46]            0          930         3716          0
[2022-12-18 07:25:47]            0          930          557          0
[2022-12-18 07:25:47] WR-BW(MiB/s) RD-BW(MiB/s)  TESTED(MiB)     ERRORS
[2022-12-18 07:25:49]            0          930         1495          0
[2022-12-18 07:25:51]            0          930         2432          0
[2022-12-18 07:25:53]            0          930         3370          0
[2022-12-18 07:25:55]            0          930          212          0
[2022-12-18 07:25:57]            0          930         1149          0
[2022-12-18 07:25:59]            0          930         2087          0
[2022-12-18 07:26:01]            0          930         3024          0
[2022-12-18 07:26:02]            0          930         3962          0
[2022-12-18 07:26:02] WR-BW(MiB/s) RD-BW(MiB/s)  TESTED(MiB)     ERRORS
[2022-12-18 07:26:04]            0          930          803          0
[2022-12-18 07:26:06]            0          930         1741          0
[2022-12-18 07:26:08]            0          930         2678          0
[2022-12-18 07:26:10]            0          930         3616          0
[2022-12-18 07:26:12]            0          930          457          0
[2022-12-18 07:26:14]            0          930         1395          0
[2022-12-18 07:26:16]            0          930         2332          0
[2022-12-18 07:26:17]            0          930         3270          0
[2022-12-18 07:26:17] WR-BW(MiB/s) RD-BW(MiB/s)  TESTED(MiB)     ERRORS
[2022-12-18 07:26:19]            0          930          112          0
[2022-12-18 07:26:21]            0          930         1049          0
[2022-12-18 07:26:23]            0          930         1987          0
[2022-12-18 07:26:25]            0          930         2924          0
[2022-12-18 07:26:27]            0          930         3862          0
[2022-12-18 07:26:29]            0          930          703          0
[2022-12-18 07:26:31]            0          930         1641          0
[2022-12-18 07:26:32]            0          930         2578          0
[2022-12-18 07:26:32] WR-BW(MiB/s) RD-BW(MiB/s)  TESTED(MiB)     ERRORS
[2022-12-18 07:26:34]            0          930         3516          0
[2022-12-18 07:26:36]            0          930          357          0
[2022-12-18 07:26:38]            0          930         1295          0
[2022-12-18 07:26:40]            0          930         2233          0
[2022-12-18 07:26:42]            0          930         3170          0
[2022-12-18 07:26:44]            0          930           12          0
[2022-12-18 07:26:46]            0          930          949          0
[2022-12-18 07:26:47]            0          930         1887          0
[2022-12-18 07:26:47] WR-BW(MiB/s) RD-BW(MiB/s)  TESTED(MiB)     ERRORS
[2022-12-18 07:26:49]            0          930         2824          0
[2022-12-18 07:26:51]            0          930         3762          0
