[2022-12-16 20:21:55] 
[2022-12-16 20:21:55] [1m        __   _ __      _  __[0m
[2022-12-16 20:21:55] [1m       / /  (_) /____ | |/_/[0m
[2022-12-16 20:21:55] [1m      / /__/ / __/ -_)>  <[0m
[2022-12-16 20:21:55] [1m     /____/_/\__/\__/_/|_|[0m
[2022-12-16 20:21:55] [1m   Build your hardware, easily![0m
[2022-12-16 20:21:55]  (c) Copyright 2012-2022 Enjoy-Digital
[2022-12-16 20:21:55]  (c) Copyright 2007-2015 M-Labs
[2022-12-16 20:21:55]  BIOS built on Nov 28 2022 18:17:22
[2022-12-16 20:21:55]  BIOS CRC passed (b0e744c8)
[2022-12-16 20:21:55]  LiteX git sha1: f707551c
[2022-12-16 20:21:55] --=============== [1mSoC[0m ==================--
[2022-12-16 20:21:55] [1mCPU[0m:		VexRiscv @ 75MHz
[2022-12-16 20:21:55] [1mBUS[0m:		WISHBONE 32-bit @ 4GiB
[2022-12-16 20:21:55] [1mCSR[0m:		32-bit data
[2022-12-16 20:21:55] [1mROM[0m:		128KiB
[2022-12-16 20:21:55] [1mSRAM[0m:		8KiB
[2022-12-16 20:21:55] [1mL2[0m:		8KiB
[2022-12-16 20:21:55] [1mSDRAM[0m:		524288KiB 16-bit @ 600MT/s (CL-7 CWL-5)
[2022-12-16 20:21:55] --========== [1mInitialization[0m ============--
[2022-12-16 20:21:55] Initializing SDRAM @0x40000000...
[2022-12-16 20:21:55] Switching SDRAM to software control.
[2022-12-16 20:21:55] Read leveling:
[2022-12-16 20:21:55]   m0, b00: |00000000000000000000000000000000| delays: -
[2022-12-16 20:21:55]   m0, b01: |11111111000000000000000000000000| delays: 04+-04
[2022-12-16 20:21:55]   m0, b02: |00000000001111111111111111110000| delays: 19+-09
[2022-12-16 20:21:55]   m0, b03: |00000000000000000000000000000001| delays: 01+-02
[2022-12-16 20:21:55]   m0, b04: |00000000000000000000000000000000| delays: -
[2022-12-16 20:21:55]   m0, b05: |00000000000000000000000000000000| delays: -
[2022-12-16 20:21:55]   m0, b06: |00000000000000000000000000000000| delays: -
[2022-12-16 20:21:55]   m0, b07: |00000000000000000000000000000000| delays: -
[2022-12-16 20:21:55]   best: m0, b02 delays: 19+-09
[2022-12-16 20:21:55]   m1, b00: |00000000000000000000000000000000| delays: -
[2022-12-16 20:21:55]   m1, b01: |11111111000000000000000000000000| delays: 04+-04
[2022-12-16 20:21:55]   m1, b02: |00000000011111111111111111110000| delays: 18+-09
[2022-12-16 20:21:55]   m1, b03: |00000000000000000000000000000001| delays: 01+-02
[2022-12-16 20:21:55]   m1, b04: |00000000000000000000000000000000| delays: -
[2022-12-16 20:21:55]   m1, b05: |00000000000000000000000000000000| delays: -
[2022-12-16 20:21:55]   m1, b06: |00000000000000000000000000000000| delays: -
[2022-12-16 20:21:55]   m1, b07: |00000000000000000000000000000000| delays: -
[2022-12-16 20:21:55]   best: m1, b02 delays: 19+-10
[2022-12-16 20:21:55] Switching SDRAM to hardware control.
[2022-12-16 20:21:55] Memtest at 0x40000000 (2.0MiB)...
[2022-12-16 20:21:55]   Write: 0x40000000-0x40000000 0B   
[2022-12-16 20:21:55]   Write: 0x40000000-0x40200000 2.0MiB   
[2022-12-16 20:21:55]    Read: 0x40000000-0x40000000 0B   
[2022-12-16 20:21:56]    Read: 0x40000000-0x40200000 2.0MiB   
[2022-12-16 20:21:56] Memtest OK
[2022-12-16 20:21:56] Memspeed at 0x40000000 (Sequential, 2.0MiB)...
[2022-12-16 20:21:56]   Write speed: 26.2MiB/s
[2022-12-16 20:21:56]    Read speed: 35.1MiB/s
[2022-12-16 20:21:56] --============== [1mBoot[0m ==================--
[2022-12-16 20:21:56] Booting from serial...
[2022-12-16 20:21:56] Press Q or ESC to abort boot completely.
[2022-12-16 20:21:56] sL5DdSMmkekro
[2022-12-16 20:21:56] Timeout
[2022-12-16 20:21:56] No boot medium found
[2022-12-16 20:21:56] --============= [1mConsole[0m ================--
[2022-12-16 20:21:56] [92;1mlitex[0m> 
[2022-12-16 20:21:56] [92;1mlitex[0m> 
[2022-12-16 20:21:56] [92;1mlitex[0m> sdram_bist_pat 90
[2022-12-16 20:21:56] sdram_bist_pat 90
[2022-12-16 20:21:56] [92;1mlitex[0m> sdram_bist 8192 1 0 1
[2022-12-16 20:21:56] sdram_bist 8192 1 0 1
[2022-12-16 20:21:56] Starting SDRAM BIST with length=8192, addr_mode=1, data_mode=0 wmode=1
[2022-12-16 20:21:56] WR-BW(MiB/s) RD-BW(MiB/s)  TESTED(MiB)     ERRORS
[2022-12-16 20:21:58]          940          940          473          0
[2022-12-16 20:21:59]          940          931         1373          0
[2022-12-16 20:22:01]            0          930         2311          0
[2022-12-16 20:22:03]            0          930         3249          0
[2022-12-16 20:22:05]            0          930           90          0
[2022-12-16 20:22:07]            0          930         1028          0
[2022-12-16 20:22:09]            0          930         1965          0
[2022-12-16 20:22:11]            0          930         2903          0
[2022-12-16 20:22:11] WR-BW(MiB/s) RD-BW(MiB/s)  TESTED(MiB)     ERRORS
[2022-12-16 20:22:13]            0          930         3840          0
[2022-12-16 20:22:14]            0          930          682          0
[2022-12-16 20:22:16]            0          930         1619          0
[2022-12-16 20:22:18]            0          930         2557          0
[2022-12-16 20:22:20]            0          930         3494          0
[2022-12-16 20:22:22]            0          930          336          0
[2022-12-16 20:22:24]            0          930         1273          0
[2022-12-16 20:22:26]            0          930         2211          0
[2022-12-16 20:22:26] WR-BW(MiB/s) RD-BW(MiB/s)  TESTED(MiB)     ERRORS
[2022-12-16 20:22:28]            0          930         3149          0
[2022-12-16 20:22:29]            0          930         4086          0
[2022-12-16 20:22:31]            0          930          928          0
[2022-12-16 20:22:33]            0          930         1865          0
[2022-12-16 20:22:35]            0          930         2803          0
[2022-12-16 20:22:37]            0          930         3740          0
[2022-12-16 20:22:39]            0          930          582          0
[2022-12-16 20:22:41]            0          930         1519          0
[2022-12-16 20:22:41] WR-BW(MiB/s) RD-BW(MiB/s)  TESTED(MiB)     ERRORS
[2022-12-16 20:22:43]            0          930         2457          0
[2022-12-16 20:22:44]            0          930         3394          0
[2022-12-16 20:22:46]            0          930          236          0
[2022-12-16 20:22:48]            0          930         1174          0
[2022-12-16 20:22:50]            0          930         2111          0
[2022-12-16 20:22:52]            0          930         3049          0
[2022-12-16 20:22:54]            0          930         3986          0
[2022-12-16 20:22:56]            0          930          828          0
[2022-12-16 20:22:56] WR-BW(MiB/s) RD-BW(MiB/s)  TESTED(MiB)     ERRORS
[2022-12-16 20:22:58]            0          930         1765          0
[2022-12-16 20:22:59]            0          930         2703          0
[2022-12-16 20:23:01]            0          930         3640          0
[2022-12-16 20:23:03]            0          930          482          0
[2022-12-16 20:23:05]            0          930         1419          0
[2022-12-16 20:23:07]            0          930         2357          0
[2022-12-16 20:23:09]            0          930         3294          0
[2022-12-16 20:23:11]            0          930          136          0
[2022-12-16 20:23:11] WR-BW(MiB/s) RD-BW(MiB/s)  TESTED(MiB)     ERRORS
[2022-12-16 20:23:13]            0          930         1074          0
[2022-12-16 20:23:14]            0          930         2011          0
[2022-12-16 20:23:16]            0          930         2949          0
[2022-12-16 20:23:18]            0          930         3886          0
[2022-12-16 20:23:20]            0          930          728          0
[2022-12-16 20:23:22]            0          930         1665          0
[2022-12-16 20:23:24]            0          930         2603          0
[2022-12-16 20:23:26]            0          930         3540          0
[2022-12-16 20:23:26] WR-BW(MiB/s) RD-BW(MiB/s)  TESTED(MiB)     ERRORS
[2022-12-16 20:23:28]            0          930          382          0
[2022-12-16 20:23:29]            0          930         1319          0
[2022-12-16 20:23:31]            0          930         2257          0
[2022-12-16 20:23:33]            0          930         3195          0
[2022-12-16 20:23:35]            0          930           36          0
[2022-12-16 20:23:37]            0          930          974          0
[2022-12-16 20:23:39]            0          930         1911          0
[2022-12-16 20:23:41]            0          930         2849          0
[2022-12-16 20:23:41] WR-BW(MiB/s) RD-BW(MiB/s)  TESTED(MiB)     ERRORS
[2022-12-16 20:23:43]            0          930         3786          0
[2022-12-16 20:23:44]            0          930          628          0
[2022-12-16 20:23:46]            0          930         1565          0
[2022-12-16 20:23:48]            0          930         2503          0
[2022-12-16 20:23:50]            0          930         3440          0
[2022-12-16 20:23:52]            0          930          282          0
[2022-12-16 20:23:54]            0          930         1219          0
[2022-12-16 20:23:56]            0          930         2157          0
[2022-12-16 20:23:56] WR-BW(MiB/s) RD-BW(MiB/s)  TESTED(MiB)     ERRORS
[2022-12-16 20:23:58]            0          930         3095          0
[2022-12-16 20:23:59]            0          930         4032          0
[2022-12-16 20:24:01]            0          930          874          0
[2022-12-16 20:24:03]            0          930         1811          0
[2022-12-16 20:24:05]            0          930         2749          0
[2022-12-16 20:24:07]            0          930         3686          0
[2022-12-16 20:24:09]            0          930          528          0
[2022-12-16 20:24:11]            0          930         1465          0
[2022-12-16 20:24:11] WR-BW(MiB/s) RD-BW(MiB/s)  TESTED(MiB)     ERRORS
[2022-12-16 20:24:13]            0          930         2403          0
[2022-12-16 20:24:14]            0          930         3340          0
[2022-12-16 20:24:16]            0          930          182          0
[2022-12-16 20:24:18]            0          930         1119          0
[2022-12-16 20:24:20]            0          930         2057          0
[2022-12-16 20:24:22]            0          930         2995          0
[2022-12-16 20:24:24]            0          930         3932          0
[2022-12-16 20:24:26]            0          930          774          0
[2022-12-16 20:24:26] WR-BW(MiB/s) RD-BW(MiB/s)  TESTED(MiB)     ERRORS
[2022-12-16 20:24:28]            0          930         1711          0
[2022-12-16 20:24:29]            0          930         2649          0
[2022-12-16 20:24:31]            0          930         3586          0
[2022-12-16 20:24:33]            0          930          428          0
[2022-12-16 20:24:35]            0          930         1365          0
[2022-12-16 20:24:37]            0          930         2303          0
[2022-12-16 20:24:39]            0          930         3240          0
[2022-12-16 20:24:41]            0          930           82          0
[2022-12-16 20:24:41] WR-BW(MiB/s) RD-BW(MiB/s)  TESTED(MiB)     ERRORS
[2022-12-16 20:24:43]            0          930         1020          0
[2022-12-16 20:24:44]            0          930         1957          0
[2022-12-16 20:24:46]            0          930         2895          0
[2022-12-16 20:24:48]            0          930         3832          0
[2022-12-16 20:24:50]            0          930          674          0
[2022-12-16 20:24:52]            0          930         1611          0
[2022-12-16 20:24:54]            0          930         2549          0
[2022-12-16 20:24:56]            0          930         3486          0
[2022-12-16 20:24:56] WR-BW(MiB/s) RD-BW(MiB/s)  TESTED(MiB)     ERRORS
[2022-12-16 20:24:58]            0          930          328          0
[2022-12-16 20:24:59]            0          930         1265          0
[2022-12-16 20:25:01]            0          930         2203          0
[2022-12-16 20:25:03]            0          930         3140          0
[2022-12-16 20:25:05]            0          930         4078          0
[2022-12-16 20:25:07]            0          930          920          0
[2022-12-16 20:25:09]            0          930         1857          0
[2022-12-16 20:25:11]            0          930         2795          0
[2022-12-16 20:25:11] WR-BW(MiB/s) RD-BW(MiB/s)  TESTED(MiB)     ERRORS
[2022-12-16 20:25:13]            0          930         3732          0
[2022-12-16 20:25:14]            0          930          574          0
[2022-12-16 20:25:16]            0          930         1511          0
[2022-12-16 20:25:18]            0          930         2449          0
[2022-12-16 20:25:20]            0          930         3386          0
[2022-12-16 20:25:22]            0          930          228          0
[2022-12-16 20:25:24]            0          930         1165          0
[2022-12-16 20:25:26]            0          930         2103          0
[2022-12-16 20:25:26] WR-BW(MiB/s) RD-BW(MiB/s)  TESTED(MiB)     ERRORS
[2022-12-16 20:25:28]            0          930         3040          0
[2022-12-16 20:25:29]            0          930         3978          0
[2022-12-16 20:25:31]            0          930          820          0
[2022-12-16 20:25:33]            0          930         1757          0
[2022-12-16 20:25:35]            0          930         2695          0
[2022-12-16 20:25:37]            0          930         3632          0
[2022-12-16 20:25:39]            0          930          474          0
[2022-12-16 20:25:41]            0          930         1411          0
[2022-12-16 20:25:41] WR-BW(MiB/s) RD-BW(MiB/s)  TESTED(MiB)     ERRORS
[2022-12-16 20:25:43]            0          930         2349          0
[2022-12-16 20:25:44]            0          930         3286          0
[2022-12-16 20:25:46]            0          930          128          0
[2022-12-16 20:25:48]            0          930         1065          0
[2022-12-16 20:25:50]            0          930         2003          0
[2022-12-16 20:25:52]            0          930         2941          0
[2022-12-16 20:25:54]            0          930         3878          0
[2022-12-16 20:25:56]            0          930          720          0
[2022-12-16 20:25:56] WR-BW(MiB/s) RD-BW(MiB/s)  TESTED(MiB)     ERRORS
[2022-12-16 20:25:58]            0          930         1657          0
[2022-12-16 20:25:59]            0          930         2595          0
[2022-12-16 20:26:01]            0          930         3532          0
[2022-12-16 20:26:03]            0          930          374          0
[2022-12-16 20:26:05]            0          930         1311          0
[2022-12-16 20:26:07]            0          930         2249          0
[2022-12-16 20:26:09]            0          930         3186          0
[2022-12-16 20:26:11]            0          930           28          0
[2022-12-16 20:26:11] WR-BW(MiB/s) RD-BW(MiB/s)  TESTED(MiB)     ERRORS
[2022-12-16 20:26:13]            0          930          965          0
[2022-12-16 20:26:14]            0          930         1903          0
[2022-12-16 20:26:16]            0          930         2841          0
[2022-12-16 20:26:18]            0          930         3778          0
[2022-12-16 20:26:20]            0          930          620          0
[2022-12-16 20:26:22]            0          930         1557          0
[2022-12-16 20:26:24]            0          930         2495          0
[2022-12-16 20:26:26]            0          930         3432          0
[2022-12-16 20:26:26] WR-BW(MiB/s) RD-BW(MiB/s)  TESTED(MiB)     ERRORS
[2022-12-16 20:26:28]            0          930          274          0
[2022-12-16 20:26:29]            0          930         1211          0
[2022-12-16 20:26:31]            0          930         2149          0
[2022-12-16 20:26:33]            0          930         3086          0
[2022-12-16 20:26:35]            0          930         4024          0
[2022-12-16 20:26:37]            0          930          865          0
[2022-12-16 20:26:39]            0          930         1803          0
[2022-12-16 20:26:41]            0          930         2741          0
[2022-12-16 20:26:41] WR-BW(MiB/s) RD-BW(MiB/s)  TESTED(MiB)     ERRORS
[2022-12-16 20:26:43]            0          930         3678          0
[2022-12-16 20:26:44]            0          930          520          0
[2022-12-16 20:26:46]            0          930         1457          0
[2022-12-16 20:26:48]            0          930         2395          0
[2022-12-16 20:26:50]            0          930         3332          0
[2022-12-16 20:26:52]            0          930          174          0
[2022-12-16 20:26:54]            0          930         1111          0
[2022-12-16 20:26:56]            0          930         2049          0
[2022-12-16 20:26:56] WR-BW(MiB/s) RD-BW(MiB/s)  TESTED(MiB)     ERRORS
[2022-12-16 20:26:58]            0          930         2986          0
[2022-12-16 20:26:59]            0          930         3924          0
[2022-12-16 20:27:01]            0          930          766          0
[2022-12-16 20:27:03]            0          930         1703          0
[2022-12-16 20:27:05]            0          930         2641          0
[2022-12-16 20:27:07]            0          930         3578          0
[2022-12-16 20:27:09]            0          930          420          0
[2022-12-16 20:27:11]            0          930         1357          0
[2022-12-16 20:27:11] WR-BW(MiB/s) RD-BW(MiB/s)  TESTED(MiB)     ERRORS
[2022-12-16 20:27:13]            0          930         2295          0
[2022-12-16 20:27:14]            0          930         3232          0
[2022-12-16 20:27:16]            0          930           74          0
[2022-12-16 20:27:18]            0          930         1011          0
[2022-12-16 20:27:20]            0          930         1949          0
[2022-12-16 20:27:22]            0          930         2886          0
[2022-12-16 20:27:24]            0          930         3824          0
[2022-12-16 20:27:26]            0          930          666          0
[2022-12-16 20:27:26] WR-BW(MiB/s) RD-BW(MiB/s)  TESTED(MiB)     ERRORS
[2022-12-16 20:27:28]            0          930         1603          0
[2022-12-16 20:27:29]            0          930         2541          0
[2022-12-16 20:27:31]            0          930         3478          0
[2022-12-16 20:27:33]            0          930          320          0
[2022-12-16 20:27:35]            0          930         1257          0
[2022-12-16 20:27:37]            0          930         2195          0
[2022-12-16 20:27:39]            0          930         3132          0
[2022-12-16 20:27:41]            0          930         4070          0
[2022-12-16 20:27:41] WR-BW(MiB/s) RD-BW(MiB/s)  TESTED(MiB)     ERRORS
[2022-12-16 20:27:43]            0          930          911          0
[2022-12-16 20:27:45]            0          930         1849          0
[2022-12-16 20:27:46]            0          930         2786          0
[2022-12-16 20:27:48]            0          930         3724          0
[2022-12-16 20:27:50]            0          930          566          0
[2022-12-16 20:27:52]            0          930         1503          0
[2022-12-16 20:27:54]            0          930         2441          0
[2022-12-16 20:27:56]            0          930         3378          0
[2022-12-16 20:27:56] WR-BW(MiB/s) RD-BW(MiB/s)  TESTED(MiB)     ERRORS
[2022-12-16 20:27:58]            0          930          220          0
[2022-12-16 20:28:00]            0          930         1157          0
[2022-12-16 20:28:01]            0          930         2095          0
[2022-12-16 20:28:03]            0          930         3032          0
[2022-12-16 20:28:05]            0          930         3970          0
[2022-12-16 20:28:07]            0          930          811          0
[2022-12-16 20:28:09]            0          930         1749          0
[2022-12-16 20:28:11]            0          930         2686          0
[2022-12-16 20:28:11] WR-BW(MiB/s) RD-BW(MiB/s)  TESTED(MiB)     ERRORS
[2022-12-16 20:28:13]            0          930         3624          0
[2022-12-16 20:28:15]            0          930          466          0
[2022-12-16 20:28:16]            0          930         1403          0
[2022-12-16 20:28:18]            0          930         2341          0
[2022-12-16 20:28:20]            0          930         3278          0
[2022-12-16 20:28:22]            0          930          120          0
[2022-12-16 20:28:24]            0          930         1057          0
[2022-12-16 20:28:26]            0          930         1995          0
[2022-12-16 20:28:26] WR-BW(MiB/s) RD-BW(MiB/s)  TESTED(MiB)     ERRORS
[2022-12-16 20:28:28]            0          930         2932          0
[2022-12-16 20:28:30]            0          930         3870          0
[2022-12-16 20:28:31]            0          930          711          0
[2022-12-16 20:28:33]            0          930         1649          0
[2022-12-16 20:28:35]            0          930         2587          0
[2022-12-16 20:28:37]            0          930         3524          0
[2022-12-16 20:28:39]            0          930          366          0
[2022-12-16 20:28:41]            0          930         1303          0
[2022-12-16 20:28:41] WR-BW(MiB/s) RD-BW(MiB/s)  TESTED(MiB)     ERRORS
[2022-12-16 20:28:43]            0          930         2241          0
[2022-12-16 20:28:45]            0          930         3178          0
[2022-12-16 20:28:46]            0          930           20          0
[2022-12-16 20:28:48]            0          930          957          0
[2022-12-16 20:28:50]            0          930         1895          0
[2022-12-16 20:28:52]            0          930         2832          0
[2022-12-16 20:28:54]            0          930         3770          0
[2022-12-16 20:28:56]            0          930          611          0
[2022-12-16 20:28:56] WR-BW(MiB/s) RD-BW(MiB/s)  TESTED(MiB)     ERRORS
[2022-12-16 20:28:58]            0          930         1549          0
[2022-12-16 20:29:00]            0          930         2487          0
[2022-12-16 20:29:01]            0          930         3424          0
[2022-12-16 20:29:03]            0          930          266          0
[2022-12-16 20:29:05]            0          930         1203          0
[2022-12-16 20:29:07]            0          930         2141          0
[2022-12-16 20:29:09]            0          930         3078          0
[2022-12-16 20:29:11]            0          930         4016          0
[2022-12-16 20:29:11] WR-BW(MiB/s) RD-BW(MiB/s)  TESTED(MiB)     ERRORS
[2022-12-16 20:29:13]            0          930          857          0
[2022-12-16 20:29:15]            0          930         1795          0
[2022-12-16 20:29:16]            0          930         2732          0
[2022-12-16 20:29:18]            0          930         3670          0
[2022-12-16 20:29:20]            0          930          511          0
[2022-12-16 20:29:22]            0          930         1449          0
[2022-12-16 20:29:24]            0          930         2387          0
[2022-12-16 20:29:26]            0          930         3324          0
[2022-12-16 20:29:26] WR-BW(MiB/s) RD-BW(MiB/s)  TESTED(MiB)     ERRORS
[2022-12-16 20:29:28]            0          930          166          0
[2022-12-16 20:29:30]            0          930         1103          0
[2022-12-16 20:29:31]            0          930         2041          0
[2022-12-16 20:29:33]            0          930         2978          0
[2022-12-16 20:29:35]            0          930         3916          0
[2022-12-16 20:29:37]            0          930          757          0
[2022-12-16 20:29:39]            0          930         1695          0
[2022-12-16 20:29:41]            0          930         2632          0
[2022-12-16 20:29:41] WR-BW(MiB/s) RD-BW(MiB/s)  TESTED(MiB)     ERRORS
[2022-12-16 20:29:43]            0          930         3570          0
[2022-12-16 20:29:45]            0          930          412          0
[2022-12-16 20:29:46]            0          930         1349          0
[2022-12-16 20:29:48]            0          930         2287          0
[2022-12-16 20:29:50]            0          930         3224          0
[2022-12-16 20:29:52]            0          930           66          0
[2022-12-16 20:29:54]            0          930         1003          0
[2022-12-16 20:29:56]            0          930         1941          0
[2022-12-16 20:29:56] WR-BW(MiB/s) RD-BW(MiB/s)  TESTED(MiB)     ERRORS
[2022-12-16 20:29:58]            0          930         2878          0
[2022-12-16 20:30:00]            0          930         3816          0
[2022-12-16 20:30:01]            0          930          657          0
[2022-12-16 20:30:03]            0          930         1595          0
[2022-12-16 20:30:05]            0          930         2532          0
[2022-12-16 20:30:07]            0          930         3470          0
[2022-12-16 20:30:09]            0          930          312          0
[2022-12-16 20:30:11]            0          930         1249          0
[2022-12-16 20:30:11] WR-BW(MiB/s) RD-BW(MiB/s)  TESTED(MiB)     ERRORS
[2022-12-16 20:30:13]            0          930         2187          0
[2022-12-16 20:30:15]            0          930         3124          0
[2022-12-16 20:30:16]            0          930         4062          0
[2022-12-16 20:30:18]            0          930          903          0
[2022-12-16 20:30:20]            0          930         1841          0
[2022-12-16 20:30:22]            0          930         2778          0
[2022-12-16 20:30:24]            0          930         3716          0
[2022-12-16 20:30:26]            0          930          557          0
[2022-12-16 20:30:26] WR-BW(MiB/s) RD-BW(MiB/s)  TESTED(MiB)     ERRORS
[2022-12-16 20:30:28]            0          930         1495          0
[2022-12-16 20:30:30]            0          930         2432          0
[2022-12-16 20:30:31]            0          930         3370          0
[2022-12-16 20:30:33]            0          930          212          0
[2022-12-16 20:30:35]            0          930         1149          0
[2022-12-16 20:30:37]            0          930         2087          0
[2022-12-16 20:30:39]            0          930         3024          0
[2022-12-16 20:30:41]            0          930         3962          0
[2022-12-16 20:30:41] WR-BW(MiB/s) RD-BW(MiB/s)  TESTED(MiB)     ERRORS
[2022-12-16 20:30:43]            0          930          803          0
[2022-12-16 20:30:45]            0          930         1741          0
[2022-12-16 20:30:46]            0          930         2678          0
[2022-12-16 20:30:48]            0          930         3616          0
[2022-12-16 20:30:50]            0          930          457          0
[2022-12-16 20:30:52]            0          930         1395          0
[2022-12-16 20:30:54]            0          930         2332          0
[2022-12-16 20:30:56]            0          930         3270          0
[2022-12-16 20:30:56] WR-BW(MiB/s) RD-BW(MiB/s)  TESTED(MiB)     ERRORS
[2022-12-16 20:30:58]            0          930          112          0
[2022-12-16 20:31:00]            0          930         1049          0
[2022-12-16 20:31:01]            0          930         1987          0
[2022-12-16 20:31:03]            0          930         2924          0
[2022-12-16 20:31:05]            0          930         3862          0
[2022-12-16 20:31:07]            0          930          703          0
[2022-12-16 20:31:09]            0          930         1641          0
[2022-12-16 20:31:11]            0          930         2578          0
[2022-12-16 20:31:11] WR-BW(MiB/s) RD-BW(MiB/s)  TESTED(MiB)     ERRORS
[2022-12-16 20:31:13]            0          930         3516          0
[2022-12-16 20:31:15]            0          930          357          0
[2022-12-16 20:31:16]            0          930         1295          0
[2022-12-16 20:31:18]            0          930         2233          0
[2022-12-16 20:31:20]            0          930         3170          0
[2022-12-16 20:31:22]            0          930           12          0
[2022-12-16 20:31:24]            0          930          949          0
[2022-12-16 20:31:26]            0          930         1887          0
[2022-12-16 20:31:26] WR-BW(MiB/s) RD-BW(MiB/s)  TESTED(MiB)     ERRORS
[2022-12-16 20:31:28]            0          930         2824          0
[2022-12-16 20:31:30]            0          930         3762          0
[2022-12-16 20:31:31]            0          930          603          0
[2022-12-16 20:31:33]            0          930         1541          0
[2022-12-16 20:31:35]            0          930         2478          0
[2022-12-16 20:31:37]            0          930         3416          0
[2022-12-16 20:31:39]            0          930          257          0
[2022-12-16 20:31:41]            0          930         1195          0
[2022-12-16 20:31:41] WR-BW(MiB/s) RD-BW(MiB/s)  TESTED(MiB)     ERRORS
[2022-12-16 20:31:43]            0          930         2133          0
[2022-12-16 20:31:45]            0          930         3070          0
[2022-12-16 20:31:46]            0          930         4008          0
[2022-12-16 20:31:48]            0          930          849          0
[2022-12-16 20:31:50]            0          930         1787          0
[2022-12-16 20:31:52]            0          930         2724          0
[2022-12-16 20:31:54]            0          930         3662          0
[2022-12-16 20:31:56]            0          930          503          0
[2022-12-16 20:31:56] WR-BW(MiB/s) RD-BW(MiB/s)  TESTED(MiB)     ERRORS
[2022-12-16 20:31:58]            0          930         1441          0
[2022-12-16 20:32:00]            0          930         2378          0
[2022-12-16 20:32:01]            0          930         3316          0
[2022-12-16 20:32:03]            0          930          158          0
[2022-12-16 20:32:05]            0          930         1095          0
[2022-12-16 20:32:07]            0          930         2033          0
[2022-12-16 20:32:09]            0          930         2970          0
[2022-12-16 20:32:11]            0          930         3908          0
[2022-12-16 20:32:11] WR-BW(MiB/s) RD-BW(MiB/s)  TESTED(MiB)     ERRORS
[2022-12-16 20:32:13]            0          930          749          0
[2022-12-16 20:32:15]            0          930         1687          0
[2022-12-16 20:32:16]            0          930         2624          0
[2022-12-16 20:32:18]            0          930         3562          0
[2022-12-16 20:32:20]            0          930          403          0
[2022-12-16 20:32:22]            0          930         1341          0
[2022-12-16 20:32:24]            0          930         2278          0
[2022-12-16 20:32:26]            0          930         3216          0
[2022-12-16 20:32:26] WR-BW(MiB/s) RD-BW(MiB/s)  TESTED(MiB)     ERRORS
[2022-12-16 20:32:28]            0          930           58          0
[2022-12-16 20:32:30]            0          930          995          0
[2022-12-16 20:32:31]            0          930         1933          0
[2022-12-16 20:32:33]            0          930         2870          0
[2022-12-16 20:32:35]            0          930         3808          0
[2022-12-16 20:32:37]            0          930          649          0
[2022-12-16 20:32:39]            0          930         1587          0
[2022-12-16 20:32:41]            0          930         2524          0
[2022-12-16 20:32:41] WR-BW(MiB/s) RD-BW(MiB/s)  TESTED(MiB)     ERRORS
[2022-12-16 20:32:43]            0          930         3462          0
[2022-12-16 20:32:45]            0          930          303          0
[2022-12-16 20:32:46]            0          930         1241          0
[2022-12-16 20:32:48]            0          930         2178          0
[2022-12-16 20:32:50]            0          930         3116          0
[2022-12-16 20:32:52]            0          930         4054          0
[2022-12-16 20:32:54]            0          930          895          0
[2022-12-16 20:32:56]            0          930         1833          0
[2022-12-16 20:32:56] WR-BW(MiB/s) RD-BW(MiB/s)  TESTED(MiB)     ERRORS
[2022-12-16 20:32:58]            0          930         2770          0
[2022-12-16 20:33:00]            0          930         3708          0
[2022-12-16 20:33:01]            0          930          549          0
[2022-12-16 20:33:03]            0          930         1487          0
[2022-12-16 20:33:05]            0          930         2424          0
[2022-12-16 20:33:07]            0          930         3362          0
[2022-12-16 20:33:09]            0          930          203          0
[2022-12-16 20:33:11]            0          930         1141          0
[2022-12-16 20:33:11] WR-BW(MiB/s) RD-BW(MiB/s)  TESTED(MiB)     ERRORS
[2022-12-16 20:33:13]            0          930         2079          0
[2022-12-16 20:33:15]            0          930         3016          0
[2022-12-16 20:33:16]            0          930         3954          0
[2022-12-16 20:33:18]            0          930          795          0
