[2022-12-16 20:18:03] INFO     STATE:Initial Starting State
[2022-12-16 20:18:03] INFO     git commit information
[2022-12-16 20:18:03] INFO     	git commit:1c8fc9e Updated rowhammer script
[2022-12-16 20:18:03] INFO     	git commit date:Fri Dec 16 16:09:45 2022
[2022-12-16 20:18:03] INFO     	git status:Fri Dec 16 16:09:45 2022
[2022-12-16 20:18:03] INFO     		M beam-test/test_scripts/ddrdata_experiment.py
[2022-12-16 20:18:03] INFO     		M beam-test/test_scripts/readme.md
[2022-12-16 20:18:03] INFO     		M beam-test/test_scripts/rowhammer_test.py
[2022-12-16 20:18:03] INFO     Command line information
[2022-12-16 20:18:03] INFO     	Command line:['ddrdata_experiment.py', '--log_dir', './lansce2022', '--bitstream', '/root/ddr_11_28.bit', '--jcm_clock', '30_000_000', '--jcm_netbooter_port', '4', '--nexys_netbooter_port', '3', '--jcm_ip', '169.254.132.151', '--uart_phys_port', '1-4.4.4.1', '--enable_scrubbing', '--frads_file', 'xc7a200t_frad.txt']
[2022-12-16 20:18:03] INFO     	arg:netbooter_ip=169.254.131.160
[2022-12-16 20:18:03] INFO     	arg:nexys_netbooter_port=3
[2022-12-16 20:18:03] INFO     	arg:jcm_netbooter_port=4
[2022-12-16 20:18:03] INFO     	arg:jcm_ip=169.254.132.151
[2022-12-16 20:18:03] INFO     	arg:jcm_part=xc7a200t
[2022-12-16 20:18:03] INFO     	arg:jcm_clock=30000000
[2022-12-16 20:18:03] INFO     	arg:repower_jcm=False
[2022-12-16 20:18:03] INFO     	arg:disable_jcm=False
[2022-12-16 20:18:03] INFO     	arg:uart_phys_port=1-4.4.4.1
[2022-12-16 20:18:03] INFO     	arg:uart_phys_if=0
[2022-12-16 20:18:03] INFO     	arg:uart_baudrate=115200
[2022-12-16 20:18:03] INFO     	arg:bitstream=/root/ddr_11_28.bit
[2022-12-16 20:18:03] INFO     	arg:default_bist_pattern=90
[2022-12-16 20:18:03] INFO     	arg:log_dir=./lansce2022
[2022-12-16 20:18:03] INFO     	arg:frads_file=xc7a200t_frad.txt
[2022-12-16 20:18:03] INFO     	arg:enable_scrubbing=True
[2022-12-16 20:18:03] INFO     	arg:single_step=False
[2022-12-16 20:18:03] INFO     STATE:Netbooter Setup State
[2022-12-16 20:18:03] INFO     STATE:JCM Setup State
[2022-12-16 20:18:03] INFO     NETBOOTER:Attempt 1 to set port 4 with cycle=False
[2022-12-16 20:18:05] INFO     NETBOOTER:Setting port 4 to On
[2022-12-16 20:18:06] INFO     JCM ping attempt 1
[2022-12-16 20:18:06] INFO     JCM:Logging in to JCM
[2022-12-16 20:18:06] INFO     JCM:Connecting to JCM over SSH... (Attempt 1)
[2022-12-16 20:18:06] INFO     JCM:SSH successful
[2022-12-16 20:18:06] INFO     STATE:UART Setup State
[2022-12-16 20:18:06] INFO     STATE:Power Nexys State
[2022-12-16 20:18:06] INFO     NETBOOTER:Attempt 1 to set port 3 with cycle=False
[2022-12-16 20:18:08] INFO     NETBOOTER:Setting port 3 to Off
[2022-12-16 20:18:09] INFO     NETBOOTER:Attempt 1 to set port 3 with cycle=False
[2022-12-16 20:18:11] INFO     NETBOOTER:Setting port 3 to On
[2022-12-16 20:18:12] INFO     STATE:Connect UART State
[2022-12-16 20:18:12] INFO     UART:Searching for ttyUSB device (Attempt 1) for port '1-4.4.4.1' IF '0'
[2022-12-16 20:18:14] INFO     UART:Searching for ttyUSB device (Attempt 2) for port '1-4.4.4.1' IF '0'
[2022-12-16 20:18:14] INFO     UART:Found tty device:/dev/ttyUSB3
[2022-12-16 20:18:14] INFO     UART:Attempting to open:/dev/ttyUSB3 at baud 115200 with timeout=5
[2022-12-16 20:18:14] INFO     UART:Serial port /dev/ttyUSB3 open
[2022-12-16 20:18:14] INFO     STATE:Configure Nexys State
[2022-12-16 20:18:14] INFO     JCM:Attempting JCM device DNA read
[2022-12-16 20:18:14] INFO     JCM:Executing commmand on JCM
	~/jcm_apps/jcm_jtag_reg.elf -r 50 --swap -w 64
[2022-12-16 20:18:14] INFO     Device DNA:0:0x00db951b 1:0x1507af22
[2022-12-16 20:18:14] INFO     JCM:Attempting JCM configuration
[2022-12-16 20:18:14] INFO     JCM:Executing commmand on JCM
	~/jcm_apps/jcm_config.elf --part xc7a200t -c 30000000 --jtag --config_file /root/ddr_11_28.bit
[2022-12-16 20:18:20] INFO     JCM:Configuration Success
[2022-12-16 20:18:20] INFO     STATE:Enable Scrubbing State
