[2022-12-16 15:57:43] INFO     STATE:Initial Starting State
[2022-12-16 15:57:43] INFO     git commit information
[2022-12-16 15:57:43] INFO     	git commit:15a23c6 More notes on the rowhammer test.
[2022-12-16 15:57:43] INFO     	git commit date:Wed Dec 14 12:36:53 2022
[2022-12-16 15:57:43] INFO     	git status:Wed Dec 14 12:36:53 2022
[2022-12-16 15:57:43] INFO     		M beam-test/test_scripts/ddrctrl_experiment.py
[2022-12-16 15:57:43] INFO     		M beam-test/test_scripts/readme.md
[2022-12-16 15:57:43] INFO     		M beam-test/test_scripts/rowhammer_test.py
[2022-12-16 15:57:43] INFO     		?? beam-test/test_scripts/lansce2022/
[2022-12-16 15:57:43] INFO     Command line information
[2022-12-16 15:57:43] INFO     	Command line:['ddrdata_experiment.py', '--log_dir', './lansce2022', '--bitstream', '/root/ddr_11_28.bit', '--jcm_clock', '30_000_000', '--jcm_netbooter_port', '4', '--nexys_netbooter_port', '3', '--jcm_ip', '169.254.132.151', '--uart_phys_port', '1-4.4.4.1']
[2022-12-16 15:57:43] INFO     	arg:netbooter_ip=169.254.131.160
[2022-12-16 15:57:43] INFO     	arg:nexys_netbooter_port=3
[2022-12-16 15:57:43] INFO     	arg:jcm_netbooter_port=4
[2022-12-16 15:57:43] INFO     	arg:jcm_ip=169.254.132.151
[2022-12-16 15:57:43] INFO     	arg:jcm_part=xc7a200t
[2022-12-16 15:57:43] INFO     	arg:jcm_clock=30000000
[2022-12-16 15:57:43] INFO     	arg:repower_jcm=False
[2022-12-16 15:57:43] INFO     	arg:disable_jcm=False
[2022-12-16 15:57:43] INFO     	arg:uart_phys_port=1-4.4.4.1
[2022-12-16 15:57:43] INFO     	arg:uart_phys_if=0
[2022-12-16 15:57:43] INFO     	arg:uart_baudrate=115200
[2022-12-16 15:57:43] INFO     	arg:bitstream=/root/ddr_11_28.bit
[2022-12-16 15:57:43] INFO     	arg:default_bist_pattern=90
[2022-12-16 15:57:43] INFO     	arg:log_dir=./lansce2022
[2022-12-16 15:57:43] INFO     	arg:enable_scrubbing=False
[2022-12-16 15:57:43] INFO     	arg:single_step=False
[2022-12-16 15:57:43] INFO     STATE:Netbooter Setup State
[2022-12-16 15:57:43] INFO     STATE:JCM Setup State
[2022-12-16 15:57:43] INFO     NETBOOTER:Attempt 1 to set port 4 with cycle=False
[2022-12-16 15:57:46] ERROR    NETBOOTER:Error opening telnettimed out
[2022-12-16 15:57:46] INFO     NETBOOTER:Attempt 2 to set port 4 with cycle=False
[2022-12-16 15:57:50] INFO     NETBOOTER:Setting port 4 to On
[2022-12-16 15:57:51] INFO     JCM ping attempt 1
[2022-12-16 15:57:51] INFO     JCM:Logging in to JCM
[2022-12-16 15:57:51] INFO     JCM:Connecting to JCM over SSH... (Attempt 1)
[2022-12-16 15:57:51] INFO     JCM:SSH successful
[2022-12-16 15:57:51] INFO     STATE:UART Setup State
[2022-12-16 15:57:51] INFO     STATE:Power Nexys State
[2022-12-16 15:57:51] INFO     NETBOOTER:Attempt 1 to set port 3 with cycle=False
[2022-12-16 15:57:53] INFO     NETBOOTER:Setting port 3 to Off
[2022-12-16 15:57:54] INFO     NETBOOTER:Attempt 1 to set port 3 with cycle=False
[2022-12-16 15:57:56] INFO     NETBOOTER:Setting port 3 to On
[2022-12-16 15:57:57] INFO     STATE:Connect UART State
[2022-12-16 15:57:57] INFO     UART:Searching for ttyUSB device (Attempt 1) for port '1-4.4.4.1' IF '0'
[2022-12-16 15:57:59] INFO     UART:Searching for ttyUSB device (Attempt 2) for port '1-4.4.4.1' IF '0'
[2022-12-16 15:57:59] INFO     UART:Found tty device:/dev/ttyUSB5
[2022-12-16 15:57:59] INFO     UART:Attempting to open:/dev/ttyUSB5 at baud 115200 with timeout=5
[2022-12-16 15:57:59] INFO     UART:Serial port /dev/ttyUSB5 open
[2022-12-16 15:57:59] INFO     STATE:Configure Nexys State
[2022-12-16 15:57:59] INFO     JCM:Attempting JCM device DNA read
[2022-12-16 15:57:59] INFO     JCM:Executing commmand on JCM
	~/jcm_apps/jcm_jtag_reg.elf -r 50 --swap -w 64
[2022-12-16 15:57:59] INFO     Device DNA:0:0x00db951b 1:0x1507af22
[2022-12-16 15:57:59] INFO     JCM:Attempting JCM configuration
[2022-12-16 15:57:59] INFO     JCM:Executing commmand on JCM
	~/jcm_apps/jcm_config.elf --part xc7a200t -c 30000000 --jtag --config_file /root/ddr_11_28.bit
[2022-12-16 15:58:05] INFO     JCM:Configuration Success
[2022-12-16 15:58:05] INFO     STATE:Enable Scrubbing State
[2022-12-16 15:58:05] INFO     Scrubber disabled
[2022-12-16 15:58:05] INFO     STATE:LiteX Login State
[2022-12-16 15:58:06] INFO     STATE:Initialize Memory State
[2022-12-16 15:58:06] INFO     STATE:Run Bist State
[2022-12-16 15:58:06] INFO     BIST:Header
[2022-12-16 15:58:20] INFO     BIST:Header
[2022-12-16 15:58:35] INFO     BIST:Header
[2022-12-16 15:58:50] INFO     BIST:Header
[2022-12-16 15:59:05] INFO     BIST:Header
[2022-12-16 15:59:20] INFO     BIST:Header
[2022-12-16 15:59:35] INFO     BIST:Header
[2022-12-16 15:59:50] INFO     BIST:Header
[2022-12-16 16:00:05] INFO     BIST:Header
[2022-12-16 16:00:20] INFO     BIST:Header
[2022-12-16 16:00:35] INFO     BIST:Header
[2022-12-16 16:00:50] INFO     BIST:Header
[2022-12-16 16:01:05] INFO     BIST:Header
[2022-12-16 16:01:20] INFO     BIST:Header
[2022-12-16 16:01:35] INFO     BIST:Header
[2022-12-16 16:01:50] INFO     BIST:Header
[2022-12-16 16:02:05] INFO     BIST:Header
[2022-12-16 16:02:20] INFO     BIST:Header
[2022-12-16 16:02:35] INFO     BIST:Header
[2022-12-16 16:02:50] INFO     BIST:Header
[2022-12-16 16:03:05] INFO     BIST:Header
[2022-12-16 16:03:20] INFO     BIST:Header
[2022-12-16 16:03:35] INFO     BIST:Header
[2022-12-16 16:03:50] INFO     BIST:Header
[2022-12-16 16:04:05] INFO     BIST:Header
[2022-12-16 16:04:20] INFO     BIST:Header
[2022-12-16 16:04:35] INFO     BIST:Header
[2022-12-16 16:04:50] INFO     BIST:Header
[2022-12-16 16:05:05] INFO     BIST:Header
[2022-12-16 16:05:20] INFO     BIST:Header
[2022-12-16 16:05:35] INFO     BIST:Header
[2022-12-16 16:05:50] INFO     BIST:Header
[2022-12-16 16:06:05] INFO     BIST:Header
[2022-12-16 16:06:20] INFO     BIST:Header
[2022-12-16 16:06:35] INFO     BIST:Header
[2022-12-16 16:06:50] INFO     BIST:Header
[2022-12-16 16:07:05] INFO     BIST:Header
[2022-12-16 16:07:20] INFO     BIST:Header
[2022-12-16 16:07:35] INFO     BIST:Header
[2022-12-16 16:07:50] INFO     BIST:Header
[2022-12-16 16:08:05] INFO     BIST:Header
[2022-12-16 16:08:21] INFO     BIST:Header
[2022-12-16 16:08:36] INFO     BIST:Header
[2022-12-16 16:08:51] INFO     BIST:Header
[2022-12-16 16:09:06] INFO     BIST:Header
[2022-12-16 16:09:21] INFO     BIST:Header
